 num     #instances         #bytes  class name (module)
-------------------------------------------------------
   1:        892640      160710976  [B (java.base@11.0.9.1)
   2:         69166       38547376  [I (java.base@11.0.9.1)
   3:        842983       20231592  java.lang.String (java.base@11.0.9.1)
   4:        160990       12362776  [Ljava.lang.Object; (java.base@11.0.9.1)
   5:         12736        9923392  [C (java.base@11.0.9.1)
   6:         60795        7115768  java.lang.Class (java.base@11.0.9.1)
   7:        209191        6694112  com.intellij.util.containers.IntObjectLRUMap$MapEntry
   8:        150318        6012720  java.util.LinkedHashMap$Entry (java.base@11.0.9.1)
   9:        147463        4718816  java.util.HashMap$Node (java.base@11.0.9.1)
  10:         27917        4084888  [Ljava.util.HashMap$Node; (java.base@11.0.9.1)
  11:        120563        3858016  java.util.concurrent.ConcurrentHashMap$Node (java.base@11.0.9.1)
  12:          6351        3464552  [D (java.base@11.0.9.1)
  13:         65792        2631680  com.intellij.util.containers.hash.LinkedHashMap$Entry
  14:         55866        1787712  java.util.Hashtable$Entry (java.base@11.0.9.1)
  15:         17534        1571152  [J (java.base@11.0.9.1)
  16:          7604        1547312  [Ljava.util.concurrent.ConcurrentHashMap$Node; (java.base@11.0.9.1)
  17:         58740        1409760  java.util.ArrayList (java.base@11.0.9.1)
  18:         35074        1402960  com.intellij.psi.impl.source.xml.XmlTokenImpl
  19:         34449        1377960  org.jdom.Attribute
  20:         20057        1283648  java.net.URL (java.base@11.0.9.1)
  21:         12588        1107744  java.lang.reflect.Method (java.base@11.0.9.1)
  22:         21506        1032288  java.util.HashMap (java.base@11.0.9.1)
  23:         22243         889720  com.intellij.reference.SoftReference
  24:          7638         855456  com.jetbrains.jdi.ClassTypeImpl
  25:            26         852384  [Ljava.util.concurrent.ForkJoinTask; (java.base@11.0.9.1)
  26:          4073         847184  sun.java2d.SunGraphics2D (java.desktop@11.0.9.1)
  27:         20545         821800  java.lang.ref.SoftReference (java.base@11.0.9.1)
  28:         24809         793888  java.lang.ref.WeakReference (java.base@11.0.9.1)
  29:         19154         766160  java.security.ProtectionDomain (java.base@11.0.9.1)
  30:         19144         765760  java.security.CodeSource (java.base@11.0.9.1)
  31:         11770         753280  java.util.concurrent.ConcurrentHashMap (java.base@11.0.9.1)
  32:         18773         750920  com.intellij.psi.impl.source.tree.PsiWhiteSpaceImpl
  33:         46810         748960  java.lang.Object (java.base@11.0.9.1)
  34:         14659         703632  com.intellij.psi.impl.java.stubs.impl.PsiMethodStubImpl
  35:         12256         686336  java.util.LinkedHashMap (java.base@11.0.9.1)
  36:         26647         673776  [Ljava.lang.Class; (java.base@11.0.9.1)
  37:         27538         660912  com.intellij.util.SmartList
  38:         13395         642960  java.lang.invoke.MemberName (java.base@11.0.9.1)
  39:          8689         625608  java.awt.geom.AffineTransform (java.desktop@11.0.9.1)
  40:         25535         612840  com.intellij.psi.impl.cache.TypeInfo
  41:          2067         596824  [Lcom.intellij.util.containers.hash.LinkedHashMap$Entry;
  42:         14824         592960  org.jdom.ContentList
  43:         14823         592920  org.jdom.Element
  44:         14173         566920  com.intellij.util.containers.ConcurrentWeakKeySoftValueHashMap$WeakKey
  45:          4439         541984  [Ljava.util.Hashtable$Entry; (java.base@11.0.9.1)
  46:         16564         530048  sun.nio.fs.UnixPath (java.base@11.0.9.1)
  47:          9455         529480  com.intellij.openapi.actionSystem.Presentation
  48:         13107         524280  java.util.WeakHashMap$Entry (java.base@11.0.9.1)
  49:          6702         482544  java.lang.reflect.Field (java.base@11.0.9.1)
  50:         14893         476576  java.awt.Rectangle (java.desktop@11.0.9.1)
  51:         11796         471840  com.intellij.util.containers.WeakHashMap$WeakKey
  52:         11688         467520  java.lang.invoke.MethodType (java.base@11.0.9.1)
  53:         12387         455152  [Lorg.jdom.Attribute;
  54:         12998         438832  [Ljava.lang.String; (java.base@11.0.9.1)
  55:          8880         426240  com.intellij.util.containers.ConcurrentIntKeySoftValueHashMap$MyRef
  56:         10631         425240  java.security.AccessControlContext (java.base@11.0.9.1)
  57:         12864         411648  org.jdom.AttributeList
  58:          9846         393840  com.intellij.ui.JBColor
  59:         16289         390936  java.awt.AWTEventMulticaster (java.desktop@11.0.9.1)
  60:            33         388624  [Lcom.intellij.util.containers.IntObjectLRUMap$MapEntry;
  61:         11774         376768  java.lang.invoke.MethodType$ConcurrentWeakInternSet$WeakEntry (java.base@11.0.9.1)
  62:         15200         364800  com.intellij.openapi.util.Pair
  63:         11267         360544  com.intellij.util.containers.ConcurrentIntObjectHashMap$Node
  64:          1015         357280  javax.swing.JPanel (java.desktop@11.0.9.1)
  65:          7270         348960  com.intellij.psi.impl.java.stubs.impl.PsiFieldStubImpl
  66:         10351         331232  com.intellij.util.containers.ConcurrentWeakKeyWeakValueHashMap$WeakValue
  67:          4579         329688  com.intellij.psi.impl.source.xml.XmlTextImpl
  68:         10298         329536  com.intellij.util.indexing.impl.ChangeTrackingValueContainer
  69:         13553         325272  com.intellij.util.CachedValueBase$Data
  70:         13550         325200  java.lang.Double (java.base@11.0.9.1)
  71:         19981         319696  java.lang.Integer (java.base@11.0.9.1)
  72:          7963         318520  org.jetbrains.plugins.textmate.language.syntax.SyntaxNodeDescriptorImpl
  73:          9852         315264  com.intellij.psi.impl.PsiCachedValueImpl
  74:         19154         306464  [Ljava.security.Principal; (java.base@11.0.9.1)
  75:         19154         306464  java.security.ProtectionDomain$Key (java.base@11.0.9.1)
  76:          2126         306024  [Ljava.lang.ClassValue$Entry; (java.base@11.0.9.1)
  77:          7591         303640  java.util.EnumMap (java.base@11.0.9.1)
  78:          3236         303328  [Ljava.util.WeakHashMap$Entry; (java.base@11.0.9.1)
  79:          6309         302832  com.intellij.psi.impl.source.HierarchicalMethodSignatureImpl
  80:         11979         298504  [Lcom.intellij.psi.PsiType;
  81:           738         295200  com.intellij.openapi.actionSystem.impl.ActionToolbarImpl$4
  82:         12160         291840  java.lang.invoke.ResolvedMethodName (java.base@11.0.9.1)
  83:          8674         277568  java.lang.invoke.DirectMethodHandle (java.base@11.0.9.1)
  84:          3407         272560  java.lang.reflect.Constructor (java.base@11.0.9.1)
  85:          8039         257248  java.lang.invoke.LambdaForm$Name (java.base@11.0.9.1)
  86:          5357         257136  gnu.trove.TIntObjectHashMap
  87:          5281         253488  java.nio.HeapByteBuffer (java.base@11.0.9.1)
  88:          6263         250520  com.intellij.openapi.extensions.impl.XmlExtensionAdapter$SimpleConstructorInjectionAdapter
  89:         10299         247176  com.intellij.util.indexing.impl.MapIndexStorage$3$1
  90:         10288         246912  com.intellij.util.indexing.impl.ValueContainerImpl
  91:         10174         244176  java.lang.Long (java.base@11.0.9.1)
  92:          7550         241600  javax.swing.text.html.StyleSheet$SmallConversionSet (java.desktop@11.0.9.1)
  93:          7528         240896  javax.swing.SizeRequirements (java.desktop@11.0.9.1)
  94:          6008         240320  com.intellij.psi.impl.java.stubs.impl.PsiModifierListStubImpl
  95:          7428         237696  com.intellij.openapi.util.ObjectNode
  96:          1312         230664  [F (java.base@11.0.9.1)
  97:          5764         230560  com.intellij.psi.util.MethodSignatureBackedByPsiMethod
  98:          4706         225888  java.awt.geom.Rectangle2D$Double (java.desktop@11.0.9.1)
  99:          9351         224424  com.intellij.psi.util.CachedValuesManager$1
 100:          6991         221112  [Ljava.security.ProtectionDomain; (java.base@11.0.9.1)
 101:          5478         219120  kotlin.reflect.jvm.internal.impl.protobuf.SmallSortedMap$1
 102:          5472         218880  com.intellij.codeInspection.ex.ScopeToolState
 103:          4395         210960  java.util.Hashtable (java.base@11.0.9.1)
 104:          4394         210912  javax.swing.text.html.HTMLDocument$BlockElement (java.desktop@11.0.9.1)
 105:          5212         208480  com.intellij.openapi.vfs.newvfs.impl.VirtualDirectoryImpl
 106:          5180         207200  com.intellij.ui.scale.UserScaleContext
 107:          5135         205400  com.intellij.psi.impl.source.tree.java.PsiJavaTokenImpl
 108:         12789         204624  javax.swing.event.EventListenerList (java.desktop@11.0.9.1)
 109:          5064         202560  java.util.TreeMap$Entry (java.base@11.0.9.1)
 110:          4187         200976  java.nio.HeapCharBuffer (java.base@11.0.9.1)
 111:          8361         200664  com.intellij.codeInspection.bytecodeAnalysis.EKey
 112:           497         198800  com.intellij.ide.HelpTooltip$Header
 113:          2675         192600  com.intellij.psi.impl.source.xml.XmlTagImpl
 114:          2912         186368  com.intellij.util.containers.FixedHashMap
 115:          5820         186240  java.lang.ref.ReferenceQueue (java.base@11.0.9.1)
 116:          2583         185976  java.awt.Font (java.desktop@11.0.9.1)
 117:          2889         184896  com.intellij.psi.impl.source.xml.XmlAttributeImpl
 118:          7694         184656  com.intellij.util.keyFMap.OneElementFMap
 119:          3836         184128  com.intellij.util.containers.ConcurrentWeakKeySoftValueHashMap$SoftValue
 120:          3760         180480  org.jdom.ImmutableElement
 121:          4509         180360  com.intellij.openapi.extensions.impl.XmlExtensionAdapter
 122:          1826         175296  sun.font.AttributeValues (java.desktop@11.0.9.1)
 123:         10955         175280  java.util.concurrent.atomic.AtomicBoolean (java.base@11.0.9.1)
 124:          5472         175104  com.intellij.codeInspection.ex.ToolsImpl
 125:           496         174592  com.intellij.ui.components.JBScrollPane$Corner
 126:          7492         174256  [Ljavax.swing.text.AttributeSet; (java.desktop@11.0.9.1)
 127:          1929         169752  kotlin.reflect.jvm.internal.impl.metadata.ProtoBuf$Type
 128:           378         166320  com.intellij.openapi.actionSystem.impl.ActionToolbarImpl
 129:          5180         165760  com.intellij.util.ui.JBScalableIcon$1
 130:            41         164496  [Ljava.nio.ByteBuffer; (java.base@11.0.9.1)
 131:          4089         163560  sun.java2d.pipe.Region (java.desktop@11.0.9.1)
 132:          2900         162400  com.intellij.psi.impl.source.xml.XmlAttributeValueImpl
 133:          4057         162280  com.intellij.psi.impl.source.javadoc.PsiDocTokenImpl
 134:          9970         159520  java.util.HashSet (java.base@11.0.9.1)
 135:          6612         158688  org.jetbrains.plugins.textmate.language.syntax.SyntaxRuleProxyDescriptor
 136:          2793         156408  com.intellij.psi.impl.source.tree.java.PsiReferenceParameterListImpl
 137:          3909         156360  kotlin.reflect.jvm.internal.impl.protobuf.SmallSortedMap$1
 138:          4452         154112  [Lorg.jdom.Content;
 139:          2741         153496  javax.swing.text.html.StyleSheet$BoxPainter (java.desktop@11.0.9.1)
 140:          2729         152824  com.intellij.psi.impl.java.stubs.impl.PsiClassStubImpl
 141:          2113         152136  com.intellij.ui.DeferredIconImpl
 142:          3763         150520  javax.swing.text.GapContent$MarkData (java.desktop@11.0.9.1)
 143:          3749         149960  com.intellij.psi.impl.java.stubs.impl.PsiClassReferenceListStubImpl
 144:          6222         149328  com.intellij.util.containers.ConcurrentFactoryMap$2
 145:          2181         148272  [Ljava.lang.ref.SoftReference; (java.base@11.0.9.1)
 146:          1420         147680  com.intellij.codeInspection.LocalInspectionEP
 147:          3640         145600  com.intellij.ide.ui.ToolOptionDescription
 148:          1692         143616  [Z (java.base@11.0.9.1)
 149:          2520         141120  java.util.concurrent.ConcurrentHashMap$KeyIterator (java.base@11.0.9.1)
 150:          5876         141024  com.intellij.openapi.vfs.newvfs.impl.VfsData$DirectoryData
 151:          2936         140928  com.intellij.util.containers.ConcurrentSoftValueHashMap$MySoftReference
 152:          5827         139848  java.util.Collections$UnmodifiableRandomAccessList (java.base@11.0.9.1)
 153:          1449         139104  javax.swing.text.html.InlineView (java.desktop@11.0.9.1)
 154:          3475         139000  java.util.Collections$SingletonMap (java.base@11.0.9.1)
 155:          5751         138024  com.intellij.psi.impl.compiled.ClsMemberImpl$2
 156:          2125         136000  java.lang.ClassValue$ClassValueMap (java.base@11.0.9.1)
 157:          4237         135584  com.intellij.psi.impl.java.stubs.impl.PsiTypeParameterListStubImpl
 158:          3338         133520  com.intellij.psi.impl.source.tree.java.PsiIdentifierImpl
 159:          1276         132704  com.jetbrains.jdi.InterfaceTypeImpl
 160:          5525         132600  java.beans.PropertyChangeSupport (java.desktop@11.0.9.1)
 161:          5025         131992  [Ljavax.swing.text.AbstractDocument$AbstractElement; (java.desktop@11.0.9.1)
 162:          3298         131920  com.intellij.serviceContainer.ServiceComponentAdapter
 163:          5478         131472  kotlin.reflect.jvm.internal.impl.protobuf.FieldSet
 164:          2684         128832  com.intellij.ui.RowIcon
 165:          2634         126432  com.intellij.ui.scale.ScaleContext
 166:          2617         125616  com.intellij.psi.impl.compiled.ClsTypeElementImpl
 167:          5159         123816  com.intellij.codeInspection.bytecodeAnalysis.HMember
 168:          3087         123480  javax.swing.text.html.HTMLDocument$RunElement (java.desktop@11.0.9.1)
 169:          7622         121952  com.intellij.util.indexing.impl.MapIndexStorage$$Lambda$1376/0x0000000800fe8c40
 170:          3809         121888  java.awt.Insets (java.desktop@11.0.9.1)
 171:          5078         121872  com.intellij.util.containers.UnsignedShortArrayList
 172:          5077         121848  com.intellij.psi.stubs.MostlyUShortIntList
 173:          3780         120960  com.intellij.util.containers.LockFreeCopyOnWriteArrayList$COWIterator
 174:          1075         120400  javax.swing.text.html.BlockView (java.desktop@11.0.9.1)
 175:          5014         120336  java.util.Collections$SingletonList (java.base@11.0.9.1)
 176:           299         119600  javax.swing.JLabel (java.desktop@11.0.9.1)
 177:          2989         119560  com.intellij.psi.impl.compiled.ClsMethodImpl
 178:          1244         119424  sun.font.CFont (java.desktop@11.0.9.1)
 179:          4961         119064  java.awt.Dimension (java.desktop@11.0.9.1)
 180:          7380         118080  com.intellij.util.containers.LockFreeCopyOnWriteArrayList
 181:          3663         117216  java.util.Collections$SynchronizedMap (java.base@11.0.9.1)
 182:          4708         112992  com.intellij.psi.impl.compiled.ClsModifierListImpl
 183:           168         112896  io.netty.util.internal.shaded.org.jctools.queues.MpscArrayQueue
 184:          2338         112224  com.intellij.psi.impl.java.stubs.impl.PsiParameterStubImpl
 185:          3485         111520  java.lang.Package (java.base@11.0.9.1)
 186:          1547         111384  com.intellij.codeInsight.completion.JavaPsiClassReferenceElement
 187:          3478         111296  com.intellij.util.containers.ConcurrentWeakValueHashMap$MyWeakReference
 188:          1714         109696  com.intellij.psi.impl.java.stubs.impl.PsiJavaFileStubImpl
 189:          1522         109584  com.intellij.psi.impl.source.PsiJavaCodeReferenceElementImpl
 190:          1695         108480  com.intellij.psi.impl.compiled.ClsFileImpl
 191:          3358         107456  com.intellij.openapi.vfs.newvfs.impl.VirtualFileImpl
 192:          3231         103392  java.util.Vector (java.base@11.0.9.1)
 193:          4279         102696  com.intellij.codeInspection.bytecodeAnalysis.DirectionResultPair
 194:          4260         102240  com.intellij.codeInspection.ex.LocalInspectionToolWrapper
 195:          1593         101952  com.intellij.util.concurrency.SchedulingWrapper$MyScheduledFutureTask
 196:          6357         101712  com.intellij.openapi.extensions.PluginId
 197:          4212         101088  com.intellij.ui.JBColor$$Lambda$684/0x0000000800812c40
 198:          4175         100200  javax.swing.text.html.StyleSheet$ViewAttributeSet (java.desktop@11.0.9.1)
 199:          3894          98544  [Ljavax.swing.text.View; (java.desktop@11.0.9.1)
 200:          1864          98264  [Lcom.intellij.psi.PsiMethod;
 201:          1743          97608  com.intellij.openapi.extensions.impl.InterfaceExtensionPoint
 202:          1106          97328  kotlin.reflect.jvm.internal.impl.metadata.ProtoBuf$Function
 203:           268          96480  com.intellij.ui.components.panels.NonOpaquePanel
 204:          4005          96120  java.lang.StringBuilder (java.base@11.0.9.1)
 205:          1083          95304  kotlin.reflect.jvm.internal.impl.metadata.ProtoBuf$Function
 206:          2368          94720  com.intellij.psi.impl.compiled.ClsClassImpl
 207:          3909          93816  kotlin.reflect.jvm.internal.impl.protobuf.FieldSet
 208:          5839          93424  java.util.concurrent.atomic.AtomicReference (java.base@11.0.9.1)
 209:          2335          93400  com.intellij.util.Alarm
 210:          5822          93152  java.lang.ref.ReferenceQueue$Lock (java.base@11.0.9.1)
 211:          1057          93016  kotlin.reflect.jvm.internal.impl.metadata.ProtoBuf$Type
 212:           916          91112  [S (java.base@11.0.9.1)
 213:          3772          90528  kotlin.reflect.jvm.internal.ReflectProperties$LazySoftVal
 214:          5627          90032  java.beans.PropertyChangeSupport$PropertyChangeListenerMap (java.desktop@11.0.9.1)
 215:          2767          88544  com.intellij.util.keyFMap.PairElementsFMap
 216:          3677          88248  com.intellij.util.keyFMap.ArrayBackedFMap
 217:          3641          87384  com.intellij.codeInspection.bytecodeAnalysis.Effects
 218:          3621          86904  com.intellij.openapi.util.ProperTextRange
 219:          2674          85568  java.util.concurrent.locks.ReentrantLock$NonfairSync (java.base@11.0.9.1)
 220:          1257          84816  [Ljava.lang.invoke.LambdaForm$Name; (java.base@11.0.9.1)
 221:          3437          84688  [Ljava.beans.PropertyChangeListener; (java.desktop@11.0.9.1)
 222:          5239          83824  com.intellij.openapi.actionSystem.Presentation$$Lambda$670/0x00000008007c4440
 223:          2617          83744  com.intellij.psi.impl.compiled.ClsTypeElementImpl$1
 224:          1302          83328  com.intellij.openapi.actionSystem.DefaultActionGroup
 225:          5155          82480  java.util.HashMap$KeySet (java.base@11.0.9.1)
 226:           791          82264  com.intellij.codeInsight.daemon.impl.HighlightInfo
 227:          1281          81984  java.awt.event.InvocationEvent (java.desktop@11.0.9.1)
 228:          3407          81768  com.intellij.psi.impl.compiled.ClsTypeParametersListImpl
 229:          1276          81664  com.intellij.openapi.actionSystem.ActionStub
 230:          1699          81552  com.intellij.psi.ClassFileViewProvider
 231:          2546          81472  java.lang.invoke.LambdaForm$NamedFunction (java.base@11.0.9.1)
 232:          1695          81360  com.intellij.psi.stubs.LazyStubList
 233:          2536          81152  java.util.concurrent.locks.AbstractQueuedSynchronizer$Node (java.base@11.0.9.1)
 234:          1265          80960  com.intellij.ui.CoreIconManager$IconWithToolTipImpl
 235:          1123          80856  com.intellij.psi.impl.source.tree.java.PsiReferenceExpressionImpl
 236:          1680          80640  com.intellij.psi.impl.compiled.ClsJavaCodeReferenceElementImpl
 237:          1427          79912  java.lang.invoke.MethodTypeForm (java.base@11.0.9.1)
 238:          3317          79608  javax.swing.text.html.StyleSheet$ResolvedStyle (java.desktop@11.0.9.1)
 239:          2486          79552  javax.swing.text.html.parser.ContentModel (java.desktop@11.0.9.1)
 240:          1974          78960  java.lang.ref.Finalizer (java.base@11.0.9.1)
 241:          1215          77760  kotlin.reflect.jvm.internal.impl.metadata.ProtoBuf$ValueParameter
 242:          4824          77184  javax.swing.ArrayTable (java.desktop@11.0.9.1)
 243:          1368          76608  com.intellij.util.io.Page
 244:           562          76432  javax.swing.text.html.ParagraphView (java.desktop@11.0.9.1)
 245:          2384          76288  java.lang.ThreadLocal$ThreadLocalMap$Entry (java.base@11.0.9.1)
 246:          3175          76200  javax.swing.text.GapContent$StickyPosition (java.desktop@11.0.9.1)
 247:          2363          75616  java.lang.invoke.BoundMethodHandle$Species_L (java.base@11.0.9.1)
 248:           718          74672  sun.awt.image.IntegerInterleavedRaster (java.desktop@11.0.9.1)
 249:          1166          74624  com.intellij.ui.components.TwoWayAnimator$MyAnimator
 250:          2320          74240  com.intellij.psi.impl.java.stubs.impl.PsiParameterListStubImpl
 251:          1025          73800  [Lcom.intellij.psi.Weigher;
 252:          1844          73760  java.lang.invoke.DirectMethodHandle$Special (java.base@11.0.9.1)
 253:          3067          73608  org.jdom.ImmutableSameTypeAttributeList
 254:          1528          73344  com.intellij.codeInsight.lookup.LookupElementPresentation
 255:          1302          72912  java.awt.BorderLayout (java.desktop@11.0.9.1)
 256:          3027          72648  com.intellij.util.indexing.containers.ChangeBufferingList
 257:           824          72512  jdk.internal.reflect.DelegatingClassLoader (java.base@11.0.9.1)
 258:          2999          72144  [Ljavax.swing.Icon; (java.desktop@11.0.9.1)
 259:           200          72000  com.intellij.ui.components.panels.Wrapper
 260:          2996          71904  java.lang.Class$AnnotationData (java.base@11.0.9.1)
 261:          1495          71760  sun.util.locale.LocaleObjectCache$CacheEntry (java.base@11.0.9.1)
 262:          2988          71712  com.intellij.psi.stubs.StubIdList
 263:          1778          71120  org.apache.log4j.Logger
 264:           551          70528  javax.swing.text.html.HTMLEditorKit$HTMLFactory$BodyBlockView (java.desktop@11.0.9.1)
 265:           176          70400  com.intellij.ui.components.JBViewport
 266:          3750          69920  [Lcom.intellij.psi.impl.cache.TypeInfo;
 267:          2902          69648  com.intellij.openapi.util.IconLoader$ScaledIconCache
 268:          2877          69048  sun.reflect.annotation.AnnotationInvocationHandler (java.base@11.0.9.1)
 269:          2876          69024  com.intellij.psi.stubs.StubIndexImpl$KeyAndFileId
 270:           782          68816  com.intellij.openapi.editor.impl.RangeHighlighterImpl
 271:          2149          68768  javax.swing.text.StyleContext$NamedStyle (java.desktop@11.0.9.1)
 272:           537          68736  com.intellij.ui.popup.ComponentPopupBuilderImpl
 273:          2131          68192  java.lang.ClassValue$Entry (java.base@11.0.9.1)
 274:          2113          67616  com.intellij.ui.IconDeferrerImpl$$Lambda$838/0x0000000800941440
 275:          2745          65880  com.intellij.ui.JBColor$$Lambda$356/0x0000000800443840
 276:          2736          65664  com.intellij.psi.impl.source.ClassInnerStuffCache
 277:          2717          65208  com.intellij.psi.util.CachedValuesManager$$Lambda$3037/0x0000000801ca8c40
 278:          2689          64536  org.apache.log4j.CategoryKey
 279:          1002          64128  java.lang.Class$ReflectionData (java.base@11.0.9.1)
 280:          2670          64080  kotlin.reflect.jvm.internal.impl.name.Name
 281:          1996          63872  java.awt.Color (java.desktop@11.0.9.1)
 282:          1978          63296  com.intellij.util.ui.JBEmptyBorder
 283:          2630          63120  com.intellij.psi.impl.compiled.ClsMethodImpl$1
 284:          2617          62808  com.intellij.psi.impl.compiled.ClsTypeElementImpl$2
 285:          1570          62800  com.intellij.util.xmlb.OptionTagBinding
 286:          1953          62496  com.intellij.psi.impl.smartPointers.SmartPsiElementPointerImpl
 287:           551          61712  javax.swing.text.html.HTMLEditorKit$HTMLFactory$1 (java.desktop@11.0.9.1)
 288:          1924          61568  com.intellij.util.ui.JBInsets
 289:           160          61440  com.intellij.ui.components.JBScrollBar
 290:          2537          60888  java.util.concurrent.ConcurrentLinkedQueue$Node (java.base@11.0.9.1)
 291:          1268          60864  java.util.concurrent.locks.ReentrantReadWriteLock$NonfairSync (java.base@11.0.9.1)
 292:          3795          60720  java.util.concurrent.atomic.AtomicInteger (java.base@11.0.9.1)
 293:          1886          60352  javax.swing.text.html.CSS$LengthValue (java.desktop@11.0.9.1)
 294:          1882          60224  com.intellij.util.containers.UnsafeWeakList$MyReference
 295:          1252          60096  java.lang.invoke.LambdaForm (java.base@11.0.9.1)
 296:          1860          59520  java.util.concurrent.SynchronousQueue$TransferStack$SNode (java.base@11.0.9.1)
 297:           930          59520  kotlin.reflect.jvm.internal.impl.metadata.ProtoBuf$ValueParameter
 298:           572          59488  javax.swing.text.ParagraphView$Row (java.desktop@11.0.9.1)
 299:           529          59248  java.awt.GridBagConstraints (java.desktop@11.0.9.1)
 300:           135          58320  com.intellij.ide.navigationToolbar.NavBarItem
 301:          1803          57696  jdk.internal.reflect.UnsafeBooleanFieldAccessorImpl (java.base@11.0.9.1)
 302:          1801          57632  com.intellij.serialization.xml.KotlinAwareBeanBinding
 303:           170          57376  [Lcom.intellij.util.containers.ConcurrentIntObjectHashMap$Node;
 304:          1785          57120  com.intellij.psi.impl.compiled.ClsParameterImpl
 305:           647          56936  java.util.regex.Pattern (java.base@11.0.9.1)
 306:          1403          56120  com.intellij.psi.impl.source.tree.java.PsiKeywordImpl
 307:          1728          55296  com.intellij.psi.PsiAnchor$StubIndexReference
 308:          1373          54920  com.intellij.openapi.components.ServiceDescriptor
 309:          1714          54848  com.intellij.psi.stubs.StubTree
 310:           201          54672  javax.swing.CellRendererPane (java.desktop@11.0.9.1)
 311:           205          54640  [Lcom.intellij.psi.tree.IElementType;
 312:           136          54400  com.intellij.ui.SimpleColoredComponent
 313:           839          53696  com.intellij.openapi.editor.impl.RangeMarkerTree$RMNode
 314:          1334          53360  com.intellij.util.containers.ConcurrentIntKeyWeakValueHashMap$MyRef
 315:          1110          53280  java.util.WeakHashMap (java.base@11.0.9.1)
 316:           944          52864  java.lang.Module (java.base@11.0.9.1)
 317:           550          52800  javax.swing.plaf.basic.BasicHTML$BasicDocument (java.desktop@11.0.9.1)
 318:          1647          52704  com.intellij.psi.stubs.LazyStubData
 319:          2152          52656  [Lcom.intellij.codeInspection.bytecodeAnalysis.EKey;
 320:           728          52416  java.util.ResourceBundle$CacheKey (java.base@11.0.9.1)
 321:          1625          52000  com.intellij.codeInspection.bytecodeAnalysis.EffectQuantum$CallQuantum
 322:           720          51840  org.apache.xerces.impl.xs.XSElementDecl
 323:            95          51680  com.intellij.openapi.actionSystem.impl.ActionMenu
 324:          2151          51624  com.intellij.codeInspection.bytecodeAnalysis.Component
 325:          2141          51384  com.intellij.openapi.actionSystem.KeyboardShortcut
 326:          3201          51216  com.intellij.openapi.util.Ref
 327:          1278          51120  com.intellij.psi.infos.CandidateInfo
 328:          2102          50448  com.intellij.psi.impl.ElementBase$ElementIconRequest
 329:          1261          50440  com.intellij.diagnostic.PerformanceWatcher$FreezeCheckerTask
 330:          2520          50400  [Lcom.intellij.openapi.progress.impl.CoreProgressManager$CheckCanceledHook;
 331:           138          49680  com.intellij.openapi.actionSystem.impl.ActionToolbarImpl$MySeparator
 332:          2069          49656  java.util.concurrent.Executors$RunnableAdapter (java.base@11.0.9.1)
 333:           564          49632  kotlin.reflect.jvm.internal.impl.metadata.ProtoBuf$Property
 334:          3064          49024  com.intellij.util.SmartFMap
 335:           468          48672  com.jetbrains.jdi.ArrayTypeImpl
 336:          1516          48512  com.intellij.ui.svg.ImageValue
 337:          2016          48384  com.intellij.psi.impl.source.PsiClassReferenceType
 338:            76          48032  com.intellij.execution.ui.layout.impl.GridCellImpl$GridCellTabs
 339:           745          47680  com.intellij.openapi.editor.impl.RangeHighlighterTree$RHNode
 340:           662          47664  javax.swing.plaf.FontUIResource (java.desktop@11.0.9.1)
 341:          1176          47184  [Ljavax.swing.text.GapContent$MarkData; (java.desktop@11.0.9.1)
 342:          1471          47072  org.jetbrains.kotlin.name.FqNameUnsafe
 343:          1456          46592  java.util.ResourceBundle$KeyElementReference (java.base@11.0.9.1)
 344:          1926          46224  java.util.Collections$SynchronizedRandomAccessList (java.base@11.0.9.1)
 345:          1436          45952  com.intellij.openapi.application.impl.FlushQueue$RunnableInfo
 346:          1147          45880  java.lang.invoke.BoundMethodHandle$Species_LL (java.base@11.0.9.1)
 347:          1888          45312  kotlin.reflect.jvm.internal.ReflectProperties$LazySoftVal
 348:           809          45304  com.intellij.psi.impl.source.PsiTypeElementImpl
 349:          1865          44760  com.intellij.psi.impl.source.SpineRef
 350:          1397          44704  com.intellij.psi.impl.compiled.ClsPackageStatementImpl
 351:          1385          44320  sun.security.util.ObjectIdentifier (java.base@11.0.9.1)
 352:          1836          44064  java.util.Arrays$ArrayList (java.base@11.0.9.1)
 353:           117          43992  java.lang.Thread (java.base@11.0.9.1)
 354:           499          43912  sun.awt.image.BufImgSurfaceData (java.desktop@11.0.9.1)
 355:          2741          43856  javax.swing.text.html.CSSBorder (java.desktop@11.0.9.1)
 356:          1824          43776  com.intellij.codeInsight.daemon.HighlightDisplayKey
 357:          1088          43728  [[I (java.base@11.0.9.1)
 358:          1820          43680  com.intellij.codeInspection.ex.InspectionToolRegistrarKt$registerInspection$factory$1
 359:          2720          43520  java.util.Collections$SingletonSet (java.base@11.0.9.1)
 360:          1813          43512  java.util.BitSet (java.base@11.0.9.1)
 361:          1769          43480  [Ljava.lang.Integer; (java.base@11.0.9.1)
 362:          1354          43328  java.io.File (java.base@11.0.9.1)
 363:          1801          43224  com.intellij.serialization.BaseBeanBinding
 364:          2684          42944  com.intellij.ui.RowIcon$$Lambda$2440/0x00000008019c0840
 365:          1785          42840  com.intellij.psi.impl.compiled.ClsParameterImpl$1
 366:          1716          42240  [Lcom.intellij.codeInspection.bytecodeAnalysis.Component;
 367:          1735          41640  com.intellij.psi.impl.compiled.ClsParameterListImpl
 368:          2596          41536  java.util.concurrent.locks.ReentrantLock (java.base@11.0.9.1)
 369:          1728          41472  com.intellij.ui.components.ScrollBarPainter$$Lambda$855/0x00000008009af440
 370:          1715          41152  [Lcom.intellij.psi.stubs.PsiFileStub;
 371:          1626          40920  [Lcom.intellij.codeInspection.bytecodeAnalysis.DataValue;
 372:          1276          40832  com.intellij.openapi.actionSystem.impl.ActionManagerImpl$$Lambda$679/0x0000000800810040
 373:          1700          40800  com.intellij.util.text.ImmutableText$CompositeNode
 374:          1700          40800  kotlin.reflect.jvm.internal.ReflectProperties$LazyVal
 375:          1690          40560  sun.reflect.generics.tree.SimpleClassTypeSignature (java.base@11.0.9.1)
 376:          1265          40480  com.intellij.openapi.util.IconLoader$RasterizedImageDataLoader
 377:          1264          40448  kotlin.reflect.jvm.internal.impl.name.FqNameUnsafe
 378:          1011          40440  org.apache.xerces.impl.xs.XSParticleDecl
 379:          1894          40008  [Lcom.intellij.util.xmlb.NestedBinding;
 380:          1658          39792  com.intellij.openapi.actionSystem.impl.ActionManagerImpl$$Lambda$847/0x0000000800976440
 381:           113          39776  javax.swing.Box$Filler (java.desktop@11.0.9.1)
 382:          1647          39528  com.intellij.psi.stubs.FileLocalStringEnumerator
 383:          2435          38960  com.intellij.codeInsight.AnnotationUtil$$Lambda$3000/0x0000000801c8e440
 384:          1614          38728  [Lcom.intellij.psi.JavaResolveResult;
 385:           103          38728  com.intellij.openapi.ui.OnePixelDivider
 386:          1210          38720  kotlin.reflect.jvm.internal.impl.name.FqNameUnsafe
 387:           537          38664  com.intellij.codeInsight.template.impl.TemplateImpl
 388:           321          38520  sun.awt.image.ByteInterleavedRaster (java.desktop@11.0.9.1)
 389:          1603          38472  com.intellij.psi.statistics.StatisticsInfo
 390:           799          38352  java.util.TreeMap (java.base@11.0.9.1)
 391:           139          37808  [Lit.unimi.dsi.fastutil.ints.Int2ObjectRBTreeMap$Entry;
 392:           525          37800  com.intellij.util.JBHiDPIScaledImage
 393:           586          37504  com.intellij.psi.impl.source.tree.java.PsiExpressionListImpl
 394:          2343          37488  com.intellij.openapi.actionSystem.impl.ProxyShortcutSet
 395:            95          37240  com.intellij.openapi.ui.JBPopupMenu
 396:           659          36904  com.intellij.psi.impl.source.tree.java.ModifierListElement
 397:          1530          36720  org.jetbrains.kotlin.name.FqName
 398:          1523          36552  com.intellij.codeInsight.lookup.LookupElementPresentation$TextFragment
 399:          1140          36480  javax.swing.text.html.CSS$FontSize (java.desktop@11.0.9.1)
 400:           284          36352  sun.nio.fs.UnixFileAttributes (java.base@11.0.9.1)
 401:           409          35992  kotlin.reflect.jvm.internal.impl.metadata.ProtoBuf$Annotation$Argument$Value
 402:          1122          35904  java.lang.ref.PhantomReference (java.base@11.0.9.1)
 403:           497          35784  com.intellij.ide.HelpTooltip
 404:          1489          35736  com.intellij.util.messages.impl.MessageBusConnectionImpl
 405:           557          35648  javax.swing.text.html.StyleSheet (java.desktop@11.0.9.1)
 406:           404          35552  com.intellij.codeInspection.InspectionEP
 407:           553          35392  javax.swing.text.DefaultStyledDocument$ElementBuffer (java.desktop@11.0.9.1)
 408:           401          35288  kotlin.reflect.jvm.internal.impl.metadata.ProtoBuf$Annotation$Argument$Value
 409:           878          35120  com.intellij.ui.MixedColorProducer
 410:           728          34944  java.util.ResourceBundle$BundleReference (java.base@11.0.9.1)
 411:          1451          34824  jdk.internal.reflect.NativeConstructorAccessorImpl (java.base@11.0.9.1)
 412:          1448          34752  com.intellij.openapi.vcs.ex.ChangelistsLocalLineStatusTracker$RangeState
 413:          1446          34704  javax.swing.text.html.CSS$ColorValue (java.desktop@11.0.9.1)
 414:          1442          34608  com.intellij.openapi.application.TransactionGuardImpl$2
 415:           618          34608  com.intellij.openapi.command.impl.EditorChangeAction
 416:           721          34608  java.awt.image.SinglePixelPackedSampleModel (java.desktop@11.0.9.1)
 417:          1440          34560  com.intellij.openapi.application.impl.ApplicationImpl$$Lambda$345/0x0000000800446840
 418:          1079          34528  sun.java2d.DefaultDisposerRecord (java.desktop@11.0.9.1)
 419:           718          34464  java.awt.image.DataBufferInt (java.desktop@11.0.9.1)
 420:           845          33800  kotlin.reflect.jvm.internal.impl.metadata.jvm.JvmProtoBuf$JvmMethodSignature
 421:          2108          33728  com.intellij.util.text.ImmutableText$Leaf8BitNode
 422:           699          33552  com.intellij.openapi.fileEditor.impl.text.TextEditorState$CaretState
 423:           233          33552  java.awt.image.DirectColorModel (java.desktop@11.0.9.1)
 424:            79          33496  com.intellij.ui.components.JBScrollPane
 425:           279          33480  kotlin.reflect.jvm.internal.impl.serialization.deserialization.descriptors.DeserializedPropertyDescriptor
 426:          1071          33192  [Lcom.intellij.util.lang.Loader;
 427:          1380          33120  com.intellij.psi.impl.file.SourceRootIconProvider$FileLayerProvider$$Lambda$2637/0x0000000801a74040
 428:          2067          33072  java.util.concurrent.atomic.AtomicReferenceArray (java.base@11.0.9.1)
 429:          1369          32856  com.intellij.util.io.PoolPageKey
 430:          1368          32832  com.intellij.util.io.Page$Range
 431:          1025          32800  com.intellij.psi.WeighingComparable
 432:          1363          32712  sun.awt.EventQueueItem (java.desktop@11.0.9.1)
 433:          1351          32424  kotlin.reflect.jvm.internal.impl.name.FqName
 434:          1347          32328  [Lcom.intellij.openapi.command.undo.DocumentReference;
 435:          1007          32224  com.intellij.util.lang.ClassLoadingLocks$WeakLockReference
 436:          1690          32056  [Lsun.reflect.generics.tree.TypeArgument; (java.base@11.0.9.1)
 437:          2001          32016  com.intellij.openapi.actionSystem.Presentation$$Lambda$737/0x00000008008c5040
 438:          1000          32000  java.util.LinkedList (java.base@11.0.9.1)
 439:           798          31920  java.math.BigInteger (java.base@11.0.9.1)
 440:           559          31304  com.intellij.util.containers.SLRUMap$1
 441:           559          31304  com.intellij.util.containers.SLRUMap$2
 442:           558          31248  com.intellij.ide.projectView.PresentationData
 443:           780          31200  java.util.HashMap$KeyIterator (java.base@11.0.9.1)
 444:           974          31168  com.intellij.util.containers.DisposableWrapperList$DisposableWrapper
 445:          1278          31152  [Ljava.lang.Thread; (java.base@11.0.9.1)
 446:          1296          31104  kotlin.reflect.jvm.internal.impl.name.FqName
 447:           777          31080  java.awt.FlowLayout (java.desktop@11.0.9.1)
 448:           430          30960  com.intellij.util.concurrency.EdtScheduledExecutorServiceImpl$1
 449:          1918          30688  com.intellij.psi.AbstractFileViewProvider$VirtualFileContent
 450:            87          30624  com.intellij.ui.AbstractExpandableItemsHandler$1
 451:          1274          30576  com.intellij.openapi.actionSystem.impl.ActionManagerImpl$$Lambda$848/0x0000000800975840
 452:          1908          30528  com.intellij.psi.PsiLock
 453:          1263          30312  java.util.concurrent.locks.ReentrantReadWriteLock (java.base@11.0.9.1)
 454:          1260          30240  com.intellij.openapi.application.TransactionGuardImpl$1
 455:          1260          30240  java.awt.EventQueue$4 (java.desktop@11.0.9.1)
 456:          1258          30192  javax.swing.text.html.StyleSheet$SelectorMapping (java.desktop@11.0.9.1)
 457:            58          29696  com.intellij.openapi.actionSystem.impl.ActionMenuItem
 458:           616          29568  com.intellij.util.containers.SmartHashSet
 459:            61          29280  com.intellij.openapi.actionSystem.impl.StubItem
 460:          1828          29248  com.intellij.codeInsight.AnnotationUtil$$Lambda$2999/0x0000000801c8e040
 461:          1216          29184  com.intellij.serialization.stateProperties.ObjectStoredProperty
 462:           911          29152  org.apache.log4j.ProvisionNode
 463:          1212          29088  com.intellij.codeInspection.ex.GlobalInspectionToolWrapper
 464:          1817          29072  com.intellij.codeInspection.ex.InspectionProfileImpl$$Lambda$1359/0x0000000800fed440
 465:          1208          28992  com.intellij.openapi.util.Key
 466:          1810          28960  com.intellij.idea.IdeaLogger
 467:            72          28800  com.intellij.ui.tabs.impl.ActionButton$2
 468:            72          28800  com.intellij.ui.tabs.impl.TabLabel$4
 469:          1197          28728  sun.font.FontFamily$FontAndStyle (java.desktop@11.0.9.1)
 470:          1188          28512  com.intellij.codeInsight.completion.StatisticsComparable
 471:           442          28288  com.intellij.psi.impl.source.tree.java.PsiMethodCallExpressionImpl
 472:          1177          28248  java.util.ImmutableCollections$Set12 (java.base@11.0.9.1)
 473:           588          28224  javax.swing.text.AbstractDocument$BidiRootElement (java.desktop@11.0.9.1)
 474:           878          28096  com.sun.org.apache.xerces.internal.xni.QName (java.xml@11.0.9.1)
 475:           583          27984  com.intellij.ui.components.ScrollBarPainter$1
 476:            76          27968  com.intellij.execution.ui.layout.impl.GridImpl$Placeholder
 477:           874          27968  sun.security.util.DerInputBuffer (java.base@11.0.9.1)
 478:           874          27968  sun.security.util.DerValue (java.base@11.0.9.1)
 479:          1166          27904  [Ljava.lang.reflect.Type; (java.base@11.0.9.1)
 480:          1158          27792  com.intellij.completion.ml.personalization.session.CompletionSelectionTrackerImpl
 481:          1158          27792  com.intellij.completion.ml.personalization.session.ElementSessionFactorsStorage
 482:          1158          27792  com.intellij.completion.ml.storage.MutableElementStorage
 483:           688          27520  com.intellij.diagnostic.ApdexData
 484:          1715          27440  com.intellij.codeInspection.bytecodeAnalysis.Pending
 485:          1714          27424  com.intellij.psi.stubs.StubSpine
 486:           685          27400  com.intellij.codeInsight.template.impl.Variable
 487:          1141          27384  javax.swing.text.StyleContext$FontKey (java.desktop@11.0.9.1)
 488:            76          27360  com.intellij.execution.ui.layout.impl.RunnerContentUi$TwoSideComponent
 489:          1708          27328  com.intellij.psi.impl.source.ClassReferencePointer$1
 490:           568          27264  javax.swing.text.FlowView$LogicalView (java.desktop@11.0.9.1)
 491:          1135          27240  com.intellij.completion.ml.sorting.ItemRankInfo
 492:           243          27216  kotlin.reflect.jvm.internal.impl.metadata.ProtoBuf$Class
 493:           850          27200  com.intellij.diff.util.Range
 494:           340          27200  com.intellij.psi.impl.source.tree.java.PsiCodeBlockImpl
 495:          1699          27184  com.intellij.psi.impl.smartPointers.ClsElementInfo
 496:          1693          27088  java.util.LinkedHashSet (java.base@11.0.9.1)
 497:          1125          27000  javax.swing.text.html.CSS$FontFamily (java.desktop@11.0.9.1)
 498:           421          26944  com.intellij.openapi.actionSystem.impl.ActionToolbarImpl$1
 499:          1683          26928  java.util.LinkedHashMap$LinkedKeySet (java.base@11.0.9.1)
 500:          1675          26800  sun.reflect.generics.tree.ClassTypeSignature (java.base@11.0.9.1)
 501:           553          26544  com.intellij.openapi.editor.markup.AttributesFlyweight
 502:            72          26496  com.intellij.ui.tabs.impl.ActionPanel
 503:           552          26496  com.intellij.util.containers.RefHashMap$MyMap
 504:          1101          26424  kotlin.reflect.jvm.internal.ReflectProperties$LazyVal
 505:            75          26400  com.intellij.util.ui.Centerizer
 506:           550          26400  javax.swing.plaf.basic.BasicHTML$Renderer (java.desktop@11.0.9.1)
 507:           411          26304  java.nio.DirectByteBuffer (java.base@11.0.9.1)
 508:           547          26256  com.intellij.util.io.PagedFileStorage
 509:           547          26256  com.intellij.util.io.PagedFileStorageCache
 510:           468          26208  com.intellij.psi.impl.source.PsiImmediateClassType
 511:          1088          26112  com.intellij.psi.impl.file.PsiJavaDirectoryImpl
 512:          1088          26112  kotlin.reflect.jvm.internal.impl.storage.LockBasedStorageManager$LockBasedNotNullLazyValue
 513:           233          26096  kotlin.reflect.jvm.internal.impl.metadata.ProtoBuf$Class
 514:           815          26080  com.intellij.serialization.PropertyAccessor
 515:           542          26016  jdk.internal.ref.CleanerImpl$PhantomCleanableRef (java.base@11.0.9.1)
 516:           811          25952  com.intellij.ui.popup.PopupState$JPopupMenuState
 517:           889          25904  [Lcom.intellij.util.lang.Loader;
 518:          1073          25752  org.jdom.Text
 519:           401          25664  java.lang.invoke.BoundMethodHandle$Species_LLLLLLIIL (java.base@11.0.9.1)
 520:           530          25440  gnu.trove.THashMap
 521:            72          25344  com.intellij.ui.tabs.impl.JBTabsImpl$Toolbar
 522:          1053          25272  javax.swing.ComponentInputMap (java.desktop@11.0.9.1)
 523:           521          25008  com.intellij.util.containers.WeakHashMap
 524:          1030          24720  com.intellij.psi.impl.source.resolve.SymbolCollectingProcessor$ResultWithContext
 525:          1025          24600  com.intellij.psi.util.ProximityLocation
 526:           768          24576  com.intellij.openapi.editor.impl.IntervalTreeImpl$IntervalNode$WeakReferencedGetter
 527:          1526          24416  jdk.internal.reflect.DelegatingConstructorAccessorImpl (java.base@11.0.9.1)
 528:           757          24224  com.intellij.openapi.vfs.impl.FilePartNode
 529:           757          24224  java.util.Locale (java.base@11.0.9.1)
 530:           749          23968  sun.util.locale.BaseLocale (java.base@11.0.9.1)
 531:           749          23968  sun.util.locale.BaseLocale$Key (java.base@11.0.9.1)
 532:           994          23856  com.intellij.patterns.ObjectPattern$1
 533:          1484          23744  com.intellij.psi.impl.source.ClassInnerStuffCache$$Lambda$3036/0x0000000801ca8840
 534:            86          23648  [Ljava.lang.ThreadLocal$ThreadLocalMap$Entry; (java.base@11.0.9.1)
 535:           369          23616  com.intellij.util.lang.JarLoader
 536:           420          23520  com.intellij.util.containers.hash.LinkedHashMap
 537:           588          23520  javax.swing.text.AbstractDocument$BidiElement (java.desktop@11.0.9.1)
 538:           588          23520  javax.swing.text.GapContent (java.desktop@11.0.9.1)
 539:           581          23240  gnu.trove.THashSet
 540:          1451          23216  com.intellij.openapi.util.IconLoader$CachedImageIcon$1
 541:           579          23160  com.intellij.openapi.vfs.impl.VirtualFilePointerImpl
 542:          1443          23088  com.intellij.serviceContainer.ComponentManagerImpl$getDisposed$1
 543:          1440          23040  com.intellij.openapi.util.StaticGetter
 544:           958          22992  sun.java2d.StateTrackableDelegate (java.desktop@11.0.9.1)
 545:           954          22896  com.intellij.util.ui.update.UiNotifyConnector
 546:           948          22752  org.jetbrains.kotlin.cli.common.arguments.Freezable$FreezableVar
 547:           707          22624  java.awt.geom.Rectangle2D$Float (java.desktop@11.0.9.1)
 548:           940          22560  com.intellij.ide.ui.laf.darcula.ui.DarculaLabelUI
 549:           255          22440  kotlin.reflect.jvm.internal.impl.metadata.ProtoBuf$Property
 550:           699          22368  com.intellij.openapi.fileEditor.impl.text.TextEditorState
 551:           931          22344  java.util.ArrayDeque (java.base@11.0.9.1)
 552:           556          22240  java.io.FileDescriptor (java.base@11.0.9.1)
 553:           556          22240  java.lang.invoke.DirectMethodHandle$Accessor (java.base@11.0.9.1)
 554:           463          22224  com.google.gson.internal.LinkedTreeMap$Node
 555:           693          22176  java.util.Stack (java.base@11.0.9.1)
 556:           554          22160  com.intellij.openapi.editor.markup.AttributesFlyweight$FlyweightKey
 557:           461          22128  com.intellij.codeInsight.intention.IntentionActionBean
 558:           917          22008  com.intellij.openapi.util.Couple
 559:           912          21888  com.intellij.codeInsight.intention.impl.config.IntentionActionWrapper
 560:          1368          21888  com.intellij.util.io.Page$PageLock
 561:           912          21888  org.jetbrains.kotlin.renderer.DescriptorRendererOptionsImpl$property$$inlined$vetoable$1
 562:           911          21864  java.util.regex.Pattern$BmpCharProperty (java.base@11.0.9.1)
 563:           390          21840  com.intellij.util.ui.TimerUtil$1
 564:           909          21816  java.util.LinkedList$Node (java.base@11.0.9.1)
 565:           906          21744  com.intellij.patterns.compiler.PatternCompilerImpl$Node
 566:           903          21672  com.intellij.AbstractBundle$$Lambda$778/0x00000008008f2040
 567:           451          21648  com.intellij.codeInsight.intention.impl.config.IntentionActionMetaData
 568:           450          21600  com.intellij.util.keyFMap.MapBackedFMap
 569:           450          21600  kotlin.reflect.jvm.internal.impl.metadata.ProtoBuf$Type$Argument
 570:          1348          21568  jdk.internal.reflect.DelegatingMethodAccessorImpl (java.base@11.0.9.1)
 571:           898          21552  org.jetbrains.kotlin.name.Name
 572:           383          21448  com.intellij.openapi.util.registry.RegistryValue
 573:           883          21192  com.intellij.psi.augment.PsiAugmentProvider$$Lambda$3447/0x000000080208ec40
 574:            54          21168  com.intellij.ui.InplaceButton
 575:           881          21144  com.intellij.openapi.editor.impl.view.SimpleTextFragment
 576:           875          21000  javax.swing.KeyStroke (java.desktop@11.0.9.1)
 577:           874          20976  sun.security.util.DerInputStream (java.base@11.0.9.1)
 578:           326          20864  kotlin.reflect.jvm.internal.KMutableProperty1Impl
 579:           866          20784  com.intellij.ui.ColorUtil$$Lambda$910/0x0000000800a5bc40
 580:           866          20784  org.apache.xerces.impl.xs.util.XSObjectListImpl
 581:           863          20712  java.util.concurrent.CompletableFuture (java.base@11.0.9.1)
 582:            30          20640  [Lio.netty.util.Recycler$DefaultHandle;
 583:           645          20640  com.intellij.psi.impl.source.PsiModifierListImpl
 584:           368          20608  com.intellij.psi.impl.source.tree.CompositeElement
 585:           856          20544  [Lsun.security.x509.AVA; (java.base@11.0.9.1)
 586:           856          20544  sun.security.x509.AVA (java.base@11.0.9.1)
 587:           856          20544  sun.security.x509.RDN (java.base@11.0.9.1)
 588:           641          20512  com.siyeh.ig.callMatcher.CallMatcher$Simple
 589:           366          20496  com.android.tools.lint.detector.api.Issue
 590:           427          20496  kotlin.reflect.jvm.internal.impl.metadata.ProtoBuf$QualifiedNameTable$QualifiedName
 591:           510          20400  java.awt.image.BufferedImage (java.desktop@11.0.9.1)
 592:          1272          20352  java.util.concurrent.locks.ReentrantReadWriteLock$Sync$ThreadLocalHoldCounter (java.base@11.0.9.1)
 593:          1270          20320  java.util.concurrent.locks.ReentrantReadWriteLock$WriteLock (java.base@11.0.9.1)
 594:           141          20304  com.intellij.ide.plugins.IdeaPluginDescriptorImpl
 595:            54          20304  com.intellij.openapi.ui.ThreeComponentsSplitter$Divider
 596:          1269          20304  java.util.concurrent.locks.ReentrantReadWriteLock$ReadLock (java.base@11.0.9.1)
 597:            55          20240  com.intellij.execution.ui.layout.impl.GridCellImpl$ProviderWrapper
 598:          1261          20176  com.intellij.diagnostic.PerformanceWatcher$FreezeCheckerTask$$Lambda$630/0x000000080076a040
 599:          1260          20160  com.intellij.ide.IdeEventQueue$$Lambda$633/0x00000008007a1440
 600:           280          20160  com.intellij.psi.impl.source.tree.java.ReferenceListElement
 601:           209          20064  com.intellij.util.io.IntToIntBtree
 602:          1250          20000  sun.font.Font2DHandle (java.desktop@11.0.9.1)
 603:           227          19976  com.intellij.psi.scope.processor.MethodCandidatesProcessor$VarargsAwareMethodCandidateInfo
 604:          1245          19920  com.intellij.serialization.FieldAccessor
 605:           310          19840  com.intellij.ui.LayeredIcon
 606:           496          19840  java.lang.invoke.MethodHandleImpl$AsVarargsCollector (java.base@11.0.9.1)
 607:            99          19800  org.apache.xerces.impl.dv.xs.XSSimpleTypeDecl
 608:          1237          19792  com.intellij.psi.impl.source.SubstrateRef$StubRef
 609:           820          19680  java.util.regex.Pattern$$Lambda$83/0x000000080014a440 (java.base@11.0.9.1)
 610:           489          19560  com.intellij.codeInsight.template.impl.LiveTemplatesOptionsTopHitProvider$Option
 611:           610          19504  [Lorg.apache.xerces.xs.XSObject;
 612:           812          19488  com.intellij.codeInspection.bytecodeAnalysis.Equations
 613:           203          19488  com.intellij.util.io.PersistentBTreeEnumerator
 614:           486          19440  com.android.repository.impl.generated.v1.ArchiveType
 615:           210          19328  [Ljava.lang.reflect.Method; (java.base@11.0.9.1)
 616:            38          19152  com.intellij.openapi.wm.impl.StripeButton
 617:          1195          19120  java.util.HashMap$EntrySet (java.base@11.0.9.1)
 618:           199          19104  sun.java2d.opengl.CGLSurfaceData$CGLOffScreenSurfaceData (java.desktop@11.0.9.1)
 619:           588          18816  javax.swing.text.GapContent$MarkVector (java.desktop@11.0.9.1)
 620:            50          18800  javax.swing.JProgressBar (java.desktop@11.0.9.1)
 621:           335          18760  sun.security.ssl.CipherSuite (java.base@11.0.9.1)
 622:            41          18696  com.intellij.openapi.editor.impl.EditorGutterComponentImpl
 623:            41          18696  com.intellij.openapi.editor.impl.EditorMarkupModelImpl$2
 624:          1161          18576  com.intellij.completion.ml.personalization.session.PeriodTracker
 625:           580          18560  com.intellij.ide.util.treeView.TreeState$PathElement
 626:           288          18432  com.intellij.ui.components.MacScrollBarUI
 627:           576          18432  jdk.internal.reflect.UnsafeObjectFieldAccessorImpl (java.base@11.0.9.1)
 628:            41          18368  com.intellij.openapi.editor.impl.EditorComponentImpl
 629:           382          18336  sun.font.FontFamily (java.desktop@11.0.9.1)
 630:           762          18288  java.util.concurrent.locks.AbstractQueuedSynchronizer$ConditionObject (java.base@11.0.9.1)
 631:           284          18176  java.util.zip.ZipFile$Source (java.base@11.0.9.1)
 632:           840          18144  [Ljava.awt.Component; (java.desktop@11.0.9.1)
 633:           378          18144  com.intellij.util.ui.JBImageIcon
 634:           755          18120  org.jetbrains.concurrency.AsyncPromise
 635:           323          18088  java.awt.image.PixelInterleavedSampleModel (java.desktop@11.0.9.1)
 636:            46          18032  com.intellij.execution.ui.layout.impl.GridCellImpl$GridCellTabs$2
 637:           750          18000  com.intellij.grazie.speller.rule.ReplacingRule$Descriptor
 638:           561          17952  javax.swing.text.html.CSS$BorderWidthValue (java.desktop@11.0.9.1)
 639:           559          17888  javax.swing.text.html.CSS$BackgroundPosition (java.desktop@11.0.9.1)
 640:           558          17856  com.intellij.psi.impl.ScopedClassHierarchy
 641:           279          17856  kotlin.reflect.jvm.internal.impl.descriptors.impl.PropertyGetterDescriptorImpl
 642:           279          17856  kotlin.reflect.jvm.internal.impl.descriptors.impl.PropertySetterDescriptorImpl
 643:           743          17832  kotlin.reflect.jvm.internal.KCallableImpl$_annotations$1
 644:           743          17832  kotlin.reflect.jvm.internal.KCallableImpl$_parameters$1
 645:           743          17832  kotlin.reflect.jvm.internal.KCallableImpl$_returnType$1
 646:           743          17832  kotlin.reflect.jvm.internal.KCallableImpl$_typeParameters$1
 647:           278          17792  com.intellij.util.lang.JarLoader
 648:           741          17784  com.intellij.util.text.ImmutableText$InnerLeaf
 649:           739          17736  javax.swing.ActionMap (java.desktop@11.0.9.1)
 650:           554          17728  com.intellij.psi.impl.source.PsiMethodImpl
 651:            41          17712  com.intellij.openapi.editor.impl.EditorImpl$MyScrollPane
 652:           736          17664  com.intellij.util.text.ImmutableText
 653:           439          17560  com.intellij.lang.LanguageExtensionPoint
 654:           438          17520  com.intellij.ui.SimpleColoredComponent$ColoredFragment
 655:           728          17472  kotlin.reflect.jvm.internal.impl.name.Name
 656:           311          17416  javax.swing.Timer (java.desktop@11.0.9.1)
 657:           435          17400  com.sun.jna.NativeString$StringMemory
 658:           362          17376  kotlin.reflect.jvm.internal.impl.descriptors.impl.ValueParameterDescriptorImpl
 659:           722          17328  jdk.internal.reflect.NativeMethodAccessorImpl (java.base@11.0.9.1)
 660:           541          17312  com.intellij.psi.impl.compiled.ClsReferenceListImpl
 661:           720          17280  [Lorg.apache.xerces.impl.xs.identity.IdentityConstraint;
 662:           432          17280  com.intellij.util.Alarm$Request
 663:          1076          17216  kotlin.reflect.jvm.internal.impl.protobuf.SmallSortedMap$EntrySet
 664:           717          17208  org.apache.xerces.impl.xs.XSAnnotationImpl
 665:           357          17136  java.awt.GridBagLayout (java.desktop@11.0.9.1)
 666:           708          16992  java.util.Collections$SetFromMap (java.base@11.0.9.1)
 667:           421          16840  com.intellij.openapi.actionSystem.impl.ActionToolbarImpl$2
 668:           263          16832  kotlin.reflect.jvm.internal.KMutableProperty1Impl
 669:          1050          16800  java.util.LinkedHashMap$LinkedEntrySet (java.base@11.0.9.1)
 670:           699          16776  [Lcom.intellij.openapi.fileEditor.impl.text.TextEditorState$CaretState;
 671:             4          16768  [Lio.netty.buffer.PoolSubpage;
 672:           419          16760  com.intellij.util.io.ResizeableMappedFile
 673:           347          16656  kotlin.reflect.jvm.internal.impl.metadata.ProtoBuf$QualifiedNameTable$QualifiedName
 674:           297          16632  com.android.repository.impl.generated.v1.RemotePackage
 675:          1027          16432  com.intellij.completion.ml.features.MLCompletionWeigher$DummyComparable
 676:          1025          16400  com.intellij.codeInsight.completion.LookupElementProximityWeigher$$Lambda$4514/0x00000008028ea040
 677:            41          16400  com.intellij.openapi.editor.impl.EditorImpl$MyScrollBar
 678:           255          16320  org.apache.xerces.impl.xs.XSComplexTypeDecl
 679:           290          16240  com.intellij.psi.impl.source.javadoc.PsiDocTagImpl
 680:           289          16184  java.lang.invoke.LambdaFormEditor$Transform (java.base@11.0.9.1)
 681:            41          16072  com.intellij.openapi.editor.impl.EditorImpl
 682:            41          16072  com.intellij.openapi.editor.impl.EditorImpl$OpaqueAwareScrollBar
 683:           287          16072  java.io.FileCleanable (java.base@11.0.9.1)
 684:           286          16016  com.intellij.openapi.extensions.impl.BeanExtensionPoint
 685:           499          15968  com.intellij.ui.components.panels.VerticalLayout
 686:           221          15912  com.intellij.psi.impl.source.javadoc.PsiDocCommentImpl
 687:           658          15792  java.security.Provider$ServiceKey (java.base@11.0.9.1)
 688:           586          15736  [Lcom.intellij.openapi.vfs.impl.FilePartNode;
 689:           280          15680  com.intellij.util.containers.ConcurrentIntObjectHashMap
 690:           650          15600  java.util.concurrent.atomic.AtomicLong (java.base@11.0.9.1)
 691:           486          15552  com.android.repository.impl.generated.v1.CompleteType
 692:           324          15552  com.intellij.util.io.ReadWriteDirectBufferWrapper
 693:           485          15520  org.apache.batik.css.engine.value.StringMap$Entry
 694:           966          15456  com.intellij.psi.impl.source.PsiClassReferenceType$DelegatingClassResolveResult
 695:           321          15408  java.awt.image.DataBufferByte (java.desktop@11.0.9.1)
 696:           641          15384  java.util.regex.Pattern$GroupTail (java.base@11.0.9.1)
 697:           383          15320  jdk.internal.ref.Cleaner (java.base@11.0.9.1)
 698:           476          15232  com.intellij.openapi.vcs.ex.ChangelistsLocalLineStatusTracker$MyUndoableAction
 699:           633          15192  com.intellij.serialization.stateProperties.NormalizedStringStoredProperty
 700:           379          15160  java.util.IdentityHashMap (java.base@11.0.9.1)
 701:           630          15120  java.util.regex.Pattern$GroupHead (java.base@11.0.9.1)
 702:           627          15048  com.intellij.util.io.FileChunkKey
 703:           470          15040  com.intellij.openapi.extensions.impl.ExtensionPointImpl$1
 704:           470          15040  java.util.TreeMap$KeyIterator (java.base@11.0.9.1)
 705:           938          15008  java.lang.Character (java.base@11.0.9.1)
 706:           625          15000  java.util.regex.Pattern$BmpCharPredicate$$Lambda$85/0x0000000800149c40 (java.base@11.0.9.1)
 707:           312          14976  kotlin.reflect.jvm.internal.impl.metadata.jvm.JvmProtoBuf$JvmPropertySignature
 708:           311          14928  com.intellij.openapi.editor.impl.RangeMarkerTree
 709:           622          14928  java.lang.ThreadLocal$SuppliedThreadLocal (java.base@11.0.9.1)
 710:           466          14912  com.github.benmanes.caffeine.cache.PSMS
 711:           466          14912  org.jetbrains.kotlin.diagnostics.DiagnosticFactory0
 712:           616          14784  com.google.common.collect.ImmutableMapEntry
 713:           616          14784  kotlin.reflect.jvm.internal.impl.protobuf.SmallSortedMap$Entry
 714:            41          14760  com.intellij.openapi.editor.impl.EditorImpl$MyHeaderPanel
 715:           369          14760  com.intellij.psi.infos.ClassCandidateInfo
 716:           263          14728  java.security.Provider$Service (java.base@11.0.9.1)
 717:           183          14640  com.intellij.util.io.PersistentHashMapValueStorage
 718:           609          14616  kotlin.reflect.jvm.internal.impl.protobuf.LiteralByteString
 719:            38          14592  com.intellij.util.ui.AsyncProcessIcon
 720:           608          14592  javax.swing.text.html.CSS$FontWeight (java.desktop@11.0.9.1)
 721:           607          14568  sun.reflect.generics.factory.CoreReflectionFactory (java.base@11.0.9.1)
 722:           303          14544  com.intellij.build.events.impl.OutputBuildEventImpl
 723:           362          14480  com.intellij.psi.impl.source.xml.XmlTagImpl$XmlTagImplDelegate
 724:           258          14448  com.intellij.psi.impl.source.tree.java.TypeParameterListElement
 725:           299          14352  com.intellij.codeInsight.daemon.impl.LocalInspectionsPass$1
 726:           596          14304  com.intellij.openapi.command.impl.EditorAndState
 727:           894          14304  javax.swing.text.SimpleAttributeSet (java.desktop@11.0.9.1)
 728:           891          14256  java.lang.Float (java.base@11.0.9.1)
 729:           591          14184  sun.reflect.generics.reflectiveObjects.ParameterizedTypeImpl (java.base@11.0.9.1)
 730:           440          14080  com.intellij.util.containers.ContainerUtil$8
 731:           879          14064  com.intellij.openapi.editor.markup.TextAttributes
 732:           439          14048  com.android.repository.impl.generated.v1.RevisionType
 733:           439          14048  jdk.internal.reflect.UnsafeIntegerFieldAccessorImpl (java.base@11.0.9.1)
 734:           195          14040  com.intellij.psi.impl.source.tree.LazyParseablePsiElement
 735:           584          14016  com.intellij.openapi.editor.impl.view.LineLayout$Chunk
 736:           250          14000  com.intellij.psi.impl.source.tree.java.PsiExpressionStatementImpl
 737:           217          13888  kotlin.reflect.jvm.internal.impl.metadata.jvm.JvmProtoBuf$StringTableTypes$Record
 738:           347          13880  java.lang.Package$VersionInfo (java.base@11.0.9.1)
 739:           288          13824  com.intellij.openapi.command.impl.UndoableGroup
 740:           191          13752  com.intellij.util.ui.JBFont$JBFontUIResource
 741:           103          13664  [Ljava.lang.reflect.Field; (java.base@11.0.9.1)
 742:           427          13664  com.intellij.serialization.stateProperties.StatePropertyFactoryImpl$obj$1
 743:           568          13632  javax.swing.text.FlowView$FlowStrategy (java.desktop@11.0.9.1)
 744:           559          13608  [Ljava.lang.reflect.Constructor; (java.base@11.0.9.1)
 745:           566          13584  org.apache.xerces.util.SymbolTable$Entry
 746:           339          13560  com.intellij.psi.impl.java.stubs.impl.PsiAnnotationStubImpl
 747:           242          13552  com.intellij.psi.impl.source.tree.java.ParameterElement
 748:            77          13552  com.intellij.util.ui.GridBag
 749:           423          13536  com.intellij.ide.plugins.ContainerDescriptor
 750:           563          13512  javax.swing.text.html.CSS$BorderStyle (java.desktop@11.0.9.1)
 751:           559          13416  javax.swing.text.html.CSS (java.desktop@11.0.9.1)
 752:           559          13416  javax.swing.text.html.CSS$BackgroundImage (java.desktop@11.0.9.1)
 753:           279          13392  com.intellij.codeInsight.daemon.impl.HighlightInfo$IntentionActionDescriptor
 754:           279          13392  java.util.concurrent.LinkedBlockingQueue (java.base@11.0.9.1)
 755:           558          13392  javax.swing.text.html.CSS$LengthUnit (java.desktop@11.0.9.1)
 756:           558          13392  kotlin.reflect.jvm.internal.impl.descriptors.impl.FieldDescriptorImpl
 757:           557          13368  java.util.regex.Pattern$BmpCharPropertyGreedy (java.base@11.0.9.1)
 758:           556          13344  com.intellij.openapi.actionSystem.impl.ActionManagerImpl$$Lambda$674/0x00000008007c3440
 759:           184          13248  [Ljava.lang.Comparable; (java.base@11.0.9.1)
 760:           552          13248  com.intellij.util.containers.RefHashMap$HardKey
 761:           551          13224  com.intellij.util.ui.update.UiNotifyConnector$2
 762:           236          13216  com.intellij.psi.impl.source.tree.java.MethodElement
 763:           236          13216  com.intellij.psi.impl.source.tree.java.ParameterListElement
 764:           413          13216  java.util.AbstractList$Itr (java.base@11.0.9.1)
 765:           549          13176  com.intellij.openapi.ui.popup.ActiveIcon
 766:           183          13176  com.intellij.util.io.PersistentHashMapValueStorage$MyCompressedAppendableFile
 767:           547          13128  com.intellij.codeInsight.template.impl.TemplateSettings$TemplateKey
 768:           547          13128  com.intellij.openapi.actionSystem.impl.ToolbarUpdater$$Lambda$868/0x00000008009aa840
 769:           547          13128  com.intellij.openapi.actionSystem.impl.ToolbarUpdater$MyUpdateRunnable
 770:           541          12984  com.intellij.psi.impl.compiled.ClsReferenceListImpl$1
 771:            36          12960  com.intellij.codeInsight.hint.ParameterInfoComponent$OneLineComponent
 772:           538          12912  com.intellij.completion.ngram.slp.counting.trie.ArrayTrieCounter
 773:           805          12880  com.intellij.openapi.actionSystem.impl.ActionButton$1
 774:           805          12880  com.intellij.openapi.actionSystem.impl.ActionButton$2
 775:           321          12840  com.intellij.psi.impl.compiled.ClsAnonymousClass
 776:            32          12800  com.intellij.openapi.actionSystem.impl.ActionToolbarImpl$3
 777:           320          12800  java.io.ObjectStreamField (java.base@11.0.9.1)
 778:           533          12792  com.intellij.patterns.PsiElementPattern$Capture
 779:           228          12768  com.intellij.psi.impl.source.javadoc.PsiDocTagValueImpl
 780:           318          12720  com.intellij.xml.util.documentation.HtmlAttributeDescriptor
 781:           529          12696  com.intellij.psi.controlFlow.ConditionalThrowToInstruction
 782:           529          12696  java.util.regex.Pattern$Start (java.base@11.0.9.1)
 783:            36          12672  com.intellij.codeInsight.hint.ParameterInfoComponent$OneElementComponent
 784:           264          12672  com.intellij.openapi.ui.ShadowAction
 785:           526          12624  kotlin.reflect.jvm.internal.impl.protobuf.LiteralByteString
 786:           784          12544  com.intellij.ui.components.ScrollBarPainter$$Lambda$857/0x00000008009aec40
 787:           390          12480  com.intellij.util.EventDispatcher
 788:            33          12408  com.intellij.execution.impl.MyDiffContainer
 789:           221          12376  com.intellij.util.containers.UnmodifiableHashMap
 790:           256          12288  org.apache.xerces.impl.xs.XSAttributeGroupDecl
 791:            26          12272  javax.swing.JButton (java.desktop@11.0.9.1)
 792:           511          12264  java.util.regex.Pattern$Slice (java.base@11.0.9.1)
 793:           383          12256  com.intellij.ui.SimpleTextAttributes
 794:           383          12256  java.nio.DirectByteBuffer$Deallocator (java.base@11.0.9.1)
 795:           510          12240  kotlin.SafePublicationLazyImpl
 796:           255          12240  kotlin.reflect.jvm.internal.impl.metadata.ProtoBuf$Type$Argument
 797:           109          12208  com.intellij.util.indexing.impl.MapIndexStorage$2
 798:           506          12144  com.intellij.openapi.actionSystem.impl.ActionManagerImpl$$Lambda$678/0x00000008007c2440
 799:           505          12120  com.intellij.openapi.util.TextRange
 800:           378          12096  com.intellij.util.ui.CenteredIcon
 801:           116          12064  com.apple.laf.ScreenMenuItemCheckbox (java.desktop@11.0.9.1)
 802:           502          12048  com.intellij.patterns.StringPattern
 803:           280          12016  [Ljava.lang.invoke.MethodHandle; (java.base@11.0.9.1)
 804:           100          12000  kotlin.reflect.jvm.internal.impl.serialization.deserialization.descriptors.DeserializedSimpleFunctionDescriptor
 805:           744          11904  kotlin.reflect.jvm.internal.impl.resolve.constants.StringValue
 806:           493          11832  com.intellij.openapi.actionSystem.impl.PresentationFactory
 807:           295          11800  kotlin.reflect.jvm.internal.impl.metadata.jvm.JvmProtoBuf$JvmFieldSignature
 808:           491          11784  sun.awt.image.BufImgSurfaceManager (java.desktop@11.0.9.1)
 809:           734          11744  javax.swing.Timer$DoPostEvent (java.desktop@11.0.9.1)
 810:           183          11712  com.intellij.openapi.vfs.impl.jar.JarHandler
 811:           122          11712  com.intellij.psi.impl.source.JavaDummyElement
 812:           363          11616  com.intellij.util.containers.WeakValueHashMap$MyWeakReference
 813:           161          11592  com.sun.xml.bind.v2.model.impl.RuntimeElementPropertyInfoImpl
 814:           131          11528  com.intellij.openapi.wm.impl.WindowInfoImpl
 815:           179          11456  it.unimi.dsi.fastutil.objects.Object2IntOpenHashMap
 816:           204          11424  com.intellij.psi.impl.source.javadoc.PsiInlineDocTagImpl
 817:           357          11424  com.intellij.util.xmlb.AttributeBinding
 818:           285          11400  java.lang.Throwable (java.base@11.0.9.1)
 819:           356          11392  com.intellij.psi.impl.source.PsiJavaFileBaseImpl$$Lambda$3452/0x000000080208d040
 820:           474          11376  kotlin.reflect.jvm.internal.impl.name.ClassId
 821:           705          11280  com.intellij.openapi.application.impl.FlushQueue$FlushNow
 822:           159          11240  [Lcom.intellij.openapi.editor.event.DocumentListener;
 823:           280          11200  com.intellij.openapi.vfs.impl.UrlPartNode
 824:           465          11160  javax.swing.InputMap (java.desktop@11.0.9.1)
 825:           463          11112  java.util.regex.Pattern$SliceI (java.base@11.0.9.1)
 826:            77          11088  com.intellij.build.ExecutionNode
 827:           346          11072  org.jetbrains.plugins.textmate.language.syntax.SyntaxScopeProxyDescriptor
 828:           461          11064  kotlin.reflect.jvm.internal.KPropertyImpl$_descriptor$1
 829:           461          11064  kotlin.reflect.jvm.internal.KPropertyImpl$_javaField$1
 830:           461          11064  sun.reflect.generics.scope.ClassScope (java.base@11.0.9.1)
 831:           276          11040  com.intellij.ui.ClickListener$1
 832:            69          11024  [Lcom.intellij.psi.PsiMember;
 833:           125          11000  com.intellij.psi.impl.source.JavaDummyHolder
 834:           457          10968  com.intellij.util.containers.MultiMap
 835:           341          10912  jdk.internal.math.FDBigInteger (java.base@11.0.9.1)
 836:            29          10904  com.intellij.openapi.wm.impl.status.TextPanel
 837:           454          10896  kotlin.reflect.jvm.internal.KProperty1Impl$_getter$1
 838:           454          10896  kotlin.reflect.jvm.internal.KProperty1Impl$delegateField$1
 839:           453          10872  com.intellij.codeInsight.intention.impl.config.IntentionManagerSettings$MetaDataKey
 840:           271          10840  com.intellij.util.io.IntToIntBtree$BtreeIndexNodeView
 841:            27          10800  com.intellij.openapi.ui.ThreeComponentsSplitter
 842:           450          10800  kotlin.reflect.jvm.internal.impl.name.ClassId
 843:            28          10752  com.intellij.ui.content.impl.ContentManagerImpl$MyNonOpaquePanel
 844:           335          10720  com.github.benmanes.caffeine.cache.References$WeakKeyReference
 845:           223          10704  sun.security.x509.X500Name (java.base@11.0.9.1)
 846:           346          10688  [[B (java.base@11.0.9.1)
 847:           668          10688  com.intellij.psi.impl.PsiSuperMethodImplUtil$$Lambda$3507/0x00000008020f1440
 848:           445          10680  kotlin.reflect.jvm.internal.impl.storage.LockBasedStorageManager$MapBasedMemoizedFunction
 849:           148          10656  org.apache.xerces.impl.xs.models.XSDFACM
 850:            95          10640  com.intellij.ui.plaf.beg.IdeaMenuUI
 851:           443          10632  java.io.ExpiringCache$Entry (java.base@11.0.9.1)
 852:           443          10632  kotlin.SynchronizedLazyImpl
 853:           166          10624  com.intellij.uiDesigner.core.GridConstraints
 854:           661          10576  com.intellij.openapi.editor.impl.view.LineLayout$SingleChunk
 855:           659          10544  javax.swing.event.ChangeEvent (java.desktop@11.0.9.1)
 856:           328          10496  com.intellij.workspaceModel.storage.impl.indices.VirtualFileIndex$VirtualFileUrlInfo
 857:           164          10496  it.unimi.dsi.fastutil.ints.Int2IntOpenHashMap
 858:           164          10496  it.unimi.dsi.fastutil.ints.Int2ObjectOpenHashMap
 859:           436          10464  com.intellij.psi.impl.source.ClassInnerStuffCache$$Lambda$3484/0x00000008020cd040
 860:           436          10464  jdk.internal.loader.AbstractClassLoaderValue$Sub (java.base@11.0.9.1)
 861:           435          10440  com.sun.jna.NativeString
 862:           435          10440  java.util.ImmutableCollections$SetN (java.base@11.0.9.1)
 863:           261          10440  net.miginfocom.layout.UnitValue
 864:           652          10432  java.util.LinkedHashMap$LinkedValues (java.base@11.0.9.1)
 865:           186          10416  com.intellij.openapi.util.IconLoader$CachedImageIcon
 866:           323          10336  java.awt.datatransfer.DataFlavor (java.datatransfer@11.0.9.1)
 867:           322          10304  sun.security.x509.AlgorithmId (java.base@11.0.9.1)
 868:           429          10296  com.intellij.util.containers.MostlySingularMultiMap$ValueList
 869:           643          10288  com.intellij.openapi.actionSystem.Presentation$$Lambda$853/0x0000000800972c40
 870:           256          10240  com.intellij.util.concurrency.BoundedTaskExecutor
 871:           256          10096  [Lorg.apache.xerces.impl.xs.XSAttributeUseImpl;
 872:           126          10080  java.lang.invoke.BoundMethodHandle$Species_LLLLLLLLLIILL (java.base@11.0.9.1)
 873:           105          10080  java.net.SocksSocketImpl (java.base@11.0.9.1)
 874:           304          10016  [Ljava.util.regex.Pattern$Node; (java.base@11.0.9.1)
 875:           417          10008  org.apache.xerces.util.SymbolHash$Entry
 876:           104           9984  sun.awt.image.ImageRepresentation (java.desktop@11.0.9.1)
 877:           357           9968  [Lcom.intellij.openapi.extensions.ExtensionPointListener;
 878:           415           9960  com.intellij.ui.SimpleColoredComponent$SimpleTextRenderer
 879:           311           9952  com.intellij.psi.tree.TokenSet
 880:           206           9888  sun.java2d.opengl.OGLSurfaceDataProxy (java.desktop@11.0.9.1)
 881:            22           9856  com.intellij.execution.impl.ConsoleViewImpl
 882:           308           9856  com.intellij.openapi.extensions.LoadingOrder
 883:           308           9856  com.intellij.psi.impl.source.PsiTypeElementImpl$1
 884:           246           9840  com.intellij.ui.components.Interpolator
 885:           246           9840  com.intellij.ui.components.JBScrollBar$Model
 886:           615           9840  java.util.TreeSet (java.base@11.0.9.1)
 887:           175           9800  com.intellij.openapi.MnemonicWrapper$LabelWrapper
 888:           217           9776  [Lcom.intellij.openapi.vfs.VirtualFile;
 889:           305           9760  com.intellij.util.ui.JBDimension$Size2D
 890:           304           9728  java.util.regex.Pattern$Branch (java.base@11.0.9.1)
 891:           404           9696  com.intellij.util.containers.DisposableWrapperList
 892:            93           9672  com.intellij.openapi.editor.impl.DocumentImpl
 893:           201           9648  net.miginfocom.layout.DimConstraint
 894:           241           9640  com.intellij.util.containers.SLRUMap
 895:           241           9640  kotlin.reflect.jvm.internal.impl.metadata.ProtoBuf$TypeTable
 896:           401           9624  javax.swing.tree.TreePath (java.desktop@11.0.9.1)
 897:           300           9600  com.intellij.openapi.editor.impl.RangeMarkerImpl
 898:           299           9568  com.intellij.codeInsight.daemon.impl.LocalInspectionsPass$InspectionContext
 899:           299           9568  com.intellij.psi.impl.source.PsiParameterImpl
 900:           199           9552  java.util.logging.LogManager$LoggerWeakRef (java.logging@11.0.9.1)
 901:           199           9552  sun.java2d.loops.Blit (java.desktop@11.0.9.1)
 902:           397           9528  com.intellij.openapi.editor.impl.DocumentImpl$DocumentListenerDisposable
 903:           396           9504  com.intellij.psi.augment.PsiAugmentProvider$$Lambda$3446/0x000000080208e840
 904:           594           9504  javax.swing.text.html.CSS$StringValue (java.desktop@11.0.9.1)
 905:           237           9480  kotlin.reflect.jvm.internal.impl.metadata.ProtoBuf$Annotation
 906:           296           9472  sun.reflect.generics.repository.ClassRepository (java.base@11.0.9.1)
 907:           295           9440  com.intellij.ui.components.ScrollBarPainter$Thumb
 908:           295           9440  com.intellij.util.ui.JBDimension
 909:           147           9408  it.unimi.dsi.fastutil.objects.Object2ObjectOpenHashMap
 910:           235           9400  com.intellij.util.messages.impl.Message
 911:             9           9360  [Lcom.jetbrains.jdi.ByteValueImpl;
 912:           234           9360  javax.swing.RepaintManager$4 (java.desktop@11.0.9.1)
 913:            78           9360  kotlin.reflect.jvm.internal.impl.serialization.deserialization.descriptors.DeserializedSimpleFunctionDescriptor
 914:           388           9312  java.util.concurrent.ConcurrentHashMap$KeySetView (java.base@11.0.9.1)
 915:            83           9296  com.intellij.ui.content.impl.ContentImpl
 916:           387           9288  java.util.concurrent.LinkedBlockingQueue$Node (java.base@11.0.9.1)
 917:           269           9264  [Lcom.intellij.psi.PsiClass;
 918:           288           9216  com.intellij.serialization.stateProperties.EnumStoredProperty
 919:           288           9216  com.intellij.ui.components.DefaultScrollBarUI$Listener
 920:           575           9200  com.intellij.openapi.util.Disposer$1
 921:           383           9192  org.jetbrains.concurrency.PromiseValue
 922:           164           9184  javax.swing.tree.VariableHeightLayoutCache$TreeStateNode (java.desktop@11.0.9.1)
 923:           229           9160  kotlin.reflect.jvm.internal.impl.metadata.ProtoBuf$Annotation$Argument
 924:            19           9120  com.intellij.ui.SearchTextField$1
 925:           284           9088  com.intellij.configurationStore.ComponentInfoImpl
 926:           284           9088  java.io.RandomAccessFile (java.base@11.0.9.1)
 927:           378           9072  kotlin.Pair
 928:           283           9056  com.sun.xml.bind.v2.runtime.Name
 929:           141           9024  com.intellij.psi.impl.source.tree.java.PsiNewExpressionImpl
 930:           225           9000  kotlin.reflect.jvm.internal.impl.metadata.ProtoBuf$Annotation
 931:           374           8976  javax.xml.namespace.QName (java.xml@11.0.9.1)
 932:           373           8952  java.awt.Point (java.desktop@11.0.9.1)
 933:           559           8944  javax.swing.text.html.CSS$CssValue (java.desktop@11.0.9.1)
 934:           559           8944  javax.swing.text.html.CSS$CssValueMapper (java.desktop@11.0.9.1)
 935:           558           8928  com.intellij.psi.impl.ScopedClassHierarchy$$Lambda$3443/0x000000080208fc40
 936:           139           8896  it.unimi.dsi.fastutil.ints.Int2ObjectRBTreeMap
 937:           101           8888  com.intellij.util.indexing.impl.storage.VfsAwareMapReduceIndex
 938:           185           8880  com.intellij.openapi.vfs.newvfs.impl.FsRoot
 939:           370           8880  java.lang.module.ModuleDescriptor$Exports (java.base@11.0.9.1)
 940:           369           8856  com.intellij.util.lang.ClasspathCache$NameFilter
 941:           552           8832  com.intellij.util.containers.RefHashMap$MyMap$1
 942:           183           8784  com.intellij.util.io.PersistentHashMap$4
 943:           549           8784  com.intellij.util.ui.update.UiNotifyConnector$1
 944:            21           8736  javax.swing.Popup$HeavyWeightWindow (java.desktop@11.0.9.1)
 945:           218           8720  com.fasterxml.jackson.databind.introspect.AnnotatedMethod
 946:           109           8720  java.lang.invoke.BoundMethodHandle$Species_LLLLLLLLIILL (java.base@11.0.9.1)
 947:           362           8688  com.intellij.openapi.util.VolatileNotNullLazyValue$1
 948:           181           8688  kotlin.reflect.jvm.internal.impl.metadata.ProtoBuf$Constructor
 949:            23           8648  javax.swing.JRootPane (java.desktop@11.0.9.1)
 950:           108           8640  [Lcom.sun.xml.bind.v2.util.QNameMap$Entry;
 951:           135           8640  java.awt.GridBagLayoutInfo (java.desktop@11.0.9.1)
 952:           269           8608  com.intellij.psi.impl.compiled.ClsAnnotationImpl
 953:           215           8600  kotlin.reflect.jvm.internal.impl.metadata.ProtoBuf$Annotation$Argument
 954:           537           8592  com.intellij.codeInsight.template.impl.TemplateContext
 955:           179           8592  kotlin.reflect.jvm.internal.impl.serialization.deserialization.DeserializationContext
 956:           179           8592  kotlin.reflect.jvm.internal.impl.serialization.deserialization.TypeDeserializer
 957:           268           8576  kotlin.reflect.jvm.internal.calls.CallerImpl$Method$Instance
 958:           214           8560  com.intellij.util.containers.ConcurrentWeakHashMap$WeakKey
 959:           107           8560  java.awt.MenuItem (java.desktop@11.0.9.1)
 960:           107           8560  sun.security.x509.X509CertImpl (java.base@11.0.9.1)
 961:           356           8544  kotlin.SafePublicationLazyImpl
 962:           356           8544  kotlin.reflect.jvm.internal.KCallableImpl$_annotations$1
 963:           356           8544  kotlin.reflect.jvm.internal.KCallableImpl$_parameters$1
 964:           356           8544  kotlin.reflect.jvm.internal.KCallableImpl$_returnType$1
 965:           356           8544  kotlin.reflect.jvm.internal.KCallableImpl$_typeParameters$1
 966:            15           8536  [Ljava.nio.channels.SelectionKey; (java.base@11.0.9.1)
 967:           213           8520  com.intellij.workspaceModel.ide.impl.legacyBridge.filePointer.FileContainerDescription
 968:           133           8512  com.intellij.configurationStore.StateStorageManagerImpl$MyFileStorage
 969:            59           8496  com.intellij.ide.plugins.cl.PluginClassLoader
 970:           265           8480  com.intellij.serialization.stateProperties.FloatStoredProperty
 971:           353           8472  com.intellij.patterns.PsiMethodPattern
 972:           176           8448  kotlin.reflect.jvm.internal.impl.metadata.ProtoBuf$Constructor
 973:           351           8424  kotlin.reflect.jvm.internal.KPropertyImpl$_descriptor$1
 974:           351           8424  kotlin.reflect.jvm.internal.KPropertyImpl$_javaField$1
 975:           350           8400  java.util.regex.Pattern$BitClass (java.base@11.0.9.1)
 976:           210           8400  javax.swing.DefaultButtonModel (java.desktop@11.0.9.1)
 977:           350           8400  kotlin.reflect.jvm.internal.KProperty1Impl$_getter$1
 978:           350           8400  kotlin.reflect.jvm.internal.KProperty1Impl$delegateField$1
 979:           349           8376  com.intellij.codeInspection.bytecodeAnalysis.DataValue$ReturnDataValue
 980:           209           8360  kotlin.reflect.jvm.internal.impl.metadata.ProtoBuf$TypeTable
 981:           174           8352  com.intellij.codeInsight.lookup.CachingComparingClassifier
 982:           174           8352  java.lang.StackTraceElement (java.base@11.0.9.1)
 983:           260           8320  com.intellij.ui.Gray
 984:           208           8320  org.apache.commons.collections4.trie.AbstractPatriciaTrie$TrieEntry
 985:            23           8280  com.intellij.openapi.ui.Splitter$DividerImpl
 986:            23           8280  javax.swing.JLayeredPane (java.desktop@11.0.9.1)
 987:            22           8272  com.intellij.util.ui.components.BorderLayoutPanel
 988:           258           8256  com.intellij.concurrency.ConcurrentHashMap$Node
 989:           344           8256  com.intellij.patterns.ObjectPattern$3
 990:           344           8256  java.text.EntryPair (java.base@11.0.9.1)
 991:           257           8224  org.apache.xerces.impl.xs.XSModelGroupImpl
 992:           310           8216  [Lcom.intellij.openapi.actionSystem.Shortcut;
 993:           128           8192  kotlin.reflect.jvm.internal.KProperty1Impl
 994:           340           8160  com.intellij.codeInspection.dataFlow.CommonDataflow$DataflowPoint
 995:           255           8160  com.intellij.psi.impl.source.PsiModifierListImpl$ModifierCache
 996:           254           8128  java.util.zip.ZipFile$CleanableResource (java.base@11.0.9.1)
 997:            26           8112  java.util.concurrent.ForkJoinPool$WorkQueue (java.base@11.0.9.1)
 998:           338           8112  kotlin.reflect.jvm.internal.impl.storage.LockBasedStorageManager$LockBasedNotNullLazyValue
 999:           168           8064  com.intellij.notification.NotificationGroup
1000:            21           8064  com.intellij.openapi.ui.LoadingDecorator$LoadingLayer
1001:            72           8064  com.intellij.ui.tabs.TabInfo
1002:           252           8064  com.intellij.util.concurrency.BoundedTaskExecutor$1
1003:            21           8064  com.intellij.util.ui.AsyncProcessIcon$Big
1004:           336           8064  com.intellij.workspaceModel.storage.impl.EntityId
1005:           144           8064  in.oneton.idea.spring.assistant.plugin.suggestion.metadata.json.SpringConfigurationMetadataProperty
1006:           504           8064  org.jetbrains.plugins.textmate.language.preferences.TextMateBracePair
1007:           502           8032  com.intellij.openapi.extensions.ExtensionPointName
1008:           498           7968  com.intellij.ide.HelpTooltip$1
1009:           497           7952  com.intellij.ide.HelpTooltip$2
1010:           124           7936  com.intellij.ui.components.JBScrollPane$Layout
1011:           248           7936  com.intellij.util.xml.JavaMethod
1012:           248           7936  kotlin.reflect.jvm.internal.impl.serialization.deserialization.MemberDeserializer$getPropertyFieldAnnotations$1
1013:           198           7920  com.intellij.ui.tree.StructureTreeModel$Node
1014:            19           7904  sun.swing.table.DefaultTableCellHeaderRenderer (java.desktop@11.0.9.1)
1015:           256           7896  [Lorg.apache.xerces.impl.xs.XSParticleDecl;
1016:           288           7872  [Ljavax.swing.SizeRequirements; (java.desktop@11.0.9.1)
1017:           164           7872  com.intellij.openapi.editor.impl.RangeHighlighterTree
1018:            41           7872  com.intellij.openapi.editor.impl.SettingsImpl
1019:           326           7824  kotlin.reflect.jvm.internal.KMutableProperty1Impl$_setter$1
1020:           163           7824  sun.java2d.loops.ScaledBlit (java.desktop@11.0.9.1)
1021:           325           7800  com.intellij.execution.target.value.DeferredTargetValue
1022:           325           7800  com.intellij.openapi.projectRoots.JdkCommandLineSetup$Upload
1023:           325           7800  com.intellij.openapi.util.LowMemoryWatcher
1024:           446           7792  [Lsun.reflect.generics.tree.FormalTypeParameter; (java.base@11.0.9.1)
1025:            18           7776  com.intellij.xdebugger.impl.ui.tree.XDebuggerTreeRenderer
1026:           485           7760  com.intellij.openapi.actionSystem.impl.ActionButton$$Lambda$1422/0x0000000801084840
1027:           323           7752  com.intellij.util.xml.JavaMethodSignature
1028:           323           7752  java.awt.datatransfer.MimeType (java.datatransfer@11.0.9.1)
1029:            13           7736  [Ljava.lang.ref.Reference; (java.base@11.0.9.1)
1030:           161           7728  com.intellij.util.containers.ConcurrentSoftHashMap$SoftKey
1031:            80           7680  java.util.jar.JarFile$JarFileEntry (java.base@11.0.9.1)
1032:           137           7672  com.apple.laf.AquaScrollPaneUI (java.desktop@11.0.9.1)
1033:           137           7672  com.intellij.ide.navigationToolbar.NavBarPanel$1
1034:            19           7664  [Ljava.util.List; (java.base@11.0.9.1)
1035:           479           7664  com.intellij.util.containers.ContainerUtil$ImmutableListBackedByArray
1036:            18           7632  [Lcom.sun.org.apache.xerces.internal.util.SymbolTable$Entry; (java.xml@11.0.9.1)
1037:           223           7624  [Lsun.security.x509.RDN; (java.base@11.0.9.1)
1038:            19           7600  com.intellij.openapi.ui.Splitter
1039:           475           7600  java.util.regex.Pattern$$Lambda$3/0x0000000800065c40 (java.base@11.0.9.1)
1040:           158           7584  com.intellij.notification.impl.NotificationGroupEP
1041:            21           7560  com.intellij.openapi.ui.LoadingDecorator$MyLayeredPane
1042:           189           7560  kotlin.reflect.jvm.internal.impl.metadata.ProtoBuf$EnumEntry
1043:           236           7552  org.jetbrains.plugins.groovy.lang.lexer.GroovyElementType
1044:           188           7520  com.intellij.psi.impl.smartPointers.SmartPointerTracker$PointerReference
1045:           235           7520  java.util.LinkedHashMap$LinkedKeyIterator (java.base@11.0.9.1)
1046:            72           7488  com.intellij.ide.projectView.impl.nodes.PsiDirectoryNode
1047:           468           7488  com.intellij.psi.impl.source.PsiImmediateClassType$1
1048:           117           7488  com.intellij.util.SingleAlarm
1049:            18           7488  com.intellij.xdebugger.impl.frame.XDebuggerFramesList$XDebuggerFrameListRenderer
1050:           311           7464  com.intellij.psi.impl.source.tree.java.PsiTypeParameterListImpl
1051:           233           7456  org.jetbrains.kotlin.diagnostics.DiagnosticFactory1
1052:            19           7448  com.intellij.execution.ui.layout.impl.JBRunnerTabs$1
1053:           309           7416  com.intellij.build.BuildTreeConsoleView$ConsoleViewHandler$$Lambda$5814/0x0000000802a41840
1054:           309           7416  org.apache.batik.css.engine.value.StringValue
1055:           132           7392  com.intellij.util.containers.ConcurrentSoftKeySoftValueHashMap$SoftKey
1056:           308           7392  java.util.concurrent.CopyOnWriteArrayList (java.base@11.0.9.1)
1057:           230           7360  com.sun.xml.bind.v2.util.QNameMap$Entry
1058:            18           7344  com.intellij.xdebugger.impl.ui.tree.XDebuggerTreeRenderer$MyColoredTreeCellRenderer
1059:            38           7336  [Lcom.google.common.collect.ImmutableMapEntry;
1060:           305           7320  com.intellij.util.ui.MyScaler
1061:            19           7296  com.intellij.execution.ui.layout.impl.GridImpl
1062:           228           7296  com.intellij.openapi.editor.impl.DocumentImpl$RMTreeReference
1063:           228           7296  com.intellij.xml.util.documentation.HtmlTagDescriptor
1064:           130           7280  com.intellij.psi.impl.source.javadoc.PsiDocMethodOrFieldRef
1065:            91           7280  java.net.URI (java.base@11.0.9.1)
1066:            26           7280  java.util.concurrent.ConcurrentHashMap$CounterCell (java.base@11.0.9.1)
1067:           101           7272  it.unimi.dsi.fastutil.objects.Object2LongOpenHashMap
1068:           227           7264  com.intellij.psi.impl.source.FileTrees
1069:           227           7264  javax.swing.plaf.ColorUIResource (java.desktop@11.0.9.1)
1070:             3           7240  [Ljava.lang.Character$UnicodeScript; (java.base@11.0.9.1)
1071:            18           7200  com.intellij.openapi.wm.impl.InternalDecorator$1
1072:           225           7200  java.awt.Toolkit$SelectiveAWTEventListener (java.desktop@11.0.9.1)
1073:           128           7168  com.intellij.util.io.keyStorage.AppendableStorageBackedByResizableMappedFile
1074:           179           7160  com.intellij.execution.ui.layout.impl.ViewImpl
1075:           149           7152  com.intellij.ide.ReopenProjectAction
1076:           297           7128  com.android.repository.api.UpdatablePackage
1077:           296           7104  sun.reflect.generics.tree.ClassSignature (java.base@11.0.9.1)
1078:            18           7056  com.intellij.concurrency.IdeaForkJoinWorkerThreadFactory$1
1079:           147           7056  com.intellij.openapi.roots.impl.DirectoryInfoImpl
1080:            80           7040  com.sun.xml.bind.v2.runtime.ClassBeanInfoImpl
1081:           292           7008  com.intellij.psi.PsiArrayType
1082:           125           7000  com.intellij.psi.DummyHolderViewProvider
1083:           290           6960  com.intellij.openapi.vfs.impl.local.WatchRootsManager$WatchRequestImpl
1084:           217           6944  java.util.logging.LogManager$LogNode (java.logging@11.0.9.1)
1085:           289           6936  com.intellij.psi.impl.source.PsiParameterListImpl
1086:           288           6912  com.intellij.openapi.editor.colors.TextAttributesKey
1087:           288           6912  com.intellij.patterns.PsiJavaElementPattern$Capture
1088:           288           6912  com.intellij.ui.components.ScrollBarPainter$Track
1089:            18           6912  com.intellij.ui.table.JBTable$JBTableHeader
1090:           172           6880  javax.swing.BoxLayout (java.desktop@11.0.9.1)
1091:           296           6864  [Lsun.reflect.generics.tree.ClassTypeSignature; (java.base@11.0.9.1)
1092:           286           6864  com.google.common.collect.ImmutableMapEntry$NonTerminalImmutableMapEntry
1093:           214           6848  java.util.concurrent.FutureTask (java.base@11.0.9.1)
1094:           284           6816  java.util.zip.ZipFile$Source$Key (java.base@11.0.9.1)
1095:           425           6800  sun.java2d.StateTrackableDelegate$1 (java.desktop@11.0.9.1)
1096:            16           6784  com.intellij.openapi.wm.impl.content.TabContentLayout$2
1097:           121           6776  sun.security.util.MemoryCache$SoftCacheEntry (java.base@11.0.9.1)
1098:           141           6768  com.intellij.psi.impl.source.CharTableImpl$StringHashToCharSequencesMap
1099:           421           6736  com.intellij.openapi.actionSystem.impl.ToolbarUpdater$MyKeymapManagerListener
1100:           421           6736  com.intellij.openapi.actionSystem.impl.ToolbarUpdater$MyTimerListener
1101:           421           6736  com.intellij.openapi.actionSystem.impl.WeakTimerListener
1102:            84           6720  com.google.common.cache.LocalCache$Segment
1103:           280           6720  com.intellij.util.lang.ClasspathCache$NameFilter
1104:           140           6720  com.sun.org.apache.xerces.internal.util.XMLAttributesImpl$Attribute (java.xml@11.0.9.1)
1105:            70           6720  sun.font.CStrike (java.desktop@11.0.9.1)
1106:           167           6680  kotlin.reflect.jvm.internal.pcollections.IntTree
1107:           278           6672  com.intellij.util.ui.StatusText$Column
1108:           104           6656  java.util.zip.Inflater (java.base@11.0.9.1)
1109:            21           6640  [Lcom.intellij.ui.svg.ImageValue;
1110:           166           6640  javax.swing.text.html.parser.AttributeList (java.desktop@11.0.9.1)
1111:           138           6624  com.intellij.debugger.ui.tree.render.CompoundReferenceRenderer
1112:            18           6624  com.intellij.openapi.wm.impl.InternalDecorator
1113:           414           6624  com.intellij.psi.impl.ScopedClassHierarchy$$Lambda$3442/0x000000080208f840
1114:            69           6624  com.intellij.util.io.PersistentHashMap
1115:            14           6608  com.intellij.util.ui.ButtonlessScrollBarUI$EmptyButton
1116:           137           6576  com.intellij.testFramework.LightVirtualFile
1117:           204           6528  com.intellij.psi.impl.source.resolve.reference.ProviderBinding$ProviderInfo
1118:           272           6528  java.util.Date (java.base@11.0.9.1)
1119:           203           6496  net.miginfocom.layout.ResizeConstraint
1120:           270           6480  com.intellij.codeInsight.completion.impl.CompletionSorterImpl$1
1121:            18           6480  com.sun.org.apache.xerces.internal.impl.XMLNSDocumentScannerImpl (java.xml@11.0.9.1)
1122:           162           6480  com.sun.xml.bind.v2.model.impl.RuntimeTypeRefImpl
1123:           269           6456  com.intellij.psi.impl.compiled.ClsAnnotationImpl$1
1124:           269           6456  com.intellij.psi.impl.compiled.ClsAnnotationImpl$2
1125:            73           6424  com.intellij.ide.projectView.impl.nodes.NamedLibraryElementNode
1126:            89           6408  com.intellij.concurrency.ConcurrentHashMap
1127:            16           6400  com.intellij.openapi.editor.impl.EditorMarkupModelImpl$StatusButton$3
1128:            80           6400  com.sun.xml.bind.v2.model.impl.RuntimeClassInfoImpl
1129:            17           6392  com.intellij.openapi.editor.impl.EditorMarkupModelImpl$StatusButton
1130:            92           6376  [Lorg.apache.xerces.util.SymbolHash$Entry;
1131:           265           6360  org.jetbrains.plugins.textmate.language.syntax.SyntaxRootProxyDescriptor
1132:            18           6336  com.intellij.openapi.wm.impl.content.ToolWindowContentUi$TabPanel
1133:           263           6312  kotlin.reflect.jvm.internal.KMutableProperty1Impl$_setter$1
1134:           157           6280  com.intellij.util.xmlb.CollectionBinding
1135:            98           6272  javax.swing.DefaultListSelectionModel (java.desktop@11.0.9.1)
1136:            34           6256  com.intellij.ui.tree.ui.DefaultTreeUI
1137:            10           6240  com.intellij.execution.ui.layout.impl.JBRunnerTabs
1138:            60           6240  jdk.nio.zipfs.ZipFileSystem (jdk.zipfs@11.0.9.1)
1139:            41           6232  com.intellij.openapi.editor.impl.EditorMarkupModelImpl
1140:           129           6192  com.intellij.util.ui.update.MergingUpdateQueue
1141:           129           6192  it.unimi.dsi.fastutil.objects.ObjectOpenCustomHashSet
1142:            86           6192  sun.nio.ch.FileChannelImpl (java.base@11.0.9.1)
1143:           386           6176  com.fasterxml.jackson.databind.introspect.AnnotationMap
1144:           257           6168  com.intellij.openapi.extensions.impl.ExtensionPointImpl$$Lambda$625/0x000000080076c440
1145:            59           6136  java.io.ObjectStreamClass (java.base@11.0.9.1)
1146:           255           6120  com.intellij.psi.impl.source.PsiReferenceListImpl
1147:            15           6120  com.intellij.ui.OnePixelSplitter
1148:           255           6120  javax.swing.text.html.parser.Entity (java.desktop@11.0.9.1)
1149:           191           6112  com.intellij.util.containers.LimitedPool
1150:           382           6112  java.util.WeakHashMap$KeySet (java.base@11.0.9.1)
1151:           382           6112  org.jetbrains.concurrency.DonePromise
1152:            95           6080  com.intellij.openapi.ui.JBPopupMenu$MyLayout
1153:           152           6080  com.intellij.psi.impl.java.stubs.impl.PsiTypeParameterStubImpl
1154:            76           6080  sun.net.www.protocol.jar.URLJarFile (java.base@11.0.9.1)
1155:           253           6072  com.intellij.completion.ml.sorting.ElementFeatures
1156:           377           6032  com.intellij.openapi.actionSystem.CustomShortcutSet
1157:           377           6032  com.intellij.psi.impl.PsiSuperMethodImplUtil$1
1158:            58           6032  com.intellij.ui.plaf.beg.BegMenuItemUI
1159:           251           6024  java.util.regex.Pattern$CharPropertyGreedy (java.base@11.0.9.1)
1160:           188           6016  com.intellij.openapi.vfs.newvfs.impl.VfsData$Segment
1161:            16           6016  javax.swing.JScrollPane$ScrollBar (java.desktop@11.0.9.1)
1162:           376           6016  kotlin.reflect.jvm.internal.impl.serialization.deserialization.descriptors.NonEmptyDeserializedAnnotations
1163:           125           6000  org.jetbrains.idea.maven.model.MavenArtifactNode
1164:           250           6000  sun.security.util.DisabledAlgorithmConstraints$DisabledConstraint (java.base@11.0.9.1)
1165:           107           5992  sun.security.x509.X509CertInfo (java.base@11.0.9.1)
1166:            93           5952  com.intellij.openapi.editor.impl.FoldingModelImpl$MyMarkerTree$1
1167:            93           5952  io.netty.buffer.PoolSubpage
1168:           248           5952  kotlin.reflect.jvm.internal.impl.protobuf.SmallSortedMap$Entry
1169:           185           5920  com.intellij.ide.plugins.PluginDependency
1170:           185           5920  com.intellij.lang.impl.TokenSequence
1171:           185           5920  com.intellij.serialization.stateProperties.IntStoredProperty
1172:           148           5920  java.lang.invoke.DirectMethodHandle$Interface (java.base@11.0.9.1)
1173:           246           5904  com.intellij.openapi.command.impl.NonUndoableAction
1174:           245           5880  com.intellij.debugger.ui.tree.render.BasicRendererProperties
1175:            15           5880  com.intellij.openapi.actionSystem.impl.ActionButton
1176:           147           5880  sun.reflect.generics.repository.MethodRepository (java.base@11.0.9.1)
1177:            12           5856  com.intellij.ide.ui.laf.darcula.ui.DarculaComboBoxUI$1
1178:           244           5856  com.intellij.ui.AnimatedIcon$$Lambda$2910/0x0000000801c32840
1179:           243           5832  com.android.sdklib.repository.generated.common.v1.IdDisplayType
1180:           243           5832  com.sun.org.apache.xerces.internal.util.SymbolTable$Entry (java.xml@11.0.9.1)
1181:           241           5784  com.sun.istack.FinalArrayList
1182:           103           5768  com.intellij.util.indexing.impl.storage.VfsAwareMapIndexStorage
1183:           239           5736  java.security.Provider$UString (java.base@11.0.9.1)
1184:            40           5728  [Lcom.intellij.psi.PsiElement;
1185:           143           5720  kotlin.reflect.jvm.internal.impl.types.SimpleTypeImpl
1186:             1           5696  [Lcom.intellij.codeInspection.LocalInspectionEP;
1187:           356           5696  com.intellij.psi.impl.source.PsiJavaFileBaseImpl$$Lambda$3454/0x000000080208c840
1188:           142           5680  com.intellij.workspaceModel.storage.bridgeEntities.LibraryEntity
1189:            71           5680  sun.font.CStrike$GlyphInfoCache (java.desktop@11.0.9.1)
1190:            37           5664  [Lcom.intellij.psi.controlFlow.Instruction;
1191:           236           5664  com.intellij.diagnostic.PerformanceWatcher$$Lambda$833/0x0000000800943040
1192:           177           5664  com.intellij.openapi.vfs.newvfs.impl.MapReference
1193:           354           5664  com.intellij.psi.impl.source.SubstrateRef$2
1194:            12           5664  com.intellij.ui.treeStructure.Tree
1195:            12           5664  javax.swing.plaf.basic.BasicComboBoxEditor$BorderlessTextField (java.desktop@11.0.9.1)
1196:           286           5656  [Lsun.reflect.generics.tree.FieldTypeSignature; (java.base@11.0.9.1)
1197:           308           5648  [Ljava.lang.reflect.TypeVariable; (java.base@11.0.9.1)
1198:           141           5640  org.jetbrains.kotlin.config.LanguageFeature
1199:            32           5632  [Lcom.intellij.concurrency.ConcurrentHashMap$Node;
1200:           176           5632  com.intellij.patterns.TreeElementPattern$4
1201:           234           5616  com.intellij.ui.paint.RectanglePainter2D$2$$Lambda$952/0x0000000800acbc40
1202:           234           5616  sun.swing.SwingUtilities2$$Lambda$705/0x0000000800834c40 (java.desktop@11.0.9.1)
1203:           350           5600  java.util.regex.Pattern$$Lambda$37/0x00000008000efc40 (java.base@11.0.9.1)
1204:           350           5600  java.util.regex.Pattern$BitClass$$Lambda$36/0x00000008000ef840 (java.base@11.0.9.1)
1205:           140           5600  kotlin.reflect.jvm.internal.pcollections.IntTree
1206:           232           5568  com.intellij.codeInsight.daemon.impl.TextEditorHighlightingPassRegistrarImpl$PassConfig
1207:            87           5568  kotlin.reflect.jvm.internal.KProperty1Impl
1208:           346           5536  org.intellij.plugins.intelliLang.references.InjectedReferencesContributor$$Lambda$2222/0x000000080175a440
1209:            13           5512  com.intellij.ui.components.JBLabel
1210:            86           5504  kotlin.reflect.jvm.internal.impl.metadata.ProtoBuf$TypeParameter
1211:            98           5488  java.net.SocketInputStream (java.base@11.0.9.1)
1212:            98           5488  java.net.SocketOutputStream (java.base@11.0.9.1)
1213:            12           5472  com.intellij.ide.ui.laf.darcula.ui.DarculaComboBoxUI$CustomComboPopup
1214:            68           5440  com.intellij.ui.tabs.impl.singleRow.SingleRowPassInfo
1215:           170           5440  com.intellij.util.ui.TimedDeadzone
1216:           170           5440  javax.swing.border.EmptyBorder (java.desktop@11.0.9.1)
1217:            85           5440  kotlin.reflect.jvm.internal.impl.metadata.ProtoBuf$TypeParameter
1218:            97           5408  [Ljava.awt.Color; (java.desktop@11.0.9.1)
1219:           143           5392  [Lkotlin.reflect.KProperty;
1220:           337           5392  com.sun.proxy.$Proxy38
1221:            14           5376  com.intellij.ui.BalloonImpl$CloseButton
1222:            61           5368  com.apple.laf.AquaMenuItemUI (java.desktop@11.0.9.1)
1223:           134           5360  kotlin.reflect.jvm.internal.KMutableProperty1Impl$Setter
1224:           134           5360  kotlin.reflect.jvm.internal.KProperty1Impl$Getter
1225:            74           5328  java.lang.invoke.BoundMethodHandle$Species_LLLLLLLIIL (java.base@11.0.9.1)
1226:            95           5320  com.intellij.psi.impl.source.tree.java.PsiIfStatementImpl
1227:            31           5296  [Lorg.apache.batik.css.engine.value.StringMap$Entry;
1228:           214           5280  [Lcom.intellij.psi.PsiClassType;
1229:            66           5280  java.lang.invoke.BoundMethodHandle$Species_LLLLLLLLLLLLL (java.base@11.0.9.1)
1230:           165           5280  java.net.InetAddress$InetAddressHolder (java.base@11.0.9.1)
1231:           165           5280  org.jetbrains.kotlin.cli.common.arguments.Freezable$NullableStringFreezableVar
1232:            14           5264  com.intellij.openapi.fileEditor.impl.EditorComposite$TopBottomPanel
1233:            14           5264  com.intellij.ui.BalloonImpl$MyComponent
1234:            14           5264  com.intellij.ui.components.JBPanel
1235:           219           5256  kotlin.SynchronizedLazyImpl
1236:           109           5232  com.intellij.psi.impl.file.PsiPackageImpl
1237:           109           5232  com.intellij.util.indexing.impl.MapIndexStorage$3
1238:            93           5208  com.intellij.openapi.editor.impl.FoldRegionImpl
1239:            13           5200  javax.swing.JScrollPane (java.desktop@11.0.9.1)
1240:           108           5184  com.intellij.application.options.editor.CheckboxDescriptor$asOptionDescriptor$1
1241:            72           5184  com.intellij.featureStatistics.FeatureDescriptor
1242:            81           5184  com.intellij.psi.impl.source.tree.java.PsiLocalVariableImpl
1243:           216           5184  com.sun.org.apache.xerces.internal.util.XMLStringBuffer (java.xml@11.0.9.1)
1244:           108           5184  com.sun.xml.bind.v2.runtime.LeafBeanInfoImpl
1245:           323           5168  java.awt.datatransfer.MimeTypeParameterList (java.datatransfer@11.0.9.1)
1246:           107           5136  sun.lwawt.macosx.CMenuItem (java.desktop@11.0.9.1)
1247:           320           5120  javax.swing.AbstractButton$Handler (java.desktop@11.0.9.1)
1248:           213           5112  com.android.tools.lint.detector.api.Implementation
1249:           213           5112  com.intellij.workspaceModel.storage.bridgeEntities.LibraryId
1250:           213           5112  com.intellij.workspaceModel.storage.bridgeEntities.LibraryRoot
1251:           319           5104  java.util.HashMap$Values (java.base@11.0.9.1)
1252:            12           5088  com.intellij.build.BuildTreeConsoleView$MyNodeRenderer
1253:           159           5088  com.intellij.openapi.util.registry.RegistryKeyBean
1254:           212           5088  com.intellij.ui.tree.Reference
1255:           127           5080  com.intellij.openapi.editor.colors.impl.FontPreferencesImpl
1256:           211           5064  com.android.repository.impl.generated.v1.DependencyType
1257:           316           5056  com.intellij.psi.impl.source.resolve.JavaResolveCache$$Lambda$3570/0x000000080214cc40
1258:           158           5056  com.sun.org.apache.xerces.internal.util.AugmentationsImpl$SmallContainer (java.xml@11.0.9.1)
1259:            14           5040  com.intellij.openapi.editor.toolbar.floating.FloatingToolbarComponentImpl
1260:           210           5040  com.intellij.psi.impl.PsiSubstitutorImpl
1261:           126           5040  com.intellij.ui.InplaceButton$1
1262:           126           5040  net.miginfocom.layout.Grid$LinkedDimGroup
1263:           157           5024  com.intellij.openapi.util.registry.RegistryKeyDescriptor
1264:            11           5016  com.intellij.build.BuildTextConsoleView
1265:           209           5016  com.intellij.util.io.IntToIntBtree$BtreeRootNode
1266:           209           5016  com.intellij.util.io.PersistentEnumeratorBase$Version
1267:           156           4992  com.intellij.util.containers.WeakKeyWeakValueHashMap$WeakValueReference
1268:           156           4992  io.netty.buffer.PoolThreadCache$SubPageMemoryRegionCache
1269:            13           4992  javax.swing.JViewport (java.desktop@11.0.9.1)
1270:            12           4992  javax.swing.plaf.basic.BasicComboPopup$1 (java.desktop@11.0.9.1)
1271:            78           4992  net.miginfocom.layout.Grid$CompWrap
1272:           207           4968  [Lcom.intellij.openapi.components.Storage;
1273:             4           4968  [Ljava.awt.Font; (java.desktop@11.0.9.1)
1274:           207           4968  com.intellij.openapi.actionSystem.AnAction$$Lambda$832/0x0000000800943840
1275:           310           4960  com.intellij.ui.LayeredIcon$$Lambda$984/0x00000008007a6c40
1276:           124           4960  com.intellij.ui.tree.AsyncTreeModel$Node
1277:             3           4944  [Lorg.apache.xerces.util.SymbolTable$Entry;
1278:           103           4944  com.intellij.psi.impl.java.stubs.impl.PsiImportStatementStubImpl
1279:           103           4944  sun.awt.image.ToolkitImage (java.desktop@11.0.9.1)
1280:            88           4928  com.intellij.ui.tabs.impl.JBTabsImpl$5
1281:            88           4928  com.intellij.ui.tabs.layout.singleRowLayout.ScrollableSingleRowLayout
1282:           153           4896  com.intellij.openapi.actionSystem.impl.ActionToolbarImpl$ToolbarReference
1283:           153           4896  com.intellij.patterns.compiler.PatternCompilerImpl$LazyPresentablePattern
1284:             9           4896  com.intellij.xdebugger.memory.ui.ClassesTable
1285:            47           4888  net.miginfocom.layout.Grid
1286:           122           4880  com.android.flags.Flag
1287:           122           4880  com.intellij.ide.fileTemplates.impl.BundledFileTemplate
1288:           122           4880  com.intellij.ide.fileTemplates.impl.DefaultTemplate
1289:           203           4872  com.intellij.util.concurrency.BoundedScheduledExecutorService
1290:           304           4864  java.util.regex.Pattern$BranchConn (java.base@11.0.9.1)
1291:           201           4824  com.sun.xml.bind.v2.model.impl.RuntimeClassInfoImpl$RuntimePropertySeed
1292:            86           4816  com.intellij.psi.impl.source.tree.java.ImportStatementElement
1293:           200           4800  com.intellij.patterns.PsiParameterPattern
1294:           150           4800  sun.reflect.generics.tree.MethodTypeSignature (java.base@11.0.9.1)
1295:            46           4784  com.intellij.ui.mac.touchbar.TBItemAnActionButton
1296:           119           4760  java.util.zip.ZipFile (java.base@11.0.9.1)
1297:            85           4760  javax.swing.TransferHandler$SwingDropTarget (java.desktop@11.0.9.1)
1298:           297           4752  com.android.repository.impl.generated.v1.ArchivesType
1299:           297           4752  com.android.repository.impl.generated.v1.ChannelRefType
1300:           297           4752  com.android.repository.impl.generated.v1.LicenseRefType
1301:           198           4752  com.google.wireless.android.sdk.stats.AndroidStudioEvent$EventKind
1302:            66           4752  it.unimi.dsi.fastutil.ints.Int2DoubleOpenHashMap
1303:            10           4720  javax.swing.JCheckBox (java.desktop@11.0.9.1)
1304:           118           4720  kotlin.reflect.jvm.internal.impl.types.KotlinTypeFactory$simpleType$1
1305:           118           4720  sun.font.FontStrikeDesc (java.desktop@11.0.9.1)
1306:           115           4648  [Lorg.apache.xerces.impl.xs.XSElementDecl;
1307:            10           4640  com.intellij.openapi.wm.impl.content.ContentTabLabel
1308:            12           4608  com.intellij.build.BuildProgressStripe
1309:           144           4608  com.intellij.codeInsight.completion.BaseCompletionService$1
1310:           288           4608  com.intellij.ui.components.DefaultScrollBarUI$$Lambda$854/0x00000008009af040
1311:           288           4608  com.intellij.ui.components.DefaultScrollBarUI$$Lambda$856/0x00000008009ae840
1312:            72           4608  com.intellij.ui.tabs.impl.ActionPanel$1
1313:            72           4608  com.intellij.ui.tabs.impl.TabLabel$MyTabLabelLayout
1314:             9           4608  com.intellij.xdebugger.impl.ui.tree.XDebuggerTree
1315:           192           4608  com.sun.xml.bind.v2.model.impl.FieldPropertySeed
1316:           192           4608  com.sun.xml.bind.v2.runtime.reflect.Accessor$FieldReflection
1317:           144           4608  in.oneton.idea.spring.assistant.plugin.suggestion.metadata.MetadataPropertySuggestionNode
1318:            96           4608  sun.font.StrikeCache$SoftDisposerRef (java.desktop@11.0.9.1)
1319:            41           4592  com.intellij.openapi.editor.impl.view.EditorView
1320:           191           4584  java.util.Collections$SynchronizedSet (java.base@11.0.9.1)
1321:           143           4576  com.intellij.ui.PopupHandler$2
1322:            57           4560  com.intellij.openapi.actionSystem.ActionGroupStub
1323:           190           4560  com.intellij.util.io.PersistentHashMap$2
1324:            57           4560  java.lang.invoke.BoundMethodHandle$Species_LLLLLLLLLLIIL (java.base@11.0.9.1)
1325:           190           4560  java.lang.invoke.Invokers (java.base@11.0.9.1)
1326:           190           4560  sun.java2d.marlin.IntArrayCache$Reference (java.desktop@11.0.9.1)
1327:            71           4544  com.intellij.psi.impl.source.tree.java.PsiBinaryExpressionImpl
1328:            71           4544  org.jetbrains.idea.maven.model.MavenArtifact
1329:           284           4544  sun.nio.fs.UnixFileAttributes$UnixAsBasicFileAttributes (java.base@11.0.9.1)
1330:             9           4536  com.intellij.debugger.ui.impl.ThreadsDebuggerTree
1331:            81           4536  com.intellij.psi.impl.source.tree.java.PsiDeclarationStatementImpl
1332:             9           4536  com.intellij.ui.table.TableView
1333:           188           4512  com.sun.xml.bind.v2.runtime.unmarshaller.ChildLoader
1334:           188           4512  java.awt.Toolkit$ToolkitEventMulticaster (java.desktop@11.0.9.1)
1335:           281           4496  java.lang.Character$UnicodeBlock (java.base@11.0.9.1)
1336:           187           4488  com.intellij.patterns.ObjectPattern$4
1337:            11           4488  com.intellij.ui.ErrorLabel
1338:           140           4480  com.intellij.psi.impl.compiled.ClsTypeParameterImpl
1339:           140           4480  com.intellij.psi.impl.light.LightEmptyImplementsList
1340:            70           4480  com.intellij.psi.impl.source.resolve.reference.impl.providers.FilePathReferenceProvider$1
1341:            70           4480  it.unimi.dsi.fastutil.doubles.Double2ObjectOpenHashMap
1342:           140           4480  java.util.RegularEnumSet (java.base@11.0.9.1)
1343:            93           4464  java.awt.event.ActionEvent (java.desktop@11.0.9.1)
1344:           277           4432  com.intellij.psi.impl.PsiSuperMethodImplUtil$$Lambda$3505/0x00000008020f0c40
1345:            79           4424  com.intellij.openapi.fileTypes.impl.FileTypeBean
1346:            12           4416  com.intellij.build.BuildTreeConsoleView$ConsoleViewHandler$1
1347:            11           4400  com.intellij.ui.EngravedLabel
1348:           183           4392  com.intellij.util.io.PersistentHashMapValueStorage$CreationTimeOptions
1349:           182           4368  kotlin.reflect.jvm.internal.impl.serialization.deserialization.AnnotationDeserializer
1350:            39           4368  org.jetbrains.idea.maven.navigator.MavenProjectsStructure$PluginGoalNode
1351:           109           4360  kotlin.reflect.jvm.internal.impl.types.SimpleTypeImpl
1352:            34           4352  com.apple.laf.ScreenMenu (java.desktop@11.0.9.1)
1353:           113           4344  [Lcom.intellij.ide.util.treeView.TreeState$PathElement;
1354:            12           4320  com.intellij.ui.CaptionPanel
1355:           180           4320  com.intellij.util.containers.Stack
1356:           180           4320  com.sun.org.apache.xerces.internal.xni.XMLString (java.xml@11.0.9.1)
1357:            54           4320  net.miginfocom.layout.LC
1358:            11           4312  com.intellij.build.BuildView
1359:            77           4312  com.intellij.psi.impl.source.tree.java.PsiThrowStatementImpl
1360:           179           4296  kotlin.reflect.jvm.internal.impl.serialization.deserialization.MemberDeserializer
1361:           179           4296  kotlin.reflect.jvm.internal.impl.serialization.deserialization.TypeDeserializer$classifierDescriptors$1
1362:           179           4296  kotlin.reflect.jvm.internal.impl.serialization.deserialization.TypeDeserializer$typeAliasDescriptors$1
1363:           134           4288  net.miginfocom.layout.BoundSize
1364:            89           4272  sun.security.rsa.RSAPublicKeyImpl (java.base@11.0.9.1)
1365:           106           4240  com.intellij.openapi.vfs.impl.ArchiveHandler$EntryInfo
1366:            53           4240  com.intellij.uiDesigner.core.GridLayoutManager
1367:           106           4240  java.io.DataOutputStream (java.base@11.0.9.1)
1368:           106           4240  javax.swing.JToggleButton$ToggleButtonModel (java.desktop@11.0.9.1)
1369:           264           4224  com.intellij.openapi.ui.ShadowAction$1
1370:            88           4224  com.intellij.ui.tabs.impl.JBTabsImpl$6
1371:            88           4224  com.intellij.ui.tabs.impl.JBTabsImpl$SelectNextAction
1372:            88           4224  com.intellij.ui.tabs.impl.JBTabsImpl$SelectPreviousAction
1373:            88           4224  com.intellij.ui.tabs.impl.singleRow.ScrollableSingleRowLayout
1374:            88           4224  javax.swing.text.html.parser.Element (java.desktop@11.0.9.1)
1375:            88           4224  sun.java2d.loops.MaskBlit (java.desktop@11.0.9.1)
1376:            75           4200  java.util.logging.Logger (java.logging@11.0.9.1)
1377:           131           4192  java.io.ObjectStreamClass$WeakClassKey (java.base@11.0.9.1)
1378:           262           4192  javax.swing.JScrollBar$ModelListener (java.desktop@11.0.9.1)
1379:            87           4176  com.intellij.ui.popup.MovablePopup
1380:           104           4160  com.intellij.util.indexing.IndexingStamp$IndexVersion
1381:           130           4160  com.intellij.util.messages.Topic
1382:           130           4160  in.oneton.idea.spring.assistant.plugin.suggestion.metadata.MetadataContainerInfo
1383:            65           4160  javax.swing.table.TableColumn (java.desktop@11.0.9.1)
1384:           130           4160  org.jetbrains.mvstore.Page$PageReference
1385:            65           4160  sun.security.ssl.SSLExtension (java.base@11.0.9.1)
1386:            11           4136  com.intellij.ui.TitlePanel
1387:           257           4112  javax.swing.LayoutComparator (java.desktop@11.0.9.1)
1388:           171           4104  com.fasterxml.jackson.databind.introspect.MemberKey
1389:           171           4104  kotlin.reflect.jvm.internal.impl.storage.LockBasedStorageManager$MapBasedMemoizedFunction
1390:           256           4096  com.sun.proxy.$Proxy9
1391:           256           4096  java.lang.Byte (java.base@11.0.9.1)
1392:           256           4096  java.lang.Short (java.base@11.0.9.1)
1393:            10           4080  com.intellij.openapi.ui.ComboBox
1394:           170           4080  com.intellij.util.ui.BaseButtonBehavior$MyMouseListener
1395:           170           4080  org.jetbrains.kotlin.idea.KotlinBundle$lazyMessage$1
1396:           169           4056  com.intellij.openapi.extensions.impl.ExtensionPointImpl$4
1397:            11           4048  com.intellij.ui.SeparatorWithText
1398:           101           4040  com.intellij.serialization.stateProperties.LongStoredProperty
1399:             7           4032  com.github.benmanes.caffeine.cache.MpscGrowableArrayQueue
1400:           252           4032  com.intellij.openapi.actionSystem.AnAction$$Lambda$844/0x0000000800976840
1401:           168           4032  com.intellij.patterns.PsiNamePatternCondition
1402:            72           4032  com.intellij.ui.tabs.impl.JBTabsImpl$AccessibleTabPage
1403:             9           4032  javax.swing.tree.DefaultTreeCellRenderer (java.desktop@11.0.9.1)
1404:           126           4032  kotlin.reflect.jvm.internal.impl.serialization.deserialization.MemberDeserializer$getAnnotations$1
1405:           167           4008  com.github.benmanes.caffeine.cache.FS
1406:           100           4000  com.jetbrains.jdi.SDE$LineTableRecord
1407:           100           4000  com.sun.tools.jdi.SDE$LineTableRecord (jdk.jdi@11.0.9.1)
1408:            71           3976  com.intellij.workspaceModel.ide.impl.legacyBridge.library.LibraryBridgeImpl
1409:           124           3968  com.intellij.ui.components.JBScrollPane$JBMouseWheelListener
1410:           124           3968  java.util.concurrent.atomic.LongAdder (java.base@11.0.9.1)
1411:            11           3960  com.intellij.ui.GroupedElementsRenderer$List$1
1412:            11           3960  com.intellij.ui.GroupedElementsRenderer$MyComponent
1413:             9           3960  com.intellij.xdebugger.impl.frame.XDebuggerFramesList
1414:           165           3960  org.jetbrains.plugins.textmate.language.preferences.TextMateShellVariable
1415:            19           3952  org.jetbrains.kotlin.renderer.DescriptorRendererOptionsImpl
1416:            19           3952  sun.java2d.marlin.DRenderer (java.desktop@11.0.9.1)
1417:            19           3952  sun.java2d.marlin.DStroker (java.desktop@11.0.9.1)
1418:           164           3936  com.intellij.execution.impl.EditorHyperlinkSupport$HyperlinkInfoTextAttributes
1419:            41           3936  com.intellij.openapi.editor.impl.CaretImpl
1420:            82           3936  com.intellij.openapi.editor.impl.ErrorStripeRangeMarkerTree
1421:            82           3936  com.intellij.openapi.editor.impl.FoldRegionsTree$CachedData
1422:            41           3936  com.intellij.openapi.editor.impl.view.EditorSizeManager
1423:            82           3936  com.intellij.psi.SingleRootFileViewProvider
1424:           246           3936  com.intellij.ui.components.Interpolator$TimerListener
1425:           246           3936  com.intellij.ui.components.JBScrollBar$$Lambda$859/0x00000008009ae440
1426:           246           3936  com.intellij.ui.components.JBScrollBar$$Lambda$860/0x00000008009ad840
1427:            35           3920  com.intellij.ide.ui.laf.darcula.ui.TextFieldWithPopupHandlerUI$MouseDragAwareCaret
1428:            98           3920  com.intellij.psi.impl.TypeCorrector$CorrectedResolveResult
1429:            98           3920  javax.swing.DefaultBoundedRangeModel (java.desktop@11.0.9.1)
1430:           163           3912  com.intellij.psi.impl.PsiClassImplUtil$MemberCache
1431:           163           3912  java.awt.dnd.DropTargetContext (java.desktop@11.0.9.1)
1432:           122           3904  com.intellij.openapi.editor.IndentGuideDescriptor
1433:            61           3904  com.intellij.openapi.editor.impl.ErrorStripeRangeMarkerTree$Node
1434:           122           3904  java.io.DataInputStream (java.base@11.0.9.1)
1435:           162           3888  sun.reflect.generics.repository.FieldRepository (java.base@11.0.9.1)
1436:           161           3864  com.sun.xml.bind.v2.model.impl.ElementPropertyInfoImpl$1
1437:           241           3856  com.intellij.psi.controlFlow.ReadVariableInstruction
1438:           241           3856  com.sun.proxy.$Proxy5
1439:           241           3856  com.sun.proxy.$Proxy8
1440:            37           3848  net.miginfocom.layout.CC
1441:            10           3840  com.intellij.ui.popup.AbstractPopup$7
1442:            80           3840  com.sun.xml.bind.v2.runtime.unmarshaller.StructureLoader
1443:           120           3840  jdk.nio.zipfs.ZipPath (jdk.zipfs@11.0.9.1)
1444:           239           3824  sun.swing.SwingUtilities2$KeyArray (java.desktop@11.0.9.1)
1445:             9           3816  com.intellij.debugger.memory.ui.ClassesFilteredView
1446:           159           3816  com.intellij.patterns.XmlAttributeValuePattern
1447:             9           3816  com.intellij.ui.SimpleListCellRenderer$2
1448:           238           3808  com.intellij.psi.impl.source.PsiTypeElementImpl$$Lambda$3470/0x00000008020c8040
1449:            95           3800  java.security.cert.TrustAnchor (java.base@11.0.9.1)
1450:            79           3792  com.sun.xml.bind.v2.runtime.property.SingleElementNodeProperty
1451:            79           3792  java.util.concurrent.ThreadPoolExecutor$Worker (java.base@11.0.9.1)
1452:           118           3776  com.intellij.psi.impl.compiled.ClsReferenceParameterListImpl
1453:           118           3776  com.intellij.util.lang.IntObjectHashMap
1454:            59           3776  sun.font.CoreMetrics (java.desktop@11.0.9.1)
1455:           235           3760  com.intellij.util.messages.impl.MessageBusImpl$$Lambda$424/0x0000000800523040
1456:           235           3760  com.intellij.util.messages.impl.MessageBusImpl$MessagePublisher$$Lambda$428/0x0000000800522040
1457:             7           3752  org.jetbrains.kotlin.cli.common.arguments.K2JVMCompilerArguments
1458:           156           3744  com.ibm.icu.util.MeasureUnit
1459:           156           3744  com.intellij.codeInsight.BaseExternalAnnotationsManager$AnnotationData
1460:           234           3744  com.intellij.openapi.wm.impl.IdeGlassPaneImpl$$Lambda$1166/0x0000000800e27c40
1461:             9           3744  com.intellij.xdebugger.memory.ui.ClassesTable$MyDiffColumnRenderer
1462:            78           3744  java.awt.dnd.DropTarget (java.desktop@11.0.9.1)
1463:            78           3744  java.util.concurrent.ConcurrentHashMap$TreeNode (java.base@11.0.9.1)
1464:           156           3744  kotlin.reflect.jvm.internal.impl.utils.SmartSet
1465:            93           3720  com.intellij.codeInsight.completion.CompletionContributorEP
1466:             3           3712  [Ljava.util.Locale; (java.base@11.0.9.1)
1467:           116           3712  com.android.repository.impl.generated.v1.PatchType
1468:           116           3712  com.intellij.ui.SideBorder
1469:           154           3696  java.util.concurrent.locks.ReentrantReadWriteLock$Sync$HoldCounter (java.base@11.0.9.1)
1470:            10           3680  com.intellij.execution.ui.layout.impl.RunnerContentUi$MyComponent
1471:           115           3680  org.jetbrains.kotlin.diagnostics.DiagnosticFactory2
1472:             9           3672  com.intellij.debugger.ui.impl.DebuggerTreeRenderer
1473:           153           3672  com.intellij.openapi.actionSystem.impl.ActionToolbarImpl$7
1474:             9           3672  com.intellij.xdebugger.memory.ui.ClassesTable$MyClassColumnRenderer
1475:             9           3672  com.intellij.xdebugger.memory.ui.ClassesTable$MyCountColumnRenderer
1476:           153           3672  org.intellij.plugins.intelliLang.inject.config.InjectionPlace
1477:           229           3664  com.intellij.openapi.actionSystem.DataKey
1478:            76           3648  com.intellij.execution.ui.layout.impl.GridCellImpl
1479:            76           3648  com.intellij.execution.ui.layout.impl.GridImpl$Placeholder$1
1480:            38           3648  com.intellij.openapi.wm.impl.ToolWindowImpl
1481:           152           3648  com.intellij.psi.impl.source.ClassInnerStuffCache$$Lambda$3445/0x000000080208f440
1482:           114           3648  com.intellij.ui.layout.migLayout.patched.SwingComponentWrapper
1483:            65           3640  com.intellij.psi.impl.light.LightClassReference
1484:           151           3624  com.sun.jna.Pointer
1485:           113           3616  sun.awt.image.OffScreenImageSource (java.desktop@11.0.9.1)
1486:             9           3600  com.intellij.codeInsight.lookup.impl.LookupCellRenderer$MySimpleColoredComponent
1487:             9           3600  com.intellij.debugger.ui.overhead.OverheadView
1488:            50           3600  com.intellij.ide.RecentProjectMetaInfo
1489:           225           3600  com.intellij.openapi.actionSystem.AnAction$$Lambda$845/0x0000000800976c40
1490:            10           3600  com.intellij.psi.codeStyle.CommonCodeStyleSettings
1491:            75           3600  sun.nio.cs.UTF_8$Encoder (java.base@11.0.9.1)
1492:           149           3576  com.siyeh.ig.callMatcher.CallHandler
1493:            89           3560  com.intellij.openapi.fileEditor.impl.IdeDocumentHistoryImpl$PlaceInfo
1494:           148           3552  com.intellij.openapi.keymap.impl.WeakKeymapManagerListener
1495:           222           3552  com.sun.proxy.$Proxy15
1496:           148           3552  sun.reflect.generics.scope.MethodScope (java.base@11.0.9.1)
1497:           147           3528  com.intellij.ui.components.JBViewport$ResourceViewBorder
1498:           147           3528  org.apache.batik.css.engine.value.RGBColorValue
1499:           110           3520  com.android.sdklib.repository.generated.sysimg.v1.SysImgDetailsType
1500:           140           3504  [Lcom.intellij.openapi.editor.colors.TextAttributesKey;
1501:            73           3504  com.intellij.psi.stubs.SerializedStubTree
1502:           146           3504  com.intellij.ui.classFilter.ClassFilter
1503:           146           3504  com.intellij.util.EventDispatcher$$Lambda$355/0x0000000800444440
1504:            73           3504  org.jetbrains.idea.maven.plugins.api.MavenPluginDescriptor$Param
1505:           109           3488  sun.security.pkcs11.SunPKCS11$Descriptor (jdk.crypto.cryptoki@11.0.9.1)
1506:            87           3480  java.util.PropertyResourceBundle (java.base@11.0.9.1)
1507:           145           3480  org.jetbrains.kotlin.name.ClassId
1508:           102           3464  [Ljava.util.Map$Entry; (java.base@11.0.9.1)
1509:            36           3456  [Lcom.sun.org.apache.xerces.internal.xni.QName; (java.xml@11.0.9.1)
1510:           108           3456  com.intellij.application.options.editor.CheckboxDescriptor
1511:            54           3456  com.intellij.ui.layout.migLayout.patched.MigLayout
1512:           108           3456  com.sun.xml.bind.v2.util.QNameMap
1513:           216           3456  kotlin.reflect.jvm.internal.impl.protobuf.SmallSortedMap$EntrySet
1514:           144           3456  org.apache.batik.css.engine.value.FloatValue
1515:           108           3456  org.apache.xerces.impl.xs.models.XSAllCM
1516:           215           3440  com.sun.proxy.$Proxy14
1517:           215           3440  java.util.TreeMap$KeySet (java.base@11.0.9.1)
1518:           143           3432  com.intellij.openapi.updateSettings.impl.pluginsAdvertisement.PluginsAdvertiser$Plugin
1519:           143           3432  com.intellij.patterns.ObjectPattern$Capture
1520:           107           3424  com.intellij.util.xmlb.TagBinding
1521:           214           3424  java.util.Collections$UnmodifiableSet (java.base@11.0.9.1)
1522:           214           3424  javax.swing.JMenuItem$MenuItemFocusListener (java.desktop@11.0.9.1)
1523:            71           3408  com.intellij.workspaceModel.ide.impl.legacyBridge.library.LibraryStateSnapshot
1524:            71           3408  gnu.trove.TObjectIntHashMap
1525:           142           3408  java.lang.Character$UnicodeScript (java.base@11.0.9.1)
1526:           106           3392  com.intellij.internal.statistic.eventLog.EventLogGroup
1527:           106           3392  com.intellij.openapi.roots.impl.PackageDirectoryCache$PackageInfo
1528:             9           3384  com.intellij.debugger.ui.impl.ThreadsPanel
1529:           141           3384  com.intellij.openapi.fileTypes.ExtensionFileNameMatcher
1530:             9           3384  com.intellij.xdebugger.memory.ui.ClassesFilteredViewBase$FilterTextField
1531:           141           3384  kotlin.reflect.jvm.internal.impl.descriptors.annotations.AnnotationDescriptorImpl
1532:           211           3376  com.intellij.openapi.actionSystem.Presentation$$Lambda$735/0x00000008008c5840
1533:            70           3360  com.google.gson.internal.LinkedTreeMap
1534:            35           3360  com.intellij.codeInsight.daemon.impl.DaemonCodeAnalyzerImpl$MyDaemonProgressIndicator
1535:            84           3360  com.intellij.openapi.util.WindowStateServiceImpl$CachedState
1536:           210           3360  com.intellij.psi.impl.PsiSubstitutorImpl$SubstitutionVisitor
1537:            60           3360  jdk.nio.zipfs.ZipFileSystem$END (jdk.zipfs@11.0.9.1)
1538:           209           3344  com.intellij.util.io.PersistentBTreeEnumerator$RecordBufferHandler
1539:           139           3336  com.intellij.ui.scale.Scale
1540:           139           3336  com.intellij.util.ui.StatusText$1
1541:           139           3336  com.intellij.util.ui.StatusText$2
1542:             4           3328  com.intellij.psi.codeStyle.CodeStyleSettings
1543:             2           3312  [Lsun.java2d.loops.GraphicsPrimitive; (java.desktop@11.0.9.1)
1544:             9           3312  com.intellij.ui.SeparatorComponent
1545:           138           3312  com.intellij.ui.tree.AsyncTreeModel$CommandQueue
1546:            69           3312  kotlin.reflect.jvm.internal.impl.serialization.deserialization.DeserializationContext
1547:            69           3312  kotlin.reflect.jvm.internal.impl.serialization.deserialization.TypeDeserializer
1548:            59           3304  com.intellij.util.lang.ClassPath
1549:            59           3304  com.intellij.util.ui.AnimatedIcon$1
1550:           103           3296  com.intellij.internal.statistic.service.fus.collectors.CounterUsageCollectorEP
1551:           103           3296  com.intellij.util.indexing.impl.storage.TransientChangesIndexStorage
1552:           137           3288  com.apple.laf.AquaScrollPaneUI$XYMouseWheelHandler (java.desktop@11.0.9.1)
1553:           137           3288  com.intellij.ide.navigationToolbar.NavBarPanel$2
1554:           137           3288  kotlin.reflect.jvm.internal.impl.storage.LockBasedStorageManager$MapBasedMemoizedFunctionToNotNull
1555:            82           3280  com.intellij.openapi.editor.impl.EditorMarkupModelImpl$MarkupModelDelegateAction
1556:            82           3280  java.io.ObjectStreamClass$FieldReflectorKey (java.base@11.0.9.1)
1557:           136           3264  com.intellij.util.ui.StatusText$Fragment
1558:            51           3264  java.lang.module.ModuleDescriptor (java.base@11.0.9.1)
1559:            94           3256  [Lnet.miginfocom.layout.ResizeConstraint;
1560:           135           3240  com.intellij.ide.navigationToolbar.NavBarPanel$3
1561:           135           3240  com.intellij.ide.navigationToolbar.NavBarPanel$4
1562:           135           3240  com.intellij.openapi.editor.colors.ColorKey
1563:           135           3240  com.intellij.openapi.util.SimpleModificationTracker
1564:             9           3240  com.intellij.openapi.wm.impl.status.PresentationModeProgressPanel$1
1565:           202           3232  com.intellij.psi.impl.source.resolve.reference.ReferenceProvidersRegistry$$Lambda$3723/0x0000000802226c40
1566:           202           3232  java.util.ImmutableCollections$ListN (java.base@11.0.9.1)
1567:           101           3232  sun.security.x509.BasicConstraintsExtension (java.base@11.0.9.1)
1568:            67           3216  com.intellij.util.xmlb.MapBinding
1569:           134           3216  jdk.internal.module.ServicesCatalog$ServiceProvider (java.base@11.0.9.1)
1570:           134           3216  kotlin.reflect.jvm.internal.KPropertyImpl$Getter$caller$2
1571:           134           3216  kotlin.reflect.jvm.internal.KPropertyImpl$Getter$descriptor$2
1572:           134           3216  kotlin.reflect.jvm.internal.KPropertyImpl$Setter$caller$2
1573:           134           3216  kotlin.reflect.jvm.internal.KPropertyImpl$Setter$descriptor$2
1574:            50           3200  com.intellij.openapi.application.impl.NonBlockingReadActionImpl$Submission
1575:             8           3200  com.intellij.openapi.editor.impl.EditorMarkupModelImpl$2$1
1576:           100           3200  com.intellij.util.concurrency.Semaphore$Sync
1577:           100           3200  sun.security.x509.SubjectKeyIdentifierExtension (java.base@11.0.9.1)
1578:           133           3192  com.intellij.patterns.ObjectPattern$2
1579:           133           3192  com.intellij.util.messages.impl.JobQueue
1580:            57           3192  io.netty.channel.DefaultChannelHandlerContext
1581:           133           3192  kotlin.reflect.jvm.internal.pcollections.ConsPStack
1582:            36           3168  com.fasterxml.jackson.databind.ser.BeanPropertyWriter
1583:            99           3168  com.intellij.execution.target.TargetEnvironment$UploadRoot
1584:            99           3168  com.intellij.patterns.PsiParameterPattern$1
1585:           198           3168  com.intellij.psi.impl.source.ClassInnerStuffCache$$Lambda$3483/0x00000008020cdc40
1586:            99           3168  com.intellij.psi.impl.source.resolve.reference.impl.providers.FileReference
1587:             9           3168  com.intellij.uiDesigner.core.Spacer
1588:            66           3168  java.lang.invoke.BoundMethodHandle$SpeciesData (java.base@11.0.9.1)
1589:           132           3168  kotlin.reflect.jvm.internal.pcollections.MapEntry
1590:            79           3160  com.intellij.codeInspection.dataFlow.types.DfGenericObjectType
1591:            95           3152  [Lcom.siyeh.ig.callMatcher.CallMatcher;
1592:           131           3144  com.intellij.patterns.PsiClassPattern
1593:            98           3136  com.intellij.psi.impl.TypeCorrector$PsiCorrectedClassType
1594:            98           3136  java.lang.module.ModuleDescriptor$Requires (java.base@11.0.9.1)
1595:           130           3120  com.intellij.psi.impl.source.PsiImportStatementImpl
1596:            78           3120  com.intellij.util.containers.OpenTHashSet
1597:            65           3120  kotlin.reflect.jvm.internal.impl.descriptors.impl.ValueParameterDescriptorImpl
1598:            30           3120  kotlin.reflect.jvm.internal.impl.serialization.deserialization.descriptors.DeserializedClassDescriptor
1599:            78           3120  org.apache.xerces.impl.dv.ValidatedInfo
1600:            87           3080  [Lcom.intellij.openapi.actionSystem.AnAction;
1601:            55           3080  com.intellij.execution.lineMarker.LineMarkerActionWrapper
1602:            77           3080  com.intellij.psi.impl.smartPointers.AnchorElementInfo
1603:            55           3080  com.intellij.psi.impl.source.tree.java.FieldElement
1604:            55           3080  sun.font.StrikeMetrics (java.desktop@11.0.9.1)
1605:           128           3072  com.intellij.openapi.extensions.impl.ExtensionPointImpl$$Lambda$377/0x0000000800485c40
1606:            48           3072  com.intellij.openapi.vfs.impl.VirtualFilePointerContainerImpl
1607:             8           3072  com.intellij.openapi.wm.impl.Stripe
1608:           128           3072  com.intellij.patterns.PsiClassNamePatternCondition
1609:            96           3072  com.intellij.util.messages.ListenerDescriptor
1610:            64           3072  com.sun.jna.CallbackReference
1611:            64           3072  com.sun.xml.bind.v2.runtime.property.SingleElementLeafProperty
1612:           190           3040  com.intellij.openapi.actionSystem.Presentation$$Lambda$736/0x00000008008c5c40
1613:            95           3040  com.intellij.psi.impl.source.tree.injected.InjectionResult
1614:            95           3040  com.intellij.util.containers.WeakList
1615:           190           3040  com.intellij.util.io.PersistentBTreeEnumerator$RecordBufferHandler$$Lambda$568/0x0000000800637040
1616:           190           3040  com.intellij.util.io.PersistentHashMap$$Lambda$569/0x0000000800637440
1617:           190           3040  com.intellij.util.io.PersistentHashMap$$Lambda$570/0x0000000800636840
1618:           190           3040  com.intellij.util.io.PersistentHashMap$1
1619:           190           3040  com.intellij.util.io.PersistentHashMap$3
1620:            95           3040  com.intellij.xml.util.HTMLControls$Control
1621:            76           3040  java.util.logging.Logger$ConfigurationData (java.logging@11.0.9.1)
1622:            95           3040  sun.security.x509.KeyUsageExtension (java.base@11.0.9.1)
1623:            54           3024  com.intellij.psi.impl.source.tree.java.PsiBlockStatementImpl
1624:           126           3024  com.sun.xml.bind.v2.runtime.unmarshaller.XsiTypeLoader
1625:           126           3024  java.net.Inet4Address (java.base@11.0.9.1)
1626:           126           3024  java.util.AbstractMap$SimpleImmutableEntry (java.base@11.0.9.1)
1627:           189           3024  javax.swing.JViewport$ViewListener (java.desktop@11.0.9.1)
1628:            29           3016  com.intellij.ui.components.WideSelectionListUI
1629:             8           3008  com.intellij.openapi.wm.impl.status.TextPanel$WithIconAndArrows
1630:           188           3008  java.util.concurrent.atomic.AtomicIntegerArray (java.base@11.0.9.1)
1631:           125           3000  com.intellij.patterns.PsiMethodPattern$3
1632:           125           3000  java.util.ImmutableCollections$List12 (java.base@11.0.9.1)
1633:           125           3000  kotlin.reflect.jvm.internal.pcollections.ConsPStack
1634:            93           2976  com.intellij.openapi.WeakReferenceDisposableWrapper
1635:            93           2976  com.intellij.openapi.editor.impl.FrozenDocument
1636:           124           2976  com.intellij.ui.SimpleColoredText
1637:            93           2976  com.intellij.util.xmlb.BeanBinding
1638:           124           2976  kotlin.reflect.jvm.internal.pcollections.MapEntry
1639:            93           2976  sun.reflect.generics.reflectiveObjects.TypeVariableImpl (java.base@11.0.9.1)
1640:           185           2960  com.intellij.psi.impl.source.ClassInnerStuffCache$$Lambda$3211/0x0000000801e91c40
1641:            74           2960  it.unimi.dsi.fastutil.objects.Object2ObjectOpenHashMap$ValueIterator
1642:            41           2952  com.intellij.codeInsight.actions.ReaderModeActionProvider$createAction$1
1643:            41           2952  com.intellij.openapi.editor.impl.EditorImpl$MyColorSchemeDelegate
1644:           184           2944  com.android.repository.impl.generated.v1.DependenciesType
1645:           184           2944  com.intellij.psi.impl.ScopedClassHierarchy$$Lambda$3441/0x0000000802088c40
1646:            92           2944  com.intellij.psi.impl.smartPointers.SelfElementInfo
1647:           184           2944  com.sun.proxy.$Proxy152
1648:           184           2944  java.lang.ThreadLocal (java.base@11.0.9.1)
1649:            92           2944  org.apache.xerces.util.SymbolHash
1650:           122           2928  com.intellij.execution.console.CustomizableConsoleFoldingBean
1651:           183           2928  com.intellij.openapi.vfs.newvfs.impl.CachedFileType
1652:           122           2928  com.intellij.util.IntPair
1653:           183           2928  com.intellij.util.io.PersistentHashMap$$Lambda$571/0x0000000800636c40
1654:            73           2920  org.jetbrains.idea.maven.plugins.api.MavenPluginParamInfo$ParamInfo
1655:            91           2912  [Ljava.io.ObjectStreamField; (java.base@11.0.9.1)
1656:            14           2912  com.intellij.ui.BalloonImpl
1657:           121           2904  com.intellij.patterns.XmlTagPattern$Capture
1658:            90           2880  com.intellij.ui.scroll.LatchingScroll$MyScrollEvent
1659:           120           2880  java.util.regex.Pattern$Dollar (java.base@11.0.9.1)
1660:            72           2880  org.jetbrains.kotlin.idea.inspections.jdk2k.Replacement
1661:            51           2856  com.intellij.execution.process.AnsiTerminalEmulator
1662:           119           2856  com.intellij.serialization.stateProperties.ListStoredProperty
1663:            51           2856  com.intellij.ui.components.JBPanelWithEmptyText$1
1664:            71           2840  com.intellij.workspaceModel.storage.bridgeEntities.LibraryEntityData
1665:           118           2832  [Lcom.intellij.psi.impl.compiled.ClsTypeElementImpl;
1666:            59           2832  com.intellij.openapi.wm.impl.content.ToolWindowContentUi$2
1667:           118           2832  com.intellij.psi.impl.source.resolve.reference.PsiReferenceRegistrarImpl$1
1668:           177           2832  com.intellij.psi.impl.source.xml.XmlTagDelegate$$Lambda$2097/0x000000080160fc40
1669:           177           2832  com.intellij.psi.impl.source.xml.XmlTagImpl$$Lambda$2096/0x000000080160f840
1670:            59           2832  com.intellij.serviceContainer.MyComponentAdapter
1671:            59           2832  java.net.SocketCleanable (java.base@11.0.9.1)
1672:           118           2832  kotlin.reflect.jvm.internal.KClassImpl
1673:           118           2832  kotlin.reflect.jvm.internal.KClassImpl$data$1
1674:           118           2832  kotlin.reflect.jvm.internal.impl.serialization.deserialization.TypeDeserializer$simpleType$annotations$1
1675:             8           2816  com.intellij.codeInsight.intention.impl.IntentionHintComponent$1
1676:            44           2816  com.intellij.execution.lineMarker.ExecutorAction
1677:           176           2816  com.intellij.ui.components.JBViewport$2
1678:            88           2816  com.intellij.ui.tabs.impl.JBTabsImpl$7
1679:            88           2816  java.lang.invoke.VarHandle$AccessDescriptor (java.base@11.0.9.1)
1680:            88           2816  kotlin.reflect.jvm.internal.impl.types.KotlinTypeFactory$simpleType$1
1681:            88           2816  sun.nio.fs.UnixFileKey (java.base@11.0.9.1)
1682:             7           2800  com.intellij.ide.HelpTooltip$Paragraph
1683:             7           2800  com.intellij.openapi.fileEditor.impl.text.PsiAwareTextEditorImpl$PsiAwareTextEditorComponent
1684:            50           2800  com.intellij.psi.impl.source.tree.java.PsiReturnStatementImpl
1685:            70           2800  com.intellij.util.text.StringSearcher
1686:            50           2800  jdk.internal.module.ModuleReferenceImpl (java.base@11.0.9.1)
1687:            87           2784  com.intellij.psi.controlFlow.ControlFlowFactory$ControlFlowContext
1688:            87           2784  kotlin.reflect.jvm.internal.impl.resolve.scopes.SubstitutingScope
1689:            58           2784  sun.lwawt.macosx.CCheckboxMenuItem (java.desktop@11.0.9.1)
1690:           150           2768  [Lsun.reflect.generics.tree.TypeSignature; (java.base@11.0.9.1)
1691:             7           2744  com.intellij.openapi.fileEditor.impl.EditorTabbedContainer$EditorTabs$2
1692:             7           2744  com.intellij.openapi.wm.impl.IdeGlassPaneImpl
1693:            49           2744  sun.rmi.transport.tcp.TCPConnection (java.rmi@11.0.9.1)
1694:            18           2736  com.sun.org.apache.xerces.internal.impl.XMLEntityManager (java.xml@11.0.9.1)
1695:            19           2736  sun.java2d.marlin.DDasher (java.desktop@11.0.9.1)
1696:           101           2728  [Lcom.intellij.psi.xml.XmlAttribute;
1697:            85           2720  com.fasterxml.jackson.databind.introspect.AnnotatedField
1698:           170           2720  com.intellij.util.ObjectUtils$Sentinel
1699:           170           2720  com.intellij.util.ui.BaseButtonBehavior$MyMouseMotionListener
1700:            85           2720  java.awt.event.ComponentEvent (java.desktop@11.0.9.1)
1701:            34           2720  java.awt.event.MouseEvent (java.desktop@11.0.9.1)
1702:            52           2712  [Lcom.intellij.lang.LanguageExtensionPoint;
1703:            21           2688  com.google.common.cache.LocalCache
1704:            48           2688  com.intellij.psi.impl.source.tree.java.AnnotationElement
1705:            48           2688  com.intellij.psi.impl.source.tree.java.AnnotationParamListElement
1706:            28           2688  com.intellij.tasks.impl.LocalTaskImpl
1707:            84           2688  java.net.Socket (java.base@11.0.9.1)
1708:            84           2688  java.util.PriorityQueue (java.base@11.0.9.1)
1709:            24           2688  org.jetbrains.idea.maven.navigator.MavenProjectsStructure$StandardGoalNode
1710:            83           2656  java.util.ArrayList$Itr (java.base@11.0.9.1)
1711:            66           2640  [Ljava.lang.invoke.BoundMethodHandle$SpeciesData; (java.base@11.0.9.1)
1712:           110           2640  com.intellij.ide.navigationToolbar.ui.AbstractNavBarUI$$Lambda$2644/0x0000000801a98440
1713:            55           2640  com.intellij.ui.SizedIcon
1714:           110           2640  com.intellij.ui.scale.ScaleContext$Cache
1715:            66           2640  com.intellij.util.containers.ConcurrentWeakHashMap
1716:            66           2640  sun.nio.cs.UTF_8$Decoder (java.base@11.0.9.1)
1717:            41           2624  com.intellij.concurrency.ApplierCompleter
1718:            41           2624  com.intellij.openapi.editor.impl.EditorMarkupModelImpl$1
1719:            41           2624  com.intellij.openapi.editor.impl.SoftWrapModelImpl
1720:            41           2624  com.intellij.openapi.editor.impl.softwrap.mapping.SoftWrapApplianceManager
1721:            82           2624  sun.reflect.annotation.AnnotationType (java.base@11.0.9.1)
1722:           106           2616  [Ljavax.xml.namespace.QName; (java.xml@11.0.9.1)
1723:           109           2616  com.intellij.psi.impl.source.tree.java.PsiLiteralExpressionImpl
1724:           109           2616  com.intellij.util.indexing.impl.ValueContainerMap$ValueContainerExternalizer
1725:           109           2616  javax.swing.DefaultSingleSelectionModel (java.desktop@11.0.9.1)
1726:           163           2608  com.intellij.psi.impl.PsiClassImplUtil$MemberCache$$Lambda$3399/0x0000000802046440
1727:            65           2600  com.intellij.psi.impl.compiled.ClsFieldImpl
1728:           108           2592  [Lcom.intellij.openapi.vfs.impl.VirtualFilePointerImpl;
1729:           108           2592  [Lorg.apache.xerces.impl.xs.XSAnnotationImpl;
1730:            81           2592  com.google.common.cache.LocalCache$StrongEntry
1731:           108           2592  com.intellij.ui.layout.PropertyBinding
1732:           162           2592  com.sun.proxy.$Proxy27
1733:           108           2592  com.sun.xml.bind.v2.runtime.unmarshaller.TextLoader
1734:           108           2592  net.miginfocom.layout.AC
1735:           108           2592  sun.security.util.Cache$EqualByteArray (java.base@11.0.9.1)
1736:           107           2568  com.android.support.AndroidxName
1737:           107           2568  com.intellij.openapi.util.NotNullLazyValue$2
1738:           107           2568  javax.swing.plaf.basic.BasicPopupMenuUI$BasicMenuKeyListener (java.desktop@11.0.9.1)
1739:           107           2568  sun.security.util.BitArray (java.base@11.0.9.1)
1740:           107           2568  sun.security.x509.CertificateValidity (java.base@11.0.9.1)
1741:            40           2560  com.intellij.openapi.editor.impl.InspectionPopupManager
1742:            80           2560  com.sun.xml.bind.v2.runtime.LifecycleMethods
1743:            32           2560  javax.swing.text.FieldView (java.desktop@11.0.9.1)
1744:           106           2544  com.intellij.openapi.roots.impl.PackageDirectoryCache$PackageInfo$1
1745:           106           2544  com.intellij.sh.psi.ShTokenType
1746:           106           2544  com.sun.xml.bind.v2.runtime.property.TagAndType
1747:            53           2544  gnu.trove.TIntHashSet
1748:           106           2544  javax.swing.plaf.basic.BasicButtonListener (java.desktop@11.0.9.1)
1749:           106           2544  kotlin.reflect.jvm.internal.impl.storage.LockBasedStorageManager$LockBasedLazyValue
1750:           158           2528  com.intellij.psi.impl.compiled.ClsParameterImpl$$Lambda$3532/0x0000000802127440
1751:            79           2528  com.intellij.ui.mac.foundation.ID
1752:           158           2528  com.sun.org.apache.xerces.internal.util.AugmentationsImpl (java.xml@11.0.9.1)
1753:            79           2528  javax.swing.text.JTextComponent$MutableCaretEvent (java.desktop@11.0.9.1)
1754:           105           2520  com.google.wireless.android.sdk.stats.GradleSyncStats$Trigger
1755:             7           2520  com.intellij.openapi.editor.impl.EditorImpl$7
1756:             7           2520  com.intellij.openapi.fileEditor.impl.EditorComposite$MyComponent
1757:             7           2520  com.intellij.openapi.fileEditor.impl.EditorWindow$TComp
1758:            35           2520  javax.swing.text.PlainDocument (java.desktop@11.0.9.1)
1759:           104           2504  [[C (java.base@11.0.9.1)
1760:           104           2496  com.intellij.serialization.stateProperties.StateObjectStoredProperty
1761:           104           2496  com.intellij.util.xml.XmlName
1762:           104           2496  java.util.zip.Inflater$InflaterZStreamRef (java.base@11.0.9.1)
1763:            39           2496  javax.swing.UIDefaults (java.desktop@11.0.9.1)
1764:            78           2496  net.miginfocom.layout.Grid$Cell
1765:            62           2480  com.intellij.psi.impl.source.tree.PsiCommentImpl
1766:            31           2480  java.lang.invoke.BoundMethodHandle$Species_LLLLLLLLLLLII (java.base@11.0.9.1)
1767:           103           2472  sun.security.x509.CertificateExtensions (java.base@11.0.9.1)
1768:            44           2464  com.intellij.execution.process.BaseOSProcessHandler$SimpleOutputReader
1769:             7           2464  com.intellij.openapi.editor.toolbar.floating.EditorFloatingToolbar
1770:            77           2464  com.sun.xml.bind.v2.runtime.unmarshaller.LeafPropertyXsiLoader
1771:            77           2464  jdk.internal.reflect.UnsafeQualifiedObjectFieldAccessorImpl (java.base@11.0.9.1)
1772:           102           2448  com.intellij.debugger.ui.tree.render.ReferenceRenderer$1
1773:           153           2448  com.intellij.openapi.actionSystem.impl.ActionToolbarImpl$6
1774:           102           2448  java.awt.image.FilteredImageSource (java.desktop@11.0.9.1)
1775:            61           2440  com.intellij.util.xml.impl.DomFileMetaData
1776:            38           2432  com.intellij.psi.impl.source.xml.XmlFileImpl
1777:            38           2432  it.unimi.dsi.fastutil.objects.Reference2ObjectOpenHashMap
1778:            76           2432  java.util.zip.ZipFile$CleanableResource$FinalizableResource (java.base@11.0.9.1)
1779:            38           2432  sun.java2d.marlin.DHelpers$PolyStack (java.desktop@11.0.9.1)
1780:            19           2432  sun.java2d.marlin.DRendererContext (java.desktop@11.0.9.1)
1781:            16           2432  sun.lwawt.LWWindowPeer (java.desktop@11.0.9.1)
1782:           101           2424  com.intellij.openapi.editor.impl.MarkupModelImpl$$Lambda$1583/0x00000008011fb440
1783:           101           2424  com.intellij.openapi.util.AtomicNotNullLazyValue$1
1784:           101           2424  javax.swing.event.SwingPropertyChangeSupport (java.desktop@11.0.9.1)
1785:           151           2416  com.intellij.psi.impl.PsiClassImplUtil$$Lambda$3387/0x0000000802042c40
1786:            43           2408  com.intellij.psi.impl.source.javadoc.PsiDocParamRef
1787:            50           2400  com.intellij.openapi.application.impl.NonBlockingReadActionImpl
1788:            75           2400  com.intellij.psi.tree.java.IJavaElementType
1789:           100           2400  com.intellij.ui.mac.MacDockDelegate$1
1790:            75           2400  com.intellij.ui.popup.PopupState$JBPopupState
1791:            30           2400  com.sun.crypto.provider.GaloisCounterMode (java.base@11.0.9.1)
1792:            75           2400  java.rmi.server.UID (java.rmi@11.0.9.1)
1793:           100           2400  java.util.concurrent.ConcurrentLinkedQueue (java.base@11.0.9.1)
1794:            60           2400  jdk.nio.zipfs.ZipFileSystem$IndexNode (jdk.zipfs@11.0.9.1)
1795:            99           2376  com.intellij.execution.target.TargetEnvironment$TargetPath$Temporary
1796:            99           2376  com.intellij.execution.target.local.LocalTargetEnvironment$LocalVolume
1797:           148           2368  com.intellij.util.io.storage.AbstractStorage$$Lambda$1175/0x0000000800e25040
1798:            37           2368  it.unimi.dsi.fastutil.objects.Reference2IntOpenHashMap
1799:            74           2368  java.io.BufferedOutputStream (java.base@11.0.9.1)
1800:            98           2352  com.sun.xml.bind.v2.runtime.reflect.TransducedAccessor$CompositeTransducedAccessorImpl
1801:            49           2352  sun.rmi.transport.tcp.TCPChannel (java.rmi@11.0.9.1)
1802:            83           2344  [Lcom.intellij.psi.PsiModifierListOwner;
1803:            73           2336  com.intellij.psi.impl.compiled.ClsFieldImpl$2
1804:            97           2328  com.intellij.psi.impl.file.PsiPackageImpl$$Lambda$3493/0x00000008020cb440
1805:            97           2328  com.intellij.util.xml.EvaluatedXmlNameImpl
1806:            58           2320  com.intellij.ide.ui.laf.darcula.ui.DarculaButtonUI
1807:            58           2320  com.intellij.openapi.actionSystem.AnActionEvent
1808:            58           2320  com.intellij.ui.tree.AsyncTreeModel$CmdGetChildren
1809:            29           2320  sun.font.FontDesignMetrics (java.desktop@11.0.9.1)
1810:            48           2304  com.fasterxml.jackson.databind.type.SimpleType
1811:            72           2304  com.intellij.debugger.ui.tree.render.UnboxableTypeRenderer$1
1812:            96           2304  com.intellij.patterns.PsiMethodPattern$2
1813:             4           2304  io.netty.util.internal.shaded.org.jctools.queues.MpscUnboundedArrayQueue
1814:            72           2304  java.util.regex.Pattern$BnM (java.base@11.0.9.1)
1815:            41           2296  com.intellij.openapi.editor.impl.CaretModelImpl
1816:            41           2296  com.intellij.openapi.editor.impl.FoldingModelImpl
1817:            41           2296  com.intellij.openapi.editor.impl.FoldingModelImpl$MyMarkerTree
1818:           143           2288  com.intellij.openapi.actionSystem.ToggleAction$$Lambda$986/0x0000000800b55c40
1819:            95           2280  com.intellij.ide.ui.laf.intellij.MacPopupMenuUI
1820:            95           2280  com.intellij.openapi.actionSystem.impl.ActionMenu$MenuListenerImpl
1821:            95           2280  com.intellij.openapi.editor.VisualPosition
1822:            95           2280  com.intellij.openapi.ui.JBPopupMenu$MyLayout$1
1823:            95           2280  com.intellij.util.messages.impl.MessageBusImpl$MessagePublisher
1824:            95           2280  javax.swing.JMenu$MenuChangeListener (java.desktop@11.0.9.1)
1825:            95           2280  javax.swing.JMenu$WinListener (java.desktop@11.0.9.1)
1826:            95           2280  javax.swing.plaf.basic.BasicMenuUI$Handler (java.desktop@11.0.9.1)
1827:            95           2280  sun.java2d.marlin.DTransformingPathConsumer2D$PathTracer (java.desktop@11.0.9.1)
1828:            57           2280  sun.rmi.transport.tcp.TCPTransport$ConnectionHandler (java.rmi@11.0.9.1)
1829:            71           2272  apple.laf.JRSUIConstants$Widget (java.desktop@11.0.9.1)
1830:            71           2272  com.ibm.icu.util.ULocale
1831:            71           2272  com.intellij.workspaceModel.ide.impl.legacyBridge.module.roots.LibraryOrderEntryBridge
1832:            71           2272  java.awt.font.FontRenderContext (java.desktop@11.0.9.1)
1833:            94           2256  [Ljava.util.ArrayList; (java.base@11.0.9.1)
1834:            94           2256  kotlin.reflect.jvm.internal.KClassImpl
1835:            94           2256  kotlin.reflect.jvm.internal.KClassImpl$data$1
1836:           141           2256  kotlin.reflect.jvm.internal.impl.descriptors.runtime.components.ReflectAnnotationSource
1837:            94           2256  net.miginfocom.layout.Grid$FlowSizeSpec
1838:            47           2256  sun.java2d.loops.MaskFill (java.desktop@11.0.9.1)
1839:            80           2240  [Lcom.sun.xml.bind.v2.runtime.property.Property;
1840:            56           2240  com.intellij.openapi.actionSystem.EmptyAction
1841:            40           2240  com.intellij.openapi.editor.impl.view.TextLayoutCache$1
1842:            70           2240  com.intellij.psi.impl.java.stubs.impl.PsiAnnotationParameterListStubImpl
1843:           140           2240  com.intellij.psi.impl.source.CharTableImpl
1844:            35           2240  com.intellij.psi.impl.source.PsiJavaFileImpl
1845:            70           2240  com.intellij.psi.search.GlobalSearchScope$UnionScope
1846:            56           2240  java.io.ObjectOutputStream$HandleTable (java.base@11.0.9.1)
1847:            28           2240  sun.rmi.transport.ConnectionInputStream (java.rmi@11.0.9.1)
1848:            93           2232  com.intellij.openapi.editor.impl.LockFreeCOWSortedArray
1849:            93           2232  kotlin.reflect.jvm.internal.impl.types.TypeProjectionImpl
1850:            93           2232  sun.reflect.generics.tree.FormalTypeParameter (java.base@11.0.9.1)
1851:            69           2208  com.intellij.psi.impl.source.xml.XmlTagValueImpl
1852:           138           2208  com.intellij.psi.infos.MethodCandidateInfo$$Lambda$3610/0x0000000802193440
1853:            46           2208  sun.font.FontDesignMetrics$KeyReference (java.desktop@11.0.9.1)
1854:           138           2208  sun.security.x509.KeyIdentifier (java.base@11.0.9.1)
1855:            70           2200  [Lcom.intellij.psi.xml.XmlTagChild;
1856:            55           2200  sun.rmi.transport.tcp.TCPEndpoint (java.rmi@11.0.9.1)
1857:           137           2192  javax.swing.plaf.basic.BasicScrollPaneUI$Handler (java.desktop@11.0.9.1)
1858:            91           2184  com.intellij.ide.util.treeView.PresentableNodeDescriptor$ColoredFragment
1859:            91           2184  com.intellij.psi.impl.compiled.ClsMemberImpl$1
1860:            91           2184  com.intellij.psi.impl.source.xml.XmlTagDelegate$$Lambda$2167/0x0000000801692840
1861:            91           2184  org.intellij.lang.regexp.RegExpElementType
1862:            39           2184  org.jetbrains.mvstore.RootReference
1863:            34           2176  com.intellij.psi.impl.source.tree.java.PsiAssignmentExpressionImpl
1864:            34           2176  com.intellij.psi.impl.source.tree.java.PsiCatchSectionImpl
1865:            34           2176  com.intellij.ui.tree.ui.DefaultTreeUI$2
1866:            34           2176  com.intellij.ui.treeStructure.Tree$MySelectionModel
1867:           136           2176  com.intellij.util.ConstantFunction
1868:            34           2176  com.sun.xml.bind.v2.model.impl.RuntimeAttributePropertyInfoImpl
1869:            54           2160  com.intellij.codeInspection.dataFlow.types.DfReferenceConstantType
1870:            54           2160  com.intellij.execution.ui.layout.actions.RestoreViewAction
1871:            54           2160  com.intellij.openapi.util.IconLoader$ImageDataResolverImpl
1872:            90           2160  com.intellij.util.containers.ConcurrentSoftValueHashMap
1873:            90           2160  org.jetbrains.kotlin.idea.inspections.collections.AbstractCallChainChecker$ConversionId
1874:            38           2128  com.intellij.openapi.wm.impl.StripeButtonUI
1875:           133           2128  com.theoryinpractice.testng.util.TestNGUtil$$Lambda$3449/0x000000080208e440
1876:           133           2128  java.util.regex.Pattern$CharPredicate$$Lambda$38/0x00000008000ef440 (java.base@11.0.9.1)
1877:            19           2128  sun.java2d.marlin.DCurve (java.desktop@11.0.9.1)
1878:            53           2120  javax.swing.text.AbstractDocument$LeafElement (java.desktop@11.0.9.1)
1879:            53           2120  sun.security.util.NamedCurve (java.base@11.0.9.1)
1880:            88           2112  com.intellij.patterns.IElementTypePattern
1881:            88           2112  com.intellij.ui.tabs.impl.DefaultEditorTabsPainter
1882:            88           2112  com.intellij.ui.tabs.impl.JBTabsImpl$4
1883:            88           2112  com.intellij.ui.tabs.impl.JBTabsImpl$TabActionsAutoHideListener
1884:            88           2112  com.intellij.ui.tabs.impl.TabsSideSplitter
1885:            88           2112  com.intellij.ui.tabs.impl.singleRow.SingleRowLayoutStrategy$Bottom
1886:            88           2112  com.intellij.ui.tabs.impl.singleRow.SingleRowLayoutStrategy$Left
1887:            88           2112  com.intellij.ui.tabs.impl.singleRow.SingleRowLayoutStrategy$Right
1888:            88           2112  com.intellij.ui.tabs.impl.singleRow.SingleRowLayoutStrategy$Top
1889:            88           2112  com.intellij.ui.tabs.impl.table.TableLayout
1890:            88           2112  com.intellij.util.containers.ContainerUtil$$Lambda$1427/0x00000008010c7040
1891:           132           2112  com.intellij.util.containers.UnmodifiableHashMap$2
1892:            66           2112  java.lang.invoke.LambdaForm$Kind (java.base@11.0.9.1)
1893:            66           2112  java.util.regex.Pattern$Curly (java.base@11.0.9.1)
1894:            12           2112  org.HdrHistogram.SingleWriterRecorder$InternalHistogram
1895:            44           2112  sun.nio.cs.StreamDecoder (java.base@11.0.9.1)
1896:           131           2096  com.intellij.psi.impl.source.PsiMethodImpl$$Lambda$3573/0x000000080214b840
1897:            86           2088  [Lcom.fasterxml.jackson.databind.JavaType;
1898:            87           2088  [Lkotlin.reflect.jvm.internal.impl.descriptors.TypeParameterDescriptor;
1899:            87           2088  [Lkotlin.reflect.jvm.internal.impl.types.TypeProjection;
1900:            87           2088  com.intellij.lang.properties.xml.XmlPropertiesIndex$Key
1901:            87           2088  kotlin.reflect.jvm.internal.impl.resolve.scopes.SubstitutingScope$_allDescriptors$2
1902:            87           2088  kotlin.reflect.jvm.internal.impl.types.IndexedParametersSubstitution
1903:            52           2080  com.intellij.openapi.editor.impl.CaretImpl$PositionMarker
1904:            52           2080  com.intellij.util.xmlb.ArrayBinding
1905:            52           2080  java.io.BufferedInputStream (java.base@11.0.9.1)
1906:           129           2064  com.intellij.psi.controlFlow.WriteVariableInstruction
1907:            86           2064  sun.nio.ch.NativeThreadSet (java.base@11.0.9.1)
1908:            36           2048  [[S (java.base@11.0.9.1)
1909:            64           2048  com.intellij.codeInspection.naming.NamingConventionBean
1910:            32           2048  com.intellij.ide.ui.laf.darcula.ui.DarculaTextFieldUI
1911:            64           2048  com.sun.jna.CallbackReference$DefaultCallbackProxy
1912:            32           2048  java.lang.invoke.BoundMethodHandle$Species_LLLLLLII (java.base@11.0.9.1)
1913:            23           2024  javax.swing.JPanel$AccessibleJPanel (java.desktop@11.0.9.1)
1914:            36           2016  com.fasterxml.jackson.databind.type.CollectionType
1915:            84           2016  com.intellij.codeInspection.bytecodeAnalysis.EffectQuantum$FieldReadQuantum
1916:           126           2016  com.intellij.codeInspection.dataFlow.TypeConstraints$ExactClass
1917:            21           2016  com.intellij.ide.ui.laf.darcula.ui.DarculaProgressBarUI
1918:            63           2016  com.intellij.util.xmlb.AccessorBindingWrapper
1919:            14           2016  java.text.DecimalFormat (java.base@11.0.9.1)
1920:           126           2016  kotlin.reflect.jvm.internal.impl.load.kotlin.MemberSignature
1921:           126           2016  kotlin.reflect.jvm.internal.impl.serialization.deserialization.descriptors.DeserializedAnnotations
1922:            28           2016  sun.rmi.transport.ConnectionOutputStream (java.rmi@11.0.9.1)
1923:           126           2016  sun.security.x509.GeneralName (java.base@11.0.9.1)
1924:           125           2000  com.intellij.psi.impl.source.DummyHolder$DummyHolderTreeLock
1925:            10           2000  com.intellij.ui.popup.AbstractPopup
1926:            83           1992  com.intellij.openapi.editor.impl.EditorImpl$$Lambda$1568/0x00000008011aa840
1927:            83           1992  com.intellij.openapi.util.TraceableDisposable
1928:            62           1984  [Ljava.util.Set; (java.base@11.0.9.1)
1929:            62           1984  com.intellij.lang.properties.references.PropertyReference
1930:           124           1984  com.intellij.psi.impl.PsiSuperMethodImplUtil$$Lambda$3511/0x00000008020f6840
1931:            31           1984  com.intellij.psi.impl.source.tree.java.PsiTryStatementImpl
1932:            63           1968  [Lcom.intellij.uiDesigner.core.GridConstraints;
1933:            41           1968  com.intellij.ide.dnd.DnDSupport
1934:            82           1968  com.intellij.openapi.editor.ex.util.EditorScrollingPositionKeeper
1935:            41           1968  com.intellij.openapi.editor.impl.EditorFragmentRenderer
1936:            41           1968  com.intellij.openapi.editor.impl.EditorImpl$ScrollingTimer
1937:            82           1968  com.intellij.openapi.editor.impl.ErrorStripeMarkersModel$1
1938:            41           1968  com.intellij.openapi.editor.impl.InlayModelImpl
1939:            41           1968  com.intellij.openapi.editor.impl.InlayModelImpl$AfterLineEndElementTree
1940:            41           1968  com.intellij.openapi.editor.impl.InlayModelImpl$BlockElementsTree
1941:            41           1968  com.intellij.openapi.editor.impl.InlayModelImpl$InlineElementsTree
1942:            41           1968  com.intellij.openapi.editor.impl.ScrollingModelImpl
1943:            41           1968  gnu.trove.TIntFloatHashMap
1944:             5           1960  com.intellij.codeInsight.hint.ParameterInfoComponent
1945:            49           1960  kotlin.reflect.jvm.internal.impl.metadata.ProtoBuf$EnumEntry
1946:            81           1944  [Lcom.intellij.psi.search.GlobalSearchScope;
1947:            81           1944  com.intellij.completion.ngram.slp.counting.trie.MapTrieCounter
1948:            71           1928  [Lcom.intellij.psi.PsiReference;
1949:            24           1920  com.fasterxml.jackson.databind.deser.impl.FieldProperty
1950:            80           1920  com.intellij.openapi.editor.impl.FoldingModelImpl$$Lambda$1584/0x00000008011fb840
1951:            48           1920  com.intellij.psi.impl.source.resolve.reference.PsiReferenceContributorEP
1952:            48           1920  com.intellij.ui.mac.touchbar.SpacingItem
1953:            40           1920  com.intellij.util.xml.impl.FixedChildDescriptionImpl
1954:            60           1920  com.siyeh.ig.ui.ExternalizableStringSet
1955:            30           1920  com.sun.crypto.provider.CipherCore (java.base@11.0.9.1)
1956:            30           1920  javax.crypto.Cipher (java.base@11.0.9.1)
1957:            60           1920  net.sf.cglib.asm.$Type
1958:            24           1920  org.HdrHistogram.HistogramIterationValue
1959:           119           1904  com.intellij.openapi.actionSystem.DefaultActionGroup$$Lambda$850/0x0000000800973040
1960:            34           1904  com.intellij.openapi.vcs.changes.ChangeListChange
1961:           119           1904  com.intellij.psi.impl.cache.impl.id.IdIndexEntry
1962:            34           1904  com.intellij.ui.treeStructure.Tree$1
1963:           119           1904  javax.swing.plaf.basic.BasicMenuItemUI$Handler (java.desktop@11.0.9.1)
1964:            47           1880  com.intellij.ide.ui.PluginBooleanOptionDescriptor
1965:            78           1872  com.intellij.openapi.wm.impl.ToolWindowIcon
1966:            78           1872  com.intellij.sh.psi.ShCompositeElementType
1967:            78           1872  com.intellij.util.containers.ConcurrentWeakValueHashMap
1968:            78           1872  com.intellij.util.containers.JBIterable$4
1969:            78           1872  com.intellij.util.containers.JBIterable$Intercepted
1970:            78           1872  com.intellij.util.lang.MemoryResource
1971:            78           1872  org.intellij.markdown.MarkdownElementType
1972:            70           1856  [Lcom.intellij.psi.xml.XmlText;
1973:            58           1856  com.intellij.openapi.editor.impl.EditorImpl$CaretRectangle
1974:            58           1856  com.intellij.psi.impl.source.tree.JavaElementType$JavaCompositeElementType
1975:            58           1856  org.apache.batik.util.DoublyIndexedTable$Entry
1976:           116           1856  sun.security.x509.SerialNumber (java.base@11.0.9.1)
1977:            22           1848  [[D (java.base@11.0.9.1)
1978:            77           1848  com.sun.xml.bind.v2.runtime.unmarshaller.LeafPropertyLoader
1979:            77           1848  java.util.regex.Pattern$CharProperty (java.base@11.0.9.1)
1980:            77           1848  javax.swing.text.html.HTML$Tag (java.desktop@11.0.9.1)
1981:            33           1848  org.intellij.plugins.intelliLang.inject.config.BaseInjection
1982:            77           1848  org.jetbrains.uast.util.ClassSetImpl
1983:            10           1840  com.intellij.execution.ui.layout.impl.RunnerContentUi
1984:           115           1840  com.intellij.openapi.editor.impl.view.LogicalPositionCache$LineData
1985:            46           1840  java.lang.ProcessImpl$ProcessPipeInputStream (java.base@11.0.9.1)
1986:             6           1824  com.github.benmanes.caffeine.cache.SSMW
1987:            76           1824  com.intellij.execution.ui.layout.impl.RunnerContentUi$CommonToolbarLayout
1988:            76           1824  com.intellij.internal.statistic.local.ActionSummary
1989:            76           1824  com.intellij.openapi.util.MutualMap
1990:           114           1824  com.intellij.psi.impl.compiled.ClsMethodImpl$$Lambda$3533/0x0000000802126840
1991:            76           1824  com.intellij.ui.tabs.impl.JBDefaultTabsBorder
1992:            76           1824  com.intellij.ui.tabs.impl.JBTabsImpl$8
1993:            76           1824  com.intellij.util.ui.update.UiNotifyConnector$Once
1994:            38           1824  com.jetbrains.jdi.VirtualMachineImpl$SoftObjectReference
1995:            76           1824  java.lang.ThreadLocal$ThreadLocalMap (java.base@11.0.9.1)
1996:           114           1824  javax.accessibility.AccessibleRelationSet (java.desktop@11.0.9.1)
1997:            19           1824  sun.java2d.marlin.DDasher$LengthIterator (java.desktop@11.0.9.1)
1998:            38           1824  sun.java2d.marlin.DTransformingPathConsumer2D$DeltaTransformFilter (java.desktop@11.0.9.1)
1999:            19           1824  sun.java2d.marlin.DTransformingPathConsumer2D$PathClipFilter (java.desktop@11.0.9.1)
2000:            76           1824  sun.java2d.marlin.DoubleArrayCache$Reference (java.desktop@11.0.9.1)
2001:            19           1824  sun.java2d.opengl.CGLSurfaceData$CGLLayerSurfaceData (java.desktop@11.0.9.1)
2002:           114           1824  sun.security.x509.DNSName (java.base@11.0.9.1)
2003:           113           1808  jdk.internal.reflect.BootstrapConstructorAccessorImpl (java.base@11.0.9.1)
2004:            75           1800  com.intellij.workspaceModel.ide.JpsFileEntitySource$FileInDirectory
2005:            45           1800  javax.swing.LayoutFocusTraversalPolicy (java.desktop@11.0.9.1)
2006:            75           1800  org.jetbrains.kotlin.idea.inspections.IntentionBasedInspection$IntentionData
2007:            56           1792  [Lnet.miginfocom.layout.UnitValue;
2008:           112           1792  com.intellij.codeInsight.AnnotationUtil$$Lambda$3361/0x000000080200f040
2009:            32           1792  com.intellij.util.ui.TimerUtil$2
2010:            56           1792  kotlin.reflect.jvm.internal.impl.resolve.scopes.SubstitutingScope
2011:            30           1776  [Ljava.io.ObjectInputStream$HandleTable$HandleList; (java.base@11.0.9.1)
2012:             6           1776  [[J (java.base@11.0.9.1)
2013:            37           1776  com.intellij.grazie.jlanguage.Lang
2014:            74           1776  com.intellij.openapi.editor.impl.LineSet
2015:            37           1776  com.jetbrains.jdi.ThreadReferenceImpl$LocalCache
2016:            37           1776  kotlin.reflect.jvm.internal.impl.serialization.deserialization.descriptors.DeserializedMemberScope$OptimizedImplementation
2017:            74           1776  org.jetbrains.idea.maven.utils.MavenPluginInfo$Mojo
2018:            59           1768  [Lcom.intellij.patterns.ElementPattern;
2019:            17           1768  kotlin.reflect.jvm.internal.impl.serialization.deserialization.descriptors.DeserializedClassDescriptor
2020:             5           1760  com.intellij.codeInsight.hint.ParameterInfoController$WrapperPanel
2021:            55           1760  com.intellij.execution.ui.layout.impl.ViewImpl$Default
2022:            55           1760  com.intellij.openapi.util.ClassExtensionPoint
2023:            44           1760  java.lang.Process$PipeInputStream (java.base@11.0.9.1)
2024:            55           1760  org.intellij.markdown.ast.LeafASTNode
2025:            55           1760  sun.java2d.marlin.OffHeapArray (java.desktop@11.0.9.1)
2026:            73           1752  com.intellij.configurationStore.StateMap
2027:            73           1752  com.intellij.ide.projectView.impl.nodes.NamedLibraryElement
2028:            73           1752  com.intellij.patterns.PsiElementPattern$11
2029:            73           1752  com.intellij.psi.impl.compiled.ClsFieldImpl$1
2030:            73           1752  com.intellij.psi.impl.smartPointers.DirElementInfo
2031:            73           1752  com.intellij.psi.impl.source.resolve.reference.ArbitraryPlaceUrlReferenceProvider$1$$Lambda$3814/0x000000080229b440
2032:            73           1752  org.jetbrains.kotlin.idea.inspections.IntentionBasedInspection$intention$2
2033:           109           1744  com.intellij.util.indexing.impl.MapIndexStorage$1
2034:           109           1744  com.intellij.util.indexing.impl.MapReduceIndex$1
2035:           109           1744  com.intellij.util.indexing.impl.MapReduceIndex$2
2036:           109           1744  com.intellij.util.indexing.impl.MapReduceIndex$3
2037:           109           1744  com.intellij.util.indexing.impl.MapReduceIndex$4
2038:            12           1728  com.intellij.ide.ui.laf.darcula.ui.DarculaComboBoxUI
2039:            72           1728  com.intellij.openapi.fileTypes.impl.FileTypeManagerImpl$StandardFileType
2040:            72           1728  com.intellij.openapi.wm.impl.IdeGlassPaneImpl$$Lambda$1840/0x00000008013de040
2041:            18           1728  com.intellij.openapi.wm.impl.status.InfoAndProgressPanel$MyInlineProgressIndicator$1
2042:            54           1728  com.intellij.psi.impl.source.PsiFieldImpl
2043:            27           1728  com.intellij.psi.impl.source.tree.java.PsiPrefixExpressionImpl
2044:            72           1728  com.intellij.psi.stubs.StubFieldAccessor
2045:            54           1728  com.intellij.psi.tree.java.IKeywordElementType
2046:            72           1728  com.intellij.ui.tabs.impl.ActionButton$1
2047:            72           1728  com.intellij.ui.tabs.impl.TabLabel$1
2048:             9           1728  com.jetbrains.jdi.VirtualMachineImpl
2049:            36           1728  sun.lwawt.macosx.CMenu (java.desktop@11.0.9.1)
2050:            12           1728  sun.security.ssl.SSLSessionImpl (java.base@11.0.9.1)
2051:            43           1720  com.intellij.openapi.editor.impl.ErrorStripeMarkerImpl
2052:            43           1720  com.intellij.ui.SpeedSearchBase$5
2053:           107           1712  javax.swing.plaf.basic.BasicPopupMenuUI$BasicPopupMenuListener (java.desktop@11.0.9.1)
2054:           107           1712  sun.reflect.generics.tree.TypeVariableSignature (java.base@11.0.9.1)
2055:           107           1712  sun.security.x509.CertificateAlgorithmId (java.base@11.0.9.1)
2056:           107           1712  sun.security.x509.CertificateSerialNumber (java.base@11.0.9.1)
2057:           107           1712  sun.security.x509.CertificateVersion (java.base@11.0.9.1)
2058:           107           1712  sun.security.x509.CertificateX509Key (java.base@11.0.9.1)
2059:            71           1704  com.intellij.codeInsight.NullableNotNullManager$$Lambda$4186/0x00000008027c1440
2060:            71           1704  com.intellij.psi.impl.source.ClassInnerStuffCache$$Lambda$3641/0x00000008021bb840
2061:            71           1704  com.intellij.workspaceModel.ide.impl.jps.serialization.JpsLibraryEntitiesSerializer
2062:            71           1704  com.intellij.workspaceModel.ide.impl.legacyBridge.library.LibraryBridgeImpl$librarySnapshotCached$1
2063:            71           1704  com.intellij.workspaceModel.storage.bridgeEntities.ModuleDependencyItem$Exportable$LibraryDependency
2064:            71           1704  it.unimi.dsi.fastutil.ints.IntArrayList
2065:            71           1704  kotlin.reflect.jvm.internal.impl.serialization.deserialization.AnnotationDeserializer
2066:            71           1696  [Lcom.intellij.psi.impl.source.resolve.reference.impl.providers.FileReference;
2067:            53           1696  java.security.spec.EllipticCurve (java.base@11.0.9.1)
2068:             4           1696  kotlinx.coroutines.scheduling.CoroutineScheduler$Worker
2069:            53           1696  sun.java2d.loops.RenderCache$Entry (java.desktop@11.0.9.1)
2070:            56           1680  [Lcom.intellij.lang.injection.MultiHostInjector;
2071:            70           1680  com.intellij.openapi.util.Trinity
2072:            30           1680  com.intellij.ui.content.impl.ContentManagerImpl
2073:            15           1680  com.intellij.ui.mac.touchbar.TouchBar
2074:            70           1680  com.intellij.vcs.log.impl.HashImpl
2075:           105           1680  com.sun.proxy.$Proxy23
2076:            42           1680  java.lang.invoke.DirectMethodHandle$Constructor (java.base@11.0.9.1)
2077:            70           1680  kotlin.reflect.jvm.internal.impl.storage.LockBasedStorageManager$MapBasedMemoizedFunctionToNotNull
2078:            70           1680  sun.font.CStrike$GlyphAdvanceCache (java.desktop@11.0.9.1)
2079:            19           1672  sun.java2d.marlin.MarlinCache (java.desktop@11.0.9.1)
2080:            52           1664  com.intellij.psi.impl.source.resolve.reference.PsiReferenceRegistrarImpl$3
2081:            52           1664  com.sun.xml.bind.v2.runtime.reflect.AdaptedAccessor
2082:           104           1664  javax.security.auth.x500.X500Principal (java.base@11.0.9.1)
2083:            52           1664  sun.lwawt.macosx.CMouseDragGestureRecognizer (java.desktop@11.0.9.1)
2084:            16           1664  sun.lwawt.macosx.CPlatformWindow (java.desktop@11.0.9.1)
2085:            12           1656  [Lcom.intellij.psi.impl.smartPointers.SmartPointerTracker$PointerReference;
2086:            69           1656  com.intellij.psi.codeStyle.CodeStyleSettingsCustomizable$SpacingOption
2087:            69           1656  com.intellij.xml.breadcrumbs.PsiFileBreadcrumbsCollector$1
2088:            69           1656  java.security.spec.ECPoint (java.base@11.0.9.1)
2089:            69           1656  kotlin.reflect.jvm.internal.impl.serialization.deserialization.MemberDeserializer
2090:            69           1656  kotlin.reflect.jvm.internal.impl.serialization.deserialization.TypeDeserializer$classifierDescriptors$1
2091:            69           1656  kotlin.reflect.jvm.internal.impl.serialization.deserialization.TypeDeserializer$typeAliasDescriptors$1
2092:           103           1648  com.intellij.openapi.ui.OnePixelDivider$MyMouseAdapter
2093:           103           1648  com.intellij.util.indexing.impl.storage.VfsAwareMapReduceIndex$1
2094:            41           1640  com.github.benmanes.caffeine.cache.PSMW
2095:            41           1640  com.intellij.codeInsight.actions.ReaderModeActionProvider$ReaderModeAction
2096:            41           1640  com.intellij.openapi.editor.impl.EditorMarkupModelImpl$StatusAction
2097:            41           1640  com.intellij.openapi.editor.impl.ErrorStripeMarkersModel
2098:            41           1640  com.intellij.openapi.editor.impl.MarkupModelImpl
2099:            41           1640  com.intellij.openapi.editor.impl.view.LogicalPositionCache
2100:            41           1640  com.intellij.openapi.editor.impl.view.TextLayoutCache
2101:            41           1640  com.intellij.util.containers.ConcurrentSoftHashMap
2102:            41           1640  javax.swing.text.AbstractDocument$BranchElement (java.desktop@11.0.9.1)
2103:             1           1632  [Lcom.intellij.codeInspection.InspectionEP;
2104:           102           1632  com.google.common.cache.LocalCache$StrongValueReference
2105:            68           1632  com.intellij.openapi.roots.impl.PackageDirectoryCache
2106:            34           1632  com.intellij.ui.TreeExpandableItemsHandler
2107:            68           1632  com.intellij.util.xml.impl.DomManagerImpl$$Lambda$2065/0x000000080159b040
2108:            17           1632  com.intellij.xdebugger.impl.inline.InlineWatchesRootNode
2109:            51           1632  com.sun.jna.Memory
2110:           102           1632  com.sun.proxy.$Proxy55
2111:            12           1632  io.netty.util.internal.InternalThreadLocalMap
2112:            34           1632  javax.swing.plaf.basic.BasicTreeUI$Handler (java.desktop@11.0.9.1)
2113:            68           1632  javax.swing.text.html.CSS$Attribute (java.desktop@11.0.9.1)
2114:            34           1632  org.jetbrains.mvstore.LeafPage
2115:            34           1632  sun.security.ssl.SupportedGroupsExtension$NamedGroup (java.base@11.0.9.1)
2116:            29           1624  com.jetbrains.jdi.ThreadReferenceImpl
2117:             2           1616  [Lcom.google.wireless.android.sdk.stats.AndroidStudioEvent$EventKind;
2118:            67           1608  com.intellij.compiler.progress.ModuleLinkFilter$1
2119:            67           1608  java.util.regex.Pattern$Ques (java.base@11.0.9.1)
2120:            67           1608  org.intellij.plugins.markdown.lang.MarkdownElementType
2121:            67           1608  org.jetbrains.plugins.textmate.language.preferences.Preferences
2122:            40           1600  [Lsun.awt.EventQueueItem; (java.desktop@11.0.9.1)
2123:             4           1600  com.android.tools.adtui.workbench.SidePanel$MySplitter
2124:            25           1600  com.intellij.debugger.jdi.ThreadReferenceProxyImpl
2125:            50           1600  com.intellij.execution.process.AnsiStreamingLexer
2126:             4           1600  com.intellij.openapi.actionSystem.impl.ActionButtonWithText
2127:            40           1600  com.intellij.openapi.editor.impl.EditorMarkupModelImpl$CompactViewAction
2128:            50           1600  com.intellij.psi.controlFlow.ControlFlowSubRange
2129:           100           1600  com.intellij.util.concurrency.Semaphore
2130:            50           1600  java.util.concurrent.ConcurrentHashMap$ForwardingNode (java.base@11.0.9.1)
2131:             3           1584  [[F (java.base@11.0.9.1)
2132:            99           1584  com.intellij.codeInspection.i18n.NlsInfo$$Lambda$3939/0x000000080266c440
2133:            66           1584  com.intellij.concurrency.ConcurrentHashMap$KeySetView
2134:            33           1584  java.time.temporal.ValueRange (java.base@11.0.9.1)
2135:            33           1584  sun.nio.cs.StreamEncoder (java.base@11.0.9.1)
2136:             4           1568  com.android.tools.idea.common.surface.DesignSurface$MyScrollBar
2137:            28           1568  java.io.ObjectInputStream$BlockDataInputStream (java.base@11.0.9.1)
2138:            65           1560  com.intellij.codeInsight.problems.ProblemImpl
2139:            65           1560  com.intellij.psi.controlFlow.GoToInstruction
2140:            65           1560  it.unimi.dsi.fastutil.doubles.DoubleArrayList
2141:            65           1560  kotlin.reflect.jvm.internal.impl.storage.LockBasedStorageManager$LockBasedLazyValue
2142:            39           1560  org.jetbrains.kotlin.idea.inspections.collections.AbstractCallChainChecker$Conversion
2143:            15           1560  sun.net.www.protocol.https.HttpsClient (java.base@11.0.9.1)
2144:            97           1552  kotlin.reflect.jvm.internal.impl.types.TypeSubstitutor
2145:            32           1536  com.intellij.configurationStore.ComponentWithModificationTrackerInfo
2146:            32           1536  com.intellij.execution.impl.RunnerAndConfigurationSettingsImpl
2147:             4           1536  com.intellij.openapi.wm.impl.status.widget.StatusBarWidgetWrapper$Icon
2148:            48           1536  com.intellij.util.indexing.RegisteredIndexes$DocumentUpdateTask
2149:            64           1536  com.intellij.util.messages.impl.DescriptorBasedMessageBusConnection
2150:            32           1536  com.intellij.xml.util.documentation.CompositeAttributeTagDescriptor
2151:            64           1536  java.util.concurrent.Executors$PrivilegedThreadFactory$1 (java.base@11.0.9.1)
2152:            12           1536  org.HdrHistogram.PercentileIterator
2153:            32           1536  org.apache.xerces.impl.dv.xs.DecimalDV$XDecimal
2154:            48           1536  org.apache.xerces.impl.xs.traversers.OneAttr
2155:            48           1536  sun.java2d.loops.SurfaceType (java.desktop@11.0.9.1)
2156:            64           1528  [Lcom.intellij.psi.PsiJavaCodeReferenceElement;
2157:            38           1520  com.intellij.openapi.wm.impl.ToolWindowEntry
2158:            95           1520  com.siyeh.ig.callMatcher.CallMatcher$1
2159:            38           1520  javax.swing.plaf.basic.BasicTextUI$RootView (java.desktop@11.0.9.1)
2160:            38           1520  sun.security.x509.AuthorityKeyIdentifierExtension (java.base@11.0.9.1)
2161:             7           1512  com.intellij.openapi.editor.impl.EditorMarkupModelImpl$MyErrorPanel
2162:            63           1512  com.intellij.patterns.XmlNamedElementPattern$XmlAttributePattern
2163:            63           1512  java.util.regex.Pattern$$Lambda$2472/0x00000008019d7040 (java.base@11.0.9.1)
2164:            63           1512  net.sf.cglib.core.Signature
2165:            47           1504  com.intellij.internal.ml.FloatFeature
2166:            47           1504  org.jetbrains.kotlin.KtNodeType
2167:            93           1488  com.intellij.openapi.editor.impl.DocumentImpl$1
2168:            31           1488  com.intellij.util.containers.SoftHashMap
2169:            93           1488  javax.swing.Timer$1 (java.desktop@11.0.9.1)
2170:            62           1488  kotlin.reflect.jvm.internal.impl.types.TypeProjectionImpl
2171:            37           1480  kotlin.reflect.jvm.internal.impl.storage.LockBasedStorageManager$5
2172:             4           1472  com.android.tools.adtui.workbench.MinimizedPanel
2173:             4           1472  com.android.tools.adtui.workbench.SidePanel
2174:            46           1472  com.intellij.analysis.problemsView.toolWindow.HighlightingProblem
2175:            92           1472  com.intellij.util.HiDPIScaledGraphics
2176:            46           1472  java.util.Collections$UnmodifiableMap (java.base@11.0.9.1)
2177:            23           1472  javax.swing.JRootPane$1 (java.desktop@11.0.9.1)
2178:            46           1472  org.jetbrains.kotlin.lexer.KtKeywordToken
2179:            61           1464  com.intellij.psi.impl.source.tree.java.PsiAnnotationImpl
2180:            61           1464  com.intellij.psi.tree.xml.IXmlLeafElementType
2181:            61           1464  java.io.ByteArrayOutputStream (java.base@11.0.9.1)
2182:            61           1464  org.jetbrains.kotlin.ide.konan.psi.NativeDefinitionsTokenType
2183:            26           1456  com.sun.xml.bind.v2.runtime.property.ArrayElementNodeProperty
2184:            13           1456  java.util.GregorianCalendar (java.base@11.0.9.1)
2185:            26           1456  java.util.Properties (java.base@11.0.9.1)
2186:            91           1456  java.util.concurrent.ConcurrentHashMap$EntrySetView (java.base@11.0.9.1)
2187:            10           1440  [Ljava.lang.invoke.MemberName; (java.base@11.0.9.1)
2188:            45           1440  com.fasterxml.jackson.databind.type.TypeBindings
2189:            30           1440  com.intellij.grazie.remote.RemoteLangDescriptor
2190:            30           1440  com.intellij.openapi.util.RecursionManager$CalculationStack
2191:             9           1440  com.intellij.openapi.wm.impl.status.InfoAndProgressPanel$ProgressPanelProgressIndicator
2192:            36           1440  com.intellij.psi.search.GlobalSearchScope$FileScope
2193:            90           1440  com.intellij.ui.tabs.impl.JBTabsImpl$$Lambda$5052/0x0000000802b55840
2194:            30           1440  com.sun.crypto.provider.GCTR (java.base@11.0.9.1)
2195:            30           1440  it.unimi.dsi.fastutil.objects.ReferenceOpenHashSet
2196:            60           1440  java.time.LocalDateTime (java.base@11.0.9.1)
2197:            30           1440  kotlin.reflect.jvm.internal.impl.serialization.deserialization.ProtoContainer$Class
2198:            30           1440  kotlin.reflect.jvm.internal.impl.serialization.deserialization.descriptors.DeserializedClassDescriptor$memberScopeHolder$1
2199:            45           1440  org.jetbrains.kotlin.lexer.KtSingleValueToken
2200:            60           1440  org.jetbrains.kotlin.psi.stubs.elements.KtStubElementType$$Lambda$596/0x00000008006a3840
2201:            30           1440  sun.java2d.loops.DrawGlyphListAA (java.desktop@11.0.9.1)
2202:            59           1416  com.intellij.openapi.actionSystem.MouseShortcut
2203:            59           1416  com.intellij.openapi.vcs.LocalFilePath
2204:            59           1416  com.intellij.openapi.wm.impl.content.ToolWindowContentUi$3
2205:            59           1416  com.intellij.patterns.StandardPatterns$3
2206:            59           1416  com.intellij.psi.impl.TypeCorrector
2207:            59           1416  com.intellij.util.lang.ClassLoadingLocks
2208:            59           1416  com.intellij.util.lang.ClasspathCache
2209:            59           1416  sun.font.FontLineMetrics (java.desktop@11.0.9.1)
2210:            44           1408  com.android.sdklib.repository.generated.common.v1.LibraryType
2211:             4           1408  com.android.tools.adtui.ui.DesignSurfaceToolbarUI$1
2212:            16           1408  com.intellij.configurationStore.schemeManager.SchemeManagerImpl
2213:            88           1408  com.intellij.ui.tabs.impl.JBTabsImpl$$Lambda$1507/0x0000000801134c40
2214:            88           1408  com.intellij.ui.tabs.impl.JBTabsImpl$$Lambda$1508/0x0000000801134040
2215:            88           1408  com.intellij.ui.tabs.impl.JBTabsImpl$$Lambda$1509/0x0000000801134440
2216:            88           1408  com.intellij.ui.tabs.impl.JBTabsImpl$$Lambda$1510/0x0000000801133840
2217:            88           1408  com.intellij.ui.tabs.impl.JBTabsImpl$1
2218:            88           1408  com.intellij.ui.tabs.impl.JBTabsImpl$2
2219:            88           1408  com.intellij.ui.tabs.impl.JBTabsImpl$3
2220:            88           1408  com.intellij.ui.tabs.layout.singleRowLayout.ScrollableSingleRowLayout$1
2221:            88           1408  com.intellij.ui.tabs.layout.singleRowLayout.SingleRowLayoutStrategy$Bottom
2222:            88           1408  com.intellij.ui.tabs.layout.singleRowLayout.SingleRowLayoutStrategy$Left
2223:            88           1408  com.intellij.ui.tabs.layout.singleRowLayout.SingleRowLayoutStrategy$Right
2224:            88           1408  com.intellij.ui.tabs.layout.singleRowLayout.SingleRowLayoutStrategy$Top
2225:            44           1408  com.intellij.util.io.BaseInputStreamReader
2226:            22           1408  sun.security.ssl.SignatureScheme (java.base@11.0.9.1)
2227:            35           1400  com.intellij.psi.impl.compiled.ClsReferenceExpressionImpl
2228:            25           1400  sun.security.ec.SunEC$ProviderService (jdk.crypto.ec@11.0.9.1)
2229:            58           1392  [Lcom.intellij.openapi.editor.impl.EditorImpl$CaretRectangle;
2230:            87           1392  com.intellij.openapi.actionSystem.impl.ActionMenu$MenuItemSynchronizer
2231:            58           1392  com.intellij.openapi.editor.LogicalPosition
2232:            58           1392  com.intellij.openapi.editor.impl.CaretImpl$VerticalInfo
2233:            87           1392  com.intellij.ui.AbstractExpandableItemsHandler$2
2234:            87           1392  com.intellij.ui.AbstractExpandableItemsHandler$3
2235:            87           1392  com.intellij.ui.AbstractExpandableItemsHandler$4
2236:            87           1392  com.intellij.ui.AbstractExpandableItemsHandler$5
2237:            87           1392  com.intellij.ui.AbstractExpandableItemsHandler$6
2238:            87           1392  com.intellij.ui.AbstractExpandableItemsHandler$7
2239:            58           1392  com.intellij.ui.plaf.beg.BegMenuItemUI$MyMouseInputHandler
2240:            87           1392  com.intellij.ui.popup.MovablePopup$$Lambda$714/0x0000000800831840
2241:            87           1392  com.intellij.ui.popup.MovablePopup$1
2242:             3           1392  javax.swing.JTextArea (java.desktop@11.0.9.1)
2243:            29           1392  org.apache.commons.collections4.trie.PatriciaTrie
2244:            53           1384  [Lcom.intellij.openapi.actionSystem.KeyboardShortcut;
2245:            15           1376  [Ljava.lang.Byte; (java.base@11.0.9.1)
2246:            41           1376  [Ljava.math.BigInteger; (java.base@11.0.9.1)
2247:             1           1376  [Ljdk.internal.math.FDBigInteger; (java.base@11.0.9.1)
2248:            43           1376  com.apple.eawt.event.GestureHandler (java.desktop@11.0.9.1)
2249:            86           1376  com.intellij.openapi.editor.impl.event.EditorEventMulticasterImpl$1
2250:            43           1376  com.intellij.openapi.progress.EmptyProgressIndicator
2251:            43           1376  com.intellij.psi.impl.source.PsiClassImpl
2252:            86           1376  com.intellij.ui.tabs.impl.DefaultTabPainterAdapter
2253:            86           1376  sun.nio.ch.FileChannelImpl$Closer (java.base@11.0.9.1)
2254:            86           1376  sun.nio.ch.FileDispatcherImpl (java.base@11.0.9.1)
2255:             9           1368  com.intellij.debugger.jdi.VirtualMachineProxyImpl
2256:            19           1368  com.intellij.ui.HintHint
2257:            19           1368  it.unimi.dsi.fastutil.objects.Object2ObjectOpenCustomHashMap
2258:             1           1360  [Lsun.security.ssl.CipherSuite; (java.base@11.0.9.1)
2259:            34           1360  com.intellij.openapi.wm.impl.FrameInfo
2260:            17           1360  com.intellij.psi.impl.source.tree.java.JavaFileElement
2261:            34           1360  com.intellij.ui.TreeSpeedSearch$MySelectAllAction
2262:            17           1360  com.intellij.xdebugger.impl.inline.InlineWatchesRootNode$1
2263:            34           1360  com.sun.xml.bind.v2.runtime.property.AttributeProperty
2264:            56           1344  [Lkotlin.reflect.jvm.internal.impl.descriptors.TypeParameterDescriptor;
2265:            56           1344  [Lkotlin.reflect.jvm.internal.impl.types.TypeProjection;
2266:            42           1344  com.intellij.openapi.fileTypes.FileTypeExtensionPoint
2267:            42           1344  com.intellij.psi.impl.compiled.ClsIdentifierImpl
2268:            56           1344  com.intellij.ui.AnimatedIcon$1
2269:            84           1344  com.intellij.util.io.keyStorage.InlinedKeyStorage
2270:            42           1344  com.intellij.xml.impl.schema.XmlElementDescriptorImpl
2271:            28           1344  com.sun.jna.Function
2272:            28           1344  it.unimi.dsi.fastutil.objects.ObjectOpenHashSet
2273:            42           1344  javax.swing.JComponent$ActionStandin (java.desktop@11.0.9.1)
2274:            56           1344  kotlin.reflect.jvm.internal.impl.resolve.scopes.SubstitutingScope$_allDescriptors$2
2275:            28           1344  kotlin.reflect.jvm.internal.impl.serialization.deserialization.descriptors.DeserializedClassDescriptor$DeserializedClassMemberScope
2276:            56           1344  kotlin.reflect.jvm.internal.impl.types.IndexedParametersSubstitution
2277:            18           1328  [Lcom.intellij.psi.xml.XmlTag;
2278:             1           1328  [Ljava.lang.Character$UnicodeBlock; (java.base@11.0.9.1)
2279:            39           1328  [Lorg.intellij.plugins.intelliLang.inject.config.InjectionPlace;
2280:            83           1328  com.android.repository.impl.generated.generic.v1.GenericDetailsType
2281:            83           1328  com.intellij.codeInsight.hints.filtering.StringMatcherImpl
2282:            83           1328  com.intellij.psi.controlFlow.EmptyInstruction
2283:            83           1328  com.sun.proxy.$Proxy20
2284:            55           1320  com.intellij.codeInsight.template.impl.TemplateBase$Segment
2285:            33           1320  com.intellij.execution.impl.ConsoleViewImpl$HyperlinkNavigationAction
2286:            55           1320  com.intellij.openapi.editor.impl.view.LineLayout$WithSize
2287:            55           1320  com.intellij.openapi.util.ClassExtensionPoint$1
2288:            55           1320  com.intellij.openapi.util.ClearableLazyValue$1
2289:            55           1320  java.lang.StringCoding$Result (java.base@11.0.9.1)
2290:            33           1320  java.math.BigDecimal (java.base@11.0.9.1)
2291:            55           1320  javax.swing.plaf.InputMapUIResource (java.desktop@11.0.9.1)
2292:            55           1320  org.intellij.lang.xpath.XPathElementType
2293:            15           1320  sun.security.ssl.TransportContext (java.base@11.0.9.1)
2294:            82           1312  com.intellij.execution.filters.BrowserHyperlinkInfo
2295:            41           1312  com.intellij.openapi.editor.impl.DefaultEditorTextRepresentationHelper
2296:            41           1312  com.intellij.openapi.editor.impl.EditorImpl$CaretCursor
2297:            82           1312  com.intellij.openapi.editor.impl.EditorImpl$OpaqueAwareScrollBar$$Lambda$1554/0x00000008011ae040
2298:            82           1312  com.intellij.openapi.editor.impl.EditorImpl$OpaqueAwareScrollBar$$Lambda$1555/0x00000008011ae440
2299:            41           1312  com.intellij.openapi.editor.impl.EditorSizeAdjustmentStrategy
2300:            41           1312  com.intellij.openapi.editor.impl.FocusModeModel
2301:            41           1312  com.intellij.util.io.MappedFileInputStream
2302:            82           1312  com.intellij.workspaceModel.storage.CachedValue
2303:            41           1312  java.awt.desktop.SystemHotkey (java.desktop@11.0.9.1)
2304:             3           1296  com.intellij.codeInsight.lookup.impl.LookupImpl$1
2305:            54           1296  com.intellij.internal.statistic.eventLog.events.VarargEventId
2306:            81           1296  com.intellij.openapi.actionSystem.impl.actionholder.IdActionRef
2307:            54           1296  com.intellij.openapi.externalSystem.autoimport.changes.AsyncFilesChangesProviderBase$ModificationData
2308:            54           1296  com.intellij.openapi.ui.ThreeComponentsSplitter$Divider$1
2309:             9           1296  com.intellij.openapi.wm.impl.status.InfoAndProgressPanel$MyInlineProgressIndicator
2310:            54           1296  com.intellij.util.CachedValueImpl
2311:            54           1296  com.intellij.util.indexing.MapDataExternalizer
2312:            27           1296  com.jetbrains.jdi.EventRequestManagerImpl$ClassPrepareRequestImpl
2313:            81           1296  javax.swing.text.html.HTML$Attribute (java.desktop@11.0.9.1)
2314:            27           1296  sun.java2d.loops.BlitBg (java.desktop@11.0.9.1)
2315:            23           1288  com.intellij.openapi.actionSystem.EmptyAction$DelegatingCompactActionGroup
2316:            23           1288  com.intellij.psi.impl.source.tree.java.NameValuePairElement
2317:            23           1288  com.intellij.ui.TreeSpeedSearch
2318:            64           1280  [Lcom.sun.jna.FromNativeConverter;
2319:            32           1280  com.intellij.codeInspection.naming.NamingConventionWithFallbackBean
2320:            32           1280  com.intellij.execution.impl.RunnerAndConfigurationSettingsImpl$configurationPerRunnerSettings$1
2321:            32           1280  com.intellij.execution.impl.RunnerAndConfigurationSettingsImpl$runnerSettings$1
2322:            32           1280  com.intellij.ide.actions.NextOccurenceToolbarAction
2323:            32           1280  com.intellij.ide.actions.PreviousOccurenceToolbarAction
2324:            20           1280  com.intellij.psi.impl.source.tree.PsiErrorElementImpl
2325:            20           1280  com.intellij.psi.impl.source.tree.java.PsiParenthesizedExpressionImpl
2326:            40           1280  com.intellij.ui.mac.touchbar.ProjectData$EditorData
2327:            32           1280  java.lang.invoke.VarHandleObjects$FieldInstanceReadWrite (java.base@11.0.9.1)
2328:            53           1272  com.intellij.codeInsight.daemon.impl.HighlightInfoType$HighlightInfoTypeImpl
2329:             3           1272  com.intellij.ui.components.JBList
2330:            53           1272  com.intellij.util.indexing.ID
2331:            41           1264  [Lorg.apache.xerces.impl.xs.traversers.OneAttr;
2332:             2           1264  com.intellij.openapi.fileEditor.impl.EditorTabbedContainer$EditorTabs
2333:            79           1264  com.intellij.psi.impl.ElementPresentationUtil$$Lambda$3042/0x0000000801caf040
2334:            79           1264  com.intellij.util.containers.ContainerUtil$ImmutableListBackedByList
2335:            39           1248  [Lsun.nio.fs.NativeBuffer; (java.base@11.0.9.1)
2336:            78           1248  com.ibm.icu.impl.CacheValue$SoftValue
2337:            26           1248  com.intellij.configurationStore.ComponentWithStateModificationTrackerInfo
2338:            26           1248  com.intellij.openapi.MnemonicWrapper$MenuWrapper
2339:            52           1248  com.intellij.patterns.XmlAttributeValuePattern$2
2340:            78           1248  com.intellij.util.containers.JBIterable$$Lambda$682/0x0000000800817840
2341:            78           1248  com.intellij.util.containers.JBIterable$Multi
2342:            52           1248  com.intellij.util.indexing.FileBasedIndexImpl$$Lambda$573/0x0000000800636440
2343:            52           1248  com.sun.xml.bind.v2.model.core.Adapter
2344:            52           1248  kotlin.reflect.jvm.internal.KPackageImpl
2345:            52           1248  kotlin.reflect.jvm.internal.KPackageImpl$data$1
2346:            39           1248  kotlin.reflect.jvm.internal.impl.descriptors.impl.ReceiverParameterDescriptorImpl
2347:            12           1248  org.HdrHistogram.RecordedValuesIterator
2348:            39           1248  sun.nio.fs.NativeBuffer (java.base@11.0.9.1)
2349:            13           1248  sun.util.calendar.Gregorian$Date (java.base@11.0.9.1)
2350:            31           1240  com.intellij.openapi.actionSystem.EmptyAction$MyDelegatingAction
2351:            31           1240  java.awt.BasicStroke (java.desktop@11.0.9.1)
2352:            22           1232  com.intellij.psi.impl.source.tree.java.ClassElement
2353:            77           1232  com.intellij.psi.stubs.SerializationManager$$Lambda$595/0x00000008006a4440
2354:             9           1224  com.intellij.debugger.engine.DebugProcessEvents
2355:             3           1224  com.intellij.ide.util.treeView.NodeRenderer
2356:            51           1224  com.intellij.openapi.editor.CaretModel$$Lambda$1585/0x00000008011fc040
2357:             9           1224  com.intellij.openapi.progress.impl.BackgroundableProcessIndicator
2358:            17           1224  com.intellij.psi.impl.source.tree.LazyParseableElement
2359:            51           1224  com.intellij.psi.stubs.StubIndexKey
2360:             3           1224  com.intellij.xml.breadcrumbs.PsiBreadcrumbs
2361:            17           1224  kotlin.reflect.jvm.internal.impl.serialization.deserialization.descriptors.DeserializedClassDescriptor$DeserializedClassMemberScope
2362:            38           1216  com.fasterxml.jackson.core.io.SerializedString
2363:            76           1216  com.intellij.execution.ui.layout.impl.GridCellImpl$$Lambda$5063/0x0000000802b53440
2364:            76           1216  com.intellij.execution.ui.layout.impl.GridCellImpl$$Lambda$5065/0x0000000802b52c40
2365:            76           1216  com.intellij.execution.ui.layout.impl.GridCellImpl$1
2366:            76           1216  com.intellij.execution.ui.layout.impl.GridCellImpl$2
2367:            38           1216  com.intellij.ide.ui.laf.darcula.ui.TextFieldWithPopupHandlerUI$IconHolder
2368:            76           1216  com.intellij.openapi.util.KeyedExtensionCollector$MyExtensionPointListener
2369:            19           1216  com.intellij.psi.impl.source.tree.java.PsiTypeCastExpressionImpl
2370:            76           1216  com.intellij.psi.impl.source.xml.XmlTagDelegate$$Lambda$2203/0x000000080175f440
2371:            76           1216  com.intellij.ui.IconWrapperWithToolTipComposite
2372:            19           1216  com.intellij.ui.components.JBTextField$1
2373:            38           1216  com.intellij.ui.mac.touchbar.ProjectData$ToolWindowData
2374:            76           1216  com.sun.proxy.$Proxy35
2375:            19           1216  io.netty.util.Recycler$Stack
2376:            38           1216  javax.swing.plaf.basic.BasicTextUI$FocusAction (java.desktop@11.0.9.1)
2377:            38           1216  javax.swing.text.DefaultHighlighter$SafeDamager (java.desktop@11.0.9.1)
2378:            38           1216  org.apache.xerces.impl.xs.XSWildcardDecl
2379:            19           1216  sun.java2d.marlin.DCollinearSimplifier (java.desktop@11.0.9.1)
2380:            19           1216  sun.java2d.marlin.DTransformingPathConsumer2D (java.desktop@11.0.9.1)
2381:            38           1216  sun.java2d.marlin.DTransformingPathConsumer2D$DeltaScaleFilter (java.desktop@11.0.9.1)
2382:            38           1216  sun.java2d.marlin.IntArrayCache (java.desktop@11.0.9.1)
2383:            41           1200  [Ljava.lang.ClassLoader; (java.base@11.0.9.1)
2384:             5           1200  [Ljava.lang.Long; (java.base@11.0.9.1)
2385:            75           1200  com.android.repository.impl.generated.v1.PatchesType
2386:            25           1200  com.intellij.codeInsight.daemon.impl.PassExecutorService$ScheduledPass
2387:            25           1200  com.intellij.lang.LanguageExtension
2388:            75           1200  com.intellij.psi.impl.source.resolve.ResolveCache$StrongValueReference
2389:            50           1200  com.intellij.util.KeyedLazyInstanceEP$1
2390:            50           1200  com.intellij.util.indexing.impl.InputIndexDataExternalizer
2391:            30           1200  com.sun.crypto.provider.GHASH (java.base@11.0.9.1)
2392:            50           1200  java.lang.module.ResolvedModule (java.base@11.0.9.1)
2393:            30           1200  java.time.temporal.ChronoField (java.base@11.0.9.1)
2394:            75           1200  java.util.IdentityHashMap$KeySet (java.base@11.0.9.1)
2395:            25           1200  java.util.concurrent.ArrayBlockingQueue (java.base@11.0.9.1)
2396:            75           1200  java.util.concurrent.ConcurrentHashMap$ValuesView (java.base@11.0.9.1)
2397:            30           1200  java.util.regex.Pattern$Loop (java.base@11.0.9.1)
2398:             3           1200  javax.swing.DefaultListCellRenderer (java.desktop@11.0.9.1)
2399:            50           1200  jdk.internal.module.SystemModuleFinders$2 (java.base@11.0.9.1)
2400:            50           1200  jdk.internal.module.SystemModuleFinders$SystemModuleReader (java.base@11.0.9.1)
2401:            10           1200  kotlin.reflect.jvm.internal.impl.serialization.deserialization.descriptors.DeserializedPropertyDescriptor
2402:            30           1200  org.jetbrains.kotlin.idea.inspections.NamingConventionInspectionSettings
2403:            25           1200  sun.font.FontStrikeDisposer (java.desktop@11.0.9.1)
2404:            15           1200  sun.security.ssl.SSLConfiguration (java.base@11.0.9.1)
2405:            37           1184  com.intellij.psi.controlFlow.ControlFlowImpl$ImmutableControlFlow
2406:            74           1184  com.sun.proxy.$Proxy22
2407:            37           1184  java.lang.StringBuffer (java.base@11.0.9.1)
2408:            37           1184  sun.security.x509.URIName (java.base@11.0.9.1)
2409:            21           1176  com.intellij.execution.configurations.coverage.JavaCoverageEnabledConfiguration
2410:            49           1176  com.intellij.openapi.editor.actionSystem.EditorActionHandlerBean
2411:            21           1176  com.intellij.openapi.ui.LoadingDecorator$1
2412:            21           1176  com.intellij.psi.codeStyle.MinusculeMatcherImpl
2413:            49           1176  com.intellij.util.indexing.impl.forward.PersistentMapBasedForwardIndex
2414:            49           1176  com.intellij.util.io.FileAccessorCache$Handle
2415:            49           1176  jdk.internal.loader.BuiltinClassLoader$LoadedModule (java.base@11.0.9.1)
2416:            29           1160  java.io.ObjectStreamClass$FieldReflector (java.base@11.0.9.1)
2417:            29           1160  java.util.HashMap$ValueIterator (java.base@11.0.9.1)
2418:            29           1160  javax.swing.plaf.basic.BasicListUI$Handler (java.desktop@11.0.9.1)
2419:            16           1152  com.fasterxml.jackson.databind.introspect.AnnotatedClass
2420:            24           1152  com.intellij.build.SuccessfulStepsToggleAction
2421:            24           1152  com.intellij.build.WarningsToggleAction
2422:             6           1152  com.intellij.codeInsight.completion.CompletionProgressIndicator
2423:            72           1152  com.intellij.debugger.ui.tree.render.UnboxableTypeRenderer$$Lambda$5126/0x0000000802c0a840
2424:            36           1152  com.intellij.execution.runners.ExecutionUtil$1
2425:            12           1152  com.intellij.ide.projectView.impl.nodes.ClassTreeNode
2426:            72           1152  com.intellij.openapi.actionSystem.impl.actionholder.SimpleActionRef
2427:            48           1152  com.intellij.openapi.vfs.impl.VirtualFilePointerManagerImpl$1
2428:            48           1152  com.intellij.openapi.wm.FocusWatcher
2429:            18           1152  com.intellij.openapi.wm.impl.content.ToolWindowContentUi
2430:            36           1152  com.intellij.patterns.PsiElementPattern$6
2431:            48           1152  com.intellij.psi.codeStyle.PackageEntry
2432:            48           1152  com.intellij.ui.mac.touchbar.TBItemButton$$Lambda$1924/0x0000000801490840
2433:            72           1152  com.intellij.ui.tabs.impl.TabLabel$$Lambda$1698/0x000000080129e840
2434:            72           1152  com.intellij.ui.tabs.impl.TabLabel$$Lambda$1699/0x000000080129ec40
2435:             9           1152  com.intellij.xdebugger.impl.XDebugSessionImpl
2436:             3           1152  com.intellij.xml.breadcrumbs.BreadcrumbsXmlWrapper
2437:            18           1152  com.sun.org.apache.xerces.internal.impl.XMLEntityScanner (java.xml@11.0.9.1)
2438:            18           1152  com.sun.org.apache.xerces.internal.impl.XMLStreamReaderImpl (java.xml@11.0.9.1)
2439:            36           1152  com.sun.org.apache.xerces.internal.util.XMLResourceIdentifierImpl (java.xml@11.0.9.1)
2440:            36           1152  java.awt.CardLayout (java.desktop@11.0.9.1)
2441:            48           1152  java.awt.CardLayout$Card (java.desktop@11.0.9.1)
2442:            24           1152  java.lang.ProcessHandleImpl (java.base@11.0.9.1)
2443:            16           1152  java.util.concurrent.ThreadPoolExecutor (java.base@11.0.9.1)
2444:            36           1152  javax.swing.plaf.InsetsUIResource (java.desktop@11.0.9.1)
2445:            36           1152  javax.swing.plaf.basic.BasicTextUI$BasicHighlighter (java.desktop@11.0.9.1)
2446:             3           1152  jdk.internal.misc.InnocuousThread (java.base@11.0.9.1)
2447:            18           1152  org.apache.oro.text.regex.Perl5Pattern
2448:            36           1152  org.jetbrains.kotlin.diagnostics.DiagnosticFactory3
2449:            16           1152  org.jetbrains.mvstore.MVMap
2450:            48           1152  org.jetbrains.plugins.textmate.configuration.BundleConfigBean
2451:            47           1128  java.util.concurrent.ConcurrentLinkedDeque$Node (java.base@11.0.9.1)
2452:            47           1128  kotlin.reflect.jvm.internal.impl.utils.SmartSet
2453:            14           1120  [Lcom.intellij.util.containers.SLRUMap;
2454:            50           1120  [Ljava.util.function.BooleanSupplier; (java.base@11.0.9.1)
2455:            28           1120  com.android.resources.ResourceType
2456:            35           1120  com.intellij.javaee.ExternalResourceManagerExImpl$Resource
2457:            20           1120  com.intellij.openapi.MnemonicWrapper$ButtonWrapper
2458:            28           1120  com.intellij.ui.jcef.HwFacadeHelper
2459:            70           1120  com.siyeh.ipp.base.Intention$$Lambda$3851/0x00000008022b3440
2460:            14           1120  com.sun.jna.Structure$FFIType
2461:            10           1120  io.netty.channel.socket.nio.NioSocketChannel
2462:            70           1120  it.unimi.dsi.fastutil.ints.Int2ObjectOpenHashMap$MapEntrySet
2463:            28           1120  java.io.ObjectOutputStream$BlockDataOutputStream (java.base@11.0.9.1)
2464:            70           1120  java.util.Comparator$$Lambda$121/0x0000000800208440 (java.base@11.0.9.1)
2465:            35           1120  javax.swing.plaf.basic.BasicTextUI$TextActionWrapper (java.desktop@11.0.9.1)
2466:            28           1120  kotlin.reflect.jvm.internal.impl.storage.LockBasedStorageManager$4
2467:            35           1120  org.jetbrains.kotlin.lexer.KtModifierKeywordToken
2468:            10           1120  sun.nio.ch.SocketChannelImpl (java.base@11.0.9.1)
2469:            28           1120  sun.rmi.transport.StreamRemoteCall (java.rmi@11.0.9.1)
2470:             3           1104  com.intellij.codeInsight.lookup.impl.LookupUi$LookupLayeredPane
2471:            23           1104  com.intellij.openapi.options.BeanConfigurable$2
2472:            23           1104  com.intellij.openapi.ui.ThreeComponentsSplitter$MyFocusTraversalPolicy
2473:            69           1104  com.intellij.xml.breadcrumbs.BreadcrumbsPanel$$Lambda$2588/0x0000000801a58840
2474:            23           1104  java.lang.ProcessImpl (java.base@11.0.9.1)
2475:            23           1104  java.lang.invoke.BoundMethodHandle$Species_LLLL (java.base@11.0.9.1)
2476:            32           1096  [Lcom.intellij.openapi.editor.FoldRegion;
2477:             2           1088  com.android.tools.idea.uibuilder.surface.NlDesignSurface
2478:            17           1088  com.ibm.icu.text.PluralRules$FixedDecimal
2479:            68           1088  com.intellij.openapi.editor.impl.EditorMarkupModelImpl$BasicTooltipRendererProvider
2480:            34           1088  com.intellij.openapi.fileEditor.impl.text.PsiAwareTextEditorProvider$PsiAwareEditorWrapper
2481:            68           1088  com.intellij.openapi.ui.ShadowAction$2
2482:            34           1088  com.intellij.ui.tree.ui.DefaultControl
2483:            34           1088  com.intellij.util.KeyedLazyInstanceEP
2484:             8           1088  com.intellij.util.containers.ConcurrentIntObjectHashMap$CounterCell
2485:            34           1088  com.intellij.util.ui.JBInsets$JBInsetsUIResource
2486:            34           1088  java.util.UUID (java.base@11.0.9.1)
2487:            34           1088  sun.security.ssl.Alert (java.base@11.0.9.1)
2488:            27           1080  com.intellij.codeInsight.intention.impl.IntentionActionWithTextCaching
2489:             3           1080  com.intellij.codeInsight.lookup.impl.LookupCellRenderer$LookupPanel
2490:            45           1080  com.intellij.openapi.extensions.ExtensionPointUtil$1
2491:            45           1080  com.intellij.openapi.wm.impl.status.ProgressButton
2492:            15           1080  com.intellij.ui.components.breadcrumbs.Breadcrumbs$CrumbView
2493:            15           1080  java.text.DecimalFormatSymbols (java.base@11.0.9.1)
2494:            27           1080  kotlin.reflect.jvm.internal.impl.metadata.jvm.deserialization.JvmMetadataVersion
2495:            45           1080  kotlin.text.Regex
2496:            45           1080  sun.font.FontDesignMetrics$MetricsKey (java.desktop@11.0.9.1)
2497:            15           1080  sun.security.ssl.SSLSocketImpl (java.base@11.0.9.1)
2498:            30           1072  [Ljavax.swing.text.html.CSS$Attribute; (java.desktop@11.0.9.1)
2499:            67           1072  com.intellij.codeInspection.dataFlow.types.DfIntConstantType
2500:            19           1064  java.lang.invoke.BoundMethodHandle$Species_LIILLL (java.base@11.0.9.1)
2501:            19           1064  sun.java2d.marlin.DMarlinRenderingEngine$NormalizingPathIterator$NearestPixelCenter (java.desktop@11.0.9.1)
2502:            19           1064  sun.java2d.marlin.DMarlinRenderingEngine$NormalizingPathIterator$NearestPixelQuarter (java.desktop@11.0.9.1)
2503:            19           1064  sun.util.calendar.ZoneInfo (java.base@11.0.9.1)
2504:            44           1056  com.fasterxml.jackson.databind.type.TypeBindings$AsKey
2505:            11           1056  com.intellij.build.AbstractViewManager$BuildInfo
2506:            12           1056  com.intellij.build.BuildTreeConsoleView
2507:             3           1056  com.intellij.build.MultipleBuildsView$MultipleBuildsPanel
2508:            33           1056  com.intellij.execution.impl.AsyncFilterRunner
2509:            33           1056  com.intellij.execution.impl.ConsoleViewImpl$2
2510:            33           1056  com.intellij.execution.impl.ConsoleViewImpl$ClearRunnable
2511:            33           1056  com.intellij.execution.impl.TokenBuffer
2512:            11           1056  com.intellij.ide.projectView.impl.nodes.PsiFileNode
2513:            11           1056  com.intellij.openapi.progress.util.ProgressDialog
2514:            44           1056  com.intellij.patterns.PsiElementPattern$5
2515:            66           1056  com.intellij.psi.impl.file.PsiPackageImpl$PackageAnnotationValueProvider
2516:            66           1056  com.intellij.psi.impl.source.xml.XmlTagDelegate$$Lambda$5312/0x0000000802d05840
2517:            66           1056  com.intellij.psi.impl.source.xml.XmlTagDelegate$1
2518:             3           1056  com.intellij.ui.components.panels.OpaquePanel
2519:            44           1056  com.intellij.util.io.BaseDataReader$$Lambda$111/0x00000008001cd840
2520:            33           1056  io.netty.util.Recycler$DefaultHandle
2521:            33           1056  java.awt.geom.Point2D$Double (java.desktop@11.0.9.1)
2522:            33           1056  java.lang.ProcessHandleImpl$1 (java.base@11.0.9.1)
2523:            44           1056  java.lang.module.ModuleDescriptor$Provides (java.base@11.0.9.1)
2524:            44           1056  java.time.LocalDate (java.base@11.0.9.1)
2525:            12           1056  javax.swing.text.LabelView (java.desktop@11.0.9.1)
2526:            33           1056  kotlin.reflect.jvm.internal.impl.descriptors.ScopesHolderForClass
2527:            22           1056  kotlin.reflect.jvm.internal.impl.load.kotlin.header.KotlinClassHeader
2528:            44           1056  kotlin.text.Regex
2529:             3           1056  org.infernus.idea.checkstyle.ui.CheckStyleInspectionPanel
2530:            50           1048  [Lcom.intellij.openapi.application.constraints.ConstrainedExecution$ContextConstraint;
2531:             1           1040  [Lcom.intellij.ui.Gray;
2532:             1           1040  [Ljava.lang.Short; (java.base@11.0.9.1)
2533:            44           1040  [Ljava.util.Collection; (java.base@11.0.9.1)
2534:            19           1040  [Ljava.util.Map; (java.base@11.0.9.1)
2535:            22           1040  [[Ljava.lang.String; (java.base@11.0.9.1)
2536:            26           1040  java.awt.SystemColor (java.desktop@11.0.9.1)
2537:            26           1040  kotlin.reflect.jvm.internal.impl.protobuf.GeneratedMessageLite$GeneratedExtension
2538:            26           1040  kotlin.reflect.jvm.internal.impl.protobuf.GeneratedMessageLite$GeneratedExtension
2539:             2           1040  org.jetbrains.idea.maven.navigator.MavenProjectsNavigator$6
2540:            43           1032  com.intellij.codeInspection.dataFlow.TypeConstraint$Constrained
2541:            43           1032  com.intellij.internal.ml.CategoricalFeature$CategoryMapper
2542:            43           1032  com.intellij.openapi.application.impl.ReadMostlyRWLock$Reader
2543:            43           1032  com.intellij.openapi.editor.impl.EditorImpl$$Lambda$1586/0x00000008011fc440
2544:            43           1032  com.intellij.patterns.XmlNamedElementPattern$1
2545:            43           1024  [Lcom.intellij.psi.PsiTypeParameter;
2546:            32           1024  com.intellij.execution.configurations.RunConfigurationOptions$OutputFileOptions
2547:            32           1024  com.intellij.openapi.util.VolatileNullableLazyValue$1
2548:            16           1024  com.intellij.psi.codeStyle.CommonCodeStyleSettings$IndentOptions
2549:            16           1024  com.intellij.psi.impl.source.tree.java.PsiResourceVariableImpl
2550:            32           1024  com.intellij.util.containers.IntObjectLRUMap
2551:            32           1024  com.intellij.util.lang.ClassLoadingLocks$WeakLockReference
2552:            32           1024  io.netty.handler.codec.CodecOutputList
2553:            64           1024  java.util.concurrent.Executors$PrivilegedThreadFactory$1$1 (java.base@11.0.9.1)
2554:            64           1024  kotlin.reflect.jvm.internal.impl.metadata.deserialization.TypeTable
2555:            64           1024  kotlin.script.experimental.jvm.JvmDependency
2556:            16           1024  sun.lwawt.macosx.CPlatformResponder (java.desktop@11.0.9.1)
2557:            42           1008  [Ljava.awt.Point; (java.desktop@11.0.9.1)
2558:            30           1008  [Ljava.time.format.DateTimeFormatterBuilder$DateTimePrinterParser; (java.base@11.0.9.1)
2559:            21           1008  com.google.common.cache.LocalCache$StrongAccessEntry
2560:            63           1008  com.intellij.debugger.ui.tree.render.CompoundRendererProvider$$Lambda$5128/0x0000000802c0a040
2561:            42           1008  com.intellij.internal.statistic.eventLog.events.EventId
2562:            18           1008  com.intellij.openapi.wm.impl.ToolWindowHeader$1
2563:            42           1008  com.intellij.ui.MouseMovementTracker
2564:            18           1008  com.intellij.ui.TableExpandableItemsHandler
2565:            18           1008  com.intellij.ui.table.JBTable$1
2566:            18           1008  com.intellij.vcs.log.impl.VcsCommitMetadataImpl
2567:            63           1008  com.siyeh.ig.callMatcher.CallMapper$$Lambda$3643/0x00000008021bc040
2568:            18           1008  com.sun.org.apache.xerces.internal.util.XMLAttributesIteratorImpl (java.xml@11.0.9.1)
2569:            42           1008  java.util.jar.Attributes$Name (java.base@11.0.9.1)
2570:            42           1008  javax.crypto.spec.SecretKeySpec (java.base@11.0.9.1)
2571:            42           1008  kotlin.script.experimental.util.PropertiesCollection$PropertyKeyDelegate
2572:             9           1008  org.jetbrains.idea.maven.navigator.MavenProjectsStructure$PluginNode
2573:            14           1008  sun.security.ssl.SSLCipher (java.base@11.0.9.1)
2574:            21           1008  sun.util.resources.Bundles$BundleReference (java.base@11.0.9.1)
2575:            44           1000  [Lsun.security.ssl.ProtocolVersion; (java.base@11.0.9.1)
2576:            25           1000  com.intellij.openapi.actionSystem.Separator
2577:            25           1000  com.intellij.openapi.fileTypes.SyntaxHighlighterFactoryEP
2578:            25           1000  in.oneton.idea.spring.assistant.plugin.suggestion.metadata.MetadataNonPropertySuggestionNode
2579:            25           1000  java.io.FileOutputStream (java.base@11.0.9.1)
2580:            25           1000  jdk.internal.reflect.UnsafeQualifiedStaticIntegerFieldAccessorImpl (java.base@11.0.9.1)
2581:            25           1000  org.jetbrains.kotlin.psi.stubs.elements.KtPlaceHolderStubElementType
2582:            32            992  [Ljava.security.cert.Certificate; (java.base@11.0.9.1)
2583:            62            992  com.intellij.build.events.impl.SuccessResultImpl
2584:             2            992  com.intellij.execution.actions.RunConfigurationsComboBoxAction$1
2585:            31            992  com.intellij.grazie.detector.model.Language
2586:            31            992  com.intellij.openapi.components.ComponentConfig
2587:            31            992  java.lang.invoke.VarHandle$AccessMode (java.base@11.0.9.1)
2588:            62            992  java.nio.channels.spi.AbstractInterruptibleChannel$1 (java.base@11.0.9.1)
2589:            41            984  com.intellij.openapi.editor.impl.DefaultEditorTextRepresentationHelper$Key
2590:            41            984  com.intellij.openapi.editor.impl.EditorComponentImpl$EditorAccessibilityDocument
2591:            41            984  com.intellij.openapi.editor.impl.EditorFilteringMarkupModelEx
2592:            41            984  com.intellij.openapi.editor.impl.EditorImpl$3
2593:            41            984  com.intellij.openapi.editor.impl.EditorImpl$MyTransferHandler
2594:            41            984  com.intellij.openapi.editor.impl.FocusModeModel$1
2595:            41            984  com.intellij.openapi.editor.impl.FoldingModelImpl$1
2596:            41            984  com.intellij.openapi.editor.impl.ImmediatePainter
2597:            41            984  com.intellij.openapi.editor.impl.IndentsModelImpl
2598:            41            984  com.intellij.openapi.editor.impl.ScrollingModelImpl$MyChangeListener
2599:            41            984  com.intellij.openapi.editor.impl.SelectionModelImpl
2600:            41            984  com.intellij.openapi.editor.impl.softwrap.CompositeSoftWrapPainter
2601:            41            984  com.intellij.openapi.editor.impl.softwrap.SoftWrapsStorage
2602:            41            984  com.intellij.openapi.editor.impl.softwrap.mapping.CachingSoftWrapDataMapper
2603:            41            984  com.intellij.openapi.editor.impl.view.CharWidthCache
2604:            41            984  com.intellij.openapi.editor.impl.view.EditorCoordinateMapper
2605:            41            984  com.intellij.openapi.editor.impl.view.TabFragment
2606:            41            984  com.intellij.ui.mac.MacGestureSupportForEditor
2607:            41            984  com.intellij.ui.mac.MacGestureSupportForEditor$1
2608:            41            984  com.intellij.util.containers.ThreadLocalRandom$Tlr
2609:            41            984  gnu.trove.TIntArrayList
2610:            41            984  gnu.trove.TLongArrayList
2611:            41            984  java.awt.Window$WindowDisposerRecord (java.desktop@11.0.9.1)
2612:            41            984  javax.swing.plaf.ActionMapUIResource (java.desktop@11.0.9.1)
2613:            40            976  [Lcom.intellij.openapi.fileTypes.FileType;
2614:            61            976  com.intellij.codeInspection.dataFlow.Mutability$$Lambda$4230/0x00000008027cd440
2615:             2            976  com.intellij.openapi.actionSystem.ex.ComboBoxAction$ComboBoxButton
2616:            61            976  java.util.concurrent.CopyOnWriteArraySet (java.base@11.0.9.1)
2617:            11            968  com.intellij.notification.Notification
2618:            11            968  com.intellij.openapi.editor.richcopy.view.HtmlTransferableData
2619:            11            968  com.intellij.openapi.progress.util.ProgressWindow$MyDelegate
2620:            24            960  com.android.sdklib.repository.generated.addon.v1.AddonDetailsType
2621:            24            960  com.intellij.build.CompositeView$SwitchViewAction
2622:            30            960  com.intellij.codeInsight.completion.OffsetMap
2623:            40            960  com.intellij.codeInsight.daemon.impl.TextEditorBackgroundHighlighter
2624:            40            960  com.intellij.codeInsight.hints.filtering.Matcher
2625:             2            960  com.intellij.ide.navigationToolbar.experimental.SearchEverywhereNewToolbarAction$createCustomComponent$1
2626:             2            960  com.intellij.ide.projectView.impl.ProjectViewPane$1
2627:            40            960  com.intellij.internal.statistic.eventLog.events.EventId1
2628:            40            960  com.intellij.openapi.editor.impl.EditorImpl$$Lambda$1629/0x0000000801236040
2629:            40            960  com.intellij.openapi.editor.impl.EditorMarkupModelImpl$7
2630:            40            960  com.intellij.openapi.editor.impl.InspectionPopupManager$2
2631:            30            960  com.intellij.openapi.editor.impl.StripedIDGenerator$NextPair
2632:            30            960  com.intellij.patterns.TreeElementPattern$5
2633:            12            960  com.intellij.ui.tabs.impl.DragHelper
2634:            40            960  com.intellij.util.ui.accessibility.ScreenReader$1
2635:            30            960  com.sun.crypto.provider.AESCrypt (java.base@11.0.9.1)
2636:            40            960  git4idea.commands.GitCommand
2637:            30            960  it.unimi.dsi.fastutil.ints.Int2ObjectRBTreeMap$Entry
2638:            40            960  java.io.ObjectStreamClass$ClassDataSlot (java.base@11.0.9.1)
2639:            15            960  java.lang.invoke.BoundMethodHandle$Species_LLLLLLLII (java.base@11.0.9.1)
2640:            30            960  java.security.Provider$EngineDescription (java.base@11.0.9.1)
2641:            60            960  java.util.regex.Pattern$Begin (java.base@11.0.9.1)
2642:            30            960  kotlin.reflect.jvm.internal.impl.serialization.deserialization.descriptors.DeserializedClassDescriptor$DeserializedClassTypeConstructor
2643:            40            960  org.jetbrains.yaml.YAMLElementType
2644:            15            960  sun.security.ssl.SSLSocketInputRecord (java.base@11.0.9.1)
2645:            17            952  com.intellij.psi.impl.source.tree.java.ImportListElement
2646:            17            952  com.intellij.ui.components.JBList$1
2647:            17            952  git4idea.repo.GitRepoInfo
2648:            59            944  com.intellij.util.ui.AnimatedIcon$2
2649:            13            936  com.google.protobuf.MessageSchema
2650:            39            936  com.intellij.codeInsight.completion.impl.LiftShorterItemsClassifier$1
2651:            39            936  com.intellij.codeInspection.bytecodeAnalysis.DataValue$ParameterDataValue
2652:            39            936  com.intellij.openapi.actionSystem.impl.ActionManagerImpl$$Lambda$685/0x0000000800812440
2653:             9            936  com.intellij.ui.popup.BalloonPopupBuilderImpl
2654:            13            936  com.intellij.util.xml.impl.DomRootInvocationHandler
2655:            39            936  java.rmi.server.ObjID (java.rmi@11.0.9.1)
2656:            39            936  javax.swing.text.html.StyleSheet$LargeConversionSet (java.desktop@11.0.9.1)
2657:            39            936  kotlin.reflect.jvm.internal.impl.metadata.deserialization.Flags$BooleanFlagField
2658:            39            936  kotlin.reflect.jvm.internal.impl.resolve.scopes.receivers.TransientReceiver
2659:            13            936  sun.java2d.loops.MaskBlit$General (java.desktop@11.0.9.1)
2660:            39            936  sun.nio.fs.NativeBuffer$Deallocator (java.base@11.0.9.1)
2661:            29            928  com.intellij.codeInsight.daemon.impl.analysis.HighlightingFeature
2662:            58            928  com.intellij.openapi.actionSystem.impl.ActionMenuItem$ActionTransmitter
2663:            29            928  com.intellij.openapi.editor.EditorMouseHoverPopupManager$$Lambda$2784/0x0000000801b59440
2664:            58            928  com.intellij.openapi.editor.impl.EditorMarkupModelImpl$EditorToolbarButtonLook
2665:            58            928  com.intellij.ui.plaf.beg.BegMenuItemUI$MyMenuDragMouseHandler
2666:            29            928  java.security.Permissions (java.base@11.0.9.1)
2667:            29            928  java.time.format.DateTimeFormatterBuilder$NumberPrinterParser (java.base@11.0.9.1)
2668:             2            928  javax.swing.JTextPane (java.desktop@11.0.9.1)
2669:            23            920  com.intellij.openapi.project.DumbAwareAction$SimpleDumbAwareAction
2670:            23            920  com.intellij.util.io.keyStorage.AppendableStorageBackedByResizableMappedFile$MyBufferedIS
2671:            23            920  kotlin.reflect.jvm.internal.impl.metadata.jvm.JvmProtoBuf$StringTableTypes
2672:            19            912  com.apple.laf.AquaTableUI (java.desktop@11.0.9.1)
2673:            38            912  com.ibm.icu.impl.UCharacterProperty$BinaryProperty
2674:            19            912  com.intellij.execution.ui.layout.impl.TabImpl$Default
2675:             2            912  com.intellij.openapi.wm.impl.IdeFrameImpl
2676:            38            912  com.intellij.openapi.wm.impl.StripeButton$$Lambda$2341/0x0000000801876040
2677:            38            912  com.intellij.openapi.wm.impl.ToolWindowImpl$showing$1
2678:            38            912  com.intellij.psi.PsiEllipsisType
2679:            57            912  com.intellij.ui.content.impl.ContentImpl$$Lambda$3302/0x0000000801fcdc40
2680:            38            912  java.lang.NamedPackage (java.base@11.0.9.1)
2681:            38            912  java.net.InetAddress (java.base@11.0.9.1)
2682:            19            912  java.text.RuleBasedCollator (java.base@11.0.9.1)
2683:            38            912  javax.swing.AncestorNotifier (java.desktop@11.0.9.1)
2684:            38            912  javax.swing.plaf.basic.BasicTextUI$UpdateHandler (java.desktop@11.0.9.1)
2685:            38            912  javax.swing.text.JTextComponent$KeymapActionMap (java.desktop@11.0.9.1)
2686:            38            912  javax.swing.text.JTextComponent$KeymapWrapper (java.desktop@11.0.9.1)
2687:            57            912  kotlin.reflect.jvm.internal.impl.types.TypeSubstitutor
2688:            38            912  sun.java2d.marlin.ByteArrayCache$Reference (java.desktop@11.0.9.1)
2689:            19            912  sun.java2d.marlin.DTransformingPathConsumer2D$CurveClipSplitter (java.desktop@11.0.9.1)
2690:            38            912  sun.nio.ch.Util$BufferCache (java.base@11.0.9.1)
2691:            38            904  [Ljavax.swing.tree.TreePath; (java.desktop@11.0.9.1)
2692:            28            896  com.fasterxml.jackson.databind.DeserializationFeature
2693:            28            896  com.fasterxml.jackson.databind.MapperFeature
2694:            14            896  com.intellij.execution.configurations.ModuleBasedConfigurationOptions
2695:            56            896  com.intellij.execution.target.value.FixedTargetValue
2696:             2            896  com.intellij.openapi.actionSystem.impl.segmentedActionBar.SegmentedBarActionComponent$createCustomComponent$bar$1
2697:            28            896  com.intellij.psi.WeigherExtensionPoint
2698:            16            896  com.intellij.psi.impl.source.tree.java.PsiPackageStatementImpl
2699:            28            896  io.netty.channel.ChannelOption
2700:            28            896  java.io.ObjectInputStream$HandleTable (java.base@11.0.9.1)
2701:            28            896  java.io.ObjectInputStream$PeekInputStream (java.base@11.0.9.1)
2702:            28            896  java.util.concurrent.atomic.AtomicReferenceFieldUpdater$AtomicReferenceFieldUpdaterImpl (java.base@11.0.9.1)
2703:            14            896  kotlin.reflect.jvm.internal.impl.serialization.deserialization.builtins.BuiltInsPackageFragmentImpl
2704:            14            896  kotlin.reflect.jvm.internal.impl.serialization.deserialization.descriptors.DeserializedPackageMemberScope
2705:            16            896  sun.lwawt.macosx.CPlatformView (java.desktop@11.0.9.1)
2706:            37            888  com.intellij.openapi.vfs.impl.VirtualFilePointerManagerImpl$DelegatingDisposable
2707:            37            888  com.intellij.psi.controlFlow.ThrowToInstruction
2708:            37            888  com.intellij.ui.layout.CellKt$createPropertyBinding$3
2709:            37            888  com.intellij.ui.layout.CellKt$createPropertyBinding$4
2710:            37            888  kotlin.reflect.jvm.internal.impl.metadata.deserialization.Flags$BooleanFlagField
2711:            37            888  kotlin.reflect.jvm.internal.impl.serialization.deserialization.descriptors.DeserializedMemberScope$OptimizedImplementation$functionNames$2
2712:            37            888  kotlin.reflect.jvm.internal.impl.serialization.deserialization.descriptors.DeserializedMemberScope$OptimizedImplementation$functions$1
2713:            37            888  kotlin.reflect.jvm.internal.impl.serialization.deserialization.descriptors.DeserializedMemberScope$OptimizedImplementation$properties$1
2714:            37            888  kotlin.reflect.jvm.internal.impl.serialization.deserialization.descriptors.DeserializedMemberScope$OptimizedImplementation$typeAliasByName$1
2715:            37            888  kotlin.reflect.jvm.internal.impl.serialization.deserialization.descriptors.DeserializedMemberScope$OptimizedImplementation$variableNames$2
2716:            37            888  kotlin.reflect.jvm.internal.impl.serialization.deserialization.descriptors.DeserializedMemberScope$classNames$2
2717:            37            888  kotlin.reflect.jvm.internal.impl.serialization.deserialization.descriptors.DeserializedMemberScope$classifierNamesLazy$2
2718:            37            888  kotlin.reflect.jvm.internal.impl.types.AbstractTypeConstructor$supertypes$1
2719:            37            888  kotlin.reflect.jvm.internal.impl.types.AbstractTypeConstructor$supertypes$3
2720:            37            888  kotlin.script.experimental.util.PropertiesCollection$PropertyKeyDelegate$1
2721:             2            880  [Lcom.google.wireless.android.sdk.stats.GradleSyncStats$Trigger;
2722:            23            880  [Ljava.awt.Dimension; (java.desktop@11.0.9.1)
2723:            22            880  com.android.resources.Density
2724:            10            880  com.intellij.compiler.server.BuildManager$5
2725:            10            880  com.intellij.execution.process.KillableColoredProcessHandler$Silent
2726:             2            880  com.intellij.openapi.wm.impl.status.InfoAndProgressPanel$InlineProgressPanel$1
2727:            22            880  com.intellij.psi.impl.java.stubs.impl.PsiNameValuePairStubImpl
2728:            22            880  com.intellij.ui.tree.ui.TreeAction
2729:            22            880  com.intellij.util.xml.impl.DynamicGenericInfo
2730:            22            880  com.siyeh.ig.psiutils.MethodMatcher
2731:            22            880  java.util.concurrent.CompletableFuture$UniHandle (java.base@11.0.9.1)
2732:            55            880  sun.java2d.marlin.OffHeapArray$$Lambda$953/0x0000000800acb040 (java.desktop@11.0.9.1)
2733:            22            880  sun.java2d.pipe.AAShapePipe$TileState (java.desktop@11.0.9.1)
2734:            35            872  [Lcom.intellij.psi.PsiAnnotation;
2735:            19            864  [Lcom.fasterxml.jackson.databind.introspect.AnnotationMap;
2736:            36            864  com.intellij.codeInsight.daemon.impl.quickfix.CreateClassFromUsageFix
2737:             9            864  com.intellij.compiler.progress.CompilerTask
2738:             9            864  com.intellij.compiler.progress.CompilerTask$1
2739:            36            864  com.intellij.debugger.ui.impl.watch.MarkedDescriptorTree
2740:            54            864  com.intellij.openapi.ui.ThreeComponentsSplitter$Divider$MyMouseAdapter
2741:            27            864  com.intellij.openapi.ui.popup.IconButton
2742:            36            864  com.intellij.openapi.wm.impl.ToolWindowImpl$focusAlarm$2
2743:            36            864  com.intellij.openapi.wm.impl.ToolWindowImpl$focusTask$2
2744:             2            864  com.intellij.openapi.wm.impl.content.ContentComboLabel
2745:             2            864  com.intellij.openapi.wm.impl.status.ProcessPopup$1
2746:            27            864  com.intellij.ui.TableCellState
2747:            18            864  com.intellij.ui.TableHeaderExpandableItemsHandler
2748:             2            864  com.intellij.ui.popup.list.ListPopupImpl$MyList
2749:            36            864  com.intellij.util.containers.JBIterable$Appended
2750:            54            864  com.intellij.util.indexing.InputMapExternalizer
2751:            54            864  com.intellij.util.xml.TypeChooserManager
2752:            18            864  com.sun.org.apache.xerces.internal.impl.XMLDocumentFragmentScannerImpl$ElementStack (java.xml@11.0.9.1)
2753:            18            864  com.sun.xml.internal.stream.StaxErrorReporter (java.xml@11.0.9.1)
2754:            36            864  javax.swing.RowSorter$SortKey (java.desktop@11.0.9.1)
2755:            27            864  javax.swing.undo.UndoManager (java.desktop@11.0.9.1)
2756:            27            864  kotlin.reflect.jvm.internal.impl.storage.LockBasedStorageManager$4
2757:            18            864  org.apache.xerces.impl.xs.XSAttributeDecl
2758:            36            864  org.apache.xerces.impl.xs.traversers.SmallContainer
2759:            18            864  org.jetbrains.java.debugger.breakpoints.properties.JavaLineBreakpointProperties
2760:            36            864  sun.awt.SunHints$Value (java.desktop@11.0.9.1)
2761:            18            864  sun.java2d.loops.Blit$GeneralMaskBlit (java.desktop@11.0.9.1)
2762:            27            864  sun.rmi.transport.Transport$1 (java.rmi@11.0.9.1)
2763:            18            864  sun.util.locale.provider.LocaleResources$ResourceReference (java.base@11.0.9.1)
2764:             1            856  [Lcom.intellij.openapi.vfs.impl.ArchiveHandler$EntryInfo;
2765:            18            848  [Lcom.sun.org.apache.xerces.internal.util.XMLAttributesImpl$Attribute; (java.xml@11.0.9.1)
2766:            34            848  [Ljava.util.EnumSet; (java.base@11.0.9.1)
2767:             2            848  com.android.tools.adtui.workbench.WorkBench
2768:             2            848  com.android.tools.idea.common.surface.DesignSurface$MyScrollPane
2769:            53            848  com.intellij.build.BuildTreeConsoleView$$Lambda$5813/0x0000000802a42440
2770:            53            848  com.intellij.execution.junit.JUnitUtil$$Lambda$3488/0x00000008020cc040
2771:             2            848  com.intellij.openapi.actionSystem.ex.ToolbarLabelAction$MyLabel
2772:             2            848  com.intellij.openapi.fileEditor.impl.EditorsSplitters
2773:             2            848  com.intellij.openapi.wm.impl.status.InfoAndProgressPanel
2774:            53            848  com.intellij.psi.impl.source.tree.java.PsiNewExpressionImpl$1
2775:            53            848  sun.rmi.transport.Transport$$Lambda$2995/0x0000000801c8d040 (java.rmi@11.0.9.1)
2776:            29            840  [Lcom.intellij.openapi.wm.ex.ProgressIndicatorEx;
2777:             3            840  com.github.benmanes.caffeine.cache.BoundedBuffer$RingBuffer
2778:            21            840  com.intellij.codeInsight.daemon.NavigateAction
2779:            21            840  com.intellij.ide.util.treeView.AbstractTreeUi$ElementNode
2780:            15            840  com.intellij.lexer.JavaStringLiteralLexer
2781:            35            840  com.intellij.openapi.util.io.BufferExposingByteArrayOutputStream
2782:            15            840  com.intellij.openapi.wm.impl.content.TabContentLayout$LayoutData
2783:            21            840  com.intellij.psi.impl.source.tree.LeafPsiElement
2784:            15            840  com.intellij.serialization.stateProperties.MyMap
2785:            35            840  com.intellij.util.containers.ConcurrentWeakKeySoftValueHashMap$HardKey
2786:            21            840  org.jetbrains.idea.maven.plugins.api.MavenPluginDescriptor
2787:             3            840  org.jetbrains.kotlin.cli.common.arguments.CommonCompilerArguments$DummyImpl
2788:            21            840  sun.security.ssl.SSLHandshake (java.base@11.0.9.1)
2789:            15            840  sun.security.ssl.SSLSocketOutputRecord (java.base@11.0.9.1)
2790:             8            832  [Lio.netty.buffer.PoolThreadCache$MemoryRegionCache;
2791:            13            832  com.ibm.icu.impl.ICUResourceBundleReader
2792:            13            832  com.intellij.ide.highlighter.custom.SyntaxTable
2793:             2            832  com.intellij.ide.navigationToolbar.NavBarPanel
2794:             2            832  com.intellij.openapi.wm.impl.IdeRootPane
2795:             2            832  com.intellij.openapi.wm.impl.content.BaseLabel
2796:            26            832  com.intellij.openapi.wm.impl.status.IdeStatusBarImpl$WidgetBean
2797:             2            832  com.intellij.openapi.wm.impl.status.ToolWindowsWidget
2798:            26            832  com.intellij.ui.tree.AsyncTreeModel$CmdGetRoot
2799:            13            832  io.netty.channel.DefaultChannelPipeline$HeadContext
2800:            26            832  java.security.AlgorithmParameters (java.base@11.0.9.1)
2801:            26            832  kotlin.reflect.jvm.internal.impl.protobuf.GeneratedMessageLite$ExtensionDescriptor
2802:            26            832  kotlin.reflect.jvm.internal.impl.protobuf.GeneratedMessageLite$ExtensionDescriptor
2803:            13            832  sun.net.www.http.KeepAliveStream (java.base@11.0.9.1)
2804:             7            824  [Ljava.lang.StackTraceElement; (java.base@11.0.9.1)
2805:            34            816  com.google.gson.internal.bind.TypeAdapters$32
2806:            51            816  com.intellij.execution.process.AnsiTerminalEmulator$$Lambda$2036/0x000000080156ac40
2807:             2            816  com.intellij.ide.projectView.impl.ProjectViewRenderer
2808:            34            816  com.intellij.openapi.actionSystem.Constraints
2809:            17            816  com.intellij.openapi.vcs.changes.FileHolderComposite
2810:            34            816  com.intellij.openapi.vcs.changes.SwitchedFileHolder
2811:            34            816  com.intellij.openapi.vcs.changes.VirtualFileHolder
2812:            17            816  com.intellij.openapi.wm.ToolWindowEP
2813:             2            816  com.intellij.openapi.wm.impl.IdeMenuBar
2814:             2            816  com.intellij.openapi.wm.impl.ToolWindowsPane
2815:            51            816  com.intellij.psi.stubs.StubIndexImpl$2
2816:            34            816  com.intellij.psi.tree.IFileElementType
2817:            34            816  com.intellij.ui.SpeedSearchComparator
2818:            34            816  com.intellij.ui.TreeExpandableItemsHandler$1
2819:            34            816  com.intellij.ui.TreeExpandableItemsHandler$2
2820:            34            816  com.intellij.ui.TreeExpandableItemsHandler$3
2821:            34            816  com.intellij.ui.TreeExpandableItemsHandler$4
2822:            34            816  com.intellij.ui.tree.ui.DefaultTreeUI$3
2823:            34            816  com.intellij.ui.tree.ui.DefaultTreeUI$4
2824:             2            816  git4idea.actions.GitQuickActionsToolbarPopup$1
2825:            34            816  java.util.Comparator$$Lambda$564/0x000000080062a440 (java.base@11.0.9.1)
2826:            17            816  kotlin.reflect.jvm.internal.impl.serialization.deserialization.ProtoContainer$Class
2827:            17            816  kotlin.reflect.jvm.internal.impl.serialization.deserialization.descriptors.DeserializedClassDescriptor$memberScopeHolder$1
2828:            17            816  sun.java2d.loops.DrawGlyphList (java.desktop@11.0.9.1)
2829:            17            816  sun.java2d.loops.FillRect (java.desktop@11.0.9.1)
2830:             2            800  com.android.tools.adtui.actions.DropDownAction$2
2831:            25            800  com.fasterxml.jackson.databind.SerializationFeature
2832:            10            800  com.intellij.codeInsight.daemon.impl.ShowIntentionsPass
2833:            25            800  com.intellij.concurrency.JobLauncherImpl$VoidForkJoinTask
2834:            25            800  com.intellij.debugger.engine.evaluation.TextWithImportsImpl
2835:             2            800  com.intellij.diagnostic.IdeErrorsIcon
2836:            25            800  com.intellij.execution.impl.TimedIconCache$deferIcon$1
2837:            25            800  com.intellij.execution.process.AnsiEscapeDecoder
2838:            10            800  com.intellij.execution.runners.ExecutionEnvironment
2839:            10            800  com.intellij.execution.ui.RunContentDescriptor
2840:            10            800  com.intellij.execution.ui.layout.impl.GridCellImpl$GridCellTabs$1
2841:             2            800  com.intellij.ide.actions.SearchEverywhereAction$1
2842:             2            800  com.intellij.ide.actions.runAnything.RunAnythingAction$1
2843:            50            800  com.intellij.internal.statistic.eventLog.events.BooleanEventField
2844:            50            800  com.intellij.openapi.application.impl.NonBlockingReadActionImpl$Submission$1
2845:            20            800  com.intellij.psi.impl.source.PsiImportListImpl
2846:            25            800  com.intellij.psi.impl.source.resolve.ResolveCache$2
2847:            50            800  com.intellij.util.indexing.impl.CollectionDataExternalizer
2848:            20            800  io.netty.util.DefaultAttributeMap$DefaultAttribute
2849:            20            800  java.io.BufferedWriter (java.base@11.0.9.1)
2850:            20            800  java.lang.ClassLoader$NativeLibrary (java.base@11.0.9.1)
2851:             2            800  javax.swing.JComboBox (java.desktop@11.0.9.1)
2852:            50            800  javax.swing.JProgressBar$ModelListener (java.desktop@11.0.9.1)
2853:            50            800  kotlin.reflect.jvm.internal.impl.load.java.typeEnhancement.TypeEnhancementInfo
2854:             2            800  org.jetbrains.idea.maven.navigator.MavenProjectsNavigatorPanel
2855:            33            792  [Ljava.io.ObjectStreamClass$ClassDataSlot; (java.base@11.0.9.1)
2856:            27            792  [Ljava.util.Comparator; (java.base@11.0.9.1)
2857:            27            792  [Ljavax.swing.RowSorter$SortKey; (java.desktop@11.0.9.1)
2858:            31            792  [Lorg.jetbrains.kotlin.idea.inspections.NamingRule;
2859:            11            792  com.intellij.build.DefaultBuildDescriptor
2860:            33            792  com.intellij.execution.impl.ConsoleViewImpl$$Lambda$2545/0x0000000801a1e440
2861:            33            792  com.intellij.execution.impl.ConsoleViewImpl$FlushRunnable
2862:            33            792  com.intellij.execution.impl.ConsoleViewUtil$NullEditorHighlighter
2863:            33            792  com.intellij.execution.impl.DisposedPsiManagerCheck
2864:            33            792  com.intellij.execution.impl.EditorHyperlinkSupport
2865:            33            792  com.intellij.execution.impl.EditorHyperlinkSupport$1
2866:            11            792  com.intellij.execution.lineMarker.RunLineMarkerProvider$RunLineMarkerInfo
2867:            33            792  com.intellij.internal.statistic.eventLog.events.StringEventField$ValidatedByCustomRule
2868:             9            792  com.intellij.openapi.progress.util.ProgressIndicatorBase
2869:             9            792  com.intellij.ui.SimpleColoredComponent$AccessibleSimpleColoredComponent
2870:            33            792  com.intellij.util.lang.MemoryResource
2871:             9            792  io.netty.buffer.PooledUnsafeDirectByteBuf
2872:            11            792  io.netty.channel.AdaptiveRecvByteBufAllocator$HandleImpl
2873:            33            792  java.io.OutputStreamWriter (java.base@11.0.9.1)
2874:            33            792  java.lang.ProcessHandleImpl$ExitCompletion (java.base@11.0.9.1)
2875:            33            792  kotlin.reflect.jvm.internal.impl.descriptors.ScopesHolderForClass$scopeForOwnerModule$2
2876:             2            784  com.android.tools.idea.common.error.IssuePanel
2877:             2            784  com.intellij.openapi.ui.SimpleToolWindowPanel
2878:             7            784  com.intellij.openapi.vcs.ex.ChangelistsLocalLineStatusTracker
2879:             2            784  com.intellij.openapi.wm.impl.status.IdeStatusBarImpl
2880:            14            784  kotlin.reflect.jvm.internal.KFunctionImpl
2881:             2            768  com.android.tools.adtui.workbench.LayeredPanel
2882:            24            768  com.ibm.icu.impl.ICUResourceBundleReader$Table1632
2883:            16            768  com.intellij.build.BuildTreeConsoleView$ConsoleViewHandler$2
2884:            32            768  com.intellij.codeInsight.daemon.impl.DaemonEditorPopup
2885:             2            768  com.intellij.diagnostic.IdeMessagePanel
2886:            24            768  com.intellij.internal.performance.LatencyRecord
2887:            24            768  com.intellij.openapi.editor.actionSystem.DynamicEditorActionHandler
2888:            16            768  com.intellij.openapi.editor.markup.AnalyzerStatus
2889:            16            768  com.intellij.openapi.vcs.changes.Change
2890:             2            768  com.intellij.openapi.wm.impl.IdeLeftToolbar
2891:             2            768  com.intellij.openapi.wm.impl.status.widget.StatusBarWidgetWrapper$MultipleTextValues
2892:            24            768  com.intellij.psi.PsiDisjunctionType
2893:            48            768  com.intellij.psi.impl.source.resolve.reference.SimpleProviderBinding
2894:            32            768  com.intellij.psi.impl.source.tree.java.PsiAnnotationParamListImpl
2895:            32            768  com.intellij.util.containers.ConcurrentRefHashMap$HardKey
2896:            16            768  com.intellij.util.containers.ObjectIntHashMap
2897:            16            768  com.intellij.util.containers.RecentStringInterner$1
2898:            12            768  io.netty.channel.ChannelOutboundBuffer
2899:             2            768  io.netty.util.concurrent.FastThreadLocalThread
2900:            16            768  java.lang.ThreadGroup (java.base@11.0.9.1)
2901:            32            768  javax.swing.border.CompoundBorder (java.desktop@11.0.9.1)
2902:            48            768  jdk.internal.module.SystemModuleFinders$3 (java.base@11.0.9.1)
2903:            48            768  kotlin.reflect.jvm.internal.impl.metadata.deserialization.TypeTable
2904:            24            768  kotlin.reflect.jvm.internal.impl.metadata.jvm.deserialization.JvmBytecodeBinaryVersion
2905:            24            768  org.jetbrains.idea.maven.model.MavenPlugin$Execution
2906:             6            768  org.jetbrains.mvstore.Chunk
2907:            24            768  sun.font.EAttribute (java.desktop@11.0.9.1)
2908:            16            768  sun.java2d.loops.DrawLine (java.desktop@11.0.9.1)
2909:            16            768  sun.java2d.loops.DrawPath (java.desktop@11.0.9.1)
2910:            16            768  sun.java2d.loops.DrawPolygons (java.desktop@11.0.9.1)
2911:            16            768  sun.java2d.loops.DrawRect (java.desktop@11.0.9.1)
2912:            16            768  sun.java2d.loops.FillPath (java.desktop@11.0.9.1)
2913:            16            768  sun.java2d.loops.FillSpans (java.desktop@11.0.9.1)
2914:            16            768  sun.java2d.opengl.CGLLayer (java.desktop@11.0.9.1)
2915:            32            768  sun.lwawt.macosx.CPlatformResponder$DeltaAccumulator (java.desktop@11.0.9.1)
2916:            32            768  sun.rmi.transport.ObjectEndpoint (java.rmi@11.0.9.1)
2917:            12            768  sun.security.ssl.SSLCipher$T12GcmReadCipherGenerator$GcmReadCipher (java.base@11.0.9.1)
2918:            12            768  sun.security.ssl.SSLCipher$T12GcmWriteCipherGenerator$GcmWriteCipher (java.base@11.0.9.1)
2919:            24            768  sun.security.x509.OIDMap$OIDInfo (java.base@11.0.9.1)
2920:            32            760  [Lnet.sf.cglib.asm.$Type;
2921:            19            760  com.intellij.ide.actions.ShowContentAction
2922:            19            760  com.sun.jna.Library$Handler$FunctionInfo
2923:            19            760  javax.swing.plaf.basic.BasicTableUI$Handler (java.desktop@11.0.9.1)
2924:            19            760  javax.swing.table.DefaultTableColumnModel (java.desktop@11.0.9.1)
2925:            19            760  jdk.internal.reflect.UnsafeQualifiedStaticLongFieldAccessorImpl (java.base@11.0.9.1)
2926:            19            760  sun.java2d.marlin.DHelpers$IndexStack (java.desktop@11.0.9.1)
2927:            19            760  sun.java2d.marlin.DTransformingPathConsumer2D$CurveBasicMonotonizer (java.desktop@11.0.9.1)
2928:            19            760  sun.java2d.marlin.MarlinTileGenerator (java.desktop@11.0.9.1)
2929:             2            752  com.android.tools.idea.common.surface.DesignSurface$MyVisibleSurfaceLayerPane
2930:             2            752  com.android.tools.idea.uibuilder.surface.AccessoryPanel
2931:            47            752  com.intellij.internal.ml.FloatFeature$FloatMapper
2932:             2            752  com.intellij.openapi.wm.impl.ToolWindowsPane$MyLayeredPane
2933:             2            752  com.intellij.openapi.wm.impl.status.InfoAndProgressPanel$InlineProgressPanel
2934:             2            752  com.intellij.openapi.wm.impl.status.StatusPanel
2935:             2            752  com.intellij.openapi.wm.impl.status.StatusPanel$1
2936:             2            752  com.intellij.openapi.wm.impl.status.widget.StatusBarWidgetWrapper$Text
2937:             2            752  com.intellij.psi.codeStyle.statusbar.CodeStyleStatusBarPanel$1
2938:             2            752  com.intellij.ui.components.JBPanelWithEmptyText
2939:            47            752  com.intellij.util.indexing.impl.forward.MapForwardIndexAccessor
2940:            47            752  com.sun.proxy.$Proxy195
2941:            31            744  com.intellij.grazie.detector.model.LanguageISO
2942:            31            744  com.intellij.ide.plugins.PluginFeatureService$FeaturePluginData
2943:            31            744  com.intellij.openapi.application.impl.WithDocumentsCommitted
2944:            31            744  com.intellij.patterns.uast.UElementPattern$filterWithContext$1
2945:            31            744  com.intellij.ui.border.CustomLineBorder
2946:            31            744  kotlin.reflect.jvm.internal.impl.serialization.deserialization.TypeDeserializer$simpleType$annotations$1
2947:            31            744  kotlin.reflect.jvm.internal.impl.serialization.deserialization.descriptors.DeserializedMemberScope$classNames$2
2948:            31            744  kotlin.reflect.jvm.internal.impl.serialization.deserialization.descriptors.DeserializedMemberScope$classifierNamesLazy$1
2949:            31            744  kotlin.reflect.jvm.internal.impl.serialization.deserialization.descriptors.DeserializedMemberScope$functionNamesLazy$2
2950:            31            744  kotlin.reflect.jvm.internal.impl.serialization.deserialization.descriptors.DeserializedMemberScope$functions$1
2951:            31            744  kotlin.reflect.jvm.internal.impl.serialization.deserialization.descriptors.DeserializedMemberScope$properties$1
2952:            31            744  kotlin.reflect.jvm.internal.impl.serialization.deserialization.descriptors.DeserializedMemberScope$typeAliasByName$1
2953:            31            744  kotlin.reflect.jvm.internal.impl.serialization.deserialization.descriptors.DeserializedMemberScope$variableNamesLazy$2
2954:            31            744  org.apache.batik.css.engine.value.StringMap
2955:             2            736  com.android.tools.idea.common.error.IssuePanel$ColumnHeaderPanel
2956:             2            736  com.android.tools.idea.common.surface.DesignSurface$MyProgressPanel
2957:            23            736  com.intellij.internal.statistic.eventLog.events.EventId2
2958:            46            736  com.intellij.ui.mac.touchbar.TBItemAnActionButton$$Lambda$1922/0x0000000801465440
2959:            23            736  com.intellij.util.io.keyStorage.AppendableStorageBackedByResizableMappedFile$MyDataIS
2960:            46            736  com.sun.proxy.$Proxy106
2961:            23            736  java.lang.ProcessImpl$ProcessPipeOutputStream (java.base@11.0.9.1)
2962:            23            736  javax.imageio.spi.DigraphNode (java.desktop@11.0.9.1)
2963:            46            736  sun.rmi.transport.tcp.TCPTransport$ConnectionHandler$$Lambda$2994/0x0000000801c8cc40 (java.rmi@11.0.9.1)
2964:            13            728  com.intellij.openapi.projectRoots.impl.ProjectJdkImpl
2965:             7            728  com.intellij.util.indexing.impl.forward.IntMapForwardIndex$1
2966:            13            728  io.netty.buffer.PoolThreadCache
2967:            13            728  io.netty.channel.DefaultChannelPipeline$TailContext
2968:            13            728  javax.swing.ScrollPaneLayout$UIResource (java.desktop@11.0.9.1)
2969:            13            728  org.jcp.xml.dsig.internal.dom.XMLDSigRI$ProviderService (java.xml.crypto@11.0.9.1)
2970:            30            720  com.android.sdklib.repository.generated.repository.v1.PlatformDetailsType
2971:             2            720  com.android.tools.adtui.workbench.WorkBenchLoadingPanel
2972:             2            720  com.android.tools.adtui.workbench.WorkBenchLoadingPanel$MyMessagePanel
2973:             2            720  com.android.tools.idea.common.surface.DesignSurface$MyLayeredPane
2974:            18            720  com.apple.laf.AquaUtilControlSize$SizeVariant (java.desktop@11.0.9.1)
2975:            30            720  com.fasterxml.jackson.databind.PropertyName
2976:            15            720  com.google.common.collect.HashBiMap$BiEntry
2977:            15            720  com.intellij.codeInsight.daemon.problems.Member$Method
2978:            10            720  com.intellij.execution.configurations.JavaParameters
2979:            30            720  com.intellij.grazie.remote.RemoteLangDescriptor$file$2
2980:            30            720  com.intellij.grazie.remote.RemoteLangDescriptor$fileName$2
2981:            30            720  com.intellij.grazie.remote.RemoteLangDescriptor$url$2
2982:            30            720  com.intellij.openapi.util.IconLoader$4
2983:            18            720  com.intellij.openapi.wm.impl.content.TabContentLayout
2984:             2            720  com.intellij.psi.codeStyle.statusbar.CodeStyleStatusBarPanel
2985:            45            720  com.intellij.psi.impl.source.ClassInnerStuffCache$$Lambda$3444/0x000000080208f040
2986:             2            720  com.intellij.ui.ExpandedItemRendererComponentWrapper$MyComponent
2987:            10            720  com.intellij.ui.RelativeFont$MyFont
2988:             2            720  com.intellij.ui.components.JBLayeredPane
2989:             2            720  com.intellij.ui.components.JBLoadingPanel
2990:            18            720  com.intellij.ui.content.tabs.TabbedContentAction$CloseAllAction
2991:            18            720  com.intellij.ui.content.tabs.TabbedContentAction$MyNextTabAction
2992:            18            720  com.intellij.ui.content.tabs.TabbedContentAction$MyPreviousTabAction
2993:             2            720  com.intellij.ui.popup.list.PopupListElementRenderer$2
2994:             9            720  com.intellij.ui.table.JBTable$DefaultColumnInfoBasedRowSorter
2995:            45            720  com.intellij.util.containers.MostlySingularMultiMap
2996:            30            720  com.intellij.util.containers.SoftKeySoftValueHashMap
2997:            10            720  com.intellij.util.xml.impl.IndexedElementInvocationHandler
2998:            15            720  com.intellij.xml.breadcrumbs.PsiCrumb
2999:            30            720  com.sun.crypto.provider.AESCipher$General (java.base@11.0.9.1)
3000:            18            720  com.sun.org.apache.xerces.internal.impl.XMLDocumentFragmentScannerImpl$ElementStack2 (java.xml@11.0.9.1)
3001:            18            720  com.sun.org.apache.xerces.internal.impl.dtd.XMLDTDDescription (java.xml@11.0.9.1)
3002:            18            720  com.sun.org.apache.xerces.internal.util.SymbolTable (java.xml@11.0.9.1)
3003:            18            720  com.sun.org.apache.xerces.internal.utils.XMLLimitAnalyzer (java.xml@11.0.9.1)
3004:            18            720  com.sun.xml.internal.stream.XMLEntityStorage (java.xml@11.0.9.1)
3005:            18            720  java.time.format.DateTimeFormatter (java.base@11.0.9.1)
3006:            30            720  java.time.format.DateTimeFormatterBuilder$CompositePrinterParser (java.base@11.0.9.1)
3007:            30            720  java.util.regex.Pattern$Prolog (java.base@11.0.9.1)
3008:            18            720  javax.swing.JTable$SortManager (java.desktop@11.0.9.1)
3009:             9            720  javax.swing.table.TableRowSorter (java.desktop@11.0.9.1)
3010:             6            720  javax.swing.text.ParagraphView (java.desktop@11.0.9.1)
3011:            18            720  jdk.internal.reflect.UnsafeQualifiedStaticObjectFieldAccessorImpl (java.base@11.0.9.1)
3012:            30            720  kotlin.reflect.jvm.internal.impl.serialization.deserialization.ClassDeserializer$ClassKey
3013:            30            720  kotlin.reflect.jvm.internal.impl.serialization.deserialization.descriptors.DeserializedClassDescriptor$DeserializedClassTypeConstructor$parameters$1
3014:            30            720  kotlin.reflect.jvm.internal.impl.serialization.deserialization.descriptors.DeserializedClassDescriptor$companionObjectDescriptor$1
3015:            30            720  kotlin.reflect.jvm.internal.impl.serialization.deserialization.descriptors.DeserializedClassDescriptor$constructors$1
3016:            30            720  kotlin.reflect.jvm.internal.impl.serialization.deserialization.descriptors.DeserializedClassDescriptor$primaryConstructor$1
3017:            30            720  kotlin.reflect.jvm.internal.impl.serialization.deserialization.descriptors.DeserializedClassDescriptor$sealedSubclasses$1
3018:            18            720  org.jetbrains.idea.maven.model.MavenPlugin
3019:            18            720  sun.font.GlyphLayout$SDCache (java.desktop@11.0.9.1)
3020:             2            704  com.android.tools.adtui.common.AdtPrimaryPanel
3021:             2            704  com.android.tools.adtui.common.AdtSecondaryPanel
3022:             2            704  com.android.tools.idea.common.surface.DesignSurface$GlassPane
3023:            22            704  com.google.common.collect.RegularImmutableSet
3024:            11            704  com.intellij.execution.configurations.LocatableRunConfigurationOptions
3025:             2            704  com.intellij.ide.navigationToolbar.NavBarRootPaneExtension$1
3026:             2            704  com.intellij.ide.navigationToolbar.NavBarRootPaneExtension$3
3027:             2            704  com.intellij.ide.navigationToolbar.experimental.NewToolbarRootPaneExtension$myPanel$1
3028:             2            704  com.intellij.ide.projectView.impl.ProjectViewImpl$MyPanel
3029:             2            704  com.intellij.ui.components.JBBox
3030:             2            704  com.intellij.ui.popup.AbstractPopup$MyContentPanel
3031:             2            704  com.intellij.ui.popup.WizardPopup$MyContainer
3032:            44            704  com.intellij.util.io.BaseDataReader$$Lambda$112/0x00000008001cec40
3033:             8            704  com.sun.xml.bind.v2.model.impl.RuntimeElementInfoImpl
3034:            11            704  java.text.DateFormatSymbols (java.base@11.0.9.1)
3035:            22            704  kotlin.reflect.jvm.internal.impl.load.kotlin.KotlinJvmBinarySourceElement
3036:            22            704  kotlin.reflect.jvm.internal.impl.metadata.jvm.deserialization.JvmNameResolver
3037:            22            704  org.jetbrains.org.objectweb.asm.Type
3038:            22            704  sun.java2d.ReentrantContextProvider$HardReference (java.desktop@11.0.9.1)
3039:            19            696  [Lcom.intellij.psi.PsiField;
3040:             6            696  [Lcom.intellij.ui.classFilter.ClassFilter;
3041:            29            696  com.intellij.codeInsight.daemon.impl.DaemonTooltipRendererProvider
3042:            29            696  com.intellij.openapi.editor.EditorMouseHoverPopupManager$$Lambda$2786/0x0000000801b5fc40
3043:            29            696  com.intellij.psi.filters.position.FilterPattern
3044:            29            696  com.intellij.psi.filters.position.FilterPattern$1
3045:            29            696  com.sun.xml.bind.v2.runtime.property.ArrayERProperty$ReceiverImpl
3046:            29            696  javax.accessibility.AccessibleState (java.desktop@11.0.9.1)
3047:             8            688  [Lsun.java2d.loops.RenderCache$Entry; (java.desktop@11.0.9.1)
3048:            43            688  com.intellij.ui.SpeedSearchBase$1
3049:            43            688  com.intellij.ui.SpeedSearchBase$2
3050:            43            688  com.intellij.ui.SpeedSearchBase$3
3051:            43            688  com.intellij.ui.SpeedSearchBase$4
3052:            43            688  com.intellij.ui.speedSearch.SpeedSearchSupply$$Lambda$2409/0x0000000801972040
3053:            43            688  java.util.TreeMap$EntrySet (java.base@11.0.9.1)
3054:            17            680  com.intellij.ide.actions.ActivateToolWindowAction
3055:            17            680  java.io.PrintStream (java.base@11.0.9.1)
3056:            17            680  jdk.internal.math.FloatingDecimal$BinaryToASCIIBuffer (java.base@11.0.9.1)
3057:            21            672  [Lcom.google.common.cache.LocalCache$Segment;
3058:            12            672  com.intellij.build.BuildTreeConsoleView$ConsoleViewHandler
3059:            28            672  com.intellij.codeInsight.daemon.problems.ScopedMember
3060:            14            672  com.intellij.compiler.CompilerMessageImpl
3061:            21            672  com.intellij.execution.impl.ConsoleViewImpl$BackSpaceHandler
3062:            21            672  com.intellij.execution.impl.ConsoleViewImpl$DeleteHandler
3063:            21            672  com.intellij.execution.impl.ConsoleViewImpl$EnterHandler
3064:            21            672  com.intellij.execution.impl.ConsoleViewImpl$PasteHandler
3065:            21            672  com.intellij.execution.impl.ConsoleViewImpl$TabHandler
3066:            21            672  com.intellij.openapi.application.ExperimentalFeatureImpl
3067:            28            672  com.intellij.openapi.editor.markup.StatusItem
3068:            14            672  com.intellij.openapi.editor.toolbar.floating.ToolbarVisibilityController
3069:            14            672  com.intellij.openapi.wm.impl.Stripe$LayoutData
3070:            14            672  com.intellij.psi.UastReferenceRegistrar$registerUastReferenceProvider$1
3071:            28            672  com.intellij.psi.WeigherExtensionPoint$1
3072:            28            672  com.intellij.psi.impl.smartPointers.Identikit$ByType
3073:            14            672  com.intellij.ui.ListExpandableItemsHandler
3074:            28            672  com.intellij.ui.components.ScrollBarPainter$$Lambda$1640/0x0000000801233c40
3075:            14            672  com.intellij.ui.tree.AsyncTreeModel
3076:            21            672  com.intellij.util.lang.JavaVersion
3077:            28            672  com.intellij.util.xml.converters.values.NumberValueConverter
3078:            12            672  com.sun.xml.bind.v2.runtime.ElementBeanInfoImpl
3079:            21            672  de.plushnikov.intellij.plugin.inspection.modifiers.RedundantModifiersInfo
3080:            12            672  io.netty.util.Recycler$WeakOrderQueue
3081:            12            672  it.unimi.dsi.fastutil.objects.ObjectLinkedOpenHashSet
3082:            28            672  java.io.ObjectOutputStream$ReplaceTable (java.base@11.0.9.1)
3083:            12            672  java.nio.ByteBufferAsCharBufferB (java.base@11.0.9.1)
3084:            21            672  javax.swing.TimerQueue$DelayedTimer (java.desktop@11.0.9.1)
3085:            28            672  kotlin.reflect.jvm.internal.impl.load.java.typeEnhancement.PredefinedFunctionEnhancementInfo
3086:            28            672  kotlin.reflect.jvm.internal.impl.serialization.deserialization.descriptors.DeserializedClassDescriptor$DeserializedClassMemberScope$2$1
3087:            28            672  kotlin.reflect.jvm.internal.impl.serialization.deserialization.descriptors.DeserializedClassDescriptor$DeserializedClassMemberScope$allDescriptors$1
3088:            28            672  kotlin.reflect.jvm.internal.impl.serialization.deserialization.descriptors.DeserializedClassDescriptor$DeserializedClassMemberScope$refinedSupertypes$1
3089:            28            672  kotlin.reflect.jvm.internal.impl.types.AbstractTypeConstructor$supertypes$1
3090:            28            672  kotlin.reflect.jvm.internal.impl.types.AbstractTypeConstructor$supertypes$3
3091:            21            672  org.jetbrains.idea.svn.api.ErrorCode
3092:            14            672  sun.java2d.loops.TransformHelper (java.desktop@11.0.9.1)
3093:            21            672  sun.security.x509.DistributionPoint (java.base@11.0.9.1)
3094:            21            672  sun.util.resources.Bundles$CacheKey (java.base@11.0.9.1)
3095:            41            656  com.intellij.codeInspection.magicConstant.MagicConstantUtils$$Lambda$3949/0x0000000802669c40
3096:            41            656  com.intellij.ide.dnd.DnDSupport$DnDNativeTargetWrapper
3097:            41            656  com.intellij.openapi.editor.impl.EditorComponentImpl$1
3098:            41            656  com.intellij.openapi.editor.impl.EditorComponentImpl$EditorAccessibilityCaret
3099:            41            656  com.intellij.openapi.editor.impl.EditorComponentImpl$EditorAccessibilityTextUI
3100:            41            656  com.intellij.openapi.editor.impl.EditorFilteringMarkupModelEx$$Lambda$1563/0x00000008011ac440
3101:            41            656  com.intellij.openapi.editor.impl.EditorGutterComponentImpl$$Lambda$1588/0x00000008011ffc40
3102:            41            656  com.intellij.openapi.editor.impl.EditorGutterComponentImpl$$Lambda$1589/0x00000008011ff040
3103:            41            656  com.intellij.openapi.editor.impl.EditorGutterComponentImpl$$Lambda$1590/0x00000008011ff440
3104:            41            656  com.intellij.openapi.editor.impl.EditorGutterComponentImpl$$Lambda$1591/0x00000008011fe840
3105:            41            656  com.intellij.openapi.editor.impl.EditorImpl$$Lambda$1587/0x00000008011ff840
3106:            41            656  com.intellij.openapi.editor.impl.EditorImpl$$Lambda$1593/0x00000008011fe040
3107:            41            656  com.intellij.openapi.editor.impl.EditorImpl$$Lambda$1628/0x0000000801236c40
3108:            41            656  com.intellij.openapi.editor.impl.EditorImpl$1
3109:            41            656  com.intellij.openapi.editor.impl.EditorImpl$10
3110:            41            656  com.intellij.openapi.editor.impl.EditorImpl$11
3111:            41            656  com.intellij.openapi.editor.impl.EditorImpl$4
3112:            41            656  com.intellij.openapi.editor.impl.EditorImpl$8
3113:            41            656  com.intellij.openapi.editor.impl.EditorImpl$DefaultPopupHandler
3114:            41            656  com.intellij.openapi.editor.impl.EditorImpl$MyMouseAdapter
3115:            41            656  com.intellij.openapi.editor.impl.EditorImpl$MyMouseMotionListener
3116:            41            656  com.intellij.openapi.editor.impl.EditorImpl$MyTextDrawingCallback
3117:            41            656  com.intellij.openapi.editor.impl.EditorMarkupModelImpl$$Lambda$1560/0x00000008011ac840
3118:            41            656  com.intellij.openapi.editor.impl.EditorMarkupModelImpl$3
3119:            41            656  com.intellij.openapi.editor.impl.EditorMarkupModelImpl$4
3120:            41            656  com.intellij.openapi.editor.impl.EditorMarkupModelImpl$StatusComponentLayout
3121:            41            656  com.intellij.openapi.editor.impl.FocusModeModel$$Lambda$1630/0x0000000801236440
3122:            41            656  com.intellij.openapi.editor.impl.FocusModeModel$2
3123:            41            656  com.intellij.openapi.editor.impl.FoldingAnchorsOverlayStrategy
3124:            41            656  com.intellij.openapi.editor.impl.ScrollingModelImpl$1
3125:            41            656  com.intellij.openapi.editor.impl.SoftWrapModelImpl$1
3126:            41            656  com.intellij.openapi.editor.impl.softwrap.mapping.SoftWrapApplianceManager$$Lambda$1581/0x00000008011fac40
3127:            41            656  com.intellij.openapi.editor.impl.softwrap.mapping.SoftWrapApplianceManager$DefaultVisibleAreaWidthProvider
3128:            41            656  com.intellij.openapi.editor.impl.view.EditorPainter
3129:            41            656  com.intellij.openapi.editor.impl.view.EditorSizeManager$1
3130:            41            656  javax.swing.plaf.basic.BasicTreeUI$Actions (java.desktop@11.0.9.1)
3131:            41            656  kotlin.reflect.jvm.internal.impl.serialization.deserialization.descriptors.DeserializedAnnotations
3132:            27            648  com.intellij.codeInsight.completion.PreferByKindWeigher$MyResult
3133:            27            648  com.intellij.codeInsight.hints.filtering.StringMatcherBuilder$createAsterisksMatcher$3
3134:            27            648  com.intellij.codeInsight.intention.impl.IntentionActionWithTextCaching$MyIntentionAction
3135:            27            648  com.intellij.codeInspection.SuppressIntentionActionFromFix
3136:             9            648  com.intellij.debugger.impl.DebuggerSession
3137:             9            648  com.intellij.debugger.ui.breakpoints.InstrumentationTracker$1
3138:             9            648  com.intellij.debugger.ui.breakpoints.InstrumentationTracker$2
3139:            27            648  com.intellij.execution.ui.layout.impl.RunnerLayoutUiImpl$1
3140:             9            648  com.intellij.openapi.keymap.impl.DefaultKeymapImpl
3141:             9            648  com.intellij.openapi.ui.panel.ProgressPanelBuilder$LabeledPanelImpl
3142:            27            648  java.lang.RuntimePermission (java.base@11.0.9.1)
3143:            27            648  java.net.InetSocketAddress$InetSocketAddressHolder (java.base@11.0.9.1)
3144:            27            648  java.util.regex.Pattern$CharPredicate$$Lambda$515/0x00000008005c1840 (java.base@11.0.9.1)
3145:             9            648  kotlin.reflect.jvm.internal.impl.load.java.lazy.descriptors.LazyJavaPackageScope
3146:            27            648  kotlin.reflect.jvm.internal.impl.load.java.lazy.descriptors.LazyJavaPackageScope$FindClassRequest
3147:            27            648  org.jetbrains.kotlin.idea.inspections.NamingConventionInspection$namingSettings$1
3148:             8            640  [Ljava.util.concurrent.locks.Lock; (java.base@11.0.9.1)
3149:            19            640  [Lorg.jetbrains.idea.maven.plugins.api.MavenPluginDescriptor$Param;
3150:            16            640  com.apple.laf.AquaFileSystemModel$SortableFile (java.desktop@11.0.9.1)
3151:            20            640  com.fasterxml.jackson.databind.util.TypeKey
3152:            10            640  com.intellij.codeInsight.daemon.LineMarkerInfo
3153:            16            640  com.intellij.codeInsight.daemon.impl.TrafficLightRenderer$DefaultUIController
3154:            16            640  com.intellij.codeInsight.daemon.impl.TrafficLightRenderer$DefaultUIController$1
3155:             8            640  com.intellij.ide.ui.customization.CustomisedActionGroup
3156:            20            640  com.intellij.ide.ui.laf.darcula.DarculaTableHeaderUI
3157:            10            640  com.intellij.ide.ui.laf.darcula.ui.DarculaCheckBoxUI
3158:            16            640  com.intellij.internal.ml.BinaryFeature
3159:            10            640  com.intellij.openapi.actionSystem.DefaultCompactActionGroup
3160:            40            640  com.intellij.openapi.editor.impl.CaretModelImpl$$Lambda$1567/0x00000008011ab440
3161:            40            640  com.intellij.openapi.editor.impl.EditorGutterComponentImpl$$Lambda$1592/0x00000008011fec40
3162:            40            640  com.intellij.openapi.editor.impl.EditorGutterComponentImpl$1
3163:            40            640  com.intellij.openapi.editor.impl.EditorImpl$2
3164:            40            640  com.intellij.openapi.editor.impl.EditorImpl$5
3165:            40            640  com.intellij.openapi.editor.impl.EditorImpl$6
3166:            40            640  com.intellij.openapi.editor.impl.EditorImpl$9
3167:            40            640  com.intellij.openapi.editor.impl.EditorImpl$EditorDocumentAdapter
3168:            40            640  com.intellij.openapi.editor.impl.EditorMarkupModelImpl$$Lambda$1557/0x00000008011adc40
3169:            40            640  com.intellij.openapi.editor.impl.EditorMarkupModelImpl$$Lambda$1561/0x00000008011acc40
3170:            40            640  com.intellij.openapi.editor.impl.EditorMarkupModelImpl$5
3171:            40            640  com.intellij.openapi.editor.impl.EditorMarkupModelImpl$6
3172:            40            640  com.intellij.openapi.editor.impl.FoldingPopupManager
3173:            40            640  com.intellij.openapi.editor.impl.ImmediatePainter$$Lambda$1582/0x00000008011fb040
3174:            10            640  com.intellij.openapi.editor.impl.InlayModelImpl$InlineElementsTree$1
3175:            40            640  com.intellij.openapi.editor.impl.InspectionPopupManager$$Lambda$1558/0x00000008011ad040
3176:            40            640  com.intellij.openapi.editor.impl.InspectionPopupManager$1
3177:            40            640  com.intellij.openapi.editor.impl.InspectionPopupManager$3
3178:            40            640  com.intellij.openapi.editor.impl.event.EditorEventMulticasterImpl$2
3179:            40            640  com.intellij.openapi.editor.impl.event.EditorEventMulticasterImpl$3
3180:            40            640  com.intellij.openapi.editor.impl.view.TextLayoutCache$2
3181:             4            640  com.intellij.psi.codeStyle.JavaCodeStyleSettings
3182:            20            640  com.intellij.psi.stubs.MaterialStubList
3183:            16            640  com.intellij.ui.ScrollingUtil$MoveAction
3184:            40            640  com.intellij.ui.mac.touchbar.TouchBarsManager$4
3185:            16            640  com.intellij.util.concurrency.Invoker$Background
3186:            16            640  com.jetbrains.jdi.Packet
3187:            20            640  com.siyeh.ig.naming.FieldNamingConventionInspection$FieldNamingConventionBean
3188:            40            640  com.sun.proxy.$Proxy10
3189:            20            640  git4idea.repo.GitRemote
3190:            10            640  io.netty.channel.socket.nio.NioSocketChannel$NioSocketChannelConfig
3191:            40            640  it.unimi.dsi.fastutil.objects.Object2ObjectOpenHashMap$1
3192:             8            640  java.lang.invoke.BoundMethodHandle$Species_LLLLLLLLLIIL (java.base@11.0.9.1)
3193:            10            640  java.text.SimpleDateFormat (java.base@11.0.9.1)
3194:            20            640  java.util.concurrent.atomic.AtomicIntegerFieldUpdater$AtomicIntegerFieldUpdaterImpl (java.base@11.0.9.1)
3195:            10            640  java.util.jar.JarFile (java.base@11.0.9.1)
3196:            10            640  kotlin.reflect.jvm.internal.impl.descriptors.impl.PropertyGetterDescriptorImpl
3197:            10            640  kotlin.reflect.jvm.internal.impl.serialization.deserialization.descriptors.DeserializedTypeParameterDescriptor
3198:            16            640  sun.lwawt.macosx.CImage (java.desktop@11.0.9.1)
3199:            16            640  sun.lwawt.macosx.CPlatformComponent (java.desktop@11.0.9.1)
3200:            15            632  [Ljava.awt.datatransfer.DataFlavor; (java.datatransfer@11.0.9.1)
3201:             7            632  [Lorg.apache.batik.util.DoublyIndexedTable$Entry;
3202:             3            624  [Ljava.lang.invoke.LambdaForm; (java.base@11.0.9.1)
3203:            26            624  com.android.flags.FlagGroup
3204:            13            624  com.fasterxml.jackson.core.JsonToken
3205:            26            624  com.intellij.codeInsight.NullabilityAnnotationInfo
3206:            13            624  com.intellij.codeInsight.completion.impl.LiftShorterItemsClassifier
3207:            13            624  com.intellij.codeInsight.daemon.problems.Member$Class
3208:            13            624  com.intellij.codeInsight.intention.impl.CachedIntentions
3209:            39            624  com.intellij.codeInsight.template.postfix.templates.PostfixTemplate$$Lambda$4532/0x0000000802917440
3210:            13            624  com.intellij.execution.actions.CreateAction
3211:            26            624  com.intellij.openapi.application.impl.ApplicationImpl$1
3212:            26            624  com.intellij.ui.layout.CellKt$createPropertyBinding$1
3213:            26            624  com.intellij.ui.layout.CellKt$createPropertyBinding$2
3214:            13            624  io.netty.channel.DefaultChannelPipeline
3215:            26            624  io.netty.channel.VoidChannelPromise
3216:            26            624  java.security.spec.ECFieldF2m (java.base@11.0.9.1)
3217:            26            624  java.time.LocalTime (java.base@11.0.9.1)
3218:            26            624  kotlin.reflect.jvm.internal.impl.protobuf.ExtensionRegistryLite$ObjectIntPair
3219:            26            624  kotlin.reflect.jvm.internal.impl.protobuf.ExtensionRegistryLite$ObjectIntPair
3220:            26            624  kotlin.script.experimental.util.PropertiesCollection$Key
3221:            26            624  org.jetbrains.kotlin.idea.core.formatter.KotlinPackageEntry
3222:            13            624  sun.font.CompositeStrike (java.desktop@11.0.9.1)
3223:            13            624  sun.java2d.loops.DrawGlyphListLCD (java.desktop@11.0.9.1)
3224:            13            624  sun.nio.ch.SelectionKeyImpl (java.base@11.0.9.1)
3225:             5            616  [Lorg.jetbrains.mvstore.Page$PageReference;
3226:            11            616  com.ibm.icu.impl.ICUResourceBundleImpl$ResourceTable
3227:            11            616  com.intellij.codeInsight.daemon.impl.Divider$DividedElements
3228:             7            616  com.intellij.concurrency.SensitiveProgressWrapper
3229:            38            608  com.apple.laf.ScreenMenuPropertyListener (java.desktop@11.0.9.1)
3230:            38            608  com.intellij.openapi.wm.impl.StripeButton$1
3231:            38            608  com.intellij.openapi.wm.impl.StripeButton$2
3232:            19            608  com.intellij.psi.impl.java.stubs.impl.PsiImportListStubImpl
3233:            19            608  com.intellij.ui.SearchTextField$MyModel
3234:            38            608  com.sun.proxy.$Proxy190
3235:            38            608  com.sun.proxy.$Proxy191
3236:            38            608  javax.swing.text.DefaultCaret$Handler (java.desktop@11.0.9.1)
3237:            38            608  org.apache.batik.gvt.text.GVTAttributedCharacterIterator$TextAttribute
3238:            19            608  sun.java2d.marlin.ByteArrayCache (java.desktop@11.0.9.1)
3239:            19            608  sun.java2d.marlin.DPathSimplifier (java.desktop@11.0.9.1)
3240:            19            608  sun.java2d.marlin.DoubleArrayCache (java.desktop@11.0.9.1)
3241:            25            600  com.intellij.concurrency.JobLauncherImpl$VoidForkJoinTask$1
3242:             5            600  com.intellij.execution.application.JvmMainMethodRunConfigurationOptions
3243:            25            600  com.intellij.internal.statistic.eventLog.events.EnumEventField
3244:            25            600  com.intellij.openapi.util.NotNullLazyKey
3245:            25            600  javax.swing.plaf.basic.BasicRootPaneUI$RootPaneInputMap (java.desktop@11.0.9.1)
3246:            25            600  org.intellij.lang.regexp.RegExpCapability
3247:            25            600  sun.font.SunFontManager$BundledFontInfo (java.desktop@11.0.9.1)
3248:            15            600  sun.security.ec.ECPublicKeyImpl (jdk.crypto.ec@11.0.9.1)
3249:            14            592  [Ljava.lang.invoke.MethodType; (java.base@11.0.9.1)
3250:            37            592  java.util.Comparator$$Lambda$274/0x000000080031f440 (java.base@11.0.9.1)
3251:            37            592  kotlin.reflect.jvm.internal.impl.descriptors.impl.AbstractClassDescriptor$1
3252:            37            592  kotlin.reflect.jvm.internal.impl.descriptors.impl.AbstractClassDescriptor$2
3253:            37            592  kotlin.reflect.jvm.internal.impl.descriptors.impl.AbstractClassDescriptor$3
3254:            15            584  [Lde.plushnikov.intellij.plugin.processor.AbstractProcessor;
3255:             1            584  [Lorg.jetbrains.kotlin.config.LanguageFeature;
3256:            24            576  [Lcom.sun.xml.bind.v2.runtime.property.AttributeProperty;
3257:            24            576  com.google.wireless.android.sdk.stats.EditorFileType
3258:            36            576  com.ibm.icu.util.VersionInfo
3259:             6            576  com.intellij.codeInsight.completion.CompletionLookupArrangerImpl
3260:             8            576  com.intellij.codeInsight.intention.impl.IntentionHintComponent$MyComponentHint
3261:            18            576  com.intellij.codeInsight.template.impl.TemplateGroup
3262:            24            576  com.intellij.codeInspection.bytecodeAnalysis.ProjectBytecodeAnalysis$$Lambda$3971/0x0000000802694c40
3263:            18            576  com.intellij.codeInspection.dataFlow.NullabilityProblemKind
3264:             9            576  com.intellij.compiler.impl.CompileContextImpl
3265:            18            576  com.intellij.debugger.ui.impl.watch.DescriptorTree
3266:            24            576  com.intellij.execution.process.ProcessHandler$TasksRunner
3267:            12            576  com.intellij.execution.ui.layout.impl.TabImpl
3268:            24            576  com.intellij.internal.statistic.utils.PluginInfo
3269:            24            576  com.intellij.openapi.util.ExecutionCallback
3270:            24            576  com.intellij.openapi.util.JDOMExternalizableStringList
3271:            18            576  com.intellij.openapi.wm.impl.ToolWindowManagerImpl$ToolWindowFocusWatcher
3272:            18            576  com.intellij.openapi.wm.impl.content.TabContentLayout$1
3273:            18            576  com.intellij.openapi.wm.impl.content.ToolWindowContentUi$1
3274:            36            576  com.intellij.psi.impl.compiled.ClsFileImpl$$Lambda$3535/0x0000000802126040
3275:             9            576  com.intellij.psi.impl.source.tree.java.PsiClassObjectAccessExpressionImpl
3276:             9            576  com.intellij.psi.impl.source.tree.java.PsiInstanceOfExpressionImpl
3277:            24            576  com.intellij.psi.util.JavaElementKind
3278:             6            576  com.intellij.ui.LightweightHint$1
3279:            12            576  com.intellij.ui.components.ProgressBarLoadingDecorator
3280:            18            576  com.intellij.ui.layout.migLayout.patched.SwingContainerWrapper
3281:            18            576  com.intellij.util.containers.ConcurrentWeakKeySoftValueHashMap
3282:            36            576  com.intellij.util.containers.JBIterable$Single
3283:            18            576  com.intellij.util.containers.OrderedSet
3284:            18            576  com.intellij.util.io.FileChannelWithSizeTracking
3285:             9            576  com.intellij.xdebugger.impl.frame.XFramesView
3286:             9            576  com.intellij.xdebugger.impl.ui.XDebugSessionTab
3287:             9            576  com.intellij.xdebugger.impl.ui.tree.XDebuggerTreeSpeedSearch
3288:            18            576  com.jetbrains.jdi.EventQueueImpl
3289:            18            576  com.sun.org.apache.xerces.internal.util.NamespaceSupport (java.xml@11.0.9.1)
3290:            18            576  git4idea.GitContentRevision
3291:            12            576  io.netty.buffer.PoolChunkList
3292:            12            576  java.io.ObjectInputStream$FilterValues (java.base@11.0.9.1)
3293:            36            576  java.util.Collections$UnmodifiableCollection (java.base@11.0.9.1)
3294:             6            576  kotlin.reflect.jvm.internal.KClassImpl$Data
3295:             9            576  kotlin.reflect.jvm.internal.impl.load.java.lazy.descriptors.LazyJavaPackageFragment
3296:             9            576  kotlin.reflect.jvm.internal.impl.serialization.deserialization.builtins.BuiltInsPackageFragmentImpl
3297:            18            576  kotlin.reflect.jvm.internal.impl.util.Checks
3298:            18            576  org.apache.xerces.impl.xs.XSAttributeUseImpl
3299:            18            576  org.apache.xerces.xni.QName
3300:            18            576  org.jetbrains.idea.maven.utils.MavenPluginInfo
3301:            24            576  org.jetbrains.kotlin.config.AnalysisFlag
3302:            36            576  org.jetbrains.plugins.groovy.codeInspection.naming.NewGroovyClassNamingConventionInspection$1
3303:            12            576  sun.awt.AWTThreading$TrackingQueue (java.desktop@11.0.9.1)
3304:            14            560  com.intellij.codeInsight.completion.CompletionConfidenceEP
3305:            10            560  com.intellij.configurationStore.StateStorageManagerImpl$createDirectoryBasedStorage$1
3306:            14            560  com.intellij.ide.TypeNameEP
3307:            10            560  com.intellij.openapi.editor.impl.InlineInlayImpl
3308:            10            560  com.intellij.openapi.projectRoots.JdkCommandLineSetup
3309:             7            560  com.intellij.psi.codeStyle.TimeStampedIndentOptions
3310:            14            560  com.intellij.psi.impl.compiled.ClsMethodImpl$2
3311:            14            560  com.intellij.psi.impl.java.stubs.impl.PsiLiteralStub
3312:            14            560  com.intellij.psi.impl.light.LightJavaModule
3313:            35            560  com.intellij.psi.impl.source.PsiJavaFileBaseImpl$MyCacheBuilder
3314:             7            560  com.intellij.psi.impl.source.tree.XmlFileElement
3315:            10            560  com.intellij.psi.impl.source.tree.java.PsiWhileStatementImpl
3316:             7            560  com.intellij.psi.impl.source.xml.XmlDocumentImpl
3317:            14            560  com.intellij.ui.BalloonImpl$ActionButton$1
3318:            14            560  com.intellij.ui.tree.StructureTreeModel
3319:            14            560  com.intellij.util.ui.EmptyIcon
3320:            14            560  java.text.DigitList (java.base@11.0.9.1)
3321:             7            560  java.util.concurrent.TimeUnit (java.base@11.0.9.1)
3322:            10            560  sun.java2d.loops.GraphicsPrimitiveProxy (java.desktop@11.0.9.1)
3323:            35            560  sun.security.x509.GeneralNames (java.base@11.0.9.1)
3324:            35            560  sun.util.logging.PlatformLogger (java.base@11.0.9.1)
3325:            35            560  sun.util.logging.internal.LoggingProviderImpl$JULWrapper (java.logging@11.0.9.1)
3326:            23            552  com.intellij.execution.process.ProcessWaitFor
3327:            23            552  com.intellij.openapi.options.BeanConfigurable$BeanMethodAccessor
3328:            23            552  com.intellij.openapi.options.BeanConfigurable$CheckboxField
3329:            23            552  com.intellij.serialization.stateProperties.MapStoredProperty
3330:            23            552  kotlin.UnsafeLazyImpl
3331:            23            552  kotlin.reflect.jvm.internal.impl.incremental.components.NoLookupLocation
3332:            23            552  kotlin.reflect.jvm.internal.impl.incremental.components.NoLookupLocation
3333:            23            552  org.jetbrains.plugins.groovy.lang.groovydoc.lexer.GroovyDocElementType
3334:            17            544  com.intellij.openapi.editor.impl.EditorMarkupModelImpl$StatusButton$1
3335:            17            544  com.intellij.openapi.vcs.changes.ChangeListWorker$ListData
3336:            17            544  com.intellij.ui.components.JBList$2
3337:             2            544  com.intellij.ui.popup.list.ListPopupImpl
3338:            34            544  com.intellij.ui.tree.ui.DefaultTreeUI$1
3339:            34            544  com.intellij.ui.tree.ui.DispatchThreadValidator
3340:            34            544  com.intellij.ui.treeStructure.Tree$MyFocusListener
3341:            34            544  com.intellij.ui.treeStructure.Tree$MyMouseListener
3342:            17            544  git4idea.ignore.GitIgnoredFilesHolder
3343:            17            544  java.util.concurrent.atomic.AtomicLongFieldUpdater$CASUpdater (java.base@11.0.9.1)
3344:            34            544  javax.swing.JTree$TreeModelHandler (java.desktop@11.0.9.1)
3345:            17            544  kotlin.reflect.jvm.internal.impl.descriptors.ScopesHolderForClass
3346:            17            544  kotlin.reflect.jvm.internal.impl.serialization.deserialization.ClassData
3347:            17            544  kotlin.reflect.jvm.internal.impl.serialization.deserialization.descriptors.DeserializedClassDescriptor$DeserializedClassTypeConstructor
3348:            17            544  sun.awt.shell.DefaultShellFolder (java.desktop@11.0.9.1)
3349:            17            544  sun.security.ssl.CipherSuite$KeyExchange (java.base@11.0.9.1)
3350:            17            544  sun.security.util.LazyCodeSourcePermissionCollection (java.base@11.0.9.1)
3351:            17            544  sun.security.x509.CertificatePoliciesExtension (java.base@11.0.9.1)
3352:             1            536  [Lcom.intellij.internal.ml.FeatureMapper;
3353:             3            528  [Lcom.intellij.ide.plugins.IdeaPluginDescriptorImpl;
3354:             1            528  [Ljava.lang.Character; (java.base@11.0.9.1)
3355:             1            528  [Ljava.util.TimerTask; (java.base@11.0.9.1)
3356:            11            528  com.intellij.codeInsight.completion.impl.CompletionServiceImpl$CompletionResultSetImpl
3357:            22            528  com.intellij.codeInsight.completion.ml.MLFeatureValue$ClassNameValue
3358:            22            528  com.intellij.completion.ml.features.MLFeaturesUtil$ClassNames
3359:            33            528  com.intellij.execution.impl.ConsoleViewImpl$$Lambda$2553/0x0000000801a1c440
3360:            33            528  com.intellij.execution.impl.ConsoleViewImpl$1
3361:            33            528  com.intellij.execution.impl.ConsoleViewImpl$4
3362:            33            528  com.intellij.execution.impl.ConsoleViewImpl$5
3363:            11            528  com.intellij.execution.impl.ConsoleViewImpl$7
3364:            33            528  com.intellij.execution.impl.ConsoleViewImpl$CommandLineFolding
3365:            33            528  com.intellij.execution.impl.ConsoleViewUtil$1
3366:            33            528  com.intellij.execution.impl.EditorHyperlinkSupport$2
3367:            33            528  com.intellij.execution.impl.MyDiffContainer$MyOverlayLayout
3368:            33            528  com.intellij.execution.impl.MyDiffContainer$MyPanelLayout
3369:            22            528  com.intellij.execution.process.BaseOSProcessHandler$1$$Lambda$314/0x0000000800400c40
3370:            22            528  com.intellij.execution.process.ProcessWaitFor$$Lambda$310/0x00000008003cd040
3371:            22            528  com.intellij.execution.process.ProcessWaitFor$$Lambda$311/0x00000008003cd440
3372:            22            528  com.intellij.openapi.vcs.FileStatusFactoryImpl$FileStatusImpl
3373:            22            528  com.intellij.openapi.vfs.impl.VirtualFileManagerImpl$$Lambda$556/0x000000080061d440
3374:            22            528  com.intellij.openapi.wm.impl.status.IdeStatusBarImpl$$Lambda$1434/0x00000008010c5c40
3375:            22            528  com.intellij.psi.CustomHighlighterTokenType$CustomElementType
3376:            22            528  com.intellij.psi.impl.source.codeStyle.lineIndent.JavaLikeLangLineIndentProvider$JavaLikeElement
3377:            22            528  com.intellij.util.containers.MultiMap$6
3378:            33            528  com.intellij.util.xml.impl.InvocationCache$$Lambda$2075/0x0000000801598c40
3379:            11            528  it.unimi.dsi.fastutil.ints.IntOpenHashSet
3380:            11            528  java.util.regex.Pattern$GroupCurly (java.base@11.0.9.1)
3381:            22            528  javax.swing.text.StyleContext$SmallAttributeSet (java.desktop@11.0.9.1)
3382:            22            528  kotlin.reflect.jvm.internal.impl.descriptors.runtime.components.ReflectKotlinClass
3383:             6            528  kotlin.reflect.jvm.internal.impl.load.java.lazy.descriptors.LazyJavaClassMemberScope
3384:            22            528  org.jdom.ImmutableText
3385:            22            528  org.jetbrains.kotlin.platform.konan.NativePlatformWithTarget
3386:            11            528  sun.java2d.opengl.OGLSwToSurfaceBlit (java.desktop@11.0.9.1)
3387:            11            528  sun.java2d.opengl.OGLSwToSurfaceScale (java.desktop@11.0.9.1)
3388:            11            528  sun.java2d.opengl.OGLSwToSurfaceTransform (java.desktop@11.0.9.1)
3389:            11            528  sun.java2d.opengl.OGLSwToTextureBlit (java.desktop@11.0.9.1)
3390:            13            520  com.intellij.ide.actions.EditSourceAction
3391:            13            520  com.intellij.ide.ui.EditorOptionDescription
3392:            13            520  com.intellij.openapi.fileTypes.impl.AbstractFileType
3393:             5            520  com.intellij.util.indexing.impl.perFileVersion.PersistentSubIndexerVersionEnumerator$1
3394:            13            520  com.intellij.util.xml.impl.DomFileElementImpl
3395:            13            520  com.jetbrains.jdi.ConnectorImpl$StringArgumentImpl
3396:            13            520  io.netty.channel.AbstractChannel$CloseFuture
3397:            13            520  javax.swing.plaf.basic.BasicLookAndFeel$AudioAction (java.desktop@11.0.9.1)
3398:             5            520  sun.font.CCompositeFont (java.desktop@11.0.9.1)
3399:            16            512  [Lcom.intellij.openapi.util.TextRange;
3400:            16            512  [Ljava.awt.Rectangle; (java.desktop@11.0.9.1)
3401:             8            512  com.intellij.codeInsight.completion.RecursionWeigher
3402:            16            512  com.intellij.codeInsight.daemon.impl.ConfigureInspectionsAction
3403:            16            512  com.intellij.codeInsight.daemon.impl.DaemonEditorPopup$3
3404:            16            512  com.intellij.codeInsight.daemon.impl.DaemonEditorPopup$4
3405:            32            512  com.intellij.codeInsight.template.TemplateContextType$$Lambda$702/0x0000000800835040
3406:             8            512  com.intellij.ide.actions.NonEmptyActionGroup
3407:            32            512  com.intellij.ide.ui.laf.darcula.ui.TextFieldWithPopupHandlerUI$Handler
3408:            32            512  com.intellij.openapi.extensions.ProjectExtensionPointName
3409:            32            512  com.intellij.openapi.util.LowMemoryWatcher$$Lambda$373/0x0000000800486c40
3410:            16            512  com.intellij.openapi.vfs.impl.VirtualFileManagerImpl$VirtualFileSystemBean
3411:            16            512  com.intellij.pom.java.LanguageLevel
3412:             8            512  com.intellij.psi.impl.PsiDocumentManagerImpl
3413:            16            512  com.intellij.psi.impl.smartPointers.FileElementInfo
3414:            16            512  com.intellij.psi.impl.source.javadoc.SimpleDocTagInfo
3415:             8            512  com.intellij.psi.impl.source.tree.java.PsiConditionalExpressionImpl
3416:            16            512  com.intellij.util.IntSLRUCache
3417:             8            512  com.intellij.util.messages.impl.CompositeMessageBus
3418:            16            512  io.netty.util.AsciiString
3419:            16            512  java.time.temporal.ChronoUnit (java.base@11.0.9.1)
3420:            32            512  javax.swing.JTextField$ScrollRepainter (java.desktop@11.0.9.1)
3421:            16            512  kotlin.reflect.jvm.internal.impl.metadata.builtins.BuiltInsBinaryVersion
3422:            16            512  org.jetbrains.kotlin.idea.inspections.migration.DeprecatedForKotlinLibInfo
3423:            16            512  sun.rmi.transport.LiveRef (java.rmi@11.0.9.1)
3424:            16            512  sun.security.x509.CRLDistributionPointsExtension (java.base@11.0.9.1)
3425:             1            504  [Lcom.intellij.execution.console.CustomizableConsoleFoldingBean;
3426:            18            504  [Lkotlin.reflect.jvm.internal.impl.util.Check;
3427:            21            504  com.github.benmanes.caffeine.cache.AccessOrderDeque
3428:            21            504  com.intellij.codeInsight.completion.AsyncCompletion$$Lambda$4500/0x00000008028d3040
3429:            21            504  com.intellij.codeInsight.completion.CompletionResult
3430:            21            504  com.intellij.compiler.options.CompileStepBeforeRun$MakeBeforeRunTask
3431:             9            504  com.intellij.debugger.ui.impl.TipManager
3432:             9            504  com.intellij.debugger.ui.impl.watch.DebuggerTreeNodeImpl
3433:            21            504  com.intellij.execution.configurations.JavaRunConfigurationModule
3434:             9            504  com.intellij.facet.ui.FacetDependentToolWindow
3435:             7            504  com.intellij.openapi.fileEditor.impl.EditorWithProviderComposite
3436:            21            504  com.intellij.openapi.vcs.ex.ChangelistsLocalLineStatusTracker$BlockData
3437:            21            504  com.intellij.openapi.vcs.ex.DocumentTracker$Block
3438:            21            504  com.intellij.openapi.vcs.ex.Range$InnerRange
3439:            21            504  com.intellij.openapi.vfs.newvfs.FileAttribute
3440:            21            504  com.intellij.openapi.wm.impl.ToolWindowEventSource
3441:            21            504  com.intellij.psi.codeStyle.FixingLayoutMatcher
3442:             9            504  com.intellij.psi.impl.source.tree.java.PsiResourceListImpl
3443:             9            504  com.intellij.psi.impl.source.tree.java.PsiTypeTestPatternImpl
3444:            21            504  com.intellij.util.containers.WeakHashSet
3445:            21            504  com.intellij.util.text.VersionComparatorUtil$VersionTokenType
3446:            21            504  com.intellij.util.xml.impl.ChildrenDescriptionsHolder
3447:             9            504  com.intellij.xdebugger.impl.frame.XFramesView$6
3448:             9            504  com.intellij.xdebugger.impl.frame.XWatchesViewImpl
3449:             9            504  com.jetbrains.jdi.ThreadGroupReferenceImpl
3450:            21            504  com.sun.jna.NativeMappedConverter
3451:            21            504  java.util.concurrent.ConcurrentLinkedDeque (java.base@11.0.9.1)
3452:            21            504  kotlin.reflect.jvm.internal.impl.load.java.NameAndSignature
3453:            21            504  kotlin.reflect.jvm.internal.impl.load.java.SpecialGenericSignatures$Companion$NameAndSignature
3454:            21            504  kotlin.script.experimental.util.PropertiesCollection$TransientKey
3455:            21            504  org.apache.http.entity.ContentType
3456:            21            504  org.editorconfig.language.psi.EditorConfigElementType
3457:            21            504  org.jetbrains.kotlin.load.java.SpecialGenericSignatures$Companion$NameAndSignature
3458:            21            504  sun.reflect.generics.reflectiveObjects.WildcardTypeImpl (java.base@11.0.9.1)
3459:            21            504  sun.reflect.generics.tree.Wildcard (java.base@11.0.9.1)
3460:            21            504  sun.security.x509.AVAKeyword (java.base@11.0.9.1)
3461:            21            504  sun.security.x509.PolicyInformation (java.base@11.0.9.1)
3462:             7            496  [Lsun.invoke.util.Wrapper; (java.base@11.0.9.1)
3463:            31            496  com.intellij.codeInsight.hints.filtering.StringParamMatcher
3464:            31            496  com.intellij.grazie.detector.model.Language$Information
3465:            31            496  com.intellij.patterns.XmlNamedElementPattern$XmlAttributePattern$1
3466:            31            496  com.sun.proxy.$Proxy104
3467:            31            496  org.jetbrains.kotlin.platform.TargetPlatform
3468:            14            488  [Ljava.lang.Boolean; (java.base@11.0.9.1)
3469:             6            480  [Lcom.google.common.collect.HashBiMap$BiEntry;
3470:            13            480  [Lorg.jetbrains.idea.maven.navigator.MavenProjectsStructure$MavenSimpleNode;
3471:            10            480  [Lsun.awt.SunHints$Value; (java.desktop@11.0.9.1)
3472:            30            480  com.android.sdklib.repository.generated.repository.v1.LayoutlibType
3473:            15            480  com.fasterxml.jackson.core.JsonParser$Feature
3474:            15            480  com.fasterxml.jackson.databind.introspect.AnnotatedConstructor
3475:            15            480  com.fasterxml.jackson.databind.ser.impl.ReadOnlyClassToSerializerMap$Bucket
3476:            20            480  com.google.common.cache.LocalCache$AccessQueue$1
3477:            20            480  com.google.gson.internal.bind.TypeAdapters$33
3478:            12            480  com.ibm.icu.impl.ICUResourceBundleReader$ResourceCache
3479:             3            480  com.ibm.icu.impl.number.DecimalFormatProperties
3480:            10            480  com.ibm.icu.text.UnicodeSet
3481:            12            480  com.intellij.build.BuildTreeConsoleView$ScrollEditorToTheEndAction
3482:            10            480  com.intellij.codeInsight.folding.impl.UpdateFoldRegionsOperation
3483:            20            480  com.intellij.codeInsight.intention.impl.EditIntentionSettingsAction
3484:            20            480  com.intellij.codeInsight.intention.impl.EnableDisableIntentionAction
3485:             3            480  com.intellij.codeInsight.lookup.impl.LookupImpl
3486:            10            480  com.intellij.codeInsight.navigation.NavigationGutterIconBuilder$MyNavigationGutterIconRenderer
3487:            30            480  com.intellij.codeInspection.dataFlow.JavaMethodContractUtil$$Lambda$3931/0x000000080266e440
3488:            12            480  com.intellij.codeInspection.dataFlow.inference.MethodData
3489:            20            480  com.intellij.execution.configurations.ParametersList
3490:            15            480  com.intellij.execution.filters.OpenFileHyperlinkInfo
3491:            10            480  com.intellij.execution.impl.ProcessStreamsSynchronizer
3492:            10            480  com.intellij.execution.target.TargetedCommandLineBuilder
3493:            10            480  com.intellij.execution.target.local.LocalTargetEnvironmentRequest
3494:            12            480  com.intellij.formatting.SpacingImpl
3495:             1            480  com.intellij.ide.IdeTooltipManager$5
3496:            10            480  com.intellij.openapi.module.impl.scopes.ModuleWithDependenciesScope
3497:            12            480  com.intellij.openapi.roots.impl.LibraryScopeCache$2
3498:            20            480  com.intellij.openapi.wm.impl.ToolWindowImpl$contentManager$1
3499:            30            480  com.intellij.openapi.wm.impl.content.BaseLabel$1
3500:            20            480  com.intellij.patterns.DomElementPattern$Capture
3501:            20            480  com.intellij.patterns.DomPatterns$1
3502:            20            480  com.intellij.patterns.PsiExpressionPattern$Capture
3503:            20            480  com.intellij.patterns.XmlElementPattern$Capture
3504:            15            480  com.intellij.psi.PsiAnchor$TreeRangeReference
3505:            30            480  com.intellij.refactoring.suggested.NewIdentifierWatcher$Ref
3506:            15            480  com.intellij.ui.mac.touchbar.ItemsContainer
3507:            12            480  com.intellij.ui.popup.AbstractPopup$1
3508:            20            480  com.intellij.util.IdempotenceChecker$ResultWithLog
3509:            20            480  com.intellij.util.PathsList
3510:            20            480  com.intellij.util.concurrency.SynchronizedClearableLazy
3511:            20            480  com.intellij.util.indexing.containers.SortedIdSet
3512:            10            480  com.intellij.util.indexing.impl.ValueContainerImpl$ValueToInputMap
3513:            15            480  com.sun.jna.Structure$FFIType$size_t
3514:            10            480  gnu.trove.TObjectLongHashMap
3515:            15            480  java.awt.geom.Path2D$Double (java.desktop@11.0.9.1)
3516:            15            480  java.lang.invoke.VarHandleInts$FieldInstanceReadWrite (java.base@11.0.9.1)
3517:            20            480  java.math.MathContext (java.base@11.0.9.1)
3518:            15            480  java.security.cert.PolicyQualifierInfo (java.base@11.0.9.1)
3519:            30            480  javax.swing.plaf.basic.BasicListUI$Actions (java.desktop@11.0.9.1)
3520:            20            480  javax.swing.plaf.basic.BasicTableHeaderUI$MouseInputHandler (java.desktop@11.0.9.1)
3521:            20            480  kotlin.reflect.jvm.internal.impl.descriptors.impl.FieldDescriptorImpl
3522:            15            480  kotlin.reflect.jvm.internal.impl.load.java.lazy.LazyJavaResolverContext
3523:            15            480  kotlin.reflect.jvm.internal.impl.metadata.ProtoBuf$QualifiedNameTable
3524:            15            480  kotlin.reflect.jvm.internal.impl.metadata.ProtoBuf$StringTable
3525:            30            480  org.apache.commons.collections4.trie.analyzer.StringKeyAnalyzer
3526:             3            480  org.apache.xerces.impl.xs.SchemaGrammar
3527:             3            480  org.apache.xerces.impl.xs.SchemaGrammar$BuiltinSchemaGrammar
3528:            12            480  org.apache.xerces.util.XMLAttributesImpl$Attribute
3529:            20            480  org.jetbrains.kotlin.idea.versions.LibInfo
3530:            20            480  org.languagetool.rules.patterns.UnifierConfiguration
3531:            12            480  sun.awt.AWTThreading$2 (java.desktop@11.0.9.1)
3532:            20            480  sun.font.GlyphLayout$LayoutEngineKey (java.desktop@11.0.9.1)
3533:            10            480  sun.invoke.util.Wrapper (java.base@11.0.9.1)
3534:            10            480  sun.java2d.opengl.OGLMaskFill (java.desktop@11.0.9.1)
3535:            15            480  sun.security.ssl.SSLSocketImpl$AppInputStream (java.base@11.0.9.1)
3536:            15            472  [Lcom.intellij.psi.PsiAnnotation$TargetType;
3537:             1            472  javax.swing.JTextField (java.desktop@11.0.9.1)
3538:             1            464  com.apple.laf.AquaFileChooserUI$JTableExtension (java.desktop@11.0.9.1)
3539:            29            464  com.intellij.internal.statistic.eventLog.events.IntEventField
3540:            29            464  com.intellij.openapi.editor.EditorMouseHoverPopupManager$$Lambda$2785/0x0000000801b5f840
3541:            29            464  com.intellij.openapi.extensions.ExtensionPointUtil$$Lambda$1380/0x0000000801058c40
3542:            29            464  com.intellij.usages.impl.rules.UsageType
3543:             2            464  org.jetbrains.mvstore.MVStore
3544:            19            456  com.android.repository.impl.generated.v1.LicenseType
3545:            19            456  com.apple.laf.AquaTableUI$1 (java.desktop@11.0.9.1)
3546:            19            456  com.apple.laf.AquaTableUI$FocusHandler (java.desktop@11.0.9.1)
3547:            19            456  com.apple.laf.AquaTableUI$MouseInputHandler (java.desktop@11.0.9.1)
3548:            19            456  com.ibm.icu.text.PluralRanges
3549:            19            456  com.intellij.codeInsight.template.impl.DefaultLiveTemplateEP
3550:            19            456  com.intellij.codeInspection.dataFlow.JavaMethodContractUtil$ContractInfo
3551:            19            456  com.intellij.diagnostic.ActivityCategory
3552:            19            456  com.intellij.execution.impl.ConsoleViewImpl$$Lambda$5075/0x0000000802bc7840
3553:            19            456  com.intellij.execution.ui.layout.impl.RunnerContentUi$TopToolbarContextActions
3554:            19            456  com.intellij.execution.ui.layout.impl.RunnerContentUi$TopToolbarWrappers
3555:            19            456  com.intellij.ide.ui.laf.darcula.ui.TextFieldWithPopupHandlerUI$SearchExtension
3556:            19            456  com.intellij.internal.statistic.collectors.fus.actions.persistence.ToolWindowCollector$ToolWindowInfo
3557:            19            456  com.intellij.openapi.actionSystem.impl.ActionManagerImpl$$Lambda$689/0x0000000800811440
3558:            19            456  com.intellij.psi.tree.xml.IXmlElementType
3559:            19            456  com.intellij.util.ProcessingContext
3560:            19            456  com.intellij.util.containers.BidirectionalMap
3561:            19            456  com.intellij.util.ui.JBValue$UIInteger
3562:            19            456  com.intellij.workspaceModel.storage.impl.ImmutableEntityFamily
3563:            19            456  com.sun.org.apache.xerces.internal.impl.PropertyManager (java.xml@11.0.9.1)
3564:            19            456  java.time.Duration (java.base@11.0.9.1)
3565:            19            456  org.jetbrains.kotlin.lexer.KtToken
3566:            19            456  org.jetbrains.kotlin.renderer.DescriptorRendererImpl
3567:            19            456  org.jetbrains.kotlin.renderer.DescriptorRendererImpl$functionTypeAnnotationsRenderer$2
3568:            19            456  sun.java2d.loops.CompositeType (java.desktop@11.0.9.1)
3569:            19            456  sun.java2d.marlin.DTransformingPathConsumer2D$ClosedPathDetector (java.desktop@11.0.9.1)
3570:            19            456  sun.swing.table.DefaultTableCellHeaderRenderer$EmptyIcon (java.desktop@11.0.9.1)
3571:             2            448  [Lcom.intellij.ui.EditorNotifications$Provider;
3572:            10            448  [Lcom.intellij.xdebugger.breakpoints.XBreakpointHandler;
3573:             8            448  com.fasterxml.jackson.databind.deser.std.CollectionDeserializer
3574:             8            448  com.google.common.collect.RegularImmutableBiMap
3575:             8            448  com.intellij.codeInsight.intention.impl.preview.IntentionPreviewPopupUpdateProcessor
3576:            14            448  com.intellij.openapi.util.RecursionManager$MyKey
3577:            14            448  com.intellij.openapi.vcs.ex.DocumentTracker$MyDocumentListener
3578:            28            448  com.intellij.openapi.wm.impl.content.TabContentLayout$$Lambda$2801/0x0000000801b82c40
3579:             8            448  com.intellij.psi.impl.PsiManagerImpl
3580:            14            448  com.intellij.psi.impl.compiled.ClsArrayInitializerMemberValueImpl
3581:            14            448  com.intellij.psi.impl.light.LightJavaModule$LightJavaModuleReferenceElement
3582:             7            448  com.intellij.psi.impl.source.tree.java.PsiThisExpressionImpl
3583:            14            448  com.intellij.psi.statistics.impl.StatisticsUnit
3584:            28            448  com.intellij.ui.jcef.HwFacadeHelper$$Lambda$1321/0x0000000800fb0440
3585:            28            448  com.intellij.util.RunnableCallable
3586:            14            448  com.intellij.util.concurrency.Invoker$EDT
3587:            14            448  com.intellij.util.containers.ConcurrentWeakKeyWeakValueHashMap
3588:            14            448  com.intellij.util.containers.WeakKeyIntValueHashMap$MyReference
3589:            28            448  com.intellij.util.ui.tree.TreeModelListenerList
3590:             7            448  com.intellij.util.xml.impl.StaticGenericInfo
3591:            28            448  com.sun.proxy.$Proxy192
3592:            28            448  com.sun.proxy.$Proxy86
3593:             8            448  com.sun.security.sasl.Provider$ProviderService (java.security.sasl@11.0.9.1)
3594:            14            448  io.netty.channel.AdaptiveRecvByteBufAllocator
3595:            28            448  it.unimi.dsi.fastutil.ints.Int2ObjectRBTreeMap$2
3596:            28            448  it.unimi.dsi.fastutil.objects.Object2ObjectOpenHashMap$MapEntrySet
3597:             4            448  java.awt.image.ComponentColorModel (java.desktop@11.0.9.1)
3598:            28            448  java.io.ObjectInputStream$ValidationList (java.base@11.0.9.1)
3599:            14            448  jdk.internal.reflect.UnsafeQualifiedBooleanFieldAccessorImpl (java.base@11.0.9.1)
3600:             7            448  kotlin.reflect.jvm.internal.KMutableProperty2Impl
3601:            14            448  kotlin.reflect.jvm.internal.impl.protobuf.WireFormat$FieldType
3602:            14            448  kotlin.reflect.jvm.internal.impl.protobuf.WireFormat$FieldType
3603:            14            448  kotlin.reflect.jvm.internal.impl.serialization.deserialization.ProtoBasedClassDataFinder
3604:             7            448  kotlin.reflect.jvm.internal.impl.serialization.deserialization.descriptors.DeserializedTypeParameterDescriptor
3605:             8            448  org.jetbrains.idea.maven.utils.MavenMergingUpdateQueue
3606:            14            448  sun.font.CCharToGlyphMapper (java.desktop@11.0.9.1)
3607:            14            448  sun.font.CCharToGlyphMapper$Cache (java.desktop@11.0.9.1)
3608:             7            448  sun.java2d.loops.RenderLoops (java.desktop@11.0.9.1)
3609:             8            448  sun.management.MemoryPoolImpl (java.management@11.0.9.1)
3610:            28            448  sun.rmi.server.MarshalOutputStream$1 (java.rmi@11.0.9.1)
3611:            11            440  com.google.common.collect.RegularImmutableMap
3612:             1            440  com.google.wireless.android.sdk.stats.AndroidStudioEvent
3613:             5            440  com.intellij.application.options.editor.CodeFoldingOptionsProviderEP
3614:             5            440  com.intellij.application.options.editor.EditorSmartKeysConfigurableEP
3615:            11            440  com.intellij.build.AbstractViewManager$PinBuildViewAction
3616:             5            440  com.intellij.codeInsight.daemon.impl.DaemonProgressIndicator
3617:            11            440  com.intellij.openapi.editor.richcopy.model.SyntaxInfo
3618:            11            440  com.intellij.util.concurrency.QueueProcessor
3619:            11            440  com.intellij.util.io.PersistentHashMap$AppendStream
3620:            11            440  io.netty.buffer.PoolThreadCache$MemoryRegionCache$Entry
3621:             5            440  java.lang.invoke.BoundMethodHandle$Species_LLLLLLLLLLLLII (java.base@11.0.9.1)
3622:             1            432  [Lcom.intellij.internal.statistic.service.fus.collectors.CounterUsageCollectorEP;
3623:            18            432  [Ljava.util.HashMap; (java.base@11.0.9.1)
3624:             4            432  [Ljavax.swing.Action; (java.desktop@11.0.9.1)
3625:             1            432  [[[C (java.base@11.0.9.1)
3626:            18            432  com.android.tools.lint.detector.api.Category
3627:            18            432  com.intellij.codeInsight.completion.CompletionLocation
3628:            27            432  com.intellij.codeInsight.intention.impl.CachedIntentions$$Lambda$4638/0x0000000802988440
3629:            18            432  com.intellij.codeInspection.java18StreamApi.StaticPseudoFunctionalStyleMethodOptions$PipelineElement
3630:            18            432  com.intellij.codeInspection.javaDoc.JavaDocLocalInspection$Options
3631:            18            432  com.intellij.compiler.CompilerConfigurationImpl$CompiledPattern
3632:             9            432  com.intellij.compiler.progress.BuildOutputService$3
3633:             9            432  com.intellij.debugger.engine.JavaDebugProcess$3
3634:             9            432  com.intellij.debugger.engine.requests.MethodReturnValueWatcher
3635:            18            432  com.intellij.debugger.impl.DebuggerSession$DebuggerSessionState
3636:             9            432  com.intellij.debugger.jdi.ThreadGroupReferenceProxyImpl
3637:             9            432  com.intellij.debugger.ui.impl.DebuggerTreePanel$2
3638:             9            432  com.intellij.debugger.ui.impl.ThreadsDebuggerTree$1
3639:            18            432  com.intellij.debugger.ui.impl.watch.NodeDescriptorFactoryImpl$DescriptorTreeSearcher
3640:            18            432  com.intellij.debugger.ui.impl.watch.NodeDescriptorFactoryImpl$DisplayDescriptorTreeSearcher
3641:            18            432  com.intellij.debugger.ui.overhead.OverheadView$TimingColumnInfo
3642:             9            432  com.intellij.execution.impl.ProcessExecutionListener
3643:            18            432  com.intellij.openapi.CompositeDisposable
3644:            18            432  com.intellij.openapi.diff.LineStatusMarkerDrawUtil$DiffStripeTextAttributes
3645:             6            432  com.intellij.openapi.project.impl.DefaultProjectImpl
3646:             9            432  com.intellij.openapi.ui.panel.ProgressPanelBuilder
3647:            18            432  com.intellij.openapi.ui.panel.ProgressPanelBuilder$LabeledPanelImpl$HoverListener
3648:            18            432  com.intellij.openapi.wm.impl.ToolWindowHeader$5
3649:            18            432  com.intellij.openapi.wm.impl.ToolWindowImpl$createContentManager$2
3650:            18            432  com.intellij.openapi.wm.impl.ToolWindowManagerImpl$ToolWindowFocusWatcher$1
3651:            18            432  com.intellij.openapi.wm.impl.status.InfoAndProgressPanel$MyInlineProgressIndicator$$Lambda$2700/0x0000000801aeb040
3652:            18            432  com.intellij.openapi.wm.impl.status.InlineProgressIndicator$$Lambda$2701/0x0000000801aeb440
3653:            18            432  com.intellij.patterns.uast.UExpressionPattern$Capture
3654:            18            432  com.intellij.psi.tree.java.IJavaDocElementType
3655:            18            432  com.intellij.psi.tree.jsp.IJspElementType
3656:            18            432  com.intellij.ui.TableExpandableItemsHandler$1
3657:            18            432  com.intellij.ui.TableExpandableItemsHandler$2
3658:            18            432  com.intellij.ui.TableExpandableItemsHandler$3
3659:            18            432  com.intellij.ui.TableExpandableItemsHandler$4
3660:            18            432  com.intellij.ui.TableExpandableItemsHandler$5
3661:            18            432  com.intellij.ui.table.JBTable$4
3662:            18            432  com.intellij.ui.table.JBTable$JBTableHeader$1
3663:            18            432  com.intellij.ui.table.JBTable$JBTableHeader$2
3664:            18            432  com.intellij.ui.table.JBTable$MyCellEditorRemover
3665:             6            432  com.intellij.vcs.log.data.index.VcsLogFullDetailsIndex$MyMapReduceIndex
3666:            18            432  com.intellij.xdebugger.impl.frame.XDebugViewSessionListener
3667:             9            432  com.intellij.xdebugger.impl.frame.XDebuggerFramesList$XDebuggerGroupedFrameListRenderer
3668:             9            432  com.intellij.xdebugger.impl.frame.XFramesView$MyFocusPolicy
3669:            18            432  com.intellij.xdebugger.impl.ui.tree.XDebuggerTreeRenderer$MyLongTextHyperlink
3670:             9            432  com.intellij.xdebugger.impl.ui.tree.nodes.MessageTreeNode
3671:            18            432  com.jetbrains.jdi.BooleanValueImpl
3672:             9            432  com.jetbrains.jdi.ConnectorImpl$IntegerArgumentImpl
3673:            18            432  com.jetbrains.jdi.EventRequestManagerImpl
3674:             9            432  com.jetbrains.jdi.EventRequestManagerImpl$ClassUnloadRequestImpl
3675:             9            432  com.jetbrains.jdi.EventRequestManagerImpl$ThreadDeathRequestImpl
3676:             9            432  com.jetbrains.jdi.EventRequestManagerImpl$ThreadStartRequestImpl
3677:            18            432  com.jetbrains.jdi.JDWP$EventRequest$Set$Modifier
3678:             9            432  com.jetbrains.jdi.JDWP$VirtualMachine$CapabilitiesNew
3679:             9            432  com.jetbrains.jdi.TargetVM
3680:            18            432  com.sun.org.apache.xerces.internal.impl.XMLNSDocumentScannerImpl$NSContentDriver (java.xml@11.0.9.1)
3681:            18            432  com.sun.org.apache.xerces.internal.impl.msg.XMLMessageFormatter (java.xml@11.0.9.1)
3682:            27            432  com.sun.proxy.$Proxy60
3683:            18            432  com.sun.xml.bind.v2.runtime.SchemaTypeTransducer
3684:            27            432  java.net.InetSocketAddress (java.base@11.0.9.1)
3685:             6            432  java.security.SecureRandom (java.base@11.0.9.1)
3686:            27            432  java.security.spec.ECFieldFp (java.base@11.0.9.1)
3687:            18            432  java.text.DateFormat$Field (java.base@11.0.9.1)
3688:            27            432  java.util.EnumMap$Values (java.base@11.0.9.1)
3689:             9            432  java.util.WeakHashMap$KeyIterator (java.base@11.0.9.1)
3690:            18            432  java.util.concurrent.ConcurrentSkipListMap$Node (java.base@11.0.9.1)
3691:            18            432  java.util.regex.Pattern$Bound (java.base@11.0.9.1)
3692:             1            432  javax.swing.JFileChooser (java.desktop@11.0.9.1)
3693:             9            432  javax.swing.plaf.basic.BasicProgressBarUI$Animator (java.desktop@11.0.9.1)
3694:            18            432  kotlin.reflect.jvm.internal.impl.load.java.lazy.descriptors.LazyJavaScope$allDescriptors$1
3695:            18            432  kotlin.reflect.jvm.internal.impl.load.java.lazy.descriptors.LazyJavaScope$classNamesLazy$2
3696:            18            432  kotlin.reflect.jvm.internal.impl.load.java.lazy.descriptors.LazyJavaScope$declaredField$1
3697:            18            432  kotlin.reflect.jvm.internal.impl.load.java.lazy.descriptors.LazyJavaScope$declaredFunctions$1
3698:            18            432  kotlin.reflect.jvm.internal.impl.load.java.lazy.descriptors.LazyJavaScope$declaredMemberIndex$1
3699:            18            432  kotlin.reflect.jvm.internal.impl.load.java.lazy.descriptors.LazyJavaScope$functionNamesLazy$2
3700:            18            432  kotlin.reflect.jvm.internal.impl.load.java.lazy.descriptors.LazyJavaScope$functions$1
3701:            18            432  kotlin.reflect.jvm.internal.impl.load.java.lazy.descriptors.LazyJavaScope$properties$1
3702:            18            432  kotlin.reflect.jvm.internal.impl.load.java.lazy.descriptors.LazyJavaScope$propertyNamesLazy$2
3703:            18            432  org.apache.batik.anim.dom.TraitInformation
3704:             9            432  org.jetbrains.kotlin.idea.debugger.KotlinPositionManager$allKotlinFilesScope$1
3705:             9            432  org.jetbrains.kotlin.idea.debugger.KotlinPositionManager$allKotlinFilesScope$1$scopeComparator$1
3706:             9            432  org.jetbrains.kotlin.idea.debugger.KotlinPositionManager$allKotlinFilesScope$1$scopeComparator$2
3707:             9            432  org.jetbrains.kotlin.idea.stubindex.KotlinSourceFilterScope
3708:            18            432  sun.font.GlyphLayout$SDCache$SDKey (java.desktop@11.0.9.1)
3709:            16            424  [Lcom.intellij.psi.filters.ElementFilter;
3710:            11            424  [Lorg.jetbrains.kotlin.lexer.KtModifierKeywordToken;
3711:             1            416  [Lcom.jetbrains.jdi.SDE$LineTableRecord;
3712:             1            416  [Lcom.sun.tools.jdi.SDE$LineTableRecord; (jdk.jdi@11.0.9.1)
3713:            13            416  [Ljava.lang.invoke.LambdaFormEditor$Transform; (java.base@11.0.9.1)
3714:            22            416  [Ljavax.swing.KeyStroke; (java.desktop@11.0.9.1)
3715:             1            416  com.apple.laf.AquaFileChooserUI$4 (java.desktop@11.0.9.1)
3716:             1            416  com.apple.laf.AquaFileChooserUI$5 (java.desktop@11.0.9.1)
3717:             1            416  com.apple.laf.AquaFileChooserUI$DateRenderer (java.desktop@11.0.9.1)
3718:             1            416  com.apple.laf.AquaFileChooserUI$FileRenderer (java.desktop@11.0.9.1)
3719:            13            416  com.intellij.codeInsight.editorActions.TextBlockTransferable
3720:            13            416  com.intellij.lang.annotation.HighlightSeverity
3721:            13            416  com.intellij.openapi.module.impl.scopes.LibraryRuntimeClasspathScope
3722:            13            416  com.intellij.openapi.projectRoots.impl.RootsAsVirtualFilePointers
3723:            13            416  com.intellij.psi.impl.source.tree.java.PsiNameValuePairImpl
3724:            13            416  com.intellij.util.xml.impl.DomRootInvocationHandler$1
3725:            26            416  com.sun.xml.bind.v2.runtime.reflect.Lister$CollectionLister
3726:            13            416  io.netty.channel.DefaultChannelId
3727:             1            416  javax.swing.JWindow (java.desktop@11.0.9.1)
3728:             4            416  org.apache.xerces.impl.dv.xs.AbstractDateTimeDV$DateTimeData
3729:            13            416  sun.security.jca.ProviderConfig (java.base@11.0.9.1)
3730:             2            408  [Lcom.intellij.ui.stripe.ErrorStripePainter$Value;
3731:            10            408  [Lcom.intellij.util.QueryExecutor;
3732:            12            408  [Lorg.apache.xerces.impl.xs.util.SimpleLocator;
3733:            17            408  com.android.sdklib.repository.generated.repository.v1.SourceDetailsType
3734:             1            408  com.apple.laf.AquaFileChooserUI$JSortingTableHeader$AquaTableCellRenderer (java.desktop@11.0.9.1)
3735:            17            408  com.intellij.codeInsight.guess.impl.MethodPattern
3736:            17            408  com.intellij.codeInspection.bytecodeAnalysis.Member
3737:            17            408  com.intellij.openapi.editor.impl.EditorMarkupModelImpl$StatusButton$2
3738:            17            408  com.intellij.openapi.projectRoots.JavaSdkVersion
3739:            17            408  com.intellij.openapi.util.registry.RegistryValue$$Lambda$420/0x0000000800524040
3740:            17            408  com.intellij.openapi.vcs.changes.FilePathHolder
3741:            17            408  com.intellij.openapi.vcs.changes.IgnoredFilesCompositeHolder
3742:            17            408  com.intellij.openapi.vcs.changes.LogicallyLockedHolder
3743:            17            408  com.intellij.patterns.XmlNamedElementPattern$2
3744:            17            408  com.intellij.psi.codeStyle.CodeStyleSettingsCustomizable$BlankLinesOption
3745:            17            408  com.intellij.tasks.jira.jql.JqlElementType
3746:            17            408  com.intellij.ui.ExpandedItemListCellRendererWrapper
3747:            17            408  com.intellij.ui.ListExpandableItemsHandler$1
3748:            17            408  com.intellij.ui.ListExpandableItemsHandler$2
3749:            17            408  com.intellij.ui.ListExpandableItemsHandler$3
3750:            17            408  com.intellij.ui.ListExpandableItemsHandler$4
3751:            17            408  com.intellij.util.containers.MultiMap$5
3752:            17            408  com.intellij.util.messages.impl.MessageBusImpl$ToParentMessagePublisher
3753:            17            408  com.intellij.xdebugger.impl.inline.InlineWatchesRootNode$InlinesGroup
3754:            17            408  com.intellij.xdebugger.impl.ui.tree.nodes.WatchesRootNode$RootContainerNode
3755:            17            408  com.sun.xml.bind.v2.runtime.unmarshaller.XsiNilLoader$Array
3756:            17            408  git4idea.GitStandardRemoteBranch
3757:            17            408  git4idea.repo.GitBranchTrackInfo
3758:            17            408  in.oneton.idea.spring.assistant.plugin.suggestion.SuggestionNodeType
3759:             3            408  javax.swing.text.WrappedPlainView (java.desktop@11.0.9.1)
3760:            17            408  kotlin.reflect.jvm.internal.impl.descriptors.ScopesHolderForClass$scopeForOwnerModule$2
3761:            17            408  kotlin.reflect.jvm.internal.impl.serialization.deserialization.ClassDeserializer$ClassKey
3762:            17            408  kotlin.reflect.jvm.internal.impl.serialization.deserialization.descriptors.DeserializedClassDescriptor$DeserializedClassMemberScope$2$1
3763:            17            408  kotlin.reflect.jvm.internal.impl.serialization.deserialization.descriptors.DeserializedClassDescriptor$DeserializedClassMemberScope$allDescriptors$1
3764:            17            408  kotlin.reflect.jvm.internal.impl.serialization.deserialization.descriptors.DeserializedClassDescriptor$DeserializedClassMemberScope$refinedSupertypes$1
3765:            17            408  kotlin.reflect.jvm.internal.impl.serialization.deserialization.descriptors.DeserializedClassDescriptor$DeserializedClassTypeConstructor$parameters$1
3766:            17            408  kotlin.reflect.jvm.internal.impl.serialization.deserialization.descriptors.DeserializedClassDescriptor$companionObjectDescriptor$1
3767:            17            408  kotlin.reflect.jvm.internal.impl.serialization.deserialization.descriptors.DeserializedClassDescriptor$constructors$1
3768:            17            408  kotlin.reflect.jvm.internal.impl.serialization.deserialization.descriptors.DeserializedClassDescriptor$primaryConstructor$1
3769:            17            408  kotlin.reflect.jvm.internal.impl.serialization.deserialization.descriptors.DeserializedClassDescriptor$sealedSubclasses$1
3770:            17            408  net.jpountz.lz4.LZ4HCJavaUnsafeCompressor
3771:            17            408  sun.nio.ch.OptionKey (java.base@11.0.9.1)
3772:            17            408  sun.nio.ch.SocketOptionRegistry$RegistryKey (java.base@11.0.9.1)
3773:             1            400  [Lcom.intellij.xml.util.HTMLControls$Control;
3774:             5            400  com.google.gson.Gson
3775:            10            400  com.intellij.codeInsight.completion.JavaCompletionSorting$PreferExpected
3776:            10            400  com.intellij.codeInsight.completion.PreferByKindWeigher
3777:            10            400  com.intellij.codeInsight.daemon.impl.ParameterHintsPresentationManager$MyRenderer
3778:            10            400  com.intellij.codeInsight.daemon.impl.ShowIntentionsPass$IntentionsInfo
3779:            10            400  com.intellij.codeInsight.folding.impl.FoldingUpdate$$Lambda$2463/0x00000008019c2840
3780:             5            400  com.intellij.codeInspection.ex.InspectionProfileImpl
3781:            10            400  com.intellij.codeInspection.lambdaToExplicit.LambdaAndExplicitMethodPair
3782:            10            400  com.intellij.compiler.progress.BuildOutputService$4
3783:            10            400  com.intellij.debugger.impl.DebuggerContextImpl
3784:            10            400  com.intellij.execution.impl.ConsoleViewRunningState
3785:            10            400  com.intellij.execution.impl.ExecutionManagerImpl$doStartRunProfile$startRunnable$1
3786:            10            400  com.intellij.execution.ui.RunContentManagerImpl$showRunContent$processAdapter$1
3787:            10            400  com.intellij.internal.statistic.IdeActivity
3788:             1            400  com.intellij.ui.tree.ui.LoadingNodeRenderer
3789:            25            400  com.intellij.util.ui.UIUtil$$Lambda$379/0x0000000800485440
3790:            25            400  com.intellij.util.ui.update.UiNotifyConnector$$Lambda$937/0x0000000800a79440
3791:            10            400  io.netty.channel.socket.nio.NioSocketChannel$NioSocketChannelUnsafe
3792:            10            400  java.lang.OutOfMemoryError (java.base@11.0.9.1)
3793:            25            400  java.time.format.DateTimeFormatterBuilder$CharLiteralPrinterParser (java.base@11.0.9.1)
3794:            25            400  javax.swing.JRootPane$RootLayout (java.desktop@11.0.9.1)
3795:             1            400  javax.swing.plaf.basic.BasicComboBoxRenderer$UIResource (java.desktop@11.0.9.1)
3796:            25            400  javax.swing.text.html.CSS$Value (java.desktop@11.0.9.1)
3797:            25            400  kotlin.reflect.jvm.internal.impl.descriptors.impl.AbstractClassDescriptor$1$1
3798:            10            400  kotlin.reflect.jvm.internal.impl.descriptors.impl.LazyPackageViewDescriptorImpl
3799:            10            400  org.apache.xerces.impl.xpath.regex.RangeToken
3800:             1            400  org.jetbrains.idea.maven.execution.MavenRunConfiguration$JavaCommandLineStateImpl$1
3801:            10            400  org.jetbrains.jps.api.RequestFuture
3802:            10            400  sun.nio.ch.SocketAdaptor (java.base@11.0.9.1)
3803:             1            392  [Lcom.intellij.codeInsight.completion.CompletionContributorEP;
3804:            13            392  [Lsun.font.PhysicalStrike; (java.desktop@11.0.9.1)
3805:             7            392  com.intellij.psi.impl.source.xml.XmlProcessingInstructionImpl
3806:             7            392  com.intellij.psi.impl.source.xml.XmlPrologImpl
3807:             7            392  com.intellij.util.indexing.snapshot.SnapshotInputMappings
3808:             7            392  com.intellij.util.ui.ButtonlessScrollBarUI$10
3809:             7            392  com.intellij.util.ui.ButtonlessScrollBarUI$11
3810:             7            392  com.intellij.util.ui.ButtonlessScrollBarUI$12
3811:             1            392  java.awt.EventDispatchThread (java.desktop@11.0.9.1)
3812:             1            384  com.apple.laf.AquaFileChooserUI$JSortingTableHeader (java.desktop@11.0.9.1)
3813:             4            384  com.fasterxml.jackson.databind.deser.BeanDeserializer
3814:            16            384  com.ibm.icu.util.TimeUnit
3815:            12            384  com.intellij.build.BuildTreeConsoleView$1
3816:             8            384  com.intellij.codeInsight.intention.impl.IntentionHintComponent
3817:             8            384  com.intellij.codeInsight.intention.impl.IntentionHintComponent$IntentionPopup
3818:             6            384  com.intellij.codeInspection.ProblemDescriptorBase
3819:            12            384  com.intellij.codeInspection.dataFlow.inference.JavaSourceInference$MethodInferenceData
3820:             8            384  com.intellij.completion.ngram.slp.modeling.ngram.JMModel
3821:             6            384  com.intellij.completion.ngram.slp.modeling.runners.ModelRunner
3822:            16            384  com.intellij.configurationStore.schemeManager.SchemeListManager
3823:            12            384  com.intellij.debugger.ui.tree.render.ExpressionChildrenRenderer
3824:            24            384  com.intellij.execution.process.ProcessHandler$2
3825:            12            384  com.intellij.execution.target.LanguageRuntimeType$VolumeDescriptor
3826:            12            384  com.intellij.ide.ui.laf.darcula.ui.DarculaComboBoxUI$CustomComboPopup$1
3827:             8            384  com.intellij.openapi.editor.ex.util.LexerEditorHighlighter
3828:             6            384  com.intellij.openapi.editor.impl.event.DocumentEventImpl
3829:            16            384  com.intellij.openapi.editor.markup.LanguageHighlightLevel
3830:             8            384  com.intellij.openapi.keymap.impl.ModifierKeyDoubleClickHandler$MyDispatcher
3831:            12            384  com.intellij.openapi.util.IconLoader$5
3832:             1            384  com.intellij.openapi.util.io.FileUtilRt$FilesToDeleteHolder$1
3833:             3            384  com.intellij.openapi.vcs.VcsConfiguration
3834:            16            384  com.intellij.openapi.vcs.changes.ChangeListsIndexes$Data
3835:             8            384  com.intellij.openapi.vcs.changes.VcsDirtyScopeImpl
3836:            16            384  com.intellij.openapi.vfs.impl.BulkVirtualFileListenerAdapter
3837:             8            384  com.intellij.packageDependencies.DependencyValidationManagerImpl
3838:            16            384  com.intellij.patterns.PsiElementPattern$2
3839:            24            384  com.intellij.psi.PsiDisjunctionType$$Lambda$3712/0x00000008021ea440
3840:            12            384  com.intellij.psi.PsiWildcardType
3841:            24            384  com.intellij.psi.codeStyle.PackageEntryTable
3842:            16            384  com.intellij.psi.impl.PsiManagerImpl$$Lambda$1205/0x0000000800e6a840
3843:             8            384  com.intellij.psi.impl.file.impl.FileManagerImpl
3844:            16            384  com.intellij.psi.search.scope.packageSet.NamedScopesHolder$$Lambda$1247/0x0000000800f0e440
3845:            12            384  com.intellij.util.containers.ConcurrentLongObjectHashMap$Node
3846:            16            384  com.intellij.util.containers.WeakValueHashMap
3847:            16            384  com.intellij.util.ui.Advertiser$Item
3848:             8            384  com.sun.beans.util.Cache$Kind$Soft (java.desktop@11.0.9.1)
3849:            24            384  com.sun.proxy.$Proxy12
3850:             4            384  com.sun.xml.bind.v2.runtime.JAXBContextImpl
3851:            16            384  git4idea.index.GitFileStatus
3852:            12            384  io.netty.buffer.PoolThreadCache$NormalMemoryRegionCache
3853:             1            384  java.lang.ref.Finalizer$FinalizerThread (java.base@11.0.9.1)
3854:            24            384  java.net.Socket$2 (java.base@11.0.9.1)
3855:            24            384  java.net.Socket$3 (java.base@11.0.9.1)
3856:            12            384  java.util.ImmutableCollections$MapN (java.base@11.0.9.1)
3857:             1            384  java.util.TimerThread (java.base@11.0.9.1)
3858:            12            384  java.util.concurrent.Semaphore$NonfairSync (java.base@11.0.9.1)
3859:             1            384  java.util.logging.LogManager$Cleaner (java.logging@11.0.9.1)
3860:            16            384  javax.net.ssl.SNIHostName (java.base@11.0.9.1)
3861:            24            384  javax.swing.JTree$TreeSelectionRedirector (java.desktop@11.0.9.1)
3862:            16            384  javax.swing.plaf.ComponentInputMapUIResource (java.desktop@11.0.9.1)
3863:             8            384  javax.swing.text.html.HTMLEditorKit$InsertHTMLTextAction (java.desktop@11.0.9.1)
3864:             8            384  jdk.internal.loader.URLClassPath$JarLoader (java.base@11.0.9.1)
3865:            16            384  org.apache.xerces.impl.xpath.regex.Op$RangeOp
3866:            16            384  org.editorconfig.language.psi.EditorConfigTokenType
3867:            16            384  org.intellij.lang.xpath.XPath2ElementType
3868:            12            384  org.jetbrains.idea.maven.project.MavenProjectsProcessor
3869:            24            384  org.jetbrains.kotlin.config.AnalysisFlag$Delegate
3870:            16            384  org.jetbrains.kotlin.idea.formatter.lineIndent.KotlinLangLineIndentProvider$KotlinElement
3871:             8            384  sun.java2d.pipe.PixelToParallelogramConverter (java.desktop@11.0.9.1)
3872:            24            384  sun.security.ssl.Authenticator$TLS10Authenticator (java.base@11.0.9.1)
3873:            12            384  sun.security.util.DisabledAlgorithmConstraints$KeySizeConstraint (java.base@11.0.9.1)
3874:            16            384  sun.security.x509.AccessDescription (java.base@11.0.9.1)
3875:             1            376  java.lang.ref.Reference$ReferenceHandler (java.base@11.0.9.1)
3876:             1            376  java.util.prefs.MacOSXPreferencesFile$3 (java.prefs@11.0.9.1)
3877:             1            376  javax.swing.table.JTableHeader (java.desktop@11.0.9.1)
3878:             1            368  com.intellij.codeInsight.hint.LineTooltipRenderer$1MyPanel
3879:             2            368  com.intellij.ide.projectView.impl.ProjectViewImpl
3880:            23            368  com.intellij.psi.impl.source.ClassInnerStuffCache$$Lambda$3640/0x00000008021bb440
3881:            23            368  com.intellij.util.ui.JBValue$Float
3882:            23            368  com.sun.proxy.$Proxy182
3883:            23            368  java.awt.font.TextAttribute (java.desktop@11.0.9.1)
3884:             1            368  org.jetbrains.kotlin.idea.formatter.KotlinCommonCodeStyleSettings
3885:            15            360  [Ljava.security.cert.X509Certificate; (java.base@11.0.9.1)
3886:            15            360  com.android.tools.lint.detector.api.Scope
3887:             1            360  com.apple.laf.AquaFileChooserUI (java.desktop@11.0.9.1)
3888:             1            360  com.apple.laf.AquaFileChooserUI$6 (java.desktop@11.0.9.1)
3889:             1            360  com.apple.laf.AquaFileChooserUI$ScrollPaneCornerPanel (java.desktop@11.0.9.1)
3890:             9            360  com.ibm.icu.impl.BMPSet
3891:             9            360  com.ibm.icu.impl.ICUResourceBundle$WholeBundle
3892:            15            360  com.ibm.icu.text.PluralRules$FixedDecimalRange
3893:            15            360  com.intellij.codeInsight.completion.CompletionContext
3894:            15            360  com.intellij.codeInsight.hints.filtering.StringMatcherBuilder$createAsterisksMatcher$4
3895:            15            360  com.intellij.codeInspection.dataFlow.ContractValue$Condition
3896:            15            360  com.intellij.codeInspection.dataFlow.ContractValue$Spec
3897:            15            360  com.intellij.codeInspection.dataFlow.MethodContract$2
3898:            15            360  com.intellij.codeInspection.miscGenerics.SuspiciousMethodCallUtil$PatternMethod
3899:             9            360  com.intellij.compiler.impl.ModuleCompileScope
3900:            15            360  com.intellij.configurationStore.Macro
3901:             9            360  com.intellij.debugger.DefaultDebugEnvironment
3902:             9            360  com.intellij.debugger.engine.JavaDebugProcess
3903:             9            360  com.intellij.debugger.engine.JavaDebugProcess$AutoVarsSwitchAction
3904:             9            360  com.intellij.debugger.engine.JavaDebugProcess$WatchLastMethodReturnValueAction
3905:             9            360  com.intellij.debugger.engine.dfaassist.DfaAssist
3906:             9            360  com.intellij.debugger.ui.impl.TipManager$HideTooltipAction
3907:             9            360  com.intellij.debugger.ui.overhead.OverheadTimings$1
3908:             9            360  com.intellij.debugger.ui.overhead.OverheadView$2
3909:             9            360  com.intellij.execution.application.ApplicationConfiguration$JavaApplicationCommandLineState
3910:             9            360  com.intellij.execution.impl.ConsoleViewImpl$ClearThisConsoleAction
3911:             9            360  com.intellij.execution.ui.layout.impl.RunnerContentUi$ShowDebugContentAction
3912:            15            360  com.intellij.json.JsonTokenType
3913:             5            360  com.intellij.lexer.HtmlHighlightingLexer
3914:             9            360  com.intellij.openapi.editor.actions.ScrollToTheEndToolbarAction
3915:             9            360  com.intellij.openapi.options.ConfigurableBuilder$2
3916:             9            360  com.intellij.openapi.wm.impl.status.PresentationModeProgressPanel
3917:            15            360  com.intellij.patterns.ElementPatternCondition
3918:            15            360  com.intellij.patterns.StandardPatterns$5
3919:            15            360  com.intellij.psi.filters.ClassFilter
3920:            15            360  com.intellij.psi.impl.meta.MetaRegistry$MyBinding
3921:            15            360  com.intellij.psi.impl.source.xml.XmlTagDelegate$$Lambda$2202/0x000000080175f040
3922:            15            360  com.intellij.serialization.stateProperties.CollectionStoredProperty
3923:             9            360  com.intellij.task.ProjectTaskContext
3924:             9            360  com.intellij.task.impl.JpsProjectTaskRunner$MyNotificationCollector
3925:             9            360  com.intellij.ui.components.JBLoadingPanel$1
3926:            15            360  com.intellij.ui.mac.touchbar.TouchBar$Updater
3927:             9            360  com.intellij.uiDesigner.core.HorizontalInfo
3928:             9            360  com.intellij.uiDesigner.core.LayoutState
3929:             9            360  com.intellij.uiDesigner.core.VerticalInfo
3930:            15            360  com.intellij.util.ConcurrencyUtil$$Lambda$520/0x00000008005c7440
3931:            15            360  com.intellij.util.containers.LinkedListWithSum$ItemWithValue
3932:            15            360  com.intellij.util.messages.impl.SimpleMessageBusConnectionImpl
3933:             9            360  com.intellij.util.ui.ListTableModel
3934:             9            360  com.intellij.xdebugger.impl.frame.XWatchesViewImpl$1
3935:             9            360  com.intellij.xdebugger.impl.frame.XWatchesViewImpl$6
3936:             9            360  com.intellij.xdebugger.impl.ui.tree.XDebuggerTree$8
3937:             9            360  com.jetbrains.jdi.SocketConnection
3938:             9            360  com.sun.org.apache.xerces.internal.utils.XMLSecurityManager$Limit (java.xml@11.0.9.1)
3939:            15            360  com.sun.xml.bind.v2.model.annotation.XmlSchemaQuick
3940:            15            360  de.plushnikov.intellij.plugin.action.delombok.DelombokHandler
3941:            15            360  git4idea.GitRevisionNumber
3942:             9            360  io.netty.handler.codec.protobuf.ProtobufVarint32FrameDecoder
3943:             9            360  java.lang.invoke.BoundMethodHandle$Species_LLL (java.base@11.0.9.1)
3944:             9            360  java.net.InetAddress$CachedAddresses (java.base@11.0.9.1)
3945:            15            360  kotlin.annotation.AnnotationTarget
3946:            15            360  kotlin.annotation.AnnotationTarget
3947:            15            360  kotlin.reflect.jvm.internal.impl.load.java.lazy.types.JavaTypeResolver
3948:            15            360  kotlin.reflect.jvm.internal.impl.protobuf.LazyStringArrayList
3949:            15            360  kotlin.reflect.jvm.internal.impl.protobuf.UnmodifiableLazyStringList
3950:            15            360  kotlin.reflect.jvm.internal.impl.resolve.constants.ClassLiteralValue
3951:             9            360  kotlin.reflect.jvm.internal.impl.serialization.deserialization.descriptors.DeserializedPackageMemberScope
3952:             9            360  org.apache.xerces.impl.xs.AttributePSVImpl
3953:             9            360  org.jetbrains.kotlin.idea.debugger.coroutine.DebuggerConnection
3954:             9            360  org.jetbrains.kotlin.konan.target.Family
3955:            15            360  org.jetbrains.mvstore.MapMetadata
3956:            15            360  sun.net.www.MessageHeader (java.base@11.0.9.1)
3957:            15            360  sun.security.ssl.HandshakeHash (java.base@11.0.9.1)
3958:            15            360  sun.security.ssl.SSLSocketImpl$AppOutputStream (java.base@11.0.9.1)
3959:             9            352  [Ljava.lang.annotation.ElementType; (java.base@11.0.9.1)
3960:             2            352  [Ljava.util.PriorityQueue; (java.base@11.0.9.1)
3961:            22            352  com.android.sdklib.repository.generated.addon.v1.LibrariesType
3962:            11            352  com.ibm.icu.text.DisplayContext
3963:            11            352  com.intellij.debugger.memory.ui.ClassesFilteredView$5
3964:            22            352  com.intellij.execution.process.BaseOSProcessHandler$1
3965:            22            352  com.intellij.internal.ml.UndefinedMapper
3966:            11            352  com.intellij.openapi.editor.richcopy.view.RtfTransferableData
3967:            11            352  com.intellij.openapi.extensions.KeyedFactoryEPBean
3968:            11            352  com.intellij.openapi.util.ActionCallback
3969:             1            352  com.intellij.openapi.util.IconLoader$LabelHolder$1
3970:            11            352  com.intellij.patterns.PsiJavaElementPattern$2
3971:             4            352  com.intellij.psi.formatter.xml.HtmlCodeStyleSettings
3972:            22            352  com.intellij.ui.MouseDragHelper$$Lambda$1842/0x00000008013dd840
3973:            22            352  com.intellij.ui.MouseDragHelper$1
3974:            22            352  com.intellij.ui.tabs.impl.JBTabsImpl$7$$Lambda$1839/0x00000008013dec40
3975:            22            352  com.intellij.ui.tabs.impl.JBTabsImpl$7$$Lambda$1841/0x00000008013de440
3976:            22            352  com.intellij.util.text.ImmutableText$WideLeafNode
3977:             1            352  com.intellij.util.ui.update.MergingUpdateQueue$1
3978:            11            352  io.netty.util.Recycler$WeakOrderQueue$Link
3979:            22            352  java.lang.ProcessImpl$$Lambda$110/0x00000008001bfc40 (java.base@11.0.9.1)
3980:            11            352  java.util.regex.Pattern$NotBehind (java.base@11.0.9.1)
3981:            11            352  kotlin.reflect.jvm.internal.impl.metadata.builtins.BuiltInsBinaryVersion
3982:             1            352  org.jetbrains.idea.maven.buildtool.MavenSyncConsole$startImport$runDescr$1
3983:            22            352  org.jetbrains.mvstore.type.LongKeyManager
3984:             4            352  org.jetbrains.plugins.groovy.codeStyle.GroovyCodeStyleSettings
3985:            15            344  [Lcom.intellij.execution.configurations.ConfigurationFactory;
3986:             1            344  [Ljavax.swing.text.html.HTML$Attribute; (java.desktop@11.0.9.1)
3987:             9            336  [Lcom.intellij.openapi.fileEditor.FileEditorProvider;
3988:             1            336  [Lcom.intellij.openapi.fileTypes.impl.FileTypeBean;
3989:             2            336  [Lcom.intellij.openapi.roots.OrderEntry;
3990:             3            336  [Lcom.intellij.openapi.roots.libraries.Library;
3991:             3            336  [Lsun.font.EAttribute; (java.desktop@11.0.9.1)
3992:            14            336  com.android.resources.ResourceFolderType
3993:             7            336  com.intellij.application.options.codeStyle.cache.CodeStyleCachedValueProvider$AsyncComputation
3994:            14            336  com.intellij.codeInsight.completion.OffsetsInFile
3995:            14            336  com.intellij.codeInspection.AbstractBaseJavaLocalInspectionTool$1
3996:            14            336  com.intellij.codeInspection.CharsetObjectCanBeUsedInspection$CharsetConstructorMatcher
3997:            14            336  com.intellij.ide.TypeNameEP$1
3998:            14            336  com.intellij.ide.scopeView.NamedScopeFilter
3999:             6            336  com.intellij.lang.java.lexer._JavaLexer
4000:            14            336  com.intellij.openapi.editor.toolbar.floating.AbstractFloatingToolbarProvider$register$1
4001:             7            336  com.intellij.openapi.fileEditor.impl.tabActions.CloseTab
4002:             7            336  com.intellij.openapi.fileEditor.impl.text.AsyncEditorLoader
4003:            21            336  com.intellij.openapi.fileEditor.impl.text.EditorHighlighterUpdater$4
4004:            14            336  com.intellij.openapi.keymap.impl.BundledKeymapBean
4005:            14            336  com.intellij.openapi.util.RecursionManager$StackFrame
4006:            14            336  com.intellij.openapi.vcs.changes.DirtBuilder
4007:             7            336  com.intellij.openapi.vcs.ex.ChangelistsLocalLineStatusTracker$MyLineStatusMarkerRenderer
4008:             7            336  com.intellij.openapi.vcs.ex.DocumentTracker
4009:            14            336  com.intellij.patterns.uast.UastPatterns$injectionHostUExpression$1
4010:            14            336  com.intellij.psi.UastPatternAdapter
4011:            14            336  com.intellij.psi.UastPatternAdapter$condition$1
4012:            14            336  com.intellij.psi.UastReferenceProviderAdapter
4013:             6            336  com.intellij.psi.impl.source.tree.java.EnumConstantElement
4014:            21            336  com.intellij.psi.impl.source.tree.java.PsiNewExpressionImpl$$Lambda$3419/0x000000080204e440
4015:             6            336  com.intellij.psi.impl.source.tree.java.PsiResourceExpressionImpl
4016:             6            336  com.intellij.psi.impl.source.xml.XmlCommentImpl
4017:            21            336  com.intellij.refactoring.actions.BasePlatformRefactoringAction$$Lambda$870/0x00000008009a8840
4018:            21            336  com.intellij.refactoring.actions.BasePlatformRefactoringAction$$Lambda$871/0x00000008009a8c40
4019:            14            336  com.intellij.ui.BalloonImpl$7
4020:            14            336  com.intellij.ui.BalloonImpl$MyComponent$1
4021:            14            336  com.intellij.ui.tree.AsyncTreeModel$Tree
4022:            14            336  com.intellij.util.EditSourceOnDoubleClickHandler$TreeMouseListener
4023:            14            336  com.intellij.util.EditSourceOnEnterKeyHandler$$Lambda$2403/0x0000000801973840
4024:            14            336  com.intellij.util.EditSourceOnEnterKeyHandler$$Lambda$2404/0x0000000801973c40
4025:            14            336  com.intellij.util.containers.ConcurrentRefHashMap$EntrySet
4026:            14            336  com.intellij.util.containers.FactoryMap$1
4027:            14            336  com.intellij.util.xml.impl.DomImplementationClassEP
4028:             7            336  com.intellij.util.xml.impl.InvocationCache
4029:            21            336  com.sun.proxy.$Proxy121
4030:            21            336  com.sun.proxy.$Proxy196
4031:             6            336  com.sun.xml.bind.v2.model.impl.RuntimeValuePropertyInfoImpl
4032:            14            336  git4idea.history.GitLogParser$GitLogOption
4033:             7            336  io.netty.util.internal.ObjectPool$RecyclerObjectPool$1
4034:             6            336  java.nio.DirectLongBufferU (java.base@11.0.9.1)
4035:            14            336  java.util.Collections$SynchronizedCollection (java.base@11.0.9.1)
4036:            21            336  javax.swing.plaf.basic.BasicProgressBarUI$Handler (java.desktop@11.0.9.1)
4037:            14            336  kotlin.reflect.jvm.internal.KFunctionImpl$caller$2
4038:            14            336  kotlin.reflect.jvm.internal.KFunctionImpl$defaultCaller$2
4039:            14            336  kotlin.reflect.jvm.internal.KFunctionImpl$descriptor$2
4040:            14            336  kotlin.reflect.jvm.internal.impl.metadata.deserialization.NameResolverImpl
4041:            14            336  kotlin.reflect.jvm.internal.impl.serialization.deserialization.DeserializedPackageFragmentImpl$classDataFinder$1
4042:            14            336  kotlin.reflect.jvm.internal.impl.serialization.deserialization.DeserializedPackageFragmentImpl$initialize$1
4043:            14            336  kotlin.reflect.jvm.internal.impl.types.AbstractTypeConstructor$Supertypes
4044:            14            336  org.apache.xerces.impl.xpath.regex.Op$ChildOp
4045:             6            336  org.apache.xerces.impl.xs.XSDDescription
4046:            14            336  org.jetbrains.kotlin.renderer.DescriptorRendererModifier
4047:             6            336  sun.awt.image.SunVolatileImage (java.desktop@11.0.9.1)
4048:            14            336  sun.font.SunLayoutEngine (java.desktop@11.0.9.1)
4049:             7            336  sun.java2d.loops.DrawGlyphListColor$General (java.desktop@11.0.9.1)
4050:             6            336  sun.java2d.opengl.CGLVolatileSurfaceManager (java.desktop@11.0.9.1)
4051:             6            336  sun.java2d.opengl.OGLMaskBlit (java.desktop@11.0.9.1)
4052:             6            336  sun.rmi.transport.Target (java.rmi@11.0.9.1)
4053:            21            336  sun.security.x509.CertificatePolicyId (java.base@11.0.9.1)
4054:             1            328  com.intellij.ide.ui.UISettingsState
4055:             1            328  java.util.concurrent.ForkJoinPool (java.base@11.0.9.1)
4056:             1            328  kotlin.reflect.jvm.internal.impl.builtins.KotlinBuiltIns$FqNames
4057:             6            320  [Lcom.intellij.ui.AnimatedIcon$Frame;
4058:            10            320  [Lorg.jetbrains.kotlin.name.FqName;
4059:            10            320  com.android.repository.api.SchemaModule$SchemaModuleVersion
4060:            20            320  com.android.sdklib.repository.generated.addon.v1.MavenType
4061:             8            320  com.android.tools.idea.uibuilder.visual.ConfigurationSetMenuAction$SetConfigurationSetAction
4062:            10            320  com.fasterxml.jackson.core.JsonGenerator$Feature
4063:             4            320  com.fasterxml.jackson.databind.deser.std.StdValueInstantiator
4064:            20            320  com.google.common.cache.LocalCache$AccessQueue
4065:            10            320  com.ibm.icu.impl.UCharacterProperty$CaseBinaryProperty
4066:            10            320  com.intellij.build.progress.BuildRootProgressImpl
4067:             8            320  com.intellij.codeInsight.completion.StatisticsWeigher$LookupStatisticsWeigher
4068:             4            320  com.intellij.codeInsight.daemon.impl.DaemonCodeAnalyzerImpl
4069:            10            320  com.intellij.codeInsight.editorActions.QuoteHandlerEP
4070:             5            320  com.intellij.codeInsight.hint.ParameterInfoController
4071:            10            320  com.intellij.codeInspection.CharsetObjectCanBeUsedInspection$CharsetMethodMatcher
4072:            10            320  com.intellij.compiler.impl.CompilerPropertiesAction
4073:            10            320  com.intellij.compiler.progress.BuildOutputService
4074:            10            320  com.intellij.compiler.server.BuildMessageDispatcher$SessionData
4075:            10            320  com.intellij.dvcs.branch.BranchStorage
4076:            10            320  com.intellij.execution.DefaultExecutionResult
4077:             5            320  com.intellij.execution.application.ApplicationConfiguration
4078:            10            320  com.intellij.execution.filters.TextConsoleBuilderImpl
4079:            10            320  com.intellij.execution.runners.RunContentBuilder$ConsoleToFrontListener
4080:            10            320  com.intellij.execution.runners.RunTab$1
4081:            10            320  com.intellij.execution.target.local.LocalTargetEnvironment
4082:            10            320  com.intellij.execution.ui.layout.impl.JBRunnerTabs$JBRunnerTabsBorder
4083:             4            320  com.intellij.find.FindModel
4084:             8            320  com.intellij.find.findUsages.JavaMethodFindUsagesOptions
4085:            10            320  com.intellij.openapi.editor.EditorMouseHoverPopupManager$Context
4086:            10            320  com.intellij.openapi.wm.impl.content.ContentTabLabel$1
4087:            10            320  com.intellij.openapi.wm.impl.content.ContentTabLabel$2
4088:            20            320  com.intellij.patterns.XmlElementPattern$Capture$1
4089:             8            320  com.intellij.psi.impl.compiled.ClsEnumConstantImpl
4090:            10            320  com.intellij.psi.impl.smartPointers.SmartPointerTracker
4091:            20            320  com.intellij.psi.impl.source.ClassInnerStuffCache$$Lambda$3209/0x0000000801e92440
4092:            20            320  com.intellij.psi.impl.source.PsiJavaFileBaseImpl$$Lambda$3448/0x000000080208e040
4093:             4            320  com.intellij.psi.impl.source.tree.FileElement
4094:            10            320  com.intellij.psi.search.GlobalSearchScope$IntersectionScope
4095:             8            320  com.intellij.psi.search.PsiSearchRequest
4096:             8            320  com.intellij.psi.search.searches.ExtensibleQueryFactory$1
4097:             5            320  com.intellij.ui.LightweightHint
4098:            10            320  com.intellij.util.indexing.PerIndexDocumentVersionMap$IdVersionInfo
4099:            10            320  com.intellij.util.indexing.containers.IdBitSet
4100:            10            320  com.intellij.util.ui.JBDimension$JBDimensionUIResource
4101:            10            320  com.intellij.workspaceModel.storage.impl.ConnectionId
4102:            20            320  com.sun.proxy.$Proxy151
4103:            10            320  io.netty.util.internal.LongAdderCounter
4104:             5            320  it.unimi.dsi.fastutil.objects.Object2FloatOpenHashMap
4105:             5            320  java.lang.invoke.BoundMethodHandle$Species_LLIILLLL (java.base@11.0.9.1)
4106:             4            320  java.lang.invoke.BoundMethodHandle$Species_LLLLLLLLLLII (java.base@11.0.9.1)
4107:             5            320  java.nio.DirectByteBufferR (java.base@11.0.9.1)
4108:            20            320  java.security.SecureClassLoader$CodeSourceKey (java.base@11.0.9.1)
4109:             8            320  kotlin.reflect.jvm.internal.impl.builtins.PrimitiveType
4110:             8            320  kotlin.reflect.jvm.internal.impl.builtins.PrimitiveType
4111:            20            320  kotlin.reflect.jvm.internal.impl.descriptors.impl.AbstractClassDescriptor$1
4112:            20            320  kotlin.reflect.jvm.internal.impl.descriptors.impl.AbstractClassDescriptor$2
4113:            20            320  kotlin.reflect.jvm.internal.impl.descriptors.impl.AbstractClassDescriptor$3
4114:            10            320  kotlin.reflect.jvm.internal.impl.metadata.ProtoBuf$QualifiedNameTable
4115:            10            320  kotlin.reflect.jvm.internal.impl.metadata.ProtoBuf$StringTable
4116:             8            320  kotlin.reflect.jvm.internal.impl.resolve.jvm.JvmPrimitiveType
4117:             8            320  kotlin.reflect.jvm.internal.impl.resolve.jvm.JvmPrimitiveType
4118:             8            320  kotlin.reflect.jvm.internal.impl.types.KotlinTypeFactory$simpleTypeWithNonTrivialMemberScope$1
4119:            10            320  org.apache.xerces.impl.XMLEntityManager$EncodingInfo
4120:            10            320  org.intellij.markdown.ast.impl.ListItemCompositeNode
4121:             4            320  org.intellij.plugins.intelliLang.inject.config.XmlTagInjection
4122:             4            320  org.jetbrains.idea.maven.project.MavenGeneralSettings
4123:             2            320  org.jetbrains.idea.maven.project.MavenProject$State
4124:             8            320  org.jetbrains.kotlin.builtins.PrimitiveType
4125:             4            320  org.jetbrains.kotlin.idea.core.formatter.KotlinCodeStyleSettings
4126:             8            320  org.jetbrains.kotlin.resolve.jvm.JvmPrimitiveType
4127:             8            320  sun.management.MemoryPoolImpl$CollectionSensor (java.management@11.0.9.1)
4128:             8            320  sun.management.MemoryPoolImpl$PoolSensor (java.management@11.0.9.1)
4129:             5            320  sun.text.normalizer.Trie2_16 (java.base@11.0.9.1)
4130:             8            312  [Lcom.intellij.openapi.fileTypes.FileTypeExtensionPoint;
4131:            13            312  [Ljava.util.concurrent.ConcurrentHashMap$CounterCell; (java.base@11.0.9.1)
4132:             1            312  [Ljavax.swing.text.html.HTML$Tag; (java.desktop@11.0.9.1)
4133:            13            312  com.ibm.icu.impl.ICUResourceBundleReader$ReaderCacheKey
4134:            13            312  com.intellij.codeInsight.MethodArgument
4135:            13            312  com.intellij.codeInsight.daemon.problems.FileStateCache$PrivateFileState
4136:            13            312  com.intellij.compiler.server.CompileServerPlugin
4137:            13            312  com.intellij.configurationStore.ObsoleteStorageBean
4138:            13            312  com.intellij.internal.statistic.eventLog.events.StringEventField$ValidatedByAllowedValues
4139:            13            312  com.intellij.lang.jvm.JvmModifier
4140:            13            312  com.intellij.openapi.editor.CaretStateTransferableData
4141:            13            312  com.intellij.openapi.projectRoots.impl.ProjectJdkImpl$MyRootProvider
4142:            13            312  com.intellij.openapi.vfs.DiskQueryRelay
4143:            13            312  com.intellij.openapi.vfs.impl.local.FileWatcher$DirtyPaths
4144:            13            312  com.intellij.openapi.wm.impl.ToolWindowHeader$1$children$2
4145:            13            312  com.intellij.psi.PsiAnnotation$TargetType
4146:            13            312  com.intellij.psi.tree.IElementType
4147:            13            312  com.intellij.util.concurrency.AtomicFieldUpdater
4148:            13            312  com.intellij.util.containers.ConcurrentFactoryMap$3
4149:            13            312  com.intellij.util.ui.TempMethodInvocator
4150:            13            312  com.intellij.vcs.log.impl.SimpleRefType
4151:            13            312  io.netty.channel.SucceededChannelFuture
4152:             3            312  io.netty.channel.socket.nio.NioServerSocketChannel
4153:            13            312  java.awt.AlphaComposite (java.desktop@11.0.9.1)
4154:             3            312  kotlin.reflect.jvm.internal.impl.load.java.lazy.descriptors.LazyJavaClassDescriptor
4155:            13            312  kotlin.reflect.jvm.internal.impl.metadata.ProtoBuf$Annotation$Argument$Value$Type
4156:            13            312  kotlin.reflect.jvm.internal.impl.metadata.ProtoBuf$Annotation$Argument$Value$Type
4157:            13            312  org.apache.log4j.Level
4158:            13            312  org.apache.log4j.Level
4159:            13            312  org.slf4j.impl.Log4jLoggerAdapter
4160:             5            304  [Lcom.intellij.openapi.util.ClassExtensionPoint;
4161:            10            304  [Lcom.intellij.util.ui.ColumnInfo;
4162:             1            304  com.github.benmanes.caffeine.cache.SSMS
4163:            19            304  com.ibm.icu.text.PluralRanges$Matrix
4164:            19            304  com.intellij.execution.ui.layout.impl.GridImpl$$Lambda$5062/0x0000000802b53040
4165:            19            304  com.intellij.ide.ui.laf.darcula.ui.TextFieldWithPopupHandlerUI$ClearExtension
4166:            19            304  com.intellij.psi.codeStyle.SoftMargins
4167:            19            304  com.intellij.ui.SearchTextField$$Lambda$769/0x00000008008f4c40
4168:            19            304  com.intellij.ui.SearchTextField$$Lambda$770/0x00000008008f4040
4169:            19            304  com.intellij.ui.SearchTextField$2
4170:            19            304  com.intellij.ui.components.TextComponentEmptyText$1
4171:            19            304  com.sun.proxy.$Proxy31
4172:             2            304  io.netty.channel.nio.NioEventLoop
4173:            19            304  java.util.regex.CharPredicates$$Lambda$673/0x00000008007c3040 (java.base@11.0.9.1)
4174:            19            304  org.jetbrains.kotlin.idea.inspections.collections.AbstractUselessCallInspection$Conversion
4175:            19            304  sun.java2d.marlin.DRendererContext$PathConsumer2DAdapter (java.desktop@11.0.9.1)
4176:            19            304  sun.java2d.marlin.DTransformingPathConsumer2D$Path2DWrapper (java.desktop@11.0.9.1)
4177:             1            296  [Lcom.intellij.psi.codeStyle.CodeStyleSettingsCustomizable$SpacingOption;
4178:             2            288  [Lcom.fasterxml.jackson.core.sym.CharsToNameCanonicalizer$Bucket;
4179:             8            288  [Lcom.fasterxml.jackson.databind.ser.BeanPropertyWriter;
4180:             9            288  [Lcom.intellij.xdebugger.memory.utils.AbstractTableColumnDescriptor;
4181:            12            288  [Ljava.net.InetAddress; (java.base@11.0.9.1)
4182:             9            288  [Ljava.util.LinkedList; (java.base@11.0.9.1)
4183:            18            288  [Ljavax.swing.DefaultRowSorter$Row; (java.desktop@11.0.9.1)
4184:            12            288  [Lkotlin.reflect.jvm.internal.impl.resolve.scopes.MemberScope;
4185:             6            288  [Lorg.apache.xerces.impl.xs.XSComplexTypeDecl;
4186:             9            288  apple.laf.JRSUIConstants$Variant (java.desktop@11.0.9.1)
4187:             6            288  apple.laf.JRSUIControl (java.desktop@11.0.9.1)
4188:            12            288  com.fasterxml.jackson.databind.introspect.AnnotatedClass$Creators
4189:             6            288  com.fasterxml.jackson.databind.ser.BeanSerializer
4190:            12            288  com.fasterxml.jackson.databind.util.LRUMap
4191:             9            288  com.ibm.icu.impl.ICUResourceBundleReader$Table16
4192:            12            288  com.intellij.build.BuildProgressStripe$$Lambda$2559/0x0000000801a40040
4193:            12            288  com.intellij.build.BuildTreeConsoleView$ConsoleViewHandler$$Lambda$2562/0x0000000801a47840
4194:            12            288  com.intellij.codeInsight.HardcodedDefaultTypesKt$takeClassTypeArgument$1
4195:            12            288  com.intellij.codeInsight.completion.BaseCompletionService$2
4196:             6            288  com.intellij.codeInsight.completion.CompletionParameters
4197:            12            288  com.intellij.codeInsight.completion.impl.CompletionServiceImpl$3
4198:            12            288  com.intellij.codeInsight.completion.impl.CompletionSorterImpl
4199:            12            288  com.intellij.codeInsight.completion.impl.LiveTemplateWeigher
4200:            12            288  com.intellij.codeInsight.completion.impl.PreferStartMatching
4201:            12            288  com.intellij.codeInsight.completion.impl.RealPrefixMatchingWeigher
4202:             6            288  com.intellij.codeInsight.daemon.impl.ErrorStripeUpdateManager$1
4203:             9            288  com.intellij.codeInsight.daemon.impl.quickfix.MoveClassToModuleFix
4204:             9            288  com.intellij.compiler.impl.CompileDriver$$Lambda$4925/0x0000000802ace840
4205:             9            288  com.intellij.compiler.impl.CompileDriver$$Lambda$4926/0x0000000802ace040
4206:             9            288  com.intellij.compiler.progress.BuildOutputService$5
4207:             9            288  com.intellij.coverage.CoverageDataManagerImpl$6
4208:             9            288  com.intellij.debugger.engine.DebuggerManagerThreadImpl
4209:             9            288  com.intellij.debugger.engine.JavaDebugProcess$5$3
4210:             9            288  com.intellij.debugger.engine.SuspendManagerImpl
4211:             9            288  com.intellij.debugger.engine.requests.RequestManagerImpl
4212:             9            288  com.intellij.debugger.impl.EventQueue
4213:             9            288  com.intellij.debugger.memory.ui.ClassesFilteredView$1
4214:             9            288  com.intellij.debugger.ui.impl.watch.DebuggerTree$1
4215:             9            288  com.intellij.debugger.ui.impl.watch.DefaultNodeDescriptor
4216:             9            288  com.intellij.execution.configurations.RemoteConnection
4217:            12            288  com.intellij.execution.impl.TokenBuffer$TokenInfo
4218:            12            288  com.intellij.execution.segmentedRunDebugWidget.RunDebugConfigManager$State
4219:            18            288  com.intellij.execution.ui.layout.LayoutAttractionPolicy$FocusOnce
4220:            12            288  com.intellij.ide.actions.TabNavigationActionBase$NavigationType
4221:            18            288  com.intellij.ide.projectView.impl.ProjectViewImpl$$Lambda$2356/0x000000080192f040
4222:            12            288  com.intellij.ide.ui.laf.darcula.ui.DarculaComboBoxUI$4
4223:            12            288  com.intellij.ide.ui.laf.darcula.ui.DarculaComboBoxUI$CustomComboPopup$2
4224:            12            288  com.intellij.lang.java.parser.ExpressionParser$ExprType
4225:            18            288  com.intellij.openapi.actionSystem.Presentation$$Lambda$2345/0x0000000801875040
4226:             1            288  com.intellij.openapi.application.impl.ApplicationInfoImpl
4227:            18            288  com.intellij.openapi.editor.colors.DelegatingFontPreferences
4228:            12            288  com.intellij.openapi.editor.colors.impl.AdditionalTextAttributesEP
4229:             9            288  com.intellij.openapi.editor.impl.view.LineLayout$BidiRun
4230:             9            288  com.intellij.openapi.fileEditor.impl.HistoryEntry
4231:             9            288  com.intellij.openapi.vcs.changes.ignore.psi.IgnoreTokenType
4232:            18            288  com.intellij.openapi.vcs.ex.LineStatusMarkerRenderer$MarkerData
4233:            12            288  com.intellij.openapi.vcs.impl.projectlevelman.PersistentVcsShowSettingOptionImpl
4234:            18            288  com.intellij.openapi.wm.impl.InternalDecorator$$Lambda$2346/0x0000000801875440
4235:            18            288  com.intellij.openapi.wm.impl.InternalDecorator$InnerPanelBorder
4236:            18            288  com.intellij.openapi.wm.impl.ToolWindowHeader$2
4237:            18            288  com.intellij.openapi.wm.impl.ToolWindowHeader$3
4238:            18            288  com.intellij.openapi.wm.impl.ToolWindowHeader$4
4239:            18            288  com.intellij.openapi.wm.impl.ToolWindowHeader$6
4240:            18            288  com.intellij.openapi.wm.impl.ToolWindowImpl$createContentManager$1
4241:            18            288  com.intellij.openapi.wm.impl.ToolWindowImpl$createContentManager$2$alarm$1
4242:            18            288  com.intellij.openapi.wm.impl.ToolWindowImplKt$addContentNotInHierarchyComponents$1
4243:            18            288  com.intellij.openapi.wm.impl.content.ToolWindowContentUi$1$1
4244:            18            288  com.intellij.openapi.wm.impl.status.InfoAndProgressPanel$MyInlineProgressIndicator$$Lambda$2699/0x0000000801aebc40
4245:            18            288  com.intellij.openapi.wm.impl.status.InlineProgressIndicator$1
4246:            12            288  com.intellij.patterns.DomFilePattern$1
4247:            12            288  com.intellij.patterns.DomFilePattern$Capture
4248:            12            288  com.intellij.psi.impl.PsiTreeChangeEventImpl$PsiEventType
4249:             9            288  com.intellij.psi.impl.compiled.ClsAnnotationParameterListImpl
4250:             6            288  com.intellij.psi.impl.source.ClassInnerStuffCache$EnumSyntheticMethod
4251:            18            288  com.intellij.psi.impl.source.PsiClassImpl$$Lambda$3003/0x0000000801c8f840
4252:            12            288  com.intellij.psi.jsp.JspElementType$Kind
4253:             9            288  com.intellij.task.ProjectTaskResult
4254:             9            288  com.intellij.task.impl.ModuleBuildTaskImpl
4255:            12            288  com.intellij.ui.CollectionListModel
4256:             9            288  com.intellij.ui.LoadingNode
4257:            12            288  com.intellij.ui.PopupBorder$BaseBorder
4258:             3            288  com.intellij.ui.components.JBList$AccessibleJBList
4259:            12            288  com.intellij.ui.docking.impl.DockManagerImpl$2
4260:            12            288  com.intellij.ui.icons.IconLoadMeasurer$Counter
4261:            18            288  com.intellij.ui.table.JBTable$3
4262:            18            288  com.intellij.ui.table.JBTable$MyMouseListener
4263:             6            288  com.intellij.ui.tabs.FileColorsOptionsTopHitProvider$Option
4264:             9            288  com.intellij.util.ui.update.Update$1
4265:             6            288  com.intellij.vcs.log.data.index.VcsLogFullDetailsIndex$MyMapIndexStorage
4266:            12            288  com.intellij.vfs.AsyncVfsEventsPostProcessorImpl$ListenerAndDisposable
4267:            12            288  com.intellij.vfs.AsyncVfsEventsPostProcessorImpl$addListener$1
4268:            18            288  com.intellij.xdebugger.impl.frame.XDebugView$$Lambda$5055/0x0000000802b55440
4269:             9            288  com.intellij.xdebugger.impl.frame.XWatchesViewImpl$2
4270:             9            288  com.intellij.xdebugger.impl.ui.tree.XDebuggerTree$4
4271:             9            288  com.intellij.xdebugger.impl.ui.tree.XDebuggerTreeSpeedSearch$1
4272:             9            288  com.intellij.xdebugger.memory.ui.ClassesTable$DiffViewTableModel
4273:            18            288  com.jetbrains.jdi.JDWP$EventRequest$Set$Modifier$ClassMatch
4274:             9            288  com.jetbrains.jdi.JDWP$VirtualMachine$Version
4275:             9            288  com.jetbrains.jdi.VMState
4276:            18            288  com.siyeh.ig.callMatcher.CallMapper
4277:             6            288  com.sun.jna.Structure$StructField
4278:            18            288  com.sun.org.apache.xerces.internal.impl.XMLDocumentScannerImpl$PrologDriver (java.xml@11.0.9.1)
4279:            18            288  com.sun.org.apache.xerces.internal.impl.XMLDocumentScannerImpl$TrailingMiscDriver (java.xml@11.0.9.1)
4280:            18            288  com.sun.org.apache.xerces.internal.impl.XMLDocumentScannerImpl$XMLDeclDriver (java.xml@11.0.9.1)
4281:            18            288  com.sun.org.apache.xerces.internal.util.NamespaceContextWrapper (java.xml@11.0.9.1)
4282:            12            288  in.oneton.idea.spring.assistant.plugin.suggestion.metadata.json.SpringConfigurationMetadataDeprecation
4283:             9            288  io.netty.channel.AbstractChannelHandlerContext$WriteTask
4284:             9            288  io.netty.handler.codec.protobuf.ProtobufDecoder
4285:            12            288  io.netty.util.Recycler$WeakOrderQueue$Head
4286:            12            288  java.lang.ProcessEnvironment$Value (java.base@11.0.9.1)
4287:            12            288  java.lang.ProcessEnvironment$Variable (java.base@11.0.9.1)
4288:             6            288  java.lang.invoke.BoundMethodHandle$Species_LLIIL (java.base@11.0.9.1)
4289:             9            288  java.net.InetAddress$CachedLocalHost (java.base@11.0.9.1)
4290:            12            288  java.net.StandardSocketOptions$StdSocketOption (java.base@11.0.9.1)
4291:            12            288  java.time.Month (java.base@11.0.9.1)
4292:            12            288  java.util.Comparator$$Lambda$1785/0x000000080133a440 (java.base@11.0.9.1)
4293:             4            288  java.util.concurrent.ScheduledThreadPoolExecutor$ScheduledFutureTask (java.base@11.0.9.1)
4294:             6            288  java.util.concurrent.locks.StampedLock (java.base@11.0.9.1)
4295:             9            288  java.util.logging.Level (java.logging@11.0.9.1)
4296:             9            288  java.util.logging.Level$KnownLevel (java.logging@11.0.9.1)
4297:            18            288  java.util.regex.CharPredicates$$Lambda$4293/0x00000008027edc40 (java.base@11.0.9.1)
4298:             4            288  java.util.regex.Matcher (java.base@11.0.9.1)
4299:             9            288  javax.swing.DefaultCellEditor$2 (java.desktop@11.0.9.1)
4300:             6            288  javax.swing.ImageIcon (java.desktop@11.0.9.1)
4301:             9            288  javax.swing.JTable$BooleanEditor (java.desktop@11.0.9.1)
4302:             9            288  javax.swing.plaf.BorderUIResource$EmptyBorderUIResource (java.desktop@11.0.9.1)
4303:            12            288  javax.swing.plaf.basic.BasicComboBoxEditor$UIResource (java.desktop@11.0.9.1)
4304:            12            288  javax.swing.plaf.basic.BasicComboBoxUI$DefaultKeySelectionManager (java.desktop@11.0.9.1)
4305:            12            288  javax.swing.plaf.basic.LazyActionMap (java.desktop@11.0.9.1)
4306:             9            288  javax.swing.text.StyledEditorKit$FontSizeAction (java.desktop@11.0.9.1)
4307:             9            288  jdk.internal.org.objectweb.asm.Type (java.base@11.0.9.1)
4308:            12            288  kotlin.UnsafeLazyImpl
4309:             3            288  kotlin.reflect.jvm.internal.KClassImpl$Data
4310:            12            288  kotlin.reflect.jvm.internal.impl.descriptors.impl.AbstractTypeParameterDescriptor$1
4311:            12            288  kotlin.reflect.jvm.internal.impl.descriptors.impl.AbstractTypeParameterDescriptor$2
4312:            12            288  kotlin.reflect.jvm.internal.impl.load.java.lazy.ContextKt$childForClassOrPackage$1
4313:             9            288  kotlin.reflect.jvm.internal.impl.load.java.lazy.descriptors.JvmPackageScope
4314:             9            288  kotlin.reflect.jvm.internal.impl.load.kotlin.TypeMappingMode
4315:             3            288  kotlin.reflect.jvm.internal.impl.serialization.deserialization.DeserializationComponents
4316:             9            288  kotlin.reflect.jvm.internal.impl.serialization.deserialization.ProtoBasedClassDataFinder
4317:            12            288  kotlin.script.experimental.api.KotlinType
4318:             9            288  kotlin.script.experimental.jvm.JvmGetScriptingClass
4319:            12            288  org.apache.xerces.impl.xpath.regex.Token$CharToken
4320:            12            288  org.apache.xerces.util.AugmentationsImpl$SmallContainer
4321:            12            288  org.intellij.lang.regexp.psi.RegExpGroup$Type
4322:            12            288  org.jetbrains.idea.devkit.dom.impl.I18nReferenceContributor$3
4323:             9            288  org.jetbrains.idea.devkit.dom.impl.PropertyKeyReferenceProvider
4324:            12            288  org.jetbrains.idea.maven.model.MavenId
4325:             9            288  org.jetbrains.idea.svn.api.ErrorCategory
4326:             9            288  org.jetbrains.kotlin.config.JvmTarget
4327:             9            288  org.jetbrains.kotlin.idea.debugger.KotlinPositionManager
4328:            18            288  org.jetbrains.kotlin.idea.debugger.KotlinPositionManagerKt$sam$java_util_function_Function$0
4329:            12            288  org.jetbrains.kotlin.idea.inspections.IntentionBasedInspection$1
4330:             9            288  org.jetbrains.kotlin.idea.stubindex.SubpackagesIndexService$SubpackagesIndex
4331:             9            288  org.zmlx.hg4idea.util.HgVersion
4332:            12            288  sun.java2d.cmm.lcms.LCMSProfile$TagData (java.desktop@11.0.9.1)
4333:             3            288  sun.nio.ch.ServerSocketChannelImpl (java.base@11.0.9.1)
4334:             9            288  sun.security.ssl.ProtocolVersion (java.base@11.0.9.1)
4335:            18            288  sun.security.util.ECParameters (java.base@11.0.9.1)
4336:             9            288  sun.security.x509.AuthorityInfoAccessExtension (java.base@11.0.9.1)
4337:             1            280  [Lcom.ibm.icu.impl.UCharacterProperty$BinaryProperty;
4338:             1            280  [Ljava.lang.invoke.LambdaForm$Kind; (java.base@11.0.9.1)
4339:             1            280  [Lsun.security.ssl.SSLExtension; (java.base@11.0.9.1)
4340:             4            280  [[Z (java.base@11.0.9.1)
4341:             7            280  com.android.tools.idea.uibuilder.surface.SceneMode
4342:             5            280  com.intellij.codeInsight.daemon.DaemonCodeAnalyzer$DaemonListener$AnnotatorStatistics
4343:             7            280  com.intellij.ide.browsers.ConfigurableWebBrowser
4344:             7            280  com.intellij.ide.browsers.actions.BaseOpenInBrowserAction
4345:             7            280  com.intellij.ide.structureView.impl.java.JavaFileTreeModel
4346:             5            280  com.intellij.lang.java.lexer._JavaDocLexer
4347:             7            280  com.intellij.openapi.fileEditor.impl.text.PsiAwareTextEditorImpl
4348:             5            280  com.intellij.psi.impl.source.xml.XmlElementContentSpecImpl
4349:             5            280  com.intellij.psi.impl.source.xml.XmlElementDeclImpl
4350:             7            280  com.intellij.util.UrlImpl
4351:             7            280  com.intellij.util.ui.ButtonlessScrollBarUI$9
4352:             5            280  com.intellij.xdebugger.impl.breakpoints.BreakpointState
4353:             7            280  in.oneton.idea.spring.assistant.plugin.suggestion.metadata.json.SpringConfigurationMetadataGroup
4354:             5            280  java.lang.invoke.BoundMethodHandle$Species_LLIILLL (java.base@11.0.9.1)
4355:             5            280  kotlin.reflect.jvm.internal.KFunctionImpl
4356:             5            280  org.jetbrains.mvstore.NonLeafPage
4357:             7            280  sun.font.GlyphLayout$EngineRecord (java.desktop@11.0.9.1)
4358:            17            272  com.apple.laf.AquaUtils$RecyclableSingletonFromDefaultConstructor (java.desktop@11.0.9.1)
4359:            17            272  com.intellij.codeInsight.hint.HintManagerImpl$5
4360:            17            272  com.intellij.codeInsight.hint.HintManagerImpl$6
4361:             1            272  com.intellij.ide.util.treeView.AbstractTreeUi
4362:            17            272  com.intellij.openapi.editor.impl.EditorMarkupModelImpl$StatusAction$$Lambda$1832/0x00000008013dc040
4363:            17            272  com.intellij.openapi.editor.impl.EditorMarkupModelImpl$StatusButton$$Lambda$1833/0x00000008013dc440
4364:            17            272  com.intellij.openapi.vcs.changes.DeletedFilesHolder
4365:            17            272  git4idea.GitLocalBranch
4366:             2            272  git4idea.config.GitVcsOptions
4367:            17            272  git4idea.repo.GitHooksInfo
4368:            17            272  javax.swing.JList$ListSelectionHandler (java.desktop@11.0.9.1)
4369:            17            272  sun.invoke.util.ValueConversions$WrapperCache (java.base@11.0.9.1)
4370:             1            264  [Lcom.intellij.codeInsight.editorActions.ExtendWordSelectionHandler;
4371:            15            264  [Lcom.intellij.psi.PsiAnnotationMemberValue;
4372:             9            264  [Lde.plushnikov.intellij.plugin.inspection.modifiers.RedundantModifiersInfo;
4373:             2            264  [Ljava.time.LocalDateTime; (java.base@11.0.9.1)
4374:            11            264  com.android.repository.impl.generated.v1.ChannelType
4375:            11            264  com.android.tools.idea.lang.rs.RenderscriptTokenType
4376:            11            264  com.fasterxml.jackson.annotation.JsonFormat$Shape
4377:             3            264  com.intellij.codeInsight.lookup.impl.LookupCellRenderer
4378:            11            264  com.intellij.codeInspection.ProblemHighlightType
4379:            11            264  com.intellij.codeInspection.dataFlow.CommonDataflow$DataflowResult
4380:            11            264  com.intellij.compiler.impl.CompileDriver$BuildToolWindowActivationListener
4381:            11            264  com.intellij.debugger.impl.DebuggerSession$Event
4382:            11            264  com.intellij.execution.lineMarker.RunLineMarkerContributor$Info
4383:            11            264  com.intellij.execution.lineMarker.RunLineMarkerProvider$RunLineMarkerInfo$1
4384:            11            264  com.intellij.ide.IdeEventQueue$$Lambda$263/0x00000008002fa440
4385:             3            264  com.intellij.ide.projectView.impl.nodes.ExternalLibrariesNode
4386:            11            264  com.intellij.openapi.editor.richcopy.model.ColorRegistry
4387:            11            264  com.intellij.openapi.editor.richcopy.model.FontNameRegistry
4388:            11            264  com.intellij.openapi.extensions.impl.ExtensionsAreaImpl
4389:            11            264  com.intellij.openapi.externalSystem.model.Key
4390:            11            264  com.intellij.openapi.fileTypes.ExactFileNameMatcher
4391:            11            264  com.intellij.openapi.keymap.impl.KeymapImpl$gestureToListOfIds$2
4392:            11            264  com.intellij.openapi.util.NullableLazyValue$1
4393:            11            264  com.intellij.openapi.vcs.impl.FileStatusManagerImpl$2
4394:            11            264  com.intellij.openapi.vfs.impl.local.NativeFileWatcherImpl$WatcherOp
4395:            11            264  com.intellij.util.pico.DefaultPicoContainer
4396:            11            264  com.intellij.util.pico.DefaultPicoContainer$LinkedHashSetWrapper
4397:            11            264  com.intellij.util.xmlb.SmartSerializer
4398:            11            264  java.awt.event.FocusEvent$Cause (java.desktop@11.0.9.1)
4399:            11            264  java.lang.annotation.ElementType (java.base@11.0.9.1)
4400:            11            264  java.lang.invoke.MethodHandleImpl$Intrinsic (java.base@11.0.9.1)
4401:            11            264  java.security.cert.CRLReason (java.base@11.0.9.1)
4402:            11            264  javax.swing.tree.DefaultTreeModel (java.desktop@11.0.9.1)
4403:            11            264  kotlin.reflect.jvm.internal.impl.descriptors.impl.AbstractTypeParameterDescriptor$1
4404:            11            264  kotlin.reflect.jvm.internal.impl.descriptors.impl.AbstractTypeParameterDescriptor$2
4405:            11            264  kotlin.reflect.jvm.internal.impl.resolve.scopes.LazyScopeAdapter$lazyScope$1
4406:             3            264  org.intellij.plugins.intelliLang.inject.config.XmlAttributeInjection
4407:            11            264  org.jdom.AttributeType
4408:            11            264  sun.jvmstat.perfdata.monitor.v2_0.TypeCode (jdk.internal.jvmstat@11.0.9.1)
4409:            11            264  sun.security.ssl.SSLSecretDerivation$SecretSchedule (java.base@11.0.9.1)
4410:            11            264  sun.security.x509.Extension (java.base@11.0.9.1)
4411:            11            264  sun.util.locale.provider.LocaleServiceProviderPool (java.base@11.0.9.1)
4412:             2            256  [Lcom.android.resources.ResourceType;
4413:             2            256  [Lcom.fasterxml.jackson.databind.DeserializationFeature;
4414:             2            256  [Lcom.fasterxml.jackson.databind.MapperFeature;
4415:             9            256  [Lcom.intellij.psi.impl.source.resolve.reference.ProviderBinding;
4416:             1            256  [Lorg.apache.batik.css.engine.value.ValueManager;
4417:            16            256  com.google.common.cache.LocalCache$LocalManualCache
4418:            16            256  com.google.gson.TypeAdapter$1
4419:            16            256  com.intellij.codeInsight.daemon.impl.DaemonEditorPopup$$Lambda$2728/0x0000000801b16840
4420:             8            256  com.intellij.codeInsight.daemon.impl.TextEditorHighlightingPassRegistrarImpl
4421:            16            256  com.intellij.codeInsight.daemon.impl.quickfix.NavigateToAlreadyDeclaredVariableFix
4422:            16            256  com.intellij.codeInsight.daemon.impl.quickfix.ReuseVariableDeclarationFix
4423:             8            256  com.intellij.codeInsight.intention.impl.IntentionHintComponent$3
4424:             8            256  com.intellij.codeInspection.dataFlow.rangeSet.LongRangeSet$Range
4425:            16            256  com.intellij.codeInspection.magicConstant.MagicConstantUtils$$Lambda$3962/0x0000000802696840
4426:            16            256  com.intellij.codeInspection.naming.AbstractNamingConventionInspection$$Lambda$1363/0x0000000800fec440
4427:            16            256  com.intellij.codeInspection.naming.AbstractNamingConventionInspection$1
4428:             8            256  com.intellij.completion.ngram.slp.modeling.ngram.JMModel$JMMConfig
4429:             8            256  com.intellij.completion.ngram.slp.translating.Vocabulary
4430:             8            256  com.intellij.configurationStore.schemeManager.ExternalInfo
4431:             4            256  com.intellij.ide.actions.NonTrivialActionGroup
4432:            16            256  com.intellij.ide.projectView.impl.ProjectViewImpl$Action$$Lambda$877/0x0000000800a26c40
4433:            16            256  com.intellij.internal.ml.BinaryFeature$BinaryMapper
4434:             4            256  com.intellij.openapi.editor.colors.impl.EditorColorsSchemeImpl
4435:             8            256  com.intellij.openapi.editor.ex.util.SegmentArrayWithData
4436:            16            256  com.intellij.openapi.editor.impl.EditorMarkupModelImpl$StatusButton$$Lambda$2729/0x0000000801b16c40
4437:             8            256  com.intellij.openapi.observable.operations.CompoundParallelOperationTrace
4438:             8            256  com.intellij.openapi.observable.properties.AtomicBooleanProperty
4439:             8            256  com.intellij.openapi.vcs.StartedActivated$MySection
4440:             8            256  com.intellij.psi.impl.PsiModificationTrackerImpl
4441:             8            256  com.intellij.psi.impl.PsiToDocumentSynchronizer
4442:            16            256  com.intellij.psi.impl.source.resolve.reference.impl.providers.CustomizableReferenceProvider$CustomizationKey
4443:             8            256  com.intellij.psi.search.scope.packageSet.NamedScopeManager
4444:            16            256  com.intellij.ui.LightweightHint$MyEscListener
4445:             8            256  com.intellij.vcs.log.graph.utils.impl.SmartDeltaCompressor
4446:             4            256  com.intellij.vcs.log.ui.actions.VcsLogToolbarPopupActionGroup
4447:             2            256  com.intellij.workspaceModel.ide.impl.legacyBridge.project.ProjectRootManagerBridge
4448:             8            256  com.sun.xml.bind.v2.model.impl.RegistryInfoImpl
4449:            16            256  it.unimi.dsi.fastutil.ints.Int2IntOpenHashMap$KeySet
4450:            16            256  it.unimi.dsi.fastutil.ints.Int2IntOpenHashMap$MapEntrySet
4451:            16            256  it.unimi.dsi.fastutil.objects.Object2IntOpenHashMap$KeySet
4452:             8            256  java.lang.reflect.ProxyGenerator$PrimitiveTypeInfo (java.base@11.0.9.1)
4453:            16            256  java.util.AbstractMap$1 (java.base@11.0.9.1)
4454:             8            256  javax.swing.text.DefaultEditorKit$NextVisualPositionAction (java.desktop@11.0.9.1)
4455:            16            256  kotlinx.coroutines.internal.Symbol
4456:             8            256  org.intellij.plugins.intelliLang.Configuration
4457:            16            256  org.jetbrains.kotlin.config.MavenComparableVersion$IntegerItem
4458:             2            256  org.zmlx.hg4idea.HgVcs
4459:            16            256  sun.lwawt.LWRepaintArea (java.desktop@11.0.9.1)
4460:            16            256  sun.security.ssl.SSLSocketFactoryImpl (java.base@11.0.9.1)
4461:             6            248  [Lcom.intellij.psi.infos.CandidateInfo;
4462:             3            248  [Lorg.jetbrains.kotlin.idea.inspections.jdk2k.Replacement;
4463:             2            240  [Lcom.fasterxml.jackson.databind.SerializationFeature;
4464:            15            240  [Lcom.intellij.codeInsight.ExpectedTypeInfo;
4465:             2            240  [Lorg.intellij.lang.regexp.RegExpCapability;
4466:            15            240  com.android.ide.common.repository.GradleCoordinate$NumberComponent
4467:            10            240  com.android.tools.idea.lang.proguard.psi.ProguardTokenType
4468:             5            240  com.fasterxml.jackson.databind.introspect.BasicBeanDescription
4469:            10            240  com.google.gson.stream.JsonToken
4470:            10            240  com.ibm.icu.impl.Pair
4471:            10            240  com.intellij.codeHighlighting.HighlightDisplayLevel$ColorizedIcon
4472:            10            240  com.intellij.codeInsight.completion.JavaCompletionSorting$DispreferTechnicalOverloads
4473:            10            240  com.intellij.codeInsight.completion.JavaCompletionSorting$PreferAccessible
4474:            10            240  com.intellij.codeInsight.completion.JavaCompletionSorting$PreferContainingSameWords
4475:            10            240  com.intellij.codeInsight.completion.JavaCompletionSorting$PreferShorter
4476:            10            240  com.intellij.codeInsight.completion.JavaCompletionSorting$PreferSimilarlyEnding
4477:            10            240  com.intellij.codeInsight.completion.JavaCompletionSorting$PreferSimple
4478:            10            240  com.intellij.codeInsight.daemon.impl.LocalInspectionsPass$InspectionHighlightInfoType
4479:            10            240  com.intellij.codeInsight.daemon.impl.quickfix.AddExceptionFromFieldInitializerToConstructorThrowsFix
4480:            10            240  com.intellij.codeInsight.daemon.impl.quickfix.AddExceptionToCatchFix
4481:            10            240  com.intellij.codeInsight.daemon.impl.quickfix.AddExceptionToExistingCatchFix
4482:            10            240  com.intellij.codeInsight.daemon.impl.quickfix.AddExceptionToThrowsFix
4483:            10            240  com.intellij.codeInsight.editorActions.QuoteHandlerEP$1
4484:            10            240  com.intellij.codeInsight.folding.impl.UpdateFoldRegionsOperation$FoldingMap
4485:            10            240  com.intellij.codeInsight.folding.impl.actions.BaseExpandToLevelAction$1
4486:            15            240  com.intellij.codeInspection.dataFlow.ContractValue$Argument
4487:            10            240  com.intellij.codeInspection.ex.QuickFixWrapper
4488:            10            240  com.intellij.compiler.CompileTaskBean
4489:            10            240  com.intellij.compiler.progress.BuildOutputService$2
4490:            10            240  com.intellij.compiler.progress.BuildOutputService$ConsolePrinter
4491:            10            240  com.intellij.compiler.server.BuildManager$StdOutputCollector
4492:            10            240  com.intellij.compiler.server.BuildMessageDispatcher$1
4493:            10            240  com.intellij.completion.ml.personalization.session.SessionFactorsUtils$SessionLookupFactor
4494:            10            240  com.intellij.debugger.engine.CompoundPositionManager
4495:            10            240  com.intellij.diagnostic.logging.LogFilesManager
4496:            10            240  com.intellij.diagnostic.logging.LogFilesManager$1
4497:            10            240  com.intellij.execution.ExecutionManager$startRunProfile$1
4498:            10            240  com.intellij.execution.filters.RegexpFilter
4499:            10            240  com.intellij.execution.impl.ExecutionManagerImpl$doStartRunProfile$startRunnable$1$2$1
4500:            10            240  com.intellij.execution.impl.ExecutionManagerImpl$doStartRunProfile$startRunnable$1$2$1$1
4501:            10            240  com.intellij.execution.impl.ExecutionManagerImpl$startRunProfile$1
4502:            10            240  com.intellij.execution.impl.RunningConfigurationEntry
4503:            10            240  com.intellij.execution.process.AnsiTerminalEmulator$TerminalFont
4504:            10            240  com.intellij.execution.process.ProcessTerminatedListener
4505:             2            240  com.intellij.execution.scratch.JavaScratchConfigurationOptions
4506:            10            240  com.intellij.execution.target.value.CompositeTargetValue
4507:            10            240  com.intellij.execution.ui.layout.impl.RunnerContentUi$MyDragOutDelegate
4508:            10            240  com.intellij.execution.ui.layout.impl.RunnerLayoutUiImpl
4509:             6            240  com.intellij.find.findUsages.JavaClassFindUsagesOptions
4510:            10            240  com.intellij.formatting.IndentImpl
4511:            10            240  com.intellij.internal.ml.CategoricalFeature
4512:            10            240  com.intellij.json.JsonElementType
4513:             5            240  com.intellij.lang.folding.CompositeFoldingBuilder$FoldingDescriptorWrapper
4514:             5            240  com.intellij.lang.java.lexer.JavaDocLexer$AsteriskStripperLexer
4515:             6            240  com.intellij.lang.java.lexer.JavaLexer
4516:             5            240  com.intellij.lexer.FlexAdapter
4517:             5            240  com.intellij.lexer.HtmlScriptStyleEmbeddedContentProvider
4518:             5            240  com.intellij.lexer.JavaHighlightingLexer
4519:             5            240  com.intellij.lexer.LayeredLexer
4520:             5            240  com.intellij.lexer._HtmlLexer
4521:            15            240  com.intellij.openapi.actionSystem.Separator$$Lambda$704/0x0000000800834840
4522:             6            240  com.intellij.openapi.command.impl.UndoRedoStacksHolder
4523:            10            240  com.intellij.openapi.editor.actions.CaretStopPolicy
4524:            10            240  com.intellij.openapi.editor.impl.ComplementaryFontsRegistry$FontKey
4525:            10            240  com.intellij.openapi.externalSystem.autoimport.changes.AsyncFilesChangesProviderBase$processUpdatedFiles$1
4526:            10            240  com.intellij.openapi.options.ConfigurableEP$ClassProducer
4527:             2            240  com.intellij.openapi.progress.util.ProgressWindow
4528:            10            240  com.intellij.openapi.projectRoots.JdkCommandLineSetup$commandLineContent$2
4529:            10            240  com.intellij.openapi.ui.ComboBox$1
4530:            10            240  com.intellij.openapi.ui.ComboBox$MyEditor
4531:            10            240  com.intellij.openapi.ui.ComboBoxWithWidePopup$AdjustingListCellRenderer
4532:             6            240  com.intellij.openapi.util.KeyedExtensionCollector
4533:            10            240  com.intellij.openapi.util.NotNullLazyValue$1
4534:            10            240  com.intellij.openapi.util.io.PathExecLazyValue
4535:            10            240  com.intellij.openapi.util.text.HtmlChunk$Element
4536:            15            240  com.intellij.openapi.vcs.changes.CurrentContentRevision
4537:            10            240  com.intellij.openapi.wm.impl.PaintersHelper
4538:             6            240  com.intellij.openapi.wm.impl.ToolWindowHeader$HideAction
4539:             6            240  com.intellij.openapi.wm.impl.ToolWindowHeader$ShowOptionsAction
4540:            10            240  com.intellij.patterns.CollectionPattern
4541:            10            240  com.intellij.patterns.VirtualFilePattern
4542:            10            240  com.intellij.psi.PsiPrimitiveType
4543:            15            240  com.intellij.psi.impl.meta.MetaRegistry$$Lambda$2210/0x000000080175d440
4544:            10            240  com.intellij.psi.impl.smartPointers.MarkerCache
4545:            15            240  com.intellij.psi.impl.source.tree.AstSpine
4546:             6            240  com.intellij.psi.search.GlobalSearchScope$FileTypeRestrictionScope
4547:             5            240  com.intellij.ui.DeferredIconImpl$$Lambda$961/0x0000000800b0a040
4548:            10            240  com.intellij.util.CachedValueBase$$Lambda$1598/0x0000000801218040
4549:            10            240  com.intellij.util.indexing.IndexingStamp$Timestamps
4550:             6            240  com.intellij.util.io.RandomAccessDataFile
4551:            15            240  com.intellij.util.xml.impl.GetFixedChildInvocation
4552:             6            240  com.intellij.workspaceModel.ide.impl.legacyBridge.module.roots.SourceFolderBridge
4553:             6            240  com.intellij.workspaceModel.storage.bridgeEntities.SourceRootEntity
4554:             5            240  com.sun.jna.NativeLibrary
4555:            10            240  com.sun.org.apache.xerces.internal.impl.XMLScanner$NameType (java.xml@11.0.9.1)
4556:            10            240  in.oneton.idea.spring.assistant.plugin.suggestion.metadata.json.SpringConfigurationMetadataHintValue
4557:             6            240  java.awt.Cursor (java.desktop@11.0.9.1)
4558:            10            240  java.lang.invoke.VarForm (java.base@11.0.9.1)
4559:            10            240  java.nio.charset.CoderResult (java.base@11.0.9.1)
4560:            10            240  java.nio.file.StandardOpenOption (java.base@11.0.9.1)
4561:            10            240  java.security.CryptoPrimitive (java.base@11.0.9.1)
4562:             6            240  javax.swing.border.MatteBorder (java.desktop@11.0.9.1)
4563:            10            240  kotlin.reflect.jvm.internal.impl.descriptors.impl.LazyPackageViewDescriptorImpl$fragments$2
4564:            10            240  kotlin.reflect.jvm.internal.impl.descriptors.impl.LazyPackageViewDescriptorImpl$memberScope$1
4565:            10            240  kotlin.reflect.jvm.internal.impl.descriptors.impl.SubpackagesScope
4566:            10            240  kotlin.reflect.jvm.internal.impl.protobuf.LazyStringArrayList
4567:            10            240  kotlin.reflect.jvm.internal.impl.protobuf.UnmodifiableLazyStringList
4568:            15            240  kotlin.reflect.jvm.internal.impl.resolve.constants.KClassValue
4569:            15            240  kotlin.reflect.jvm.internal.impl.resolve.constants.KClassValue$Value$NormalClass
4570:            10            240  kotlin.reflect.jvm.internal.impl.resolve.scopes.ChainedMemberScope
4571:            10            240  kotlin.reflect.jvm.internal.impl.resolve.scopes.DescriptorKindFilter
4572:            10            240  kotlin.reflect.jvm.internal.impl.resolve.scopes.DescriptorKindFilter
4573:            10            240  kotlin.reflect.jvm.internal.impl.resolve.scopes.DescriptorKindFilter$Companion$MaskToName
4574:            10            240  kotlin.reflect.jvm.internal.impl.resolve.scopes.DescriptorKindFilter$Companion$MaskToName
4575:            10            240  kotlin.reflect.jvm.internal.impl.resolve.scopes.LazyScopeAdapter$lazyScope$1
4576:            10            240  kotlin.reflect.jvm.internal.impl.serialization.deserialization.descriptors.DeserializedTypeParameterDescriptor$annotations$1
4577:             6            240  org.HdrHistogram.WriterReaderPhaser
4578:             2            240  org.jetbrains.idea.maven.project.MavenProjectsManager
4579:            10            240  org.jetbrains.jps.model.java.impl.JdkVendorDetector$PropertyPattern
4580:            10            240  org.jetbrains.kotlin.idea.conversion.copy.CopiedJavaCode
4581:            10            240  org.jetbrains.kotlin.platform.jvm.JdkPlatform
4582:            10            240  org.jetbrains.kotlin.utils.SmartList
4583:            15            240  org.jetbrains.plugins.gradle.execution.test.runner.TestTasksChooser
4584:            10            240  sun.awt.SunHints$Key (java.desktop@11.0.9.1)
4585:             5            240  sun.java2d.loops.DrawParallelogram (java.desktop@11.0.9.1)
4586:             5            240  sun.java2d.loops.FillParallelogram (java.desktop@11.0.9.1)
4587:             6            240  sun.lwawt.macosx.NamedCursor (java.desktop@11.0.9.1)
4588:             6            240  sun.rmi.server.UnicastServerRef (java.rmi@11.0.9.1)
4589:             3            240  sun.rmi.transport.DGCClient$EndpointEntry (java.rmi@11.0.9.1)
4590:             6            240  sun.rmi.transport.WeakRef (java.rmi@11.0.9.1)
4591:            15            240  sun.security.ssl.HandshakeHash$CacheOnlyHash (java.base@11.0.9.1)
4592:             5            232  [Lcom.intellij.codeInsight.hint.ParameterInfoComponent$OneElementComponent;
4593:            10            232  [Lcom.intellij.openapi.editor.impl.view.LineLayout$BidiRun;
4594:             4            232  [Lcom.intellij.openapi.editor.markup.RangeHighlighter;
4595:             4            232  [Lcom.intellij.xml.XmlElementDescriptor;
4596:             1            232  com.intellij.ide.IdeEventQueue
4597:             2            224  [Lcom.android.ide.common.resources.configuration.ResourceQualifier;
4598:             2            224  [Lcom.google.wireless.android.sdk.stats.EditorFileType;
4599:             1            224  [Lcom.intellij.psi.stubs.StubIndexExtension;
4600:             5            224  [Lcom.intellij.util.KeyedLazyInstanceEP;
4601:             5            224  [Ljava.lang.ThreadGroup; (java.base@11.0.9.1)
4602:             5            224  [Ljava.lang.invoke.LambdaForm$NamedFunction; (java.base@11.0.9.1)
4603:             7            224  apple.laf.JRSUIConstants$State (java.desktop@11.0.9.1)
4604:             7            224  apple.laf.JRSUIState (java.desktop@11.0.9.1)
4605:             7            224  com.android.resources.UiMode
4606:             7            224  com.android.sdklib.repository.sources.generated.v3.SysImgSiteType
4607:             2            224  com.apple.laf.AquaCaret (java.desktop@11.0.9.1)
4608:             7            224  com.apple.laf.AquaIcon$SystemIcon (java.desktop@11.0.9.1)
4609:             4            224  com.fasterxml.jackson.databind.cfg.BaseSettings
4610:             7            224  com.github.benmanes.caffeine.cache.FrequencySketch
4611:             7            224  com.google.common.collect.HashMultiset
4612:             7            224  com.ibm.icu.impl.UCharacterProperty$IntProperty
4613:             7            224  com.intellij.codeInsight.daemon.impl.EditorTracker$$Lambda$1635/0x0000000801234840
4614:             7            224  com.intellij.codeInsight.folding.impl.DocumentFoldingInfo
4615:             7            224  com.intellij.codeInsight.hints.Option
4616:             4            224  com.intellij.codeInsight.lookup.LookupElementBuilder
4617:             7            224  com.intellij.compiler.impl.CompileDriver$1
4618:            14            224  com.intellij.compiler.impl.MessagesContainer$$Lambda$4963/0x0000000802af5040
4619:             7            224  com.intellij.configurationStore.TrackingPathMacroSubstitutorImpl
4620:             4            224  com.intellij.execution.actions.RunContextAction
4621:             7            224  com.intellij.ide.impl.DataManagerImpl$MyDataContext
4622:             7            224  com.intellij.internal.statistic.collectors.fus.fileTypes.FileTypeUsageCounterCollector$FileTypeUsageSchemaDescriptorEP
4623:             4            224  com.intellij.model.psi.PsiSymbolReferenceProviderBean
4624:             7            224  com.intellij.openapi.editor.toolbar.floating.EditorFloatingToolbar$4
4625:            14            224  com.intellij.openapi.editor.toolbar.floating.VisibilityController$1
4626:            14            224  com.intellij.openapi.editor.toolbar.floating.VisibilityController$2
4627:             2            224  com.intellij.openapi.roots.impl.ProjectRootManagerComponent
4628:             4            224  com.intellij.openapi.wm.impl.PaintersHelper$MyImagePainter
4629:             7            224  com.intellij.patterns.TreeElementPattern$10
4630:             7            224  com.intellij.psi.impl.PsiParameterizedCachedValue
4631:            14            224  com.intellij.psi.impl.light.LightJavaModule$$Lambda$3682/0x00000008021cac40
4632:            14            224  com.intellij.psi.impl.meta.MetaRegistry$$Lambda$2209/0x000000080175d040
4633:            14            224  com.intellij.psi.impl.source.tree.injected.InjectedLanguageUtilBase$$Lambda$2166/0x0000000801693c40
4634:             4            224  com.intellij.psi.impl.source.tree.java.AnonymousClassElement
4635:            14            224  com.intellij.ui.BalloonImpl$$Lambda$2709/0x0000000801ae9440
4636:            14            224  com.intellij.ui.BalloonImpl$1
4637:            14            224  com.intellij.ui.BalloonImpl$2
4638:            14            224  com.intellij.ui.tree.AsyncTreeModel$1
4639:             7            224  com.intellij.util.containers.ConcurrentSoftKeySoftValueHashMap
4640:             7            224  com.intellij.util.io.CachingEnumerator
4641:            14            224  com.intellij.util.io.PersistentHashMapValueStorage$ReaderOverFileChannelCache
4642:             7            224  com.intellij.util.xml.reflect.DomExtenderEP
4643:             4            224  com.intellij.workspaceModel.storage.bridgeEntities.ModuleEntity
4644:            14            224  com.sun.proxy.$Proxy202
4645:             4            224  com.sun.xml.bind.v2.model.impl.RuntimeModelBuilder
4646:             4            224  com.sun.xml.bind.v2.model.impl.RuntimeTypeInfoSetImpl
4647:             7            224  com.theoryinpractice.testng.model.TestType
4648:             7            224  java.security.BasicPermissionCollection (java.base@11.0.9.1)
4649:            14            224  java.util.concurrent.Semaphore (java.base@11.0.9.1)
4650:             7            224  java.util.regex.Pattern$Behind (java.base@11.0.9.1)
4651:             2            224  javax.swing.text.html.ListView (java.desktop@11.0.9.1)
4652:             7            224  jdk.internal.reflect.UnsafeLongFieldAccessorImpl (java.base@11.0.9.1)
4653:             7            224  kotlin.reflect.jvm.internal.impl.descriptors.impl.LazyClassReceiverParameterDescriptor
4654:             7            224  org.editorconfig.plugincomponents.SettingsProviderComponent$$Lambda$1637/0x0000000801234040
4655:             7            224  org.jetbrains.kotlin.config.LanguageVersion
4656:             4            224  sun.security.provider.SHA (java.base@11.0.9.1)
4657:            14            224  sun.security.ssl.SessionId (java.base@11.0.9.1)
4658:             7            224  sun.security.x509.ExtendedKeyUsageExtension (java.base@11.0.9.1)
4659:             7            224  sun.util.locale.provider.LocaleResources (java.base@11.0.9.1)
4660:             9            216  [Lcom.intellij.ide.plugins.PluginXmlFactory;
4661:             1            216  [Lcom.intellij.openapi.editor.actionSystem.EditorActionHandlerBean;
4662:             6            216  [Lorg.jetbrains.kotlin.idea.inspections.migration.ObsoleteCodeProblemReporter;
4663:             9            216  com.android.tools.idea.debug.AndroidPositionManager
4664:             3            216  com.android.tools.idea.experimental.PermissionUsageInspection
4665:             9            216  com.android.tools.idea.imports.AndroidMavenImportIntentionAction
4666:             9            216  com.ibm.icu.impl.number.Grouper
4667:             3            216  com.intellij.build.MultipleBuildsView
4668:             9            216  com.intellij.codeInsight.completion.ml.MLFeatureValue$FloatValue
4669:             9            216  com.intellij.codeInsight.daemon.impl.quickfix.CreateInnerClassFromUsageFix
4670:             9            216  com.intellij.codeInsight.daemon.impl.quickfix.CreateTypeParameterFromUsageFix
4671:             9            216  com.intellij.codeInsight.daemon.impl.quickfix.ImportClassFix
4672:             9            216  com.intellij.codeInsight.daemon.impl.quickfix.QualifyStaticConstantFix
4673:             9            216  com.intellij.codeInsight.daemon.impl.quickfix.StaticImportConstantFix
4674:             9            216  com.intellij.codeInspection.bytecodeAnalysis.EffectQuantum$ParamChangeQuantum
4675:             9            216  com.intellij.compiler.CompilerManagerImpl$ListenerNotificator
4676:             9            216  com.intellij.compiler.impl.CompileDriver
4677:             9            216  com.intellij.compiler.impl.MessagesContainer
4678:             9            216  com.intellij.compiler.impl.ProjectCompileScope
4679:             9            216  com.intellij.completion.ml.ngram.NGram$Scorer
4680:             9            216  com.intellij.debugger.actions.DebuggerAction$$Lambda$5078/0x0000000802bc7440
4681:             9            216  com.intellij.debugger.actions.DebuggerAction$1
4682:             9            216  com.intellij.debugger.engine.DebugProcessEvents$$Lambda$5114/0x0000000802c0d840
4683:             9            216  com.intellij.debugger.engine.DebugProcessEvents$$Lambda$5115/0x0000000802c0dc40
4684:             9            216  com.intellij.debugger.engine.DebugProcessEvents$DebuggerEventThread
4685:             9            216  com.intellij.debugger.engine.JavaBreakpointHandler$JavaExceptionBreakpointHandler
4686:             9            216  com.intellij.debugger.engine.JavaBreakpointHandler$JavaFieldBreakpointHandler
4687:             9            216  com.intellij.debugger.engine.JavaBreakpointHandler$JavaLineBreakpointHandler
4688:             9            216  com.intellij.debugger.engine.JavaBreakpointHandler$JavaMethodBreakpointHandler
4689:             9            216  com.intellij.debugger.engine.JavaBreakpointHandler$JavaWildcardBreakpointHandler
4690:             9            216  com.intellij.debugger.engine.JavaDebugProcess$2
4691:             9            216  com.intellij.debugger.engine.JavaDebugProcess$4
4692:             9            216  com.intellij.debugger.engine.JavaDebugProcess$5$$Lambda$5100/0x0000000802bc1040
4693:             9            216  com.intellij.debugger.engine.JavaDebugProcess$5$1
4694:             9            216  com.intellij.debugger.engine.JavaDebugProcess$5$2
4695:             9            216  com.intellij.debugger.engine.ThreadBlockedMonitor
4696:             9            216  com.intellij.debugger.impl.DebuggerSession$MyDebugProcessListener
4697:             9            216  com.intellij.debugger.impl.DebuggerSession$MyDebuggerStateManager
4698:             9            216  com.intellij.debugger.impl.GenericDebuggerRunner$$Lambda$4896/0x0000000802ab8c40
4699:             9            216  com.intellij.debugger.impl.InvokeThread$$Lambda$5024/0x0000000802b32c40
4700:             9            216  com.intellij.debugger.impl.InvokeThread$WorkerThreadRequest
4701:             9            216  com.intellij.debugger.jdi.VirtualMachineProxyImpl$1
4702:             9            216  com.intellij.debugger.jdi.VirtualMachineProxyImpl$10
4703:             9            216  com.intellij.debugger.jdi.VirtualMachineProxyImpl$11
4704:             9            216  com.intellij.debugger.jdi.VirtualMachineProxyImpl$12
4705:             9            216  com.intellij.debugger.jdi.VirtualMachineProxyImpl$13
4706:             9            216  com.intellij.debugger.jdi.VirtualMachineProxyImpl$14
4707:             9            216  com.intellij.debugger.jdi.VirtualMachineProxyImpl$15
4708:             9            216  com.intellij.debugger.jdi.VirtualMachineProxyImpl$16
4709:             9            216  com.intellij.debugger.jdi.VirtualMachineProxyImpl$17
4710:             9            216  com.intellij.debugger.jdi.VirtualMachineProxyImpl$18
4711:             9            216  com.intellij.debugger.jdi.VirtualMachineProxyImpl$19
4712:             9            216  com.intellij.debugger.jdi.VirtualMachineProxyImpl$2
4713:             9            216  com.intellij.debugger.jdi.VirtualMachineProxyImpl$20
4714:             9            216  com.intellij.debugger.jdi.VirtualMachineProxyImpl$3
4715:             9            216  com.intellij.debugger.jdi.VirtualMachineProxyImpl$4
4716:             9            216  com.intellij.debugger.jdi.VirtualMachineProxyImpl$5
4717:             9            216  com.intellij.debugger.jdi.VirtualMachineProxyImpl$6
4718:             9            216  com.intellij.debugger.jdi.VirtualMachineProxyImpl$7
4719:             9            216  com.intellij.debugger.jdi.VirtualMachineProxyImpl$8
4720:             9            216  com.intellij.debugger.jdi.VirtualMachineProxyImpl$9
4721:             9            216  com.intellij.debugger.memory.component.MemoryViewDebugProcessData$MyStackContainer
4722:             9            216  com.intellij.debugger.memory.ui.ClassesFilteredView$2
4723:             9            216  com.intellij.debugger.memory.ui.ClassesFilteredView$MyDoubleClickListener
4724:             9            216  com.intellij.debugger.ui.HotSwapUIImpl$MyCompilationStatusListener
4725:             9            216  com.intellij.debugger.ui.breakpoints.InstrumentationTracker
4726:             9            216  com.intellij.debugger.ui.impl.DebuggerTreePanel$3
4727:             9            216  com.intellij.debugger.ui.impl.ThreadsPanel$2
4728:             9            216  com.intellij.debugger.ui.impl.TipManager$2
4729:             9            216  com.intellij.debugger.ui.impl.UpdatableDebuggerView$1
4730:             9            216  com.intellij.debugger.ui.overhead.OverheadTimings
4731:             9            216  com.intellij.debugger.ui.overhead.OverheadView$1
4732:             9            216  com.intellij.debugger.ui.overhead.OverheadView$3
4733:             9            216  com.intellij.execution.ui.ConsoleViewContentType
4734:             9            216  com.intellij.ide.navigationToolbar.NavBarUpdateQueue$ID
4735:             9            216  com.intellij.ide.navigationToolbar.ui.AbstractNavBarUI$ImageType
4736:             9            216  com.intellij.ide.util.treeView.TreeState
4737:             9            216  com.intellij.jarFinder.JavaFindJarFix
4738:             9            216  com.intellij.lang.jvm.types.JvmPrimitiveTypeKind
4739:             9            216  com.intellij.openapi.editor.impl.view.LineLayout$MultiChunk
4740:             9            216  com.intellij.openapi.editor.markup.EffectType
4741:             9            216  com.intellij.openapi.options.ConfigurableBuilder$CallbackAccessor
4742:             9            216  com.intellij.openapi.options.ConfigurableBuilder$CheckboxField
4743:             9            216  com.intellij.openapi.vfs.newvfs.VirtualFileFilteringListener
4744:             9            216  com.intellij.openapi.wm.impl.IdeBackgroundUtil$Anchor
4745:             9            216  com.intellij.openapi.wm.impl.status.InfoAndProgressPanel$MyInlineProgressIndicator$$Lambda$2704/0x0000000801aea040
4746:             9            216  com.intellij.openapi.wm.impl.status.InfoAndProgressPanel$ProgressPanelProgressIndicator$$Lambda$2698/0x0000000801aeb840
4747:             9            216  com.intellij.openapi.wm.impl.status.ProcessBalloon$1MyListener
4748:             9            216  com.intellij.patterns.compiler.PatternCompilerImpl$State
4749:             9            216  com.intellij.psi.codeStyle.CodeStyleSettingsCustomizable$IndentOption
4750:             9            216  com.intellij.task.ProjectTaskRunner$ProjectTaskNotificationAdapter$1
4751:             9            216  com.intellij.task.impl.JpsProjectTaskRunner$MyCompileStatusNotification
4752:             9            216  com.intellij.task.impl.ProjectTaskManagerImpl$1
4753:             9            216  com.intellij.ui.components.JBViewport$ViewBorder
4754:             9            216  com.intellij.ui.popup.BalloonPopupBuilderImpl$1
4755:             9            216  com.intellij.ui.table.JBTable$DefaultColumnInfoBasedRowSorter$TableRowSorterModelWrapper
4756:             9            216  com.intellij.util.messages.impl.CompositeMessageBus$ToDirectChildrenMessagePublisher
4757:             9            216  com.intellij.util.xml.impl.PhysicalDomParentStrategy
4758:             9            216  com.intellij.xdebugger.impl.frame.XFramesView$5
4759:             9            216  com.intellij.xdebugger.impl.frame.XValueMarkers
4760:             9            216  com.intellij.xdebugger.impl.frame.XWatchesViewImpl$3
4761:             9            216  com.intellij.xdebugger.impl.frame.XWatchesViewImpl$4
4762:             9            216  com.intellij.xdebugger.impl.frame.XWatchesViewImpl$5
4763:             9            216  com.intellij.xdebugger.impl.ui.tree.XDebuggerTree$5
4764:             9            216  com.intellij.xdebugger.impl.ui.tree.XDebuggerTree$7
4765:             9            216  com.intellij.xdebugger.impl.ui.tree.XDebuggerTreePanel
4766:             9            216  com.intellij.xdebugger.memory.ui.ClassesFilteredViewBase$1
4767:             9            216  com.intellij.xdebugger.memory.ui.ClassesFilteredViewBase$MyDebuggerSessionListener
4768:             9            216  com.intellij.xdebugger.memory.ui.ClassesTable$6
4769:             9            216  com.intellij.xdebugger.memory.ui.ClassesTable$7
4770:             9            216  com.intellij.xdebugger.memory.ui.ClassesTable$8
4771:             9            216  com.intellij.xdebugger.memory.utils.SingleAlarmWithMutableDelay
4772:             9            216  com.intellij.xml.impl.schema.XmlNSDescriptorImpl$QNameKey
4773:             9            216  com.jetbrains.jdi.BooleanTypeImpl
4774:             9            216  com.jetbrains.jdi.ByteTypeImpl
4775:             9            216  com.jetbrains.jdi.CharTypeImpl
4776:             9            216  com.jetbrains.jdi.DoubleTypeImpl
4777:             9            216  com.jetbrains.jdi.FloatTypeImpl
4778:             9            216  com.jetbrains.jdi.IntegerTypeImpl
4779:             9            216  com.jetbrains.jdi.InternalEventHandler
4780:             9            216  com.jetbrains.jdi.JDWP$VirtualMachine$Capabilities
4781:             9            216  com.jetbrains.jdi.LongTypeImpl
4782:             9            216  com.jetbrains.jdi.ShortTypeImpl
4783:             9            216  com.jetbrains.jdi.VoidTypeImpl
4784:             9            216  com.sun.crypto.provider.TlsMasterSecretGenerator$TlsMasterSecretKey (java.base@11.0.9.1)
4785:             9            216  com.sun.xml.bind.v2.model.annotation.MethodLocatable
4786:             9            216  com.sun.xml.bind.v2.model.annotation.XmlElementDeclQuick
4787:             9            216  com.sun.xml.bind.v2.model.impl.GetterSetterPropertySeed
4788:             9            216  com.sun.xml.bind.v2.runtime.reflect.Accessor$GetterSetterReflection
4789:             9            216  io.netty.handler.codec.protobuf.ProtobufEncoder
4790:             9            216  io.netty.handler.codec.protobuf.ProtobufVarint32LengthFieldPrepender
4791:             3            216  it.unimi.dsi.fastutil.ints.Int2LongOpenHashMap
4792:             3            216  java.lang.invoke.BoundMethodHandle$Species_LLLLLIILLL (java.base@11.0.9.1)
4793:             3            216  java.lang.invoke.BoundMethodHandle$Species_LLLLLLLLLII (java.base@11.0.9.1)
4794:             9            216  java.nio.file.attribute.PosixFilePermission (java.base@11.0.9.1)
4795:             9            216  javax.crypto.spec.DHParameterSpec (java.base@11.0.9.1)
4796:             9            216  javax.swing.DefaultComboBoxModel (java.desktop@11.0.9.1)
4797:             9            216  javax.swing.text.PlainView$FPMethodItem (java.desktop@11.0.9.1)
4798:             9            216  kotlin.reflect.jvm.internal.impl.descriptors.impl.FunctionDescriptorImpl$1
4799:             9            216  kotlin.reflect.jvm.internal.impl.load.java.lazy.LazyJavaPackageFragmentProvider$getPackageFragment$1
4800:             9            216  kotlin.reflect.jvm.internal.impl.load.java.lazy.descriptors.JvmPackageScope$kotlinScopes$2
4801:             9            216  kotlin.reflect.jvm.internal.impl.load.java.lazy.descriptors.LazyJavaPackageFragment$binaryClasses$2
4802:             9            216  kotlin.reflect.jvm.internal.impl.load.java.lazy.descriptors.LazyJavaPackageFragment$partToFacade$2
4803:             9            216  kotlin.reflect.jvm.internal.impl.load.java.lazy.descriptors.LazyJavaPackageFragment$subPackages$1
4804:             9            216  kotlin.reflect.jvm.internal.impl.load.java.lazy.descriptors.LazyJavaPackageScope$classes$1
4805:             9            216  kotlin.reflect.jvm.internal.impl.load.java.lazy.descriptors.LazyJavaPackageScope$knownClassNamesInPackage$1
4806:             9            216  kotlin.reflect.jvm.internal.impl.metadata.deserialization.NameResolverImpl
4807:             9            216  kotlin.reflect.jvm.internal.impl.protobuf.WireFormat$JavaType
4808:             9            216  kotlin.reflect.jvm.internal.impl.protobuf.WireFormat$JavaType
4809:             9            216  kotlin.reflect.jvm.internal.impl.serialization.deserialization.DeserializedPackageFragmentImpl$classDataFinder$1
4810:             9            216  kotlin.reflect.jvm.internal.impl.serialization.deserialization.DeserializedPackageFragmentImpl$initialize$1
4811:             9            216  kotlin.reflect.jvm.internal.impl.storage.LockBasedStorageManager$KeyWithComputation
4812:             9            216  org.jetbrains.idea.maven.plugins.api.MavenPluginDescriptor$ModelProperty
4813:             9            216  org.jetbrains.kotlin.idea.debugger.breakpoints.KotlinFieldBreakpointHandler
4814:             9            216  org.jetbrains.kotlin.idea.debugger.breakpoints.KotlinFunctionBreakpointHandler
4815:             9            216  org.jetbrains.kotlin.idea.debugger.breakpoints.KotlinLineBreakpointHandler
4816:             9            216  sun.awt.OSInfo$WindowsVersion (java.desktop@11.0.9.1)
4817:             9            216  sun.rmi.runtime.Log$LoggerLog (java.rmi@11.0.9.1)
4818:             3            216  sun.security.provider.NativePRNG$RandomIO (java.base@11.0.9.1)
4819:             9            216  sun.util.logging.PlatformLogger$Level (java.base@11.0.9.1)
4820:            11            208  [Lcom.intellij.codeInsight.editorActions.FoldingData;
4821:             1            208  [Lcom.intellij.execution.actions.RunConfigurationProducer;
4822:             2            208  [Lcom.intellij.psi.PsiElementFinder;
4823:             9            208  [Lcom.intellij.psi.PsiParameter;
4824:             1            208  [Lcom.intellij.psi.impl.source.resolve.reference.PsiReferenceContributorEP;
4825:             2            208  [Lcom.intellij.util.text.VersionComparatorUtil$VersionTokenType;
4826:             1            208  [Lcom.intellij.util.xml.DomFileDescription;
4827:             4            208  [Lio.netty.util.internal.PriorityQueueNode;
4828:            13            208  com.android.sdklib.repository.generated.addon.v1.ExtraDetailsType
4829:             2            208  com.android.tools.idea.gradle.project.sync.GradleSyncState
4830:             1            208  com.github.benmanes.caffeine.cache.WS
4831:            13            208  com.ibm.icu.text.NumberFormat$Field
4832:            13            208  com.intellij.ide.highlighter.custom.impl.CustomFileTypeQuoteHandler
4833:            13            208  com.intellij.lexer.MergingLexerAdapter$MyMergeFunction
4834:            13            208  com.intellij.openapi.extensions.SmartExtensionPoint$1
4835:             2            208  com.intellij.openapi.vcs.ExternallyAddedFilesProcessorImpl
4836:            13            208  com.intellij.psi.filters.AndFilter
4837:             1            208  com.intellij.util.ImageLoader$1
4838:            13            208  com.intellij.util.xml.impl.RootDomParentStrategy
4839:             2            208  git4idea.repo.GitRepositoryFiles
4840:            13            208  io.netty.channel.VoidChannelPromise$1
4841:            13            208  io.netty.channel.nio.AbstractNioChannel$1
4842:            13            208  it.unimi.dsi.fastutil.objects.Reference2IntOpenHashMap$MapEntrySet
4843:             1            208  java.awt.Canvas (java.desktop@11.0.9.1)
4844:             2            208  java.net.URLClassLoader (java.base@11.0.9.1)
4845:             1            208  javax.swing.ImageIcon$2$1 (java.desktop@11.0.9.1)
4846:             1            208  javax.swing.ImageIcon$3 (java.desktop@11.0.9.1)
4847:            13            208  kotlin.properties.NotNullVar
4848:            13            208  kotlin.reflect.jvm.internal.impl.descriptors.impl.AbstractClassDescriptor$1$1
4849:             2            208  org.jetbrains.idea.maven.utils.MavenTreeStructureProvider$MavenPomFileNode
4850:             2            208  org.jetbrains.kotlin.idea.run.script.standalone.KotlinStandaloneScriptRunConfiguration
4851:            13            208  org.jetbrains.kotlin.psi.UserDataProperty
4852:             2            208  sun.security.provider.Sun (java.base@11.0.9.1)
4853:             2            200  [Lcom.intellij.refactoring.rename.RenameHandler;
4854:             2            200  [Ljava.text.DateFormat$Field; (java.base@11.0.9.1)
4855:             2            200  [Lsun.security.ssl.SupportedGroupsExtension$NamedGroup; (java.base@11.0.9.1)
4856:             5            200  com.android.sdklib.devices.Storage$Unit
4857:             5            200  com.apple.laf.AquaImageFactory$SystemColorProxy (java.desktop@11.0.9.1)
4858:             5            200  com.intellij.application.options.editor.EditorTabPlacementKt$asOptionDescriptor$1
4859:             5            200  com.intellij.codeInsight.hint.ParameterInfoController$2
4860:             5            200  com.intellij.codeInsight.hint.ParameterInfoController$MyBestLocationPointProvider
4861:             5            200  com.intellij.dvcs.branch.DvcsBranchSettings
4862:             5            200  com.intellij.ide.fileTemplates.impl.FTManager
4863:             5            200  com.intellij.lang.folding.FoldingDescriptor
4864:             5            200  com.intellij.lang.java.lexer.JavaDocLexer
4865:             5            200  com.intellij.lexer.HtmlRawTextTagContentProvider
4866:             5            200  com.intellij.lexer.MergingLexerAdapter
4867:             5            200  com.intellij.openapi.editor.impl.FontInfo
4868:             5            200  com.intellij.util.indexing.impl.perFileVersion.PersistentSubIndexerVersionEnumerator
4869:             5            200  com.intellij.xml.impl.schema.SchemaNSDescriptor
4870:             5            200  java.util.stream.StreamOpFlag (java.base@11.0.9.1)
4871:             5            200  kotlin.reflect.jvm.internal.impl.metadata.jvm.deserialization.JvmMetadataVersion
4872:             5            200  kotlin.reflect.jvm.internal.impl.types.ErrorType
4873:             5            200  kotlin.reflect.jvm.internal.impl.types.ErrorType
4874:             5            200  org.jetbrains.kotlin.config.CompilerSettings
4875:             5            200  org.jetbrains.kotlin.psi.stubs.elements.KtConstantExpressionElementType
4876:             5            200  sun.awt.image.MultiResolutionCachedImage (java.desktop@11.0.9.1)
4877:             5            200  sun.security.ssl.CipherSuite$MacAlg (java.base@11.0.9.1)
4878:             5            200  sun.text.normalizer.Trie2$UTrie2Header (java.base@11.0.9.1)
4879:             8            192  [Lcom.apple.laf.AquaKeyBindings$BindingsProvider; (java.desktop@11.0.9.1)
4880:             7            192  [Lcom.intellij.codeInspection.dataFlow.MethodContract;
4881:             9            192  [Lcom.intellij.psi.impl.compiled.ClsNameValuePairImpl;
4882:             3            192  [Lorg.apache.xerces.util.XMLGrammarPoolImpl$Entry;
4883:             8            192  [[[B (java.base@11.0.9.1)
4884:             8            192  com.android.repository.api.SchemaModule
4885:             6            192  com.android.tools.adtui.actions.ZoomType
4886:            12            192  com.android.tools.idea.compose.preview.PreviewEntryPoint
4887:             8            192  com.android.tools.idea.res.ResourceNotificationManager$Reason
4888:             2            192  com.android.tools.idea.testartifacts.instrumented.AndroidTestRunConfiguration
4889:             8            192  com.apple.laf.AquaKeyBindings$LateBoundInputMap (java.desktop@11.0.9.1)
4890:             8            192  com.fasterxml.jackson.annotation.JsonFormat$Feature
4891:             4            192  com.fasterxml.jackson.databind.deser.impl.BeanPropertyMap
4892:             6            192  com.fasterxml.jackson.databind.introspect.AnnotationCollector$TwoAnnotations
4893:             4            192  com.fasterxml.jackson.databind.ser.impl.IndexedListSerializer
4894:             8            192  com.github.benmanes.caffeine.cache.BoundedBuffer
4895:             8            192  com.github.benmanes.caffeine.cache.BoundedLocalCache$BoundedLocalManualCache
4896:             8            192  com.github.benmanes.caffeine.cache.BoundedLocalCache$PerformCleanupTask
4897:             8            192  com.google.common.cache.LocalCache$WriteQueue$1
4898:             8            192  com.ibm.icu.text.PluralRules$Operand
4899:            12            192  com.intellij.build.BuildTreeConsoleView$$Lambda$2554/0x0000000801a1b840
4900:            12            192  com.intellij.build.BuildTreeConsoleView$$Lambda$2555/0x0000000801a1bc40
4901:            12            192  com.intellij.build.BuildTreeConsoleView$$Lambda$2556/0x0000000801a1b040
4902:            12            192  com.intellij.build.BuildTreeConsoleView$ExecutionNodeAutoExpandingListener
4903:            12            192  com.intellij.build.BuildTreeConsoleView$MyTreeStructure
4904:            12            192  com.intellij.build.BuildTreeConsoleView$ProblemOccurrenceNavigatorSupport
4905:             8            192  com.intellij.codeInsight.completion.BaseCompletionLookupArranger$EmptyClassifier
4906:             6            192  com.intellij.codeInsight.completion.CompletionProgressIndicator$1
4907:             8            192  com.intellij.codeInsight.completion.JavaCompletionSorting$LiftShorterClasses
4908:             8            192  com.intellij.codeInsight.completion.OffsetKey
4909:             6            192  com.intellij.codeInsight.completion.impl.CamelHumpMatcher
4910:             6            192  com.intellij.codeInsight.daemon.DaemonCodeAnalyzerSettingsImpl
4911:             8            192  com.intellij.codeInsight.daemon.GutterIconDescriptor$Option
4912:             8            192  com.intellij.codeInsight.daemon.impl.ParameterHintsPresentationManager$AnimationStep
4913:             8            192  com.intellij.codeInsight.daemon.impl.TextEditorHighlightingPassRegistrarImpl$1
4914:             8            192  com.intellij.codeInsight.daemon.impl.WholeFileLocalInspectionsPassFactory
4915:             8            192  com.intellij.codeInsight.daemon.impl.WolfPassFactory
4916:             8            192  com.intellij.codeInsight.daemon.impl.quickfix.CreateLocalFromUsageFix
4917:             8            192  com.intellij.codeInsight.daemon.impl.quickfix.CreateParameterFromUsageFix
4918:             8            192  com.intellij.codeInsight.daemon.impl.quickfix.RenameWrongRefFix
4919:             8            192  com.intellij.codeInsight.daemon.impl.quickfix.WrapWithAdapterMethodCallFix$Wrapper
4920:             8            192  com.intellij.codeInsight.editorActions.FoldingData
4921:             8            192  com.intellij.codeInsight.folding.impl.DocumentFoldingInfo$Info
4922:             3            192  com.intellij.codeInsight.lookup.impl.LookupUi
4923:             3            192  com.intellij.codeInsight.lookup.impl.LookupUi$MenuAction
4924:             8            192  com.intellij.codeInspection.bytecodeAnalysis.Value
4925:             8            192  com.intellij.codeInspection.dataFlow.value.RelationType
4926:            12            192  com.intellij.codeInspection.deadCode.DeprecatedEntryPoint
4927:             6            192  com.intellij.codeInspection.ex.GlobalInspectionToolWrapper$1
4928:             4            192  com.intellij.codeInspection.unusedSymbol.UnusedSymbolLocalInspection
4929:            12            192  com.intellij.compiler.progress.CompilerTask$IDObject
4930:             8            192  com.intellij.completion.ngram.slp.modeling.ngram.NGramModel$Config
4931:             8            192  com.intellij.configurationScript.ConfigurationFileManager$registerClearableLazyValue$1
4932:            12            192  com.intellij.configurationStore.XmlSerializerKt$doGetDefaultSerializationFilter$1
4933:             8            192  com.intellij.diagnostic.LoadingState
4934:            12            192  com.intellij.execution.target.LanguageRuntimeType$VolumeType
4935:             8            192  com.intellij.featureStatistics.GroupDescriptor
4936:             6            192  com.intellij.find.findUsages.JavaPackageFindUsagesOptions
4937:             6            192  com.intellij.find.findUsages.JavaThrowFindUsagesOptions
4938:             6            192  com.intellij.find.findUsages.JavaVariableFindUsagesOptions
4939:             8            192  com.intellij.grazie.detector.model.alphabet.Alphabet$Group
4940:             8            192  com.intellij.grazie.utils.LazyGrazieConfig
4941:             8            192  com.intellij.ide.IdeEventQueue$MyLastShortcut
4942:            12            192  com.intellij.ide.UiActivity$Focus
4943:             8            192  com.intellij.ide.actions.ToolWindowMoveAction$Anchor
4944:             6            192  com.intellij.ide.actions.searcheverywhere.SEActionStub
4945:            12            192  com.intellij.ide.highlighter.custom.impl.StandardFileTypeRegistrar$MyCommenter
4946:             8            192  com.intellij.ide.ui.UITheme$PaletteScope
4947:            12            192  com.intellij.ide.ui.laf.darcula.ui.DarculaComboBoxUI$$Lambda$5059/0x0000000802b54440
4948:            12            192  com.intellij.ide.ui.laf.darcula.ui.DarculaComboBoxUI$CustomComboPopup$MyDelegateRenderer
4949:             8            192  com.intellij.internal.statistic.utils.PluginType
4950:             8            192  com.intellij.lang.java.actions.CreateFieldAction
4951:             8            192  com.intellij.lang.java.request.CreateFieldFromJavaUsageRequest
4952:             3            192  com.intellij.lexer.__XmlLexer
4953:             3            192  com.intellij.openapi.actionSystem.EmptyActionGroup
4954:             4            192  com.intellij.openapi.actionSystem.ex.ComboBoxAction$ComboBoxButton$MyButtonModel
4955:             6            192  com.intellij.openapi.actionSystem.impl.ActionButtonWithText$2
4956:             8            192  com.intellij.openapi.actionSystem.impl.MenuItemPresentationFactory
4957:            12            192  com.intellij.openapi.application.impl.NonBlockingReadActionImpl$Submission$$Lambda$1442/0x00000008010f0c40
4958:             8            192  com.intellij.openapi.editor.actions.NextPrevWordHandler
4959:             8            192  com.intellij.openapi.editor.colors.EditorFontType
4960:             4            192  com.intellij.openapi.editor.impl.CaretImpl$SelectionMarker
4961:             8            192  com.intellij.openapi.editor.impl.EditorImpl$MyInputMethodHandler
4962:             6            192  com.intellij.openapi.externalSystem.autoimport.changes.AsyncFilesChangesProviderImpl$buildProvider$1
4963:             8            192  com.intellij.openapi.externalSystem.model.ProjectSystemId
4964:             8            192  com.intellij.openapi.fileTypes.impl.RemovedMappingTracker$RemovedMapping
4965:             6            192  com.intellij.openapi.util.ZipperUpdater
4966:             2            192  com.intellij.openapi.vcs.ProjectConfigurationFilesProcessorImpl
4967:             6            192  com.intellij.openapi.vcs.VcsConfiguration$StandardOption
4968:             2            192  com.intellij.openapi.vcs.changes.ignore.IgnoreFilesProcessorImpl
4969:             4            192  com.intellij.openapi.vfs.impl.http.HttpVirtualFileImpl
4970:             8            192  com.intellij.openapi.wm.impl.status.EditorBasedStatusBarPopup$1
4971:             8            192  com.intellij.packageDependencies.DependencyValidationManagerImpl$State
4972:             8            192  com.intellij.patterns.CharPattern
4973:             8            192  com.intellij.patterns.XmlAttributeValuePattern$4
4974:            12            192  com.intellij.psi.NonClasspathClassFinder$$Lambda$2159/0x0000000801695040
4975:            12            192  com.intellij.psi.NonClasspathClassFinder$1
4976:            12            192  com.intellij.psi.filters.position.NamespaceFilter
4977:             4            192  com.intellij.psi.formatter.xml.XmlCodeStyleSettings
4978:             6            192  com.intellij.psi.impl.compiled.ClsNameValuePairImpl
4979:             8            192  com.intellij.psi.impl.search.PsiSearchHelperImpl$2
4980:             8            192  com.intellij.psi.impl.search.PsiSearchHelperImpl$5
4981:             8            192  com.intellij.psi.impl.search.PsiSearchHelperImpl$RequestWithProcessor
4982:             6            192  com.intellij.psi.impl.smartPointers.SmartTypePointerManagerImpl$ClassTypePointer
4983:             6            192  com.intellij.psi.impl.source.PsiEnumConstantImpl
4984:             8            192  com.intellij.refactoring.typeMigration.rules.guava.GuavaFluentIterableConversionRule$TypeConversionDescriptorFactory
4985:             4            192  com.intellij.ui.JBCardLayout
4986:             8            192  com.intellij.ui.RelativeFont
4987:             6            192  com.intellij.util.containers.WeakHashSet$MyRef
4988:             8            192  com.intellij.util.containers.WeakKeyIntValueHashMap
4989:             8            192  com.intellij.util.diff.DiffTree$ThreeElementMatchResult
4990:             2            192  com.intellij.util.hash.ContentHashEnumerator
4991:             4            192  com.intellij.util.io.FileAccessorCache$1
4992:             6            192  com.intellij.util.ui.JBRectangle
4993:            12            192  com.intellij.util.xml.converters.values.GenericDomValueConvertersRegistry$$Lambda$5636/0x000000080121b040
4994:             8            192  com.intellij.util.xmlb.JDOMElementBinding
4995:             2            192  com.intellij.vcs.log.data.VcsLogStorageImpl$MyPersistentBTreeEnumerator
4996:             6            192  com.intellij.vcs.log.data.index.VcsLogFullDetailsIndex$MyIndexExtension
4997:             6            192  com.intellij.vcs.log.impl.VcsRefImpl
4998:             2            192  com.intellij.vcs.log.util.PersistentSetImpl
4999:             8            192  com.intellij.workspaceModel.ide.WorkspaceModelTopics$EventsDispatcher
5000:             2            192  com.intellij.workspaceModel.ide.impl.legacyBridge.module.ModuleBridgeImpl
5001:             6            192  com.intellij.workspaceModel.storage.bridgeEntities.SourceRootEntityData
5002:             8            192  com.intellij.workspaceModel.storage.impl.containers.ImmutableIntIntUniqueBiMap
5003:             8            192  com.intellij.workspaceModel.storage.impl.containers.ImmutableNonNegativeIntIntBiMap
5004:             8            192  com.intellij.workspaceModel.storage.impl.containers.ImmutableNonNegativeIntIntMultiMap$ByList
5005:             8            192  com.intellij.xml.impl.schema.XmlNSDescriptorImpl$$Lambda$2216/0x000000080175bc40
5006:             8            192  com.sun.beans.introspect.PropertyInfo$Name (java.desktop@11.0.9.1)
5007:            12            192  com.sun.proxy.$Proxy133
5008:             6            192  com.sun.xml.bind.v2.model.impl.ClassInfoImpl$SecondaryAnnotation
5009:             8            192  com.sun.xml.bind.v2.model.impl.RuntimeElementInfoImpl$RuntimePropertyImpl
5010:            12            192  com.sun.xml.bind.v2.model.impl.RuntimeModelBuilder$IDTransducerImpl
5011:             8            192  com.sun.xml.bind.v2.runtime.ElementBeanInfoImpl$IntercepterLoader
5012:             6            192  com.sun.xml.bind.v2.runtime.property.ValueProperty
5013:             8            192  com.sun.xml.bind.v2.runtime.unmarshaller.XsiNilLoader$Single
5014:             3            192  io.netty.channel.socket.nio.NioServerSocketChannel$NioServerSocketChannelConfig
5015:             3            192  io.netty.util.concurrent.ScheduledFutureTask
5016:             3            192  it.unimi.dsi.fastutil.ints.Int2BooleanOpenHashMap
5017:            12            192  it.unimi.dsi.fastutil.objects.Object2ObjectOpenCustomHashMap$MapEntrySet
5018:             8            192  java.awt.Queue (java.desktop@11.0.9.1)
5019:             3            192  java.awt.color.ICC_ColorSpace (java.desktop@11.0.9.1)
5020:             3            192  java.lang.invoke.BoundMethodHandle$Species_LLLIILLL (java.base@11.0.9.1)
5021:             6            192  java.lang.invoke.LambdaForm$BasicType (java.base@11.0.9.1)
5022:             8            192  java.math.RoundingMode (java.base@11.0.9.1)
5023:             8            192  java.net.NetPermission (java.base@11.0.9.1)
5024:             6            192  java.security.MessageDigest$Delegate (java.base@11.0.9.1)
5025:             6            192  java.time.format.TextStyle (java.base@11.0.9.1)
5026:             8            192  java.util.Collections$1 (java.base@11.0.9.1)
5027:             4            192  java.util.concurrent.ConcurrentHashMap$TreeBin (java.base@11.0.9.1)
5028:             6            192  java.util.concurrent.SynchronousQueue (java.base@11.0.9.1)
5029:             6            192  java.util.concurrent.locks.ReentrantLock$FairSync (java.base@11.0.9.1)
5030:             4            192  java.util.concurrent.locks.ReentrantReadWriteLock$FairSync (java.base@11.0.9.1)
5031:             3            192  java.util.prefs.MacOSXPreferences (java.prefs@11.0.9.1)
5032:             8            192  javax.swing.DropMode (java.desktop@11.0.9.1)
5033:            12            192  javax.swing.JComboBox$1 (java.desktop@11.0.9.1)
5034:            12            192  javax.swing.plaf.basic.BasicComboBoxUI$Handler (java.desktop@11.0.9.1)
5035:            12            192  javax.swing.plaf.basic.BasicComboPopup$Handler (java.desktop@11.0.9.1)
5036:             2            192  javax.swing.text.BoxView (java.desktop@11.0.9.1)
5037:             6            192  javax.swing.text.DefaultStyledDocument$AbstractChangeHandler$DocReference (java.desktop@11.0.9.1)
5038:             8            192  kotlin.reflect.jvm.internal.impl.builtins.PrimitiveType$arrayTypeFqName$2
5039:             8            192  kotlin.reflect.jvm.internal.impl.builtins.PrimitiveType$typeFqName$2
5040:             8            192  kotlin.reflect.jvm.internal.impl.builtins.jvm.JavaToKotlinClassMap$PlatformMutabilityMapping
5041:             8            192  kotlin.reflect.jvm.internal.impl.builtins.jvm.JavaToKotlinClassMap$PlatformMutabilityMapping
5042:             8            192  kotlin.reflect.jvm.internal.impl.descriptors.impl.AbstractTypeParameterDescriptor$TypeParameterTypeConstructor
5043:             6            192  kotlin.reflect.jvm.internal.impl.descriptors.impl.LazyClassReceiverParameterDescriptor
5044:             3            192  kotlin.reflect.jvm.internal.impl.load.java.lazy.descriptors.LazyJavaStaticClassScope
5045:             2            192  kotlin.reflect.jvm.internal.impl.serialization.deserialization.DeserializationComponents
5046:             8            192  kotlin.reflect.jvm.internal.impl.types.AbstractTypeConstructor$Supertypes
5047:             6            192  org.HdrHistogram.SingleWriterRecorder
5048:             6            192  org.apache.batik.css.parser.CSSLexicalUnit$StringLexicalUnit
5049:             6            192  org.apache.xerces.impl.xpath.regex.Token$ClosureToken
5050:             4            192  org.apache.xerces.impl.xs.SchemaGrammar$BuiltinAttrDecl
5051:            12            192  org.apache.xerces.util.AugmentationsImpl
5052:             4            192  org.infernus.idea.checkstyle.model.BundledConfigurationLocation
5053:             2            192  org.intellij.lang.xpath.xslt.run.XsltRunConfiguration
5054:             8            192  org.intellij.plugins.intelliLang.inject.LanguageInjectionConfigBean
5055:             4            192  org.intellij.plugins.markdown.lang.formatter.settings.MarkdownCustomCodeStyleSettings
5056:             8            192  org.intellij.plugins.markdown.lang.stubs.impl.MarkdownHeaderStubElementType
5057:             8            192  org.jdom.Namespace
5058:             8            192  org.jdom.output.LineSeparator
5059:            12            192  org.jetbrains.android.inspections.AndroidComponentEntryPoint
5060:             6            192  org.jetbrains.idea.maven.execution.MavenExecutionOptions$LoggingLevel
5061:             2            192  org.jetbrains.idea.maven.project.MavenProjectsTree
5062:             3            192  org.jetbrains.java.debugger.breakpoints.properties.JavaExceptionBreakpointProperties
5063:             8            192  org.jetbrains.jps.model.java.impl.JdkVendorDetector$VendorCase
5064:             4            192  org.jetbrains.jps.model.java.impl.compiler.ProcessorConfigProfileImpl
5065:             8            192  org.jetbrains.kotlin.builtins.PrimitiveType$arrayTypeFqName$2
5066:             8            192  org.jetbrains.kotlin.builtins.PrimitiveType$typeFqName$2
5067:             8            192  org.jetbrains.kotlin.builtins.jvm.JavaToKotlinClassMap$PlatformMutabilityMapping
5068:             8            192  org.jetbrains.kotlin.config.ApiVersion
5069:             8            192  org.jetbrains.kotlin.config.MavenComparableVersion
5070:             8            192  org.jetbrains.kotlin.config.MavenComparableVersion$ListItem
5071:             8            192  org.jetbrains.kotlin.idea.inspections.NamingRule
5072:             6            192  org.jetbrains.kotlin.idea.inspections.migration.ObsoleteExtensionFunctionUsageReporter
5073:             6            192  org.jetbrains.kotlin.idea.inspections.migration.ObsoleteTopLevelFunctionUsageReporter
5074:             8            192  org.jetbrains.kotlin.kdoc.lexer.KDocToken
5075:             8            192  org.jetbrains.plugins.textmate.Constants$StringKey
5076:            12            192  org.jetbrains.uast.UastBinaryOperator$AssignOperator
5077:             8            192  org.zmlx.hg4idea.HgFileStatusEnum
5078:             3            192  sun.awt.im.InputMethodContext (java.desktop@11.0.9.1)
5079:             8            192  sun.font.SunLayoutEngine$FaceRef (java.desktop@11.0.9.1)
5080:             2            192  sun.nio.ch.KQueueSelectorImpl (java.base@11.0.9.1)
5081:            12            192  sun.rmi.server.UnicastRef (java.rmi@11.0.9.1)
5082:             6            192  sun.security.ssl.SSLKeyExchange$T12KeyAgreement (java.base@11.0.9.1)
5083:             6            192  sun.security.util.MemoryCache (java.base@11.0.9.1)
5084:             8            192  sun.text.bidi.BidiBase$ImpTabPair (java.base@11.0.9.1)
5085:             8            184  [Lcom.intellij.openapi.fileEditor.FileEditor;
5086:             3            184  [Lkotlin.annotation.AnnotationTarget;
5087:             3            184  [Lkotlin.annotation.AnnotationTarget;
5088:             2            184  [Lorg.jetbrains.kotlin.idea.inspections.collections.AbstractCallChainChecker$Conversion;
5089:             1            184  com.intellij.psi.codeStyle.CodeStyleSettingsCustomizableOptions
5090:             1            176  [Lcom.ibm.icu.text.UnicodeSet;
5091:             7            176  [Lcom.intellij.codeInspection.dataFlow.StandardMethodContract$ValueConstraint;
5092:             2            176  [Lin.oneton.idea.spring.assistant.plugin.suggestion.SuggestionNodeType;
5093:             4            176  [Lkotlin.reflect.jvm.internal.impl.name.FqName;
5094:             2            176  com.android.tools.idea.testartifacts.junit.AndroidJUnitConfiguration$1
5095:            11            176  com.fasterxml.jackson.databind.introspect.AnnotatedMethodMap
5096:            11            176  com.intellij.build.MultipleBuildsView$$Lambda$2569/0x0000000801a46440
5097:            11            176  com.intellij.codeInsight.editorActions.FoldingTransferableData
5098:            11            176  com.intellij.compiler.server.BuildManager$XInternedPath
5099:            11            176  com.intellij.execution.application.ApplicationRunLineMarkerProvider$$Lambda$3567/0x000000080214dc40
5100:             2            176  com.intellij.execution.impl.RunManagerImpl
5101:             2            176  com.intellij.execution.junit.JUnitConfiguration$Data
5102:            11            176  com.intellij.execution.lineMarker.RunLineMarkerProvider$$Lambda$3597/0x0000000802190040
5103:             2            176  com.intellij.ide.projectView.impl.nodes.ProjectViewProjectNode
5104:             2            176  com.intellij.ide.scratch.ScratchTreeStructureProvider$MyProjectNode
5105:             2            176  com.intellij.ide.scratch.ScratchTreeStructureProvider$MyRootNode
5106:             2            176  com.intellij.openapi.editor.ex.EditorSettingsExternalizable$OptionSet
5107:             2            176  com.intellij.openapi.editor.impl.EditorComponentImpl$AccessibleEditorComponentImpl
5108:            11            176  com.intellij.openapi.fileEditor.impl.text.FileDropHandler
5109:            11            176  com.intellij.openapi.progress.util.ProgressDialog$$Lambda$1146/0x0000000800df4440
5110:            11            176  com.intellij.openapi.progress.util.ProgressDialog$$Lambda$1148/0x0000000800df3c40
5111:            11            176  com.intellij.openapi.progress.util.ProgressDialog$$Lambda$1149/0x0000000800df3040
5112:            11            176  com.intellij.openapi.progress.util.ProgressDialog$$Lambda$1151/0x0000000800df2840
5113:            11            176  com.intellij.openapi.progress.util.ProgressDialog$1
5114:             2            176  com.intellij.openapi.project.impl.ProjectExImpl
5115:             2            176  com.intellij.openapi.vcs.changes.ChangeListManagerImpl
5116:            11            176  com.intellij.openapi.vcs.ex.ChangelistsLocalLineStatusTracker$ChangeListMarker
5117:             2            176  com.intellij.refactoring.JavaRefactoringSettings
5118:            11            176  com.intellij.util.containers.WeakInterner
5119:            11            176  com.intellij.util.indexing.DefaultFileTypeSpecificInputFilter
5120:            11            176  com.sun.proxy.$Proxy171
5121:             2            176  com.theoryinpractice.testng.model.TestData
5122:            11            176  io.netty.channel.DefaultMaxMessagesRecvByteBufAllocator$MaxMessageHandle$1
5123:            11            176  java.text.NumberFormat$Field (java.base@11.0.9.1)
5124:            11            176  java.util.TreeMap$Values (java.base@11.0.9.1)
5125:            11            176  java.util.regex.Pattern$Caret (java.base@11.0.9.1)
5126:             2            176  javax.swing.JLabel$AccessibleJLabel (java.desktop@11.0.9.1)
5127:             2            176  javax.swing.JMenuBar$AccessibleJMenuBar (java.desktop@11.0.9.1)
5128:            11            176  javax.swing.plaf.IconUIResource (java.desktop@11.0.9.1)
5129:            11            176  kotlin.reflect.jvm.internal.impl.resolve.scopes.LazyScopeAdapter
5130:            11            176  kotlin.script.experimental.host.ScriptingHostConfiguration
5131:             2            176  org.apache.oro.text.regex.Perl5Matcher
5132:            11            176  org.apache.xerces.impl.xs.util.XInt
5133:            11            176  org.intellij.plugins.intelliLang.Configuration$$Lambda$2122/0x000000080163b840
5134:            11            176  org.intellij.plugins.intelliLang.Configuration$$Lambda$2123/0x000000080163bc40
5135:            11            176  org.intellij.plugins.intelliLang.Configuration$$Lambda$2125/0x000000080163b440
5136:            11            176  org.jetbrains.kotlin.idea.debugger.coroutine.util.LoggerDelegate
5137:             2            176  org.jetbrains.kotlin.idea.scripting.gradle.ErrorGradleScriptDefinition$LegacyDefinition
5138:             1            176  sun.font.CFontManager (java.desktop@11.0.9.1)
5139:             4            168  [Lcom.fasterxml.jackson.databind.deser.SettableBeanProperty;
5140:             7            168  [Lcom.intellij.codeInsight.completion.CompletionPreselectSkipper;
5141:             6            168  [Lcom.intellij.codeInspection.LocalQuickFix;
5142:             1            168  [Lcom.intellij.grazie.jlanguage.Lang;
5143:             4            168  [Lio.netty.util.AsciiString;
5144:             1            168  [[Ljava.math.BigInteger; (java.base@11.0.9.1)
5145:             7            168  com.android.sdklib.AndroidVersion
5146:             7            168  com.fasterxml.jackson.annotation.JsonInclude$Include
5147:             7            168  com.fasterxml.jackson.annotation.PropertyAccessor
5148:             3            168  com.google.common.collect.HashBiMap
5149:             7            168  com.google.protobuf.GeneratedMessageLite$MethodToInvoke
5150:             7            168  com.google.wireless.android.sdk.stats.LayoutEditorState$Type
5151:             7            168  com.ibm.icu.number.NumberFormatter$SignDisplay
5152:             7            168  com.ibm.icu.number.NumberFormatter$UnitWidth
5153:             7            168  com.intellij.application.options.codeStyle.cache.CodeStyleCachedValueProvider
5154:             7            168  com.intellij.application.options.codeStyle.cache.CodeStyleCachingServiceImpl$FileData
5155:             7            168  com.intellij.codeHighlighting.HighlightDisplayLevel
5156:             7            168  com.intellij.codeInsight.daemon.impl.EditorTracker$$Lambda$1634/0x0000000801235440
5157:             7            168  com.intellij.codeInsight.daemon.impl.EditorTracker$3
5158:             1            168  com.intellij.codeInsight.daemon.impl.WholeFileLocalInspectionsPassFactory$2
5159:             7            168  com.intellij.codeInsight.daemon.impl.quickfix.SurroundWithArrayFix
5160:             3            168  com.intellij.codeInspection.i18n.I18nInspection
5161:             3            168  com.intellij.codeInspection.javaDoc.JavaDocLocalInspection
5162:             7            168  com.intellij.compiler.server.BuildManager$NotifyingMessageHandler
5163:             3            168  com.intellij.completion.ml.storage.MutableLookupStorage
5164:             7            168  com.intellij.lang.BracePair
5165:             3            168  com.intellij.openapi.command.impl.CommandMerger
5166:             3            168  com.intellij.openapi.command.impl.UndoManagerImpl
5167:             7            168  com.intellij.openapi.externalSystem.service.project.manage.ExternalSystemTaskActivator$Phase
5168:             7            168  com.intellij.openapi.fileEditor.impl.EditorComposite$1
5169:             7            168  com.intellij.openapi.fileEditor.impl.text.EditorHighlighterUpdater
5170:             7            168  com.intellij.openapi.fileEditor.impl.text.TextEditorComponent$$Lambda$1655/0x000000080127a040
5171:             7            168  com.intellij.openapi.fileEditor.impl.text.TextEditorComponent$MyDocumentListener
5172:             7            168  com.intellij.openapi.options.FontSize
5173:             7            168  com.intellij.openapi.util.KeyWithDefaultValue$1
5174:             7            168  com.intellij.openapi.vcs.ex.DocumentTracker$FreezeHelper
5175:             7            168  com.intellij.openapi.vcs.ex.LineStatusTrackerBase$MyBlockOperations
5176:             7            168  com.intellij.openapi.vcs.ex.LineTracker
5177:             7            168  com.intellij.openapi.vcs.ex.LocalLineStatusTrackerImpl$MyInnerRangesDocumentTrackerHandler
5178:             7            168  com.intellij.openapi.vcs.impl.LineStatusTrackerManager$TrackerData
5179:             7            168  com.intellij.psi.impl.PsiModificationTrackerImpl$$Lambda$3313/0x0000000801fcac40
5180:             3            168  com.intellij.psi.impl.source.tree.java.PsiArrayInitializerMemberValueImpl
5181:             7            168  com.intellij.psi.stubs.StubElementTypeHolderEP
5182:             7            168  com.intellij.psi.xml.XmlEntityDecl$EntityContextType
5183:             3            168  com.intellij.tasks.impl.TaskManagerImpl$Config
5184:             3            168  com.intellij.ui.OffsetIcon
5185:             7            168  com.intellij.util.containers.HashSetQueue$QueueEntry
5186:             7            168  com.intellij.util.indexing.impl.forward.IntMapForwardIndex
5187:             7            168  com.intellij.util.indexing.snapshot.HashIdForwardIndexAccessor
5188:             7            168  com.intellij.util.indexing.snapshot.SnapshotHashEnumeratorService$createHashEnumeratorHandle$handle$1
5189:             7            168  com.intellij.util.ui.ButtonlessScrollBarUI$1
5190:             7            168  com.intellij.util.ui.ButtonlessScrollBarUI$7
5191:             7            168  com.intellij.util.ui.ButtonlessScrollBarUI$8
5192:             7            168  com.sun.xml.bind.v2.model.impl.ClassInfoImpl$PropertyGroup
5193:             7            168  de.plushnikov.intellij.plugin.language.psi.LombokConfigTokenType
5194:             7            168  git4idea.config.GitVersion$Type
5195:             7            168  git4idea.log.GitRefManager$RefType
5196:             7            168  in.oneton.idea.spring.assistant.plugin.suggestion.metadata.json.SpringConfigurationMetadataValueProviderType
5197:             7            168  io.netty.util.Recycler$2
5198:             7            168  java.io.ObjectStreamClass$ExceptionInfo (java.base@11.0.9.1)
5199:             7            168  java.lang.System$Logger$Level (java.base@11.0.9.1)
5200:             3            168  java.lang.invoke.BoundMethodHandle$Species_LLIILL (java.base@11.0.9.1)
5201:             7            168  java.lang.module.ModuleDescriptor$Opens (java.base@11.0.9.1)
5202:             3            168  java.net.SocketPermission (java.base@11.0.9.1)
5203:             7            168  java.rmi.dgc.VMID (java.rmi@11.0.9.1)
5204:             7            168  java.time.DayOfWeek (java.base@11.0.9.1)
5205:             7            168  java.time.ZoneOffset (java.base@11.0.9.1)
5206:             7            168  java.util.regex.CharPredicates$$Lambda$672/0x00000008007c3c40 (java.base@11.0.9.1)
5207:             7            168  java.util.regex.Pattern$$Lambda$1453/0x00000008010f4440 (java.base@11.0.9.1)
5208:             7            168  javax.swing.plaf.basic.BasicScrollBarUI$ScrollListener (java.desktop@11.0.9.1)
5209:             7            168  javax.swing.text.html.StyleSheet$SearchBuffer (java.desktop@11.0.9.1)
5210:             7            168  kotlin.reflect.jvm.internal.KMutableProperty2Impl$_setter$1
5211:             7            168  kotlin.reflect.jvm.internal.KProperty2Impl$_getter$1
5212:             7            168  kotlin.reflect.jvm.internal.KProperty2Impl$delegateField$1
5213:             7            168  kotlin.reflect.jvm.internal.impl.metadata.ProtoBuf$Class$Kind
5214:             7            168  kotlin.reflect.jvm.internal.impl.metadata.ProtoBuf$Class$Kind
5215:             7            168  kotlin.reflect.jvm.internal.impl.resolve.scopes.receivers.ImplicitClassReceiver
5216:             7            168  kotlin.reflect.jvm.internal.impl.serialization.deserialization.descriptors.DeserializedTypeParameterDescriptor$annotations$1
5217:             7            168  net.sf.cglib.proxy.AdvancedProxy$ProxyDescription
5218:             7            168  net.sf.cglib.proxy.CallbackInfo
5219:             7            168  org.apache.batik.util.DoublyIndexedTable
5220:             7            168  org.jdom.Content$CType
5221:             7            168  org.jetbrains.idea.maven.model.MavenExplicitProfiles
5222:             3            168  org.jetbrains.idea.maven.project.MavenImportingSettings
5223:             7            168  org.jetbrains.jps.api.CmdlineRemoteProto$Message$BuilderMessage$CompileMessage$Kind
5224:             7            168  org.jetbrains.kotlin.caches.project.CacheUtilKt$cache$1
5225:             7            168  org.jetbrains.kotlin.ide.konan.psi.NativeDefinitionsElementType
5226:             7            168  org.jetbrains.kotlin.idea.inspections.jdk2k.ReplaceJavaStaticMethodWithKotlinAnalogInspection$Companion$JAVA_PRIMITIVES$1$2
5227:             7            168  org.jetbrains.kotlin.idea.intentions.SelfTargetingIntention$1
5228:             7            168  org.jetbrains.kotlin.idea.intentions.SelfTargetingIntention$2
5229:             7            168  org.jetbrains.kotlin.idea.vfilefinder.KotlinFileIndexBase$indexer$1
5230:             7            168  org.jetbrains.kotlin.konan.target.Architecture
5231:             7            168  org.jetbrains.plugins.textmate.plist.PlistValueType
5232:             7            168  sun.jvmstat.monitor.Units (jdk.internal.jvmstat@11.0.9.1)
5233:             7            168  sun.security.provider.certpath.OCSPResponse$ResponseStatus (java.base@11.0.9.1)
5234:             3            168  sun.security.ssl.SSLCipher$T13GcmReadCipherGenerator$GcmReadCipher (java.base@11.0.9.1)
5235:             3            168  sun.security.ssl.SSLCipher$T13GcmWriteCipherGenerator$GcmWriteCipher (java.base@11.0.9.1)
5236:             7            168  sun.security.x509.NetscapeCertTypeExtension$MapEntry (java.base@11.0.9.1)
5237:             2            160  [Lcom.android.tools.lint.detector.api.Scope;
5238:             7            160  [Lcom.intellij.openapi.module.Module;
5239:             2            160  [Lcom.intellij.pom.java.LanguageLevel;
5240:             2            160  [Lcom.intellij.util.containers.ConcurrentLongObjectHashMap$Node;
5241:             2            160  [Lio.netty.handler.codec.CodecOutputList;
5242:             2            160  [Ljava.time.ZoneOffset; (java.base@11.0.9.1)
5243:             2            160  [Ljava.util.concurrent.RunnableScheduledFuture; (java.base@11.0.9.1)
5244:             3            160  [Ljava.util.logging.Level; (java.logging@11.0.9.1)
5245:             5            160  [[Lsun.awt.FontDescriptor; (java.desktop@11.0.9.1)
5246:             5            160  com.android.ide.common.repository.GradleCoordinate
5247:             5            160  com.android.prefs.AndroidLocation$Global
5248:             2            160  com.android.tools.idea.testartifacts.junit.AndroidJUnitConfiguration
5249:             5            160  com.android.tools.idea.uibuilder.visual.ConfigurationSet
5250:             4            160  com.apple.laf.AquaFileView$FileInfo (java.desktop@11.0.9.1)
5251:             4            160  com.fasterxml.jackson.core.Base64Variant
5252:             5            160  com.fasterxml.jackson.core.JsonEncoding
5253:             2            160  com.fasterxml.jackson.databind.DeserializationConfig
5254:             2            160  com.fasterxml.jackson.databind.SerializationConfig
5255:            10            160  com.google.common.collect.RegularImmutableList
5256:             4            160  com.google.common.collect.SingletonImmutableBiMap
5257:             5            160  com.google.gson.internal.bind.ReflectiveTypeAdapterFactory
5258:             4            160  com.ibm.icu.impl.UCharacterProperty$NormQuickCheckIntProperty
5259:             5            160  com.ibm.icu.text.MeasureFormat$FormatWidth
5260:            10            160  com.intellij.build.DefaultBuildDescriptor$$Lambda$2030/0x000000080156cc40
5261:             2            160  com.intellij.codeInsight.CodeInsightSettings
5262:            10            160  com.intellij.codeInsight.NonCodeAnnotationsLineMarkerProvider$$Lambda$3764/0x0000000802253040
5263:            10            160  com.intellij.codeInsight.daemon.LineMarkerInfo$LineMarkerGutterIconRenderer
5264:             1            160  com.intellij.codeInsight.daemon.impl.LocalInspectionsPassFactory$MyLocalInspectionsPass
5265:             5            160  com.intellij.codeInsight.daemon.impl.actions.SuppressAllForClassFix
5266:             5            160  com.intellij.codeInsight.daemon.impl.actions.SuppressByJavaCommentFix
5267:             5            160  com.intellij.codeInsight.daemon.impl.actions.SuppressFix
5268:             5            160  com.intellij.codeInsight.daemon.impl.actions.SuppressForClassFix
5269:             2            160  com.intellij.codeInsight.daemon.impl.analysis.HighlightVisitorImpl
5270:             4            160  com.intellij.codeInsight.daemon.impl.quickfix.AddModuleDependencyFix
5271:            10            160  com.intellij.codeInsight.daemon.impl.quickfix.SurroundWithTryCatchFix
5272:             5            160  com.intellij.codeInsight.folding.impl.FoldingUpdate$RegionInfo
5273:             5            160  com.intellij.codeInsight.hints.CollectorWithSettings
5274:             2            160  com.intellij.codeInsight.lookup.VariableLookupItem
5275:            10            160  com.intellij.codeInsight.template.postfix.util.JavaPostfixTemplatesUtils$3
5276:             5            160  com.intellij.codeInspection.actions.CleanupInspectionIntention
5277:             5            160  com.intellij.codeInspection.dataFlow.DfaNullability
5278:             5            160  com.intellij.codeInspection.dataFlow.StandardMethodContract$ValueConstraint
5279:             4            160  com.intellij.codeInspection.deadCode.UnusedDeclarationInspection
5280:             2            160  com.intellij.compiler.CompilerConfigurationImpl
5281:            10            160  com.intellij.compiler.progress.BuildOutputService$$Lambda$2029/0x000000080156c840
5282:            10            160  com.intellij.compiler.progress.ModuleLinkFilter
5283:            10            160  com.intellij.compiler.server.BuildManager$6
5284:            10            160  com.intellij.compiler.server.BuildManager$CancelBuildSessionAction
5285:            10            160  com.intellij.compiler.server.PreloadedProcessMessageHandler
5286:             5            160  com.intellij.diagnostic.VMOptions$MemoryKind
5287:             4            160  com.intellij.execution.ExecutorRegistryImpl$ExecutorAction
5288:             4            160  com.intellij.execution.dashboard.actions.RunDashboardFilterActionGroup$RunDashboardStatusFilterToggleAction
5289:            10            160  com.intellij.execution.impl.ConsoleViewRunningState$1
5290:            10            160  com.intellij.execution.impl.ExecutionManagerImpl$doStartRunProfile$startRunnable$1$2
5291:            10            160  com.intellij.execution.impl.ProcessStreamsSynchronizer$1
5292:             2            160  com.intellij.execution.junit.JUnitConfiguration
5293:             2            160  com.intellij.execution.process.OSProcessHandler$Silent
5294:            10            160  com.intellij.execution.target.local.LocalTargetEnvironmentFactory
5295:            10            160  com.intellij.execution.ui.layout.impl.RunnerContentUi$$Lambda$5051/0x0000000802b56440
5296:            10            160  com.intellij.execution.ui.layout.impl.RunnerContentUi$1
5297:            10            160  com.intellij.execution.ui.layout.impl.RunnerContentUi$2
5298:            10            160  com.intellij.execution.ui.layout.impl.RunnerContentUi$3
5299:             4            160  com.intellij.execution.ui.layout.impl.RunnerLayout
5300:             5            160  com.intellij.ide.TypePresentationServiceImpl$AnnotationBasedTemplate
5301:             2            160  com.intellij.ide.scopeView.ScopeViewPane
5302:            10            160  com.intellij.internal.statistic.eventLog.events.ClassEventField
5303:             5            160  com.intellij.internal.statistic.eventLog.events.EventId3
5304:             5            160  com.intellij.jarRepository.RemoteRepositoryDescription
5305:             4            160  com.intellij.json.formatter.JsonCodeStyleSettings
5306:             4            160  com.intellij.openapi.components.impl.ProjectPathMacroManager
5307:             5            160  com.intellij.openapi.editor.impl.ComplementaryFontsRegistry$FallBackInfo
5308:            10            160  com.intellij.openapi.externalSystem.autoimport.changes.AsyncFilesChangesProviderBase$sam$java_util_function_Consumer$0
5309:            10            160  com.intellij.openapi.externalSystem.autoimport.changes.AsyncFilesChangesProviderBase$submitFilesCollecting$1
5310:             5            160  com.intellij.openapi.externalSystem.configurationStore.ExternalStorageSpec
5311:            10            160  com.intellij.openapi.options.ConfigurableEP$$Lambda$738/0x00000008008c5440
5312:            10            160  com.intellij.openapi.projectRoots.JdkCommandLineSetup$composeClassPathValues$1
5313:             5            160  com.intellij.openapi.roots.ExternalLibraryDescriptor
5314:             4            160  com.intellij.openapi.roots.impl.CompilerModuleExtensionImpl
5315:             4            160  com.intellij.openapi.roots.impl.ProjectRootManagerImpl$1
5316:             4            160  com.intellij.openapi.roots.impl.ProjectRootManagerImpl$2
5317:            10            160  com.intellij.openapi.ui.ComboBox$$Lambda$5060/0x0000000802b53840
5318:            10            160  com.intellij.openapi.ui.ComboBox$MyEditor$$Lambda$5058/0x0000000802b54040
5319:             5            160  com.intellij.openapi.util.AtomicNullableLazyValue$1
5320:            10            160  com.intellij.openapi.wm.impl.Stripe$AdaptiveBorder
5321:            10            160  com.intellij.openapi.wm.impl.content.ContentTabLabel$$Lambda$2800/0x0000000801b80840
5322:             4            160  com.intellij.psi.impl.file.PsiBinaryFileImpl
5323:             5            160  com.intellij.psi.impl.java.stubs.impl.PsiClassInitializerStubImpl
5324:             4            160  com.intellij.psi.impl.source.PsiAnonymousClassImpl
5325:            10            160  com.intellij.serviceContainer.MyComponentAdapter$doCreateInstance$1
5326:             5            160  com.intellij.ui.awt.RelativePoint
5327:             2            160  com.intellij.ui.mac.touchbar.TBItemButton
5328:            10            160  com.intellij.ui.mac.touchbar.TouchBar$Updater$1
5329:            10            160  com.intellij.ui.popup.AbstractPopup$$Lambda$4555/0x0000000802924040
5330:             4            160  com.intellij.uiDesigner.actions.SurroundAction
5331:            10            160  com.intellij.util.concurrency.QueueProcessor$$Lambda$1959/0x00000008014b7440
5332:             5            160  com.intellij.util.indexing.UnindexedFilesUpdater
5333:             5            160  com.intellij.util.indexing.UnindexedFilesUpdater$2
5334:             2            160  com.intellij.vcs.commit.message.CommitMessageInspectionProfile
5335:             2            160  com.intellij.vcs.log.data.VcsLogData
5336:             2            160  com.intellij.vcs.log.data.index.VcsLogPersistentIndex
5337:             2            160  com.intellij.xdebugger.impl.breakpoints.XBreakpointManagerImpl
5338:             4            160  com.intellij.xml.impl.schema.ComplexTypeDescriptor
5339:             4            160  com.siyeh.ig.naming.FieldNamingConventionInspection
5340:             4            160  com.siyeh.ig.naming.NewClassNamingConventionInspection
5341:             4            160  com.siyeh.ig.naming.NewMethodNamingConventionInspection
5342:            10            160  com.sun.proxy.$Proxy185
5343:            10            160  com.sun.proxy.$Proxy197
5344:             5            160  com.sun.xml.bind.v2.model.core.PropertyKind
5345:             4            160  com.sun.xml.bind.v2.runtime.AnyTypeBeanInfo
5346:             1            160  io.netty.buffer.PoolArena$DirectArena
5347:             1            160  io.netty.buffer.PoolArena$HeapArena
5348:            10            160  io.netty.channel.nio.AbstractNioByteChannel$1
5349:             2            160  it.unimi.dsi.fastutil.objects.Object2ObjectLinkedOpenHashMap
5350:             5            160  java.awt.image.BaseMultiResolutionImage (java.desktop@11.0.9.1)
5351:             5            160  java.lang.invoke.VarHandle$AccessType (java.base@11.0.9.1)
5352:            10            160  java.security.spec.MGF1ParameterSpec (java.base@11.0.9.1)
5353:            10            160  java.util.Collections$UnmodifiableMap$UnmodifiableEntrySet (java.base@11.0.9.1)
5354:            10            160  java.util.Formatter$Flags (java.base@11.0.9.1)
5355:            10            160  java.util.Optional (java.base@11.0.9.1)
5356:             5            160  java.util.Random (java.base@11.0.9.1)
5357:            10            160  java.util.WeakHashMap$Values (java.base@11.0.9.1)
5358:             2            160  java.util.concurrent.ScheduledThreadPoolExecutor (java.base@11.0.9.1)
5359:            10            160  java.util.regex.CharPredicates$$Lambda$514/0x00000008005c1440 (java.base@11.0.9.1)
5360:             5            160  javax.imageio.spi.SubRegistry (java.desktop@11.0.9.1)
5361:            10            160  javax.swing.UIDefaults$LazyInputMap (java.desktop@11.0.9.1)
5362:            10            160  javax.swing.plaf.basic.BasicScrollPaneUI$Actions (java.desktop@11.0.9.1)
5363:             2            160  javax.swing.text.DefaultStyledDocument (java.desktop@11.0.9.1)
5364:             4            160  javax.swing.text.DefaultStyledDocument$ElementBuffer$ElemChanges (java.desktop@11.0.9.1)
5365:             5            160  javax.swing.text.JTextComponent$DefaultKeymap (java.desktop@11.0.9.1)
5366:             4            160  javax.xml.catalog.CatalogFeatures$Feature (java.xml@11.0.9.1)
5367:             5            160  kotlin.reflect.jvm.internal.calls.CallerImpl$Constructor
5368:             5            160  kotlin.reflect.jvm.internal.impl.load.java.lazy.LazyJavaAnnotations
5369:            10            160  kotlin.reflect.jvm.internal.impl.resolve.scopes.LazyScopeAdapter
5370:             4            160  kotlin.reflect.jvm.internal.impl.types.ClassTypeConstructorImpl
5371:            10            160  kotlinx.coroutines.internal.Symbol
5372:             5            160  org.apache.log4j.helpers.PatternParser$LiteralPatternConverter
5373:             5            160  org.ini4j.spi.UnicodeInputStreamReader$Bom
5374:             5            160  org.intellij.markdown.ast.CompositeASTNode
5375:            10            160  org.intellij.plugins.intelliLang.util.AnnotationUtilEx$$Lambda$3822/0x000000080229fc40
5376:             4            160  org.jetbrains.android.formatter.AndroidXmlCodeStyleSettings
5377:             5            160  org.jetbrains.idea.maven.model.MavenResource
5378:             2            160  org.jetbrains.idea.maven.project.MavenProjectsTree$MavenProjectTimestamp
5379:             2            160  org.jetbrains.kotlin.idea.run.KotlinRunConfiguration
5380:            10            160  org.jetbrains.kotlin.idea.vfilefinder.KotlinFileIndexBase$KEY_DESCRIPTOR$1
5381:             4            160  org.jetbrains.kotlin.psi.stubs.elements.KtPlaceHolderWithTextStubElementType
5382:             5            160  org.jetbrains.kotlin.serialization.konan.impl.KlibMetadataModuleDescriptorFactoryImpl
5383:            10            160  org.jetbrains.org.objectweb.asm.tree.analysis.BasicValue
5384:             4            160  org.jetbrains.plugins.groovy.codeInspection.naming.NewGroovyClassNamingConventionInspection
5385:             4            160  org.jetbrains.plugins.textmate.bundles.BundleType
5386:             4            160  sun.awt.image.BufferedImageGraphicsConfig (java.desktop@11.0.9.1)
5387:             5            160  sun.font.CCompositeGlyphMapper (java.desktop@11.0.9.1)
5388:             5            160  sun.security.ssl.ContentType (java.base@11.0.9.1)
5389:             5            160  sun.security.ssl.X509Authentication (java.base@11.0.9.1)
5390:             2            160  sun.text.normalizer.NormalizerImpl (java.base@11.0.9.1)
5391:             5            160  sun.util.locale.provider.LocaleProviderAdapter$Type (java.base@11.0.9.1)
5392:             6            152  [Lcom.intellij.internal.statistic.eventLog.events.EventField;
5393:             1            152  [Lgit4idea.config.GitVersionSpecialty;
5394:             3            152  [Lorg.jetbrains.mvstore.MapMetadata;
5395:             1            152  [Lsun.security.ssl.Alert; (java.base@11.0.9.1)
5396:             1            152  sun.nio.ch.UnixAsynchronousSocketChannelImpl (java.base@11.0.9.1)
5397:             2            144  [Lcom.android.resources.ResourceFolderType;
5398:             1            144  [Lcom.fasterxml.jackson.databind.ser.impl.ReadOnlyClassToSerializerMap$Bucket;
5399:             1            144  [Lcom.intellij.codeInsight.daemon.impl.analysis.HighlightingFeature;
5400:             1            144  [Lcom.intellij.codeInsight.template.TemplateContextType;
5401:             1            144  [Lcom.intellij.grazie.detector.model.Language;
5402:             1            144  [Lcom.intellij.grazie.detector.model.LanguageISO;
5403:             2            144  [Lcom.intellij.lang.jvm.JvmModifier;
5404:             9            144  [Lcom.intellij.util.Timed;
5405:             3            144  [Lcom.sun.beans.util.Cache$CacheEntry; (java.desktop@11.0.9.1)
5406:             3            144  [Lgit4idea.log.GitRefManager$RefType;
5407:             2            144  [Ljava.awt.Cursor; (java.desktop@11.0.9.1)
5408:             6            144  [Ljava.io.ObjectInputStream$FieldValues; (java.base@11.0.9.1)
5409:             1            144  [Ljava.lang.invoke.VarHandle$AccessMode; (java.base@11.0.9.1)
5410:             2            144  [Ljava.math.BigDecimal; (java.base@11.0.9.1)
5411:             1            144  [Ljava.util.concurrent.ForkJoinTask$ExceptionNode; (java.base@11.0.9.1)
5412:             6            144  apple.laf.JRSUIConstants$PropertyEncoding (java.desktop@11.0.9.1)
5413:             6            144  com.android.tools.idea.lang.proguard.psi.ProguardElementType
5414:             6            144  com.android.tools.idea.run.TargetSelectionMode
5415:             2            144  com.android.tools.idea.uibuilder.visual.ConfigurationSetMenuAction
5416:             2            144  com.android.tools.idea.uibuilder.visual.VisualizationForm
5417:             9            144  com.apple.laf.AquaKeyBindings$SimpleBinding (java.desktop@11.0.9.1)
5418:             6            144  com.apple.laf.AquaUtilControlSize$SizeDescriptor (java.desktop@11.0.9.1)
5419:             2            144  com.apple.laf.ScreenMenuBar (java.desktop@11.0.9.1)
5420:             6            144  com.fasterxml.jackson.annotation.JsonAutoDetect$Visibility
5421:             6            144  com.fasterxml.jackson.core.JsonParser$NumberType
5422:             2            144  com.fasterxml.jackson.databind.deser.DefaultDeserializationContext$Impl
5423:             2            144  com.fasterxml.jackson.databind.ser.DefaultSerializerProvider$Impl
5424:             3            144  com.google.common.collect.ArrayListMultimap
5425:             6            144  com.ibm.icu.impl.ICUCurrencyDisplayInfoProvider$ICUCurrencyDisplayInfo$CurrencySink$EntrypointTable
5426:             6            144  com.ibm.icu.impl.StandardPlural
5427:             1            144  com.ibm.icu.text.DecimalFormatSymbols
5428:             9            144  com.intellij.application.options.codeStyle.cache.CodeStyleCachedValueProvider$AsyncComputation$$Lambda$1599/0x0000000801218440
5429:             9            144  com.intellij.application.options.codeStyle.cache.CodeStyleCachedValueProvider$AsyncComputation$$Lambda$1600/0x0000000801218840
5430:             9            144  com.intellij.application.options.codeStyle.cache.CodeStyleCachedValueProvider$AsyncComputation$$Lambda$1601/0x0000000801218c40
5431:             3            144  com.intellij.build.events.impl.MessageEventImpl
5432:             6            144  com.intellij.codeInsight.completion.AsyncCompletion
5433:             6            144  com.intellij.codeInsight.completion.CodeCompletionHandlerBase
5434:             6            144  com.intellij.codeInsight.daemon.impl.DaemonListeners$$Lambda$1341/0x0000000800fb3040
5435:             9            144  com.intellij.codeInsight.daemon.impl.GeneralHighlightingPassFactory
5436:             2            144  com.intellij.codeInsight.documentation.DocumentationManager
5437:             6            144  com.intellij.codeInsight.folding.impl.FoldingUpdate$$Lambda$2687/0x0000000801aeec40
5438:             6            144  com.intellij.codeInsight.hint.HintManagerImpl$HintInfo
5439:             6            144  com.intellij.codeInsight.hint.TooltipGroup
5440:             9            144  com.intellij.codeInsight.hints.SettingsKey
5441:             6            144  com.intellij.codeInsight.hints.filtering.StringMatcherBuilder$createAsterisksMatcher$1
5442:             6            144  com.intellij.codeInsight.intention.impl.IntentionGroup
5443:             3            144  com.intellij.codeInsight.lookup.impl.CompletionExtender
5444:             3            144  com.intellij.codeInsight.lookup.impl.LookupUsageTracker$MyLookupTracker
5445:             6            144  com.intellij.codeInspection.dataFlow.StandardMethodContract
5446:             9            144  com.intellij.codeInspection.dataFlow.inference.JavaSourceInference$$Lambda$3670/0x00000008021cdc40
5447:             9            144  com.intellij.codeInspection.dataFlow.value.DfaValueFactory$ClassInitializationInfo
5448:             6            144  com.intellij.codeInspection.ex.InspectionProfileImpl$1
5449:             6            144  com.intellij.completion.ml.personalization.session.SessionFactorsUtils$ElementFactor
5450:             6            144  com.intellij.completion.ml.sorting.MLSorter
5451:             6            144  com.intellij.configurationStore.schemeManager.SchemeFileTracker
5452:             6            144  com.intellij.configurationStore.schemeManager.SchemeManagerFactoryBase$ProjectSchemeManagerFactory$createFileChangeSubscriber$1
5453:             9            144  com.intellij.debugger.actions.JvmSmartStepIntoActionHandler
5454:             9            144  com.intellij.debugger.engine.DebugProcessEvents$$Lambda$5032/0x0000000802b36440
5455:             9            144  com.intellij.debugger.engine.DebugProcessEvents$1
5456:             9            144  com.intellij.debugger.engine.DebugProcessImpl$$Lambda$5029/0x0000000802b36840
5457:             9            144  com.intellij.debugger.engine.DebugProcessImpl$$Lambda$5030/0x0000000802b36c40
5458:             9            144  com.intellij.debugger.engine.DebugProcessImpl$$Lambda$5031/0x0000000802b36040
5459:             9            144  com.intellij.debugger.engine.DebugProcessImpl$1
5460:             9            144  com.intellij.debugger.engine.DebugProcessImpl$2
5461:             9            144  com.intellij.debugger.engine.DebugProcessImpl$4
5462:             9            144  com.intellij.debugger.engine.JavaDebugProcess$1
5463:             9            144  com.intellij.debugger.engine.JavaDebugProcess$5
5464:             9            144  com.intellij.debugger.engine.JavaValueMarker
5465:             9            144  com.intellij.debugger.engine.PositionManagerImpl
5466:             9            144  com.intellij.debugger.engine.SuspendManagerImpl$1
5467:             9            144  com.intellij.debugger.engine.ThreadBlockedMonitor$$Lambda$5022/0x0000000802b32440
5468:             9            144  com.intellij.debugger.engine.dfaassist.DfaAssist$2
5469:             9            144  com.intellij.debugger.engine.dfaassist.DfaAssist$InlaySet
5470:             9            144  com.intellij.debugger.impl.DebuggerManagerImpl$3
5471:             6            144  com.intellij.debugger.impl.DebuggerSession$State
5472:             9            144  com.intellij.debugger.impl.InvokeThread$WorkerThreadRequest$$Lambda$5023/0x0000000802b32840
5473:             9            144  com.intellij.debugger.memory.component.MemoryViewDebugProcessData
5474:             9            144  com.intellij.debugger.memory.ui.ClassesFilteredView$4
5475:             9            144  com.intellij.debugger.memory.ui.ClassesFilteredView$MyMouseMotionListener
5476:             9            144  com.intellij.debugger.memory.ui.ClassesFilteredView$MyOpenNewInstancesListener
5477:             9            144  com.intellij.debugger.ui.impl.DebuggerTreeBase$1
5478:             9            144  com.intellij.debugger.ui.impl.DebuggerTreePanel$$Lambda$5077/0x0000000802bc7040
5479:             9            144  com.intellij.debugger.ui.impl.DebuggerTreePanel$1
5480:             9            144  com.intellij.debugger.ui.impl.ThreadsPanel$1
5481:             9            144  com.intellij.debugger.ui.impl.ThreadsPanel$3
5482:             9            144  com.intellij.debugger.ui.impl.TipManager$1
5483:             9            144  com.intellij.debugger.ui.impl.TipManager$MyMouseListener
5484:             9            144  com.intellij.debugger.ui.impl.TipManager$MyMouseMotionListener
5485:             9            144  com.intellij.debugger.ui.impl.UpdatableDebuggerView$$Lambda$5076/0x0000000802bc7c40
5486:             9            144  com.intellij.debugger.ui.impl.watch.DebuggerTree$2
5487:             9            144  com.intellij.debugger.ui.overhead.OverheadView$$Lambda$5095/0x0000000802bc2c40
5488:             9            144  com.intellij.debugger.ui.overhead.OverheadView$$Lambda$5096/0x0000000802bc2040
5489:             9            144  com.intellij.debugger.ui.overhead.OverheadView$TimingColumnInfo$$Lambda$5098/0x0000000802bc1840
5490:             9            144  com.intellij.debugger.ui.tree.render.ClassObjectRenderer$$Lambda$5135/0x0000000802c08c40
5491:             9            144  com.intellij.debugger.ui.tree.render.ColorObjectRenderer$$Lambda$5127/0x0000000802c0ac40
5492:             9            144  com.intellij.debugger.ui.tree.render.GraphicsObjectRenderer$$Lambda$5131/0x0000000802c09c40
5493:             9            144  com.intellij.debugger.ui.tree.render.IconObjectRenderer$$Lambda$5129/0x0000000802c0a440
5494:             9            144  com.intellij.debugger.ui.tree.render.IconObjectRenderer$$Lambda$5130/0x0000000802c09840
5495:             9            144  com.intellij.debugger.ui.tree.render.ImageObjectRenderer$$Lambda$5136/0x0000000802c30440
5496:             9            144  com.intellij.debugger.ui.tree.render.StackTraceElementObjectRenderer$$Lambda$5134/0x0000000802c08840
5497:             6            144  com.intellij.dvcs.repo.Repository$State
5498:             6            144  com.intellij.execution.InputRedirectAware$InputRedirectOptionsImpl
5499:             9            144  com.intellij.execution.junit.JUnitUtil$$Lambda$3379/0x0000000802040c40
5500:             6            144  com.intellij.execution.junit.codeInsight.references.JUnitReferenceContributor$TestAnnotationFilter
5501:             9            144  com.intellij.execution.runners.ExecutionEnvironment$CachingDataContext
5502:             6            144  com.intellij.find.FindModel$SearchContext
5503:             6            144  com.intellij.grazie.speller.dictionary.transformation.TransformingDictionary
5504:             6            144  com.intellij.grazie.speller.lists.packed.AlphabetCompression
5505:             6            144  com.intellij.ide.actions.ToggleToolbarAction$1
5506:             6            144  com.intellij.ide.impl.ContentManagerWatcher$1
5507:             2            144  com.intellij.ide.navigationToolbar.NavBarUpdateQueue
5508:             2            144  com.intellij.ide.ui.UITheme
5509:             9            144  com.intellij.internal.statistic.eventLog.events.LongEventField
5510:             3            144  com.intellij.javadoc.JavadocConfiguration
5511:             2            144  com.intellij.lang.ant.config.impl.AntConfigurationImpl
5512:             3            144  com.intellij.lexer._XmlLexer
5513:             9            144  com.intellij.openapi.actionSystem.Presentation$$Lambda$5094/0x0000000802bc2840
5514:             6            144  com.intellij.openapi.actionSystem.impl.ActionToolbarImpl$1ToolbarClicksCollectorListener
5515:             9            144  com.intellij.openapi.components.ServiceManager$$Lambda$1191/0x0000000800e6e040
5516:             6            144  com.intellij.openapi.editor.Editor$$Lambda$3414/0x000000080204f040
5517:             6            144  com.intellij.openapi.editor.actions.CaretStopBoundary
5518:             9            144  com.intellij.openapi.editor.colors.impl.TextAttributesReader
5519:             6            144  com.intellij.openapi.editor.colors.impl.TextAttributesReader$Effect
5520:             2            144  com.intellij.openapi.externalSystem.autoimport.AutoImportProjectTracker
5521:             6            144  com.intellij.openapi.externalSystem.autolink.UnlinkedProjectStartupActivity$showNotificationWhenNonEmptyProjectUnlinked$3
5522:             2            144  com.intellij.openapi.fileEditor.impl.PsiAwareFileEditorManagerImpl
5523:             6            144  com.intellij.openapi.keymap.impl.KeyState
5524:             2            144  com.intellij.openapi.keymap.impl.MacOSDefaultKeymap
5525:             2            144  com.intellij.openapi.module.impl.ModuleManagerComponent
5526:             6            144  com.intellij.openapi.observable.properties.AtomicBooleanProperty$afterSet$1
5527:             2            144  com.intellij.openapi.progress.util.StandardProgressIndicatorBase
5528:             2            144  com.intellij.openapi.project.DumbServiceImpl
5529:             6            144  com.intellij.openapi.project.DumbServiceImpl$State
5530:             6            144  com.intellij.openapi.roots.impl.OrderRootsCache
5531:             6            144  com.intellij.openapi.roots.impl.OrderRootsCache$CacheKey
5532:             2            144  com.intellij.openapi.roots.impl.RootIndex$RootInfo
5533:             9            144  com.intellij.openapi.ui.panel.ProgressPanelBuilder$LabeledPanelImpl$$Lambda$2695/0x0000000801aecc40
5534:             9            144  com.intellij.openapi.ui.panel.ProgressPanelBuilder$LabeledPanelImpl$$Lambda$2697/0x0000000801aec440
5535:             9            144  com.intellij.openapi.util.ClassConditionKey
5536:             9            144  com.intellij.openapi.util.RecursionManager$1
5537:             6            144  com.intellij.openapi.vcs.changes.InvokeAfterUpdateMode
5538:             6            144  com.intellij.openapi.vfs.encoding.EncodingUtil$FailReason
5539:             9            144  com.intellij.openapi.vfs.newvfs.persistent.PersistentFS$$Lambda$1384/0x000000080105fc40
5540:             9            144  com.intellij.openapi.wm.impl.status.InfoAndProgressPanel$MyInlineProgressIndicator$$Lambda$2694/0x0000000801aec840
5541:             9            144  com.intellij.openapi.wm.impl.status.InfoAndProgressPanel$ProgressPanelProgressIndicator$$Lambda$2693/0x0000000801aed440
5542:             6            144  com.intellij.openapi.wm.impl.status.widget.StatusBarWidgetWrapper$StatusBarWidgetClickListener
5543:             6            144  com.intellij.patterns.StringPattern$2
5544:             6            144  com.intellij.patterns.TreeElementPattern$1
5545:             6            144  com.intellij.patterns.uast.UCallExpressionPattern
5546:             6            144  com.intellij.patterns.uast.UElementPattern$Capture
5547:             6            144  com.intellij.patterns.uast.UExpressionPattern$annotationParams$1
5548:             6            144  com.intellij.patterns.uast.UastPatterns$uAnnotationQualifiedNamePattern$1
5549:             6            144  com.intellij.psi.PsiReferenceList$Role
5550:             6            144  com.intellij.psi.codeStyle.LanguageCodeStyleSettingsProvider$SettingsType
5551:             6            144  com.intellij.psi.codeStyle.autodetect.LineIndentInfo$LineType
5552:             6            144  com.intellij.psi.filters.position.ParentElementFilter
5553:             6            144  com.intellij.psi.impl.source.PsiJavaCodeReferenceElementImpl$Kind
5554:             6            144  com.intellij.psi.impl.source.xml.XmlAttributeImpl$XmlAttributeImplDelegate
5555:             6            144  com.intellij.psi.scope.ElementClassHint$DeclarationKind
5556:             9            144  com.intellij.psi.stubs.StubKeyHashingStrategy
5557:             6            144  com.intellij.refactoring.ui.TypeSelector$PsiTypeItem
5558:             9            144  com.intellij.task.ProjectTaskRunner$ProjectTaskNotificationAdapter
5559:             9            144  com.intellij.task.impl.JpsProjectTaskRunner$$Lambda$4917/0x0000000802abc840
5560:             9            144  com.intellij.task.impl.JpsProjectTaskRunner$MyJpsBuildData
5561:             9            144  com.intellij.ui.BalloonImpl$8
5562:             6            144  com.intellij.ui.mac.touchbar.BarType
5563:             6            144  com.intellij.ui.popup.AbstractPopup$State
5564:             9            144  com.intellij.ui.table.TableView$1
5565:             9            144  com.intellij.ui.table.TableView$2
5566:             6            144  com.intellij.util.containers.BidirectionalMultiMap
5567:             6            144  com.intellij.util.containers.ConcurrentBitSet
5568:             6            144  com.intellij.util.indexing.FileBasedIndexImpl$5
5569:             6            144  com.intellij.util.io.OpenChannelsCache$ChannelDescriptor
5570:             6            144  com.intellij.util.lang.Resource$Attribute
5571:             6            144  com.intellij.util.lang.Resource$Attribute
5572:             2            144  com.intellij.util.lang.SecureJarLoader
5573:             6            144  com.intellij.util.text.DateFormatUtil$Period
5574:             6            144  com.intellij.util.ui.JBValue$CachedFloat
5575:             6            144  com.intellij.util.xml.impl.DomManagerImpl$$Lambda$5309/0x0000000802d06c40
5576:             6            144  com.intellij.vcs.log.graph.utils.impl.CompressedIntList
5577:             6            144  com.intellij.vcs.log.impl.VcsUserImpl
5578:             6            144  com.intellij.vcs.log.util.SequentialLimitedLifoExecutor
5579:             2            144  com.intellij.workspaceModel.ide.impl.legacyBridge.module.roots.RootModelBridgeImpl
5580:             6            144  com.intellij.workspaceModel.storage.impl.containers.BidirectionalSetMap
5581:             6            144  com.intellij.workspaceModel.storage.impl.indices.EntityStorageInternalIndex
5582:             6            144  com.intellij.workspaceModel.storage.impl.references.ManyToOne$NotNull
5583:             9            144  com.intellij.xdebugger.impl.XDebugSessionImpl$1
5584:             9            144  com.intellij.xdebugger.impl.XDebugSessionImpl$2
5585:             9            144  com.intellij.xdebugger.impl.XDebugSessionImpl$MyBreakpointListener
5586:             9            144  com.intellij.xdebugger.impl.XDebugSessionImpl$MyDependentBreakpointListener
5587:             9            144  com.intellij.xdebugger.impl.frame.DebuggerFramesList$1
5588:             6            144  com.intellij.xdebugger.impl.frame.XDebugView$SessionEvent
5589:             9            144  com.intellij.xdebugger.impl.frame.XDebuggerFramesList$$Lambda$5056/0x0000000802b54840
5590:             9            144  com.intellij.xdebugger.impl.frame.XDebuggerFramesList$XDebuggerGroupedFrameListRenderer$1
5591:             9            144  com.intellij.xdebugger.impl.frame.XFramesView$1
5592:             9            144  com.intellij.xdebugger.impl.frame.XFramesView$2
5593:             9            144  com.intellij.xdebugger.impl.frame.XFramesView$3
5594:             9            144  com.intellij.xdebugger.impl.frame.XFramesView$4
5595:             9            144  com.intellij.xdebugger.impl.ui.DebuggerSessionTabBase$$Lambda$5074/0x0000000802bc0440
5596:             9            144  com.intellij.xdebugger.impl.ui.XDebugSessionTab$$Lambda$5054/0x0000000802b55040
5597:             9            144  com.intellij.xdebugger.impl.ui.XDebugSessionTab$1
5598:             9            144  com.intellij.xdebugger.impl.ui.tree.XDebuggerTree$1
5599:             9            144  com.intellij.xdebugger.impl.ui.tree.XDebuggerTree$2
5600:             9            144  com.intellij.xdebugger.impl.ui.tree.XDebuggerTree$6
5601:             9            144  com.intellij.xdebugger.impl.ui.tree.XDebuggerTree$9
5602:             9            144  com.intellij.xdebugger.impl.ui.tree.XDebuggerTreePanel$1
5603:             9            144  com.intellij.xdebugger.memory.ui.ClassesFilteredViewBase$$Lambda$5090/0x0000000802bc3840
5604:             9            144  com.intellij.xdebugger.memory.ui.ClassesFilteredViewBase$$Lambda$5091/0x0000000802bc3c40
5605:             9            144  com.intellij.xdebugger.memory.ui.ClassesFilteredViewBase$2
5606:             9            144  com.intellij.xdebugger.memory.ui.ClassesFilteredViewBase$3
5607:             9            144  com.intellij.xdebugger.memory.ui.ClassesFilteredViewBase$4
5608:             9            144  com.intellij.xdebugger.memory.ui.ClassesFilteredViewBase$5
5609:             9            144  com.intellij.xdebugger.memory.ui.ClassesTable$1
5610:             9            144  com.intellij.xdebugger.memory.ui.ClassesTable$2
5611:             9            144  com.jetbrains.jdi.TargetVM$$Lambda$5057/0x0000000802b54c40
5612:             9            144  com.jetbrains.jdi.VoidValueImpl
5613:             6            144  com.jetbrains.jsonSchema.extension.JsonSchemaProjectSelfProviderFactory$MyJsonSchemaFileProvider
5614:             3            144  com.siyeh.ig.logging.ClassWithoutLoggerInspection
5615:             3            144  com.siyeh.ig.logging.LogStatementGuardedByLogConditionInspection
5616:             3            144  com.siyeh.ig.naming.LocalVariableNamingConventionInspection
5617:             3            144  com.siyeh.ig.resources.AutoCloseableResourceInspection
5618:             9            144  com.sun.proxy.$Proxy170
5619:             9            144  com.sun.proxy.$Proxy173
5620:             9            144  com.sun.proxy.$Proxy28
5621:             9            144  com.sun.proxy.$Proxy42
5622:             6            144  com.sun.xml.bind.v2.runtime.reflect.TransducedAccessor$IDREFTransducedAccessorImpl
5623:             6            144  com.sun.xml.bind.v2.runtime.unmarshaller.ValuePropertyLoader
5624:             2            144  com.theoryinpractice.testng.configuration.TestNGConfiguration
5625:             2            144  git4idea.branch.GitBranchIncomingOutgoingManager
5626:             2            144  io.netty.buffer.PoolChunk
5627:             3            144  java.awt.LightweightDispatcher (java.desktop@11.0.9.1)
5628:             6            144  java.io.ObjectInputStream$FieldValues (java.base@11.0.9.1)
5629:             6            144  java.lang.Thread$State (java.base@11.0.9.1)
5630:             2            144  java.lang.invoke.BoundMethodHandle$Species_LLLLLIILLLL (java.base@11.0.9.1)
5631:             2            144  java.lang.invoke.BoundMethodHandle$Species_LLLLLLLLIIL (java.base@11.0.9.1)
5632:             6            144  java.lang.invoke.StringConcatFactory$Strategy (java.base@11.0.9.1)
5633:             9            144  java.rmi.server.Operation (java.rmi@11.0.9.1)
5634:             3            144  java.time.temporal.JulianFields$Field (java.base@11.0.9.1)
5635:             9            144  java.util.concurrent.Executors$FinalizableDelegatedExecutorService (java.base@11.0.9.1)
5636:             6            144  java.util.function.BiConsumer$$Lambda$2313/0x000000080183e440 (java.base@11.0.9.1)
5637:             6            144  java.util.regex.Pattern$Neg (java.base@11.0.9.1)
5638:             6            144  java.util.regex.Pattern$Pos (java.base@11.0.9.1)
5639:             3            144  javax.imageio.ImageTypeSpecifier$Packed (java.desktop@11.0.9.1)
5640:             6            144  javax.net.ssl.SSLEngineResult$HandshakeStatus (java.base@11.0.9.1)
5641:             3            144  javax.swing.JEditorPane$1 (java.desktop@11.0.9.1)
5642:             9            144  javax.swing.table.TableRowSorter$TableRowSorterModelWrapper (java.desktop@11.0.9.1)
5643:             9            144  javax.swing.text.StyleConstants$ParagraphConstants (java.desktop@11.0.9.1)
5644:             6            144  javax.xml.datatype.DatatypeConstants$Field (java.xml@11.0.9.1)
5645:             6            144  jdk.internal.perf.PerfCounter (java.base@11.0.9.1)
5646:             6            144  kotlin.reflect.jvm.internal.KClassImpl$Data$allMembers$2
5647:             6            144  kotlin.reflect.jvm.internal.KClassImpl$Data$allNonStaticMembers$2
5648:             6            144  kotlin.reflect.jvm.internal.KClassImpl$Data$allStaticMembers$2
5649:             6            144  kotlin.reflect.jvm.internal.KClassImpl$Data$annotations$2
5650:             6            144  kotlin.reflect.jvm.internal.KClassImpl$Data$constructors$2
5651:             6            144  kotlin.reflect.jvm.internal.KClassImpl$Data$declaredMembers$2
5652:             6            144  kotlin.reflect.jvm.internal.KClassImpl$Data$declaredNonStaticMembers$2
5653:             6            144  kotlin.reflect.jvm.internal.KClassImpl$Data$declaredStaticMembers$2
5654:             6            144  kotlin.reflect.jvm.internal.KClassImpl$Data$descriptor$2
5655:             6            144  kotlin.reflect.jvm.internal.KClassImpl$Data$inheritedNonStaticMembers$2
5656:             6            144  kotlin.reflect.jvm.internal.KClassImpl$Data$inheritedStaticMembers$2
5657:             6            144  kotlin.reflect.jvm.internal.KClassImpl$Data$nestedClasses$2
5658:             6            144  kotlin.reflect.jvm.internal.KClassImpl$Data$objectInstance$2
5659:             6            144  kotlin.reflect.jvm.internal.KClassImpl$Data$qualifiedName$2
5660:             6            144  kotlin.reflect.jvm.internal.KClassImpl$Data$sealedSubclasses$2
5661:             6            144  kotlin.reflect.jvm.internal.KClassImpl$Data$simpleName$2
5662:             6            144  kotlin.reflect.jvm.internal.KClassImpl$Data$supertypes$2
5663:             6            144  kotlin.reflect.jvm.internal.KClassImpl$Data$typeParameters$2
5664:             6            144  kotlin.reflect.jvm.internal.KDeclarationContainerImpl$Data$moduleData$2
5665:             6            144  kotlin.reflect.jvm.internal.impl.descriptors.ClassKind
5666:             6            144  kotlin.reflect.jvm.internal.impl.descriptors.ClassKind
5667:             2            144  kotlin.reflect.jvm.internal.impl.descriptors.impl.MutableClassDescriptor
5668:             2            144  kotlin.reflect.jvm.internal.impl.descriptors.impl.MutableClassDescriptor
5669:             9            144  kotlin.reflect.jvm.internal.impl.descriptors.runtime.structure.ReflectJavaPackage
5670:             6            144  kotlin.reflect.jvm.internal.impl.load.java.lazy.descriptors.LazyJavaClassMemberScope$constructors$1
5671:             6            144  kotlin.reflect.jvm.internal.impl.load.java.lazy.descriptors.LazyJavaClassMemberScope$enumEntryIndex$1
5672:             6            144  kotlin.reflect.jvm.internal.impl.load.java.lazy.descriptors.LazyJavaClassMemberScope$nestedClassIndex$1
5673:             6            144  kotlin.reflect.jvm.internal.impl.load.java.lazy.descriptors.LazyJavaClassMemberScope$nestedClasses$1
5674:             6            144  kotlin.reflect.jvm.internal.impl.load.kotlin.header.KotlinClassHeader$Kind
5675:             6            144  kotlin.reflect.jvm.internal.impl.load.kotlin.header.KotlinClassHeader$Kind
5676:             6            144  kotlin.reflect.jvm.internal.impl.metadata.ProtoBuf$Visibility
5677:             6            144  kotlin.reflect.jvm.internal.impl.metadata.ProtoBuf$Visibility
5678:             6            144  kotlin.reflect.jvm.internal.impl.resolve.scopes.receivers.ImplicitClassReceiver
5679:             6            144  kotlin.reflect.jvm.internal.impl.types.NullableSimpleType
5680:             6            144  net.jpountz.lz4.LZ4FrameOutputStream$FLG$Bits
5681:             3            144  org.apache.xerces.util.XMLAttributesImpl
5682:             6            144  org.cef.CefApp$CefAppState (jcef@11.0.9.1)
5683:             6            144  org.infernus.idea.checkstyle.model.ConfigurationType
5684:             6            144  org.intellij.lang.xpath.xslt.impl.XsltChecker$State
5685:             3            144  org.jetbrains.android.actions.CreateTypedResourceFileAction
5686:             6            144  org.jetbrains.idea.devkit.inspections.RegistrationCheckerUtil$RegistrationType
5687:             9            144  org.jetbrains.idea.maven.dom.intentions.AddMavenDependencyQuickFix
5688:             9            144  org.jetbrains.idea.maven.javadoc.MojoAnnotationInfo
5689:             9            144  org.jetbrains.java.debugger.JavaDebuggerEditorsProvider
5690:             9            144  org.jetbrains.jps.model.JpsElementChildRole
5691:             2            144  org.jetbrains.kotlin.config.KotlinFacetSettings
5692:             3            144  org.jetbrains.kotlin.idea.core.script.ucache.ScriptClassRootsCache
5693:             9            144  org.jetbrains.kotlin.idea.debugger.KotlinPositionManager$allKotlinFilesScope$1$scopeComparator$3
5694:             6            144  org.jetbrains.kotlin.idea.inspections.AbstractImplicitTypeInspection$1
5695:             3            144  org.jetbrains.kotlin.idea.inspections.coroutines.DeferredIsResultInspection
5696:             3            144  org.jetbrains.kotlin.idea.inspections.coroutines.DirectUseOfResultTypeInspection
5697:             9            144  org.jetbrains.plugins.groovy.debugger.GroovyPositionManager
5698:             6            144  org.jetbrains.plugins.groovy.lang.psi.patterns.GroovyElementPattern$Capture
5699:             2            144  org.jetbrains.plugins.groovy.runner.GroovyScriptRunConfiguration
5700:             6            144  sun.awt.OSInfo$OSType (java.desktop@11.0.9.1)
5701:             3            144  sun.awt.SoftCache$ValueCell (java.desktop@11.0.9.1)
5702:             3            144  sun.awt.image.ImageCache$ImageSoftReference (java.desktop@11.0.9.1)
5703:             3            144  sun.java2d.loops.DrawGlyphList$General (java.desktop@11.0.9.1)
5704:             3            144  sun.java2d.loops.DrawGlyphListAA$General (java.desktop@11.0.9.1)
5705:             6            144  sun.lwawt.LWWindowPeer$PeerType (java.desktop@11.0.9.1)
5706:             3            144  sun.lwawt.macosx.CInputMethod (java.desktop@11.0.9.1)
5707:             3            144  sun.lwawt.macosx.CMenuBar (java.desktop@11.0.9.1)
5708:             6            144  sun.rmi.transport.SequenceEntry (java.rmi@11.0.9.1)
5709:             1            144  sun.security.pkcs11.SunPKCS11 (jdk.crypto.cryptoki@11.0.9.1)
5710:             6            144  sun.security.provider.certpath.X509CertPath (java.base@11.0.9.1)
5711:             6            144  sun.security.util.DisabledAlgorithmConstraints$Constraint$Operator (java.base@11.0.9.1)
5712:             3            136  [Lcom.intellij.codeInsight.intention.numeric.NumberConverter;
5713:             1            136  [Lcom.intellij.codeInspection.ex.InspectionElementsMerger;
5714:             3            136  [Lcom.intellij.codeInspection.naming.NamingConvention;
5715:             1            136  [Lcom.intellij.grazie.remote.RemoteLangDescriptor;
5716:             4            136  [Lcom.intellij.openapi.util.Condition;
5717:             2            136  [Lgit4idea.history.GitLogParser$GitLogOption;
5718:             1            136  [Ljava.time.temporal.ChronoField; (java.base@11.0.9.1)
5719:             5            136  [Lkotlin.script.experimental.location.ScriptExpectedLocation;
5720:             1            136  [Lorg.apache.xerces.impl.dv.xs.TypeValidator;
5721:             4            136  [Lsun.invoke.util.ValueConversions$WrapperCache; (java.base@11.0.9.1)
5722:             1            128  [Lcom.intellij.codeInsight.completion.PreferByKindWeigher$MyResult;
5723:             1            128  [Lcom.intellij.codeInsight.editorActions.TypedHandlerDelegate;
5724:             2            128  [Lcom.intellij.execution.BeforeRunTaskProvider;
5725:             2            128  [Lcom.intellij.ide.SelectInTarget;
5726:             2            128  [Lcom.intellij.ide.projectView.TreeStructureProvider;
5727:             2            128  [Lcom.intellij.openapi.vfs.impl.local.NativeFileWatcherImpl$WatcherOp;
5728:             1            128  [Lcom.intellij.psi.WeigherExtensionPoint;
5729:             5            128  [Lcom.intellij.psi.search.scope.packageSet.NamedScope;
5730:             3            128  [Lcom.intellij.vcs.log.VcsRefType;
5731:             2            128  [Ljava.security.cert.CRLReason; (java.base@11.0.9.1)
5732:             2            128  [Ljava.time.Month; (java.base@11.0.9.1)
5733:             4            128  [Lkotlin.reflect.KClass;
5734:             2            128  [Lorg.intellij.lang.regexp.psi.RegExpGroup$Type;
5735:             2            128  [Lorg.jdom.AttributeType;
5736:             2            128  [Lsun.awt.image.BufferedImageGraphicsConfig; (java.desktop@11.0.9.1)
5737:             2            128  [Lsun.security.ssl.SSLSecretDerivation$SecretSchedule; (java.base@11.0.9.1)
5738:             4            128  apple.laf.JRSUIConstants$Size (java.desktop@11.0.9.1)
5739:             4            128  com.android.resources.Navigation
5740:             4            128  com.android.resources.ScreenSize
5741:             2            128  com.android.tools.adtui.actions.DropDownAction
5742:             8            128  com.android.tools.editor.ActionToolbarUtil$1
5743:             2            128  com.android.tools.idea.common.surface.InteractionManager
5744:             2            128  com.android.tools.idea.navigator.AndroidProjectViewPane
5745:             4            128  com.android.tools.idea.uibuilder.adaptiveicon.ShapeMenuAction$AdaptiveIconShape
5746:             4            128  com.android.tools.idea.util.ListenerCollection
5747:             4            128  com.apple.laf.AquaIcon$FileIcon (java.desktop@11.0.9.1)
5748:             4            128  com.apple.laf.AquaKeyBindings$AquaMultilineAction (java.desktop@11.0.9.1)
5749:             2            128  com.fasterxml.jackson.core.sym.ByteQuadsCanonicalizer
5750:             2            128  com.fasterxml.jackson.core.sym.CharsToNameCanonicalizer
5751:             2            128  com.fasterxml.jackson.databind.MappingJsonFactory
5752:             2            128  com.fasterxml.jackson.databind.ObjectMapper
5753:             8            128  com.google.common.cache.LocalCache$WriteQueue
5754:             2            128  com.ibm.icu.impl.Trie2_16
5755:             4            128  com.ibm.icu.impl.UCharacterProperty$NormInertBinaryProperty
5756:             8            128  com.intellij.codeInsight.MetaAnnotationUtil$$Lambda$4728/0x00000008029e0c40
5757:             4            128  com.intellij.codeInsight.completion.CompletionService$1
5758:             4            128  com.intellij.codeInsight.completion.impl.BetterPrefixMatcher$AutoRestarting
5759:             8            128  com.intellij.codeInsight.completion.impl.LiftShorterItemsClassifier$LiftingCondition
5760:             1            128  com.intellij.codeInsight.daemon.impl.ChameleonSyntaxHighlightingPass
5761:             8            128  com.intellij.codeInsight.daemon.impl.ExternalToolPassFactory
5762:             1            128  com.intellij.codeInsight.daemon.impl.GeneralHighlightingPass
5763:             1            128  com.intellij.codeInsight.daemon.impl.InjectedGeneralHighlightingPass
5764:             8            128  com.intellij.codeInsight.daemon.impl.ParameterHintsPresentationManager$AnimationStep$$Lambda$5888/0x0000000801c89840
5765:             4            128  com.intellij.codeInsight.daemon.impl.PassExecutorService
5766:             8            128  com.intellij.codeInsight.daemon.impl.WholeFileLocalInspectionsPassFactory$1
5767:             4            128  com.intellij.codeInsight.daemon.impl.actions.SuppressLocalWithCommentFix
5768:             4            128  com.intellij.codeInsight.template.impl.LiveTemplateCompletionContributor$1$$Lambda$4473/0x00000008028a4840
5769:             4            128  com.intellij.codeInspection.bytecodeAnalysis.MethodAnnotations
5770:             4            128  com.intellij.codeInspection.bytecodeAnalysis.PuritySolver
5771:             4            128  com.intellij.codeInspection.dataFlow.Mutability
5772:             2            128  com.intellij.compiler.CompilerManagerImpl
5773:             2            128  com.intellij.compiler.backwardRefs.DirtyScopeHolder
5774:             2            128  com.intellij.completion.ml.common.RecentPlacesFeatures$StoreRecentPlacesListener$Companion$createFixedSizeSet$1
5775:             2            128  com.intellij.completion.ml.ngram.ModelRunnerWithCache
5776:             2            128  com.intellij.completion.ml.ngram.ModelRunnerWithCache$FilePath2Tokens
5777:             2            128  com.intellij.configurationScript.providers.MyProjectStore
5778:             2            128  com.intellij.configurationStore.DefaultProjectStorage
5779:             2            128  com.intellij.configurationStore.ModuleStateStorageManager$ModuleFileStorage
5780:             2            128  com.intellij.coverage.CoverageDataManagerImpl
5781:             4            128  com.intellij.debugger.impl.GenericDebuggerRunnerSettings
5782:             2            128  com.intellij.debugger.settings.DebuggerSettings
5783:             2            128  com.intellij.execution.dashboard.RunDashboardManagerImpl
5784:             4            128  com.intellij.execution.impl.RunConfigurationSchemeManager
5785:             2            128  com.intellij.execution.scratch.JavaScratchConfiguration
5786:             4            128  com.intellij.find.findUsages.JavaFindUsagesHandlerFactory
5787:             4            128  com.intellij.formatting.FormattingStateId
5788:             2            128  com.intellij.ide.actions.PopupInMainMenuActionGroup
5789:             2            128  com.intellij.ide.actions.SmartPopupActionGroup
5790:             4            128  com.intellij.ide.plugins.ProjectPluginTracker$Companion$ProjectPluginTrackerState
5791:             8            128  com.intellij.ide.projectView.impl.AbstractProjectViewPane$1
5792:             8            128  com.intellij.ide.projectView.impl.AbstractProjectViewPane$2
5793:             8            128  com.intellij.ide.projectView.impl.AbstractProjectViewPane$3
5794:             2            128  com.intellij.ide.projectView.impl.PackageViewPane
5795:             2            128  com.intellij.ide.projectView.impl.ProjectViewPane
5796:             8            128  com.intellij.internal.statistic.eventLog.FeatureUsageData
5797:             2            128  com.intellij.javaee.ProjectResources
5798:             4            128  com.intellij.lang.properties.psi.codeStyle.PropertiesCodeStyleSettings
5799:             4            128  com.intellij.openapi.actionSystem.PressureShortcut
5800:             2            128  com.intellij.openapi.editor.colors.impl.DefaultColorsScheme
5801:             2            128  com.intellij.openapi.editor.colors.impl.EditorColorsManagerImpl$BundledScheme
5802:             8            128  com.intellij.openapi.editor.ex.util.ShortBasedStorage
5803:             8            128  com.intellij.openapi.editor.impl.EditorImpl$MyInputMethodHandleSwingThreadWrapper
5804:             4            128  com.intellij.openapi.editor.markup.PassWrapper
5805:             4            128  com.intellij.openapi.fileEditor.impl.FileEditorManagerImpl$5
5806:             2            128  com.intellij.openapi.fileEditor.impl.IdeDocumentHistoryImpl
5807:             4            128  com.intellij.openapi.fileTypes.impl.FileTypeAssocTable
5808:             4            128  com.intellij.openapi.project.ExternalStorageConfiguration
5809:             4            128  com.intellij.openapi.roots.DependencyScope
5810:             4            128  com.intellij.openapi.roots.LanguageLevelModuleExtensionImpl
5811:             4            128  com.intellij.openapi.roots.LanguageLevelState
5812:             4            128  com.intellij.openapi.roots.impl.ProjectRootManagerImpl$JdkTableMultiListener
5813:             4            128  com.intellij.openapi.updateSettings.impl.ChannelStatus
5814:             4            128  com.intellij.openapi.util.io.FileAttributes
5815:             2            128  com.intellij.openapi.vcs.actions.VcsActionGroup
5816:             2            128  com.intellij.openapi.vcs.changes.committed.CommittedChangesCache
5817:             4            128  com.intellij.openapi.vcs.impl.ContentRevisionCache$Key
5818:             2            128  com.intellij.openapi.vcs.impl.projectlevelman.NewMappings
5819:             2            128  com.intellij.openapi.wm.impl.ToolWindowManagerImpl
5820:             8            128  com.intellij.openapi.wm.impl.status.EditorBasedStatusBarPopup$2
5821:             4            128  com.intellij.openapi.wm.impl.status.ProcessBalloon$1
5822:             8            128  com.intellij.packageDependencies.DependencyValidationManagerImpl$$Lambda$1246/0x0000000800f0e040
5823:             8            128  com.intellij.psi.controlFlow.ControlFlowOptions
5824:             8            128  com.intellij.psi.impl.PsiDocumentManagerImpl$1
5825:             8            128  com.intellij.psi.impl.PsiManagerImpl$$Lambda$1186/0x0000000800e6fc40
5826:             4            128  com.intellij.psi.impl.search.MethodTextOccurrenceProcessor
5827:             4            128  com.intellij.psi.impl.smartPointers.SmartPointerManagerImpl
5828:             4            128  com.intellij.psi.impl.smartPointers.SmartPsiFileRangePointerImpl
5829:             4            128  com.intellij.psi.impl.source.PostprocessReformattingAspect$Context
5830:             2            128  com.intellij.psi.impl.source.PsiPlainTextFileImpl
5831:             4            128  com.intellij.psi.impl.source.tree.JavaDocElementType$JavaDocCompositeElementType
5832:             2            128  com.intellij.psi.impl.source.tree.java.PsiPolyadicExpressionImpl
5833:             4            128  com.intellij.psi.impl.source.xml.XmlTagDelegate$$Lambda$2204/0x000000080175e840
5834:             8            128  com.intellij.psi.search.scope.packageSet.NamedScopeManager$OrderState
5835:             4            128  com.intellij.sh.codeStyle.ShCodeStyleSettings
5836:             2            128  com.intellij.sh.run.ShRunConfiguration
5837:             2            128  com.intellij.tasks.impl.TaskManagerImpl$1
5838:             2            128  com.intellij.ui.BalloonLayoutImpl
5839:             2            128  com.intellij.ui.popup.list.ListPopupImpl$MyListSelectionModel
5840:             8            128  com.intellij.util.containers.HashSetInterner
5841:             8            128  com.intellij.util.io.PersistentHashMapValueStorage$OutputStreamOverRandomAccessFileCache
5842:             2            128  com.intellij.util.net.HttpConfigurable
5843:             4            128  com.intellij.util.xml.XmlFileHeader
5844:             8            128  com.intellij.util.xml.converters.values.GenericDomValueConvertersRegistry$$Lambda$5635/0x000000080122dc40
5845:             4            128  com.intellij.vcs.changes.ChangeListScope
5846:             4            128  com.intellij.workspaceModel.storage.bridgeEntities.JavaSourceRootEntityData
5847:             8            128  com.intellij.workspaceModel.storage.bridgeEntities.LibraryRootTypeId
5848:             8            128  com.intellij.workspaceModel.storage.bridgeEntities.ModuleId
5849:             4            128  com.sun.beans.util.Cache$CacheEntry (java.desktop@11.0.9.1)
5850:             4            128  com.sun.jna.Library$Handler
5851:             8            128  com.sun.proxy.$Proxy0
5852:             8            128  com.sun.proxy.$Proxy187
5853:             8            128  com.sun.proxy.$Proxy189
5854:             8            128  com.sun.proxy.$Proxy49
5855:             4            128  com.sun.xml.bind.v2.runtime.CompositeStructureBeanInfo
5856:             4            128  com.sun.xml.bind.v2.runtime.NameList
5857:             2            128  git4idea.GitVcs
5858:             2            128  git4idea.actions.GitMenu
5859:             2            128  git4idea.ignore.GitRepositoryIgnoredFilesHolder
5860:             2            128  git4idea.repo.GitUntrackedFilesHolder
5861:             2            128  git4idea.vfs.GitVFSListener
5862:             2            128  io.netty.channel.ChannelOutboundBuffer$Entry
5863:             2            128  java.io.ExpiringCache$1 (java.base@11.0.9.1)
5864:             4            128  java.lang.ProcessImpl$Platform (java.base@11.0.9.1)
5865:             4            128  java.lang.invoke.VarHandleLongs$FieldInstanceReadWrite (java.base@11.0.9.1)
5866:             8            128  java.rmi.server.RemoteObjectInvocationHandler (java.rmi@11.0.9.1)
5867:             4            128  java.security.spec.PSSParameterSpec (java.base@11.0.9.1)
5868:             8            128  java.util.concurrent.CompletableFuture$AltResult (java.base@11.0.9.1)
5869:             4            128  java.util.stream.Collectors$CollectorImpl (java.base@11.0.9.1)
5870:             2            128  javax.swing.MultiUIDefaults (java.desktop@11.0.9.1)
5871:             4            128  javax.swing.text.DefaultEditorKit$VerticalPageAction (java.desktop@11.0.9.1)
5872:             4            128  javax.swing.text.IconView (java.desktop@11.0.9.1)
5873:             4            128  javax.swing.text.Segment (java.desktop@11.0.9.1)
5874:             8            128  kotlin.reflect.jvm.internal.impl.builtins.ReflectionTypes$ClassLookup
5875:             4            128  kotlin.reflect.jvm.internal.impl.builtins.functions.FunctionClassDescriptor$Kind
5876:             4            128  kotlin.reflect.jvm.internal.impl.builtins.functions.FunctionClassKind
5877:             8            128  kotlin.reflect.jvm.internal.impl.descriptors.impl.AbstractTypeParameterDescriptor$2$1
5878:             2            128  kotlin.reflect.jvm.internal.impl.descriptors.impl.ModuleDescriptorImpl
5879:             2            128  kotlin.reflect.jvm.internal.impl.descriptors.impl.ModuleDescriptorImpl
5880:             2            128  kotlin.reflect.jvm.internal.impl.descriptors.impl.TypeParameterDescriptorImpl
5881:             2            128  kotlin.reflect.jvm.internal.impl.descriptors.impl.TypeParameterDescriptorImpl
5882:             2            128  kotlin.reflect.jvm.internal.impl.load.java.lazy.descriptors.LazyJavaTypeParameterDescriptor
5883:             4            128  kotlin.reflect.jvm.internal.impl.serialization.deserialization.descriptors.DeserializedClassDescriptor$EnumEntryClassDescriptors
5884:             4            128  kotlinx.coroutines.scheduling.WorkQueue
5885:             4            128  org.apache.log4j.ProvisionNode
5886:             2            128  org.apache.xerces.impl.xpath.regex.RegularExpression
5887:             4            128  org.jetbrains.idea.maven.execution.MavenExecutionOptions$FailureMode
5888:             4            128  org.jetbrains.idea.maven.importing.MavenSourceFoldersModuleExtension
5889:             2            128  org.jetbrains.idea.maven.indices.MavenIndex
5890:             1            128  org.jetbrains.idea.maven.navigator.MavenProjectsStructure$ProjectNode
5891:             2            128  org.jetbrains.idea.svn.actions.SubversionGroup
5892:             4            128  org.jetbrains.kotlin.builtins.functions.FunctionClassKind
5893:             8            128  org.jetbrains.kotlin.diagnostics.PositioningStrategies$modifierSetPosition$1
5894:             1            128  org.jetbrains.kotlin.idea.artifacts.ProductionKotlinArtifacts
5895:             8            128  org.jetbrains.kotlin.idea.core.formatter.KotlinPackageEntryTable
5896:             8            128  org.jetbrains.kotlin.idea.core.script.KotlinScriptDependenciesClassFinder$everywhereCache$1$1
5897:             8            128  org.jetbrains.kotlin.idea.highlighter.KotlinBeforeResolveHighlightingPass$Factory
5898:             8            128  org.jetbrains.kotlin.idea.highlighter.ScriptExternalHighlightingPass$Factory
5899:             4            128  org.jetbrains.kotlin.idea.intentions.ConvertToScopeIntention$ScopeFunction
5900:             8            128  org.jetbrains.kotlin.idea.refactoring.cutPaste.MoveDeclarationsPassFactory
5901:             8            128  org.jetbrains.kotlin.idea.run.MultiplatformTestTasksChooser
5902:             4            128  org.jetbrains.plugins.github.api.GithubServerPath
5903:             8            128  org.jetbrains.uast.UastBinaryOperator$ComparisonOperator
5904:             4            128  org.jetbrains.yaml.formatter.YAMLCodeStyleSettings
5905:             2            128  org.languagetool.language.AmericanEnglish
5906:             4            128  sun.awt.image.BufferedImageDevice (java.desktop@11.0.9.1)
5907:             4            128  sun.font.CCharToGlyphMapper$Cache$SparseBitShiftingTwoLayerArray (java.desktop@11.0.9.1)
5908:             8            128  sun.java2d.loops.RenderCache (java.desktop@11.0.9.1)
5909:             2            128  sun.java2d.opengl.OGLAnyCompositeBlit (java.desktop@11.0.9.1)
5910:             8            128  sun.rmi.server.WeakClassHashMap$ValueCell (java.rmi@11.0.9.1)
5911:             4            128  sun.rmi.transport.DGCClient$EndpointEntry$RefEntry (java.rmi@11.0.9.1)
5912:             4            128  sun.rmi.transport.DGCClient$EndpointEntry$RefEntry$PhantomLiveRef (java.rmi@11.0.9.1)
5913:             2            128  sun.security.provider.SHA2$SHA256 (java.base@11.0.9.1)
5914:             4            128  sun.security.ssl.Finished$VerifyDataScheme (java.base@11.0.9.1)
5915:             8            128  sun.security.ssl.SSLKeyExchange$T13KeyAgreement (java.base@11.0.9.1)
5916:             4            128  sun.security.ssl.SSLTrafficKeyDerivation (java.base@11.0.9.1)
5917:             4            128  sun.security.x509.SubjectAlternativeNameExtension (java.base@11.0.9.1)
5918:             8            128  sun.swing.StringUIClientPropertyKey (java.desktop@11.0.9.1)
5919:             3            120  [Lcom.ibm.icu.impl.StandardPlural;
5920:             1            120  [Lcom.ibm.icu.impl.UCharacterProperty$IntProperty;
5921:             1            120  [Lcom.intellij.openapi.fileTypes.SyntaxHighlighterFactoryEP;
5922:             5            120  [Ljava.awt.Image; (java.desktop@11.0.9.1)
5923:             1            120  [Ljava.awt.SystemColor; (java.desktop@11.0.9.1)
5924:             3            120  [Ljava.lang.invoke.LambdaForm$BasicType; (java.base@11.0.9.1)
5925:             5            120  [Ljavax.swing.text.Position$Bias; (java.desktop@11.0.9.1)
5926:             6            120  [Lorg.apache.xerces.impl.xs.XSGroupDecl;
5927:             5            120  [Lsun.font.CharToGlyphMapper; (java.desktop@11.0.9.1)
5928:             5            120  [Lsun.font.PhysicalFont; (java.desktop@11.0.9.1)
5929:             3            120  com.android.resources.Keyboard
5930:             5            120  com.android.tools.lint.detector.api.Severity
5931:             5            120  com.apple.laf.AquaPainter$AquaSingleImagePainter (java.desktop@11.0.9.1)
5932:             5            120  com.fasterxml.jackson.annotation.Nulls
5933:             3            120  com.fasterxml.jackson.databind.PropertyMetadata
5934:             5            120  com.fasterxml.jackson.databind.annotation.JsonSerialize$Inclusion
5935:             5            120  com.fasterxml.jackson.databind.introspect.AnnotationCollector$OneAnnotation
5936:             3            120  com.google.common.collect.ImmutableSortedMap
5937:             5            120  com.google.gson.internal.ConstructorConstructor
5938:             5            120  com.google.gson.internal.bind.MapTypeAdapterFactory
5939:             5            120  com.google.wireless.android.sdk.stats.AndroidStudioEvent$IdeBrand
5940:             5            120  com.ibm.icu.text.ListFormatter$Style
5941:             3            120  com.intellij.application.options.editor.EditorCloseButtonPositionKt$asOptionDescriptor$1
5942:             5            120  com.intellij.build.BuildViewProblemsService$listenToBuildView$1
5943:             5            120  com.intellij.build.events.MessageEvent$Kind
5944:             5            120  com.intellij.codeInsight.completion.JavaCompletionSorting$ExpectedTypeMatching
5945:             5            120  com.intellij.codeInsight.completion.StatisticsUpdate
5946:             5            120  com.intellij.codeInsight.completion.StatisticsUpdate$DocumentChangeListener
5947:             1            120  com.intellij.codeInsight.daemon.impl.ExternalToolPass
5948:             5            120  com.intellij.codeInsight.daemon.impl.FileStatusMap$FileStatus
5949:             3            120  com.intellij.codeInsight.daemon.impl.SeverityRegistrar
5950:             5            120  com.intellij.codeInsight.daemon.impl.analysis.JavaModuleGraphUtil$$Lambda$3675/0x00000008021cc040
5951:             5            120  com.intellij.codeInsight.daemon.impl.quickfix.CreateClassKind
5952:             5            120  com.intellij.codeInsight.editorActions.enter.EnterHandlerDelegate$Result
5953:             5            120  com.intellij.codeInsight.hints.HintsBuffer
5954:             5            120  com.intellij.codeInsight.hints.InlayHintsSinkImpl
5955:             3            120  com.intellij.codeInsight.lookup.impl.LookupOffsets
5956:             3            120  com.intellij.codeInsight.lookup.impl.LookupUi$1
5957:             3            120  com.intellij.codeInsight.lookup.impl.LookupUi$ChangeSortingAction
5958:             3            120  com.intellij.codeInsight.lookup.impl.LookupUi$DelegatedAction
5959:             3            120  com.intellij.codeInsight.lookup.impl.LookupUi$HintAction
5960:             5            120  com.intellij.codeInsight.lookup.impl.LookupUsageTracker$CompletionChar
5961:             5            120  com.intellij.codeInsight.template.impl.InteractiveTemplateStateProcessor$MyBasicUndoableAction
5962:             5            120  com.intellij.codeInspection.dataFlow.DataFlowInspectionBase$ConstantResult
5963:             5            120  com.intellij.codeInspection.dataFlow.RunnerResult
5964:             5            120  com.intellij.codeInspection.java18StreamApi.PseudoLambdaReplaceTemplate
5965:             3            120  com.intellij.codeInspection.suspiciousNameCombination.SuspiciousNameCombinationInspection
5966:             5            120  com.intellij.completion.ml.common.PrefixMatchingType
5967:             3            120  com.intellij.completion.ml.personalization.session.CompletionQueryTrackerImpl
5968:             3            120  com.intellij.completion.ml.personalization.session.LookupSessionFactorsStorage
5969:             5            120  com.intellij.configurationStore.FileStorageAnnotation
5970:             5            120  com.intellij.execution.application.ApplicationConfigurationType$1
5971:             3            120  com.intellij.execution.jar.JarApplicationConfiguration$JarApplicationConfigurationBean
5972:             5            120  com.intellij.execution.ui.layout.impl.RunnerLayout$General
5973:             5            120  com.intellij.formatting.BlockAlignmentProcessor$Result
5974:             5            120  com.intellij.grazie.grammar.strategy.GrammarCheckingStrategy$TextDomain
5975:             5            120  com.intellij.grazie.speller.lists.TraversableWordList$Default
5976:             5            120  com.intellij.grazie.speller.lists.packed.PackedTraversableWordList
5977:             5            120  com.intellij.ide.TypePresentationServiceImpl$AnnotationBasedTemplate$1
5978:             5            120  com.intellij.ide.TypePresentationServiceImpl$AnnotationBasedTemplate$2
5979:             5            120  com.intellij.ide.actions.ToolWindowViewModeAction$ViewMode
5980:             3            120  com.intellij.ide.browsers.BrowserFamily
5981:             5            120  com.intellij.ide.plugins.IdeaPluginDescriptorImpl$OS
5982:             3            120  com.intellij.ide.ui.AntialiasingType
5983:             3            120  com.intellij.ide.ui.SystemOptionsTopHitProvider$1
5984:             3            120  com.intellij.ide.ui.laf.darcula.ui.DarculaTextAreaUI
5985:             5            120  com.intellij.internal.statistic.eventLog.events.ObjectEventField
5986:             5            120  com.intellij.lang.java.parser.DeclarationParser$ListType
5987:             3            120  com.intellij.lexer.XmlLexer
5988:             5            120  com.intellij.openapi.application.ImportOldConfigsUsagesCollector$ImportOldConfigType
5989:             3            120  com.intellij.openapi.command.impl.FileUndoProvider
5990:             5            120  com.intellij.openapi.components.ServiceDescriptor$PreloadMode
5991:             5            120  com.intellij.openapi.editor.EditorKind
5992:             5            120  com.intellij.openapi.editor.ScrollType
5993:             5            120  com.intellij.openapi.editor.impl.DisplayedFoldingAnchor$Type
5994:             5            120  com.intellij.openapi.ui.impl.ShadowBorderPainter$Shadow
5995:             3            120  com.intellij.openapi.util.ClassExtension
5996:             5            120  com.intellij.openapi.util.NullableLazyKey
5997:             5            120  com.intellij.openapi.vcs.changes.ignore.psi.IgnoreElementType
5998:             5            120  com.intellij.openapi.vcs.impl.VcsBackgroundableActions
5999:             3            120  com.intellij.openapi.vcs.impl.VcsEP
6000:             5            120  com.intellij.openapi.vcs.impl.VcsInitObject
6001:             5            120  com.intellij.openapi.wm.impl.IdeMenuBar$State
6002:             5            120  com.intellij.openapi.wm.impl.welcomeScreen.WelcomeScreenEventCollector$TabType
6003:             5            120  com.intellij.patterns.PsiElementPattern$3
6004:             5            120  com.intellij.patterns.PsiJavaPatterns$1
6005:             5            120  com.intellij.patterns.PsiJavaPatterns$2
6006:             5            120  com.intellij.patterns.PsiJavaPatterns$4
6007:             5            120  com.intellij.patterns.TreeElementPattern$2
6008:             5            120  com.intellij.patterns.VirtualFilePattern$3
6009:             5            120  com.intellij.patterns.uast.UExpressionPattern$callParameter$1
6010:             5            120  com.intellij.psi.codeStyle.VariableKind
6011:             5            120  com.intellij.psi.codeStyle.autodetect.LineIndentInfo
6012:             3            120  com.intellij.psi.impl.compiled.ClsLiteralExpressionImpl
6013:             5            120  com.intellij.psi.impl.smartPointers.Identikit$ByAnchor
6014:             5            120  com.intellij.psi.impl.source.resolve.reference.impl.providers.JavaClassReferenceProvider
6015:             5            120  com.intellij.psi.impl.source.resolve.reference.impl.providers.TypeOrElementOrAttributeReference$ReferenceType
6016:             3            120  com.intellij.psi.impl.source.tree.java.PsiCompositeModifierList
6017:             3            120  com.intellij.psi.search.searches.ExtensibleQueryFactory$2
6018:             5            120  com.intellij.refactoring.typeMigration.rules.guava.BaseGuavaTypeConversionRule$1
6019:             3            120  com.intellij.refactoring.typeMigration.rules.guava.GuavaLambda
6020:             5            120  com.intellij.serviceContainer.ComponentManagerImpl$ContainerState
6021:             3            120  com.intellij.structuralsearch.inspection.SSBasedInspection
6022:             3            120  com.intellij.ui.mac.touchbar.BarContainer
6023:             5            120  com.intellij.ui.tree.AbstractTreeWalker$State
6024:             5            120  com.intellij.util.containers.HashSetQueue
6025:             5            120  com.intellij.util.indexing.impl.forward.SingleEntryIndexForwardIndexAccessor$$Lambda$598/0x00000008006a3040
6026:             5            120  com.intellij.util.indexing.impl.perFileVersion.PersistentSubIndexerRetriever
6027:             5            120  com.intellij.util.io.StorageLockContext
6028:             3            120  com.intellij.util.ui.Advertiser
6029:             5            120  com.intellij.util.xml.GenericDomValue$$EnhancerByJetBrainsMainCglib$$2e754a1e
6030:             5            120  com.intellij.util.xmlb.CompactCollectionBinding
6031:             5            120  com.intellij.vcs.log.graph.api.EdgeFilter
6032:             5            120  com.intellij.vcs.log.graph.api.elements.GraphEdgeType
6033:             5            120  com.intellij.xml.XmlElementsGroup$Type
6034:             3            120  com.siyeh.ig.abstraction.TypeMayBeWeakenedInspection
6035:             3            120  com.siyeh.ig.bugs.MalformedFormatStringInspection
6036:             3            120  com.siyeh.ig.bugs.MismatchedCollectionQueryUpdateInspection
6037:             3            120  com.siyeh.ig.errorhandling.BadExceptionDeclaredInspection
6038:             3            120  com.siyeh.ig.initialization.InstanceVariableUninitializedUseInspection
6039:             3            120  com.siyeh.ig.logging.LoggerInitializedWithForeignClassInspection
6040:             3            120  com.siyeh.ig.naming.BooleanMethodNameMustStartWithQuestionInspection
6041:             3            120  com.siyeh.ig.naming.LambdaParameterNamingConventionInspection
6042:             3            120  com.siyeh.ig.naming.NonBooleanMethodNameMayNotStartWithQuestionInspection
6043:             3            120  com.siyeh.ig.naming.PackageNamingConventionInspection
6044:             3            120  com.siyeh.ig.naming.ParameterNamingConventionInspection
6045:             3            120  com.siyeh.ig.resources.IOResourceInspection
6046:             3            120  com.siyeh.ig.security.SerializableDeserializableClassInSecureContextInspection
6047:             3            120  com.siyeh.ig.serialization.NonSerializableFieldInSerializableClassInspection
6048:             3            120  com.siyeh.ig.serialization.SerializableHasSerialVersionUIDFieldInspection
6049:             3            120  com.siyeh.ig.serialization.SerializableHasSerializationMethodsInspection
6050:             3            120  com.siyeh.ig.serialization.SerializableInnerClassHasSerialVersionUIDFieldInspection
6051:             3            120  com.siyeh.ig.serialization.SerializableInnerClassWithNonSerializableOuterClassInspection
6052:             5            120  com.sun.crypto.provider.DHParameters (java.base@11.0.9.1)
6053:             5            120  com.sun.org.apache.xerces.internal.utils.XMLSecurityManager$State (java.xml@11.0.9.1)
6054:             5            120  com.sun.org.apache.xerces.internal.utils.XMLSecurityPropertyManager$State (java.xml@11.0.9.1)
6055:             5            120  de.plushnikov.intellij.plugin.inspection.modifiers.RedundantModifiersInfoType
6056:             5            120  de.plushnikov.intellij.plugin.processor.LombokPsiElementUsage
6057:             5            120  de.plushnikov.intellij.plugin.processor.clazz.log.AbstractLogProcessor$LoggerInitializerParameter
6058:             3            120  git4idea.config.GitVersion
6059:             3            120  io.netty.bootstrap.ServerBootstrap$ServerBootstrapAcceptor
6060:             3            120  io.netty.channel.nio.AbstractNioMessageChannel$NioMessageUnsafe
6061:             3            120  it.unimi.dsi.fastutil.objects.Object2IntMaps$UnmodifiableMap
6062:             3            120  java.io.FileInputStream (java.base@11.0.9.1)
6063:             3            120  java.io.FilePermission (java.base@11.0.9.1)
6064:             5            120  java.lang.ClassValue$Version (java.base@11.0.9.1)
6065:             3            120  java.lang.WeakPairMap$Pair$Weak (java.base@11.0.9.1)
6066:             5            120  java.time.format.SignStyle (java.base@11.0.9.1)
6067:             5            120  java.util.Comparators$NullComparator (java.base@11.0.9.1)
6068:             5            120  java.util.stream.StreamOpFlag$Type (java.base@11.0.9.1)
6069:             5            120  javax.imageio.spi.PartiallyOrderedSet (java.desktop@11.0.9.1)
6070:             3            120  javax.swing.text.StyleContext (java.desktop@11.0.9.1)
6071:             3            120  javax.swing.text.WrappedPlainView$WrappedLine (java.desktop@11.0.9.1)
6072:             1            120  jdk.internal.loader.ClassLoaders$AppClassLoader (java.base@11.0.9.1)
6073:             3            120  jdk.internal.loader.URLClassPath (java.base@11.0.9.1)
6074:             5            120  jdk.internal.math.FloatingDecimal$PreparedASCIIToBinaryBuffer (java.base@11.0.9.1)
6075:             5            120  jdk.net.ExtendedSocketOptions$ExtSocketOption (jdk.net@11.0.9.1)
6076:             5            120  kotlin.reflect.jvm.internal.KFunctionImpl$caller$2
6077:             5            120  kotlin.reflect.jvm.internal.KFunctionImpl$defaultCaller$2
6078:             5            120  kotlin.reflect.jvm.internal.KFunctionImpl$descriptor$2
6079:             3            120  kotlin.reflect.jvm.internal.impl.descriptors.impl.LazyPackageViewDescriptorImpl
6080:             5            120  kotlin.reflect.jvm.internal.impl.load.java.lazy.LazyJavaAnnotations$annotationDescriptors$1
6081:             1            120  kotlin.reflect.jvm.internal.impl.serialization.deserialization.descriptors.DeserializedClassConstructorDescriptor
6082:             5            120  kotlin.reflect.jvm.internal.impl.types.ErrorUtils$2
6083:             5            120  kotlin.reflect.jvm.internal.impl.types.ErrorUtils$2
6084:             3            120  kotlin.reflect.jvm.internal.impl.utils.JavaTypeEnhancementState
6085:             5            120  kotlin.script.experimental.api.ScriptAcceptedLocation
6086:             5            120  kotlin.script.experimental.api.ScriptDiagnostic$Severity
6087:             5            120  kotlin.script.experimental.location.ScriptExpectedLocation
6088:             5            120  kotlinx.coroutines.scheduling.CoroutineScheduler$WorkerState
6089:             5            120  org.apache.batik.css.engine.value.svg.OpacityManager
6090:             5            120  org.apache.log4j.CategoryKey
6091:             5            120  org.apache.xerces.impl.xs.traversers.LargeContainer
6092:             3            120  org.apache.xerces.util.SymbolTable
6093:             5            120  org.imgscalr.Scalr$Method
6094:             5            120  org.infernus.idea.checkstyle.model.ScanScope
6095:             3            120  org.intellij.lang.xpath.validation.inspections.ImplicitTypeConversion
6096:             3            120  org.intellij.markdown.ast.impl.ListCompositeNode
6097:             3            120  org.jetbrains.idea.devkit.inspections.PluginXmlDomInspection
6098:             3            120  org.jetbrains.idea.maven.dom.generate.MavenGenerateTemplateAction
6099:             3            120  org.jetbrains.idea.maven.execution.MavenRunConfiguration
6100:             3            120  org.jetbrains.idea.maven.execution.MavenRunnerParameters
6101:             3            120  org.jetbrains.idea.maven.execution.MavenRunnerSettings
6102:             5            120  org.jetbrains.idea.maven.model.MavenArtifactState
6103:             5            120  org.jetbrains.idea.maven.model.MavenProjectProblem$ProblemType
6104:             3            120  org.jetbrains.java.generate.inspection.ClassHasNoToStringMethodInspection
6105:             5            120  org.jetbrains.jps.model.java.impl.JdkVendorDetector$Vendor
6106:             5            120  org.jetbrains.kotlin.config.JvmDefaultMode
6107:             3            120  org.jetbrains.kotlin.idea.inspections.HasPlatformTypeInspection
6108:             5            120  org.jetbrains.kotlin.idea.inspections.PropertyNameInspectionBase$PropertyKind
6109:             3            120  org.jetbrains.kotlin.idea.inspections.PublicApiImplicitTypeInspection
6110:             3            120  org.jetbrains.kotlin.idea.inspections.logging.KotlinLoggerInitializedWithForeignClassInspection
6111:             3            120  org.jetbrains.kotlin.idea.inspections.substring.ReplaceSubstringWithIndexingOperationInspection
6112:             3            120  org.jetbrains.kotlin.idea.intentions.RemoveSingleExpressionStringTemplateInspection
6113:             3            120  org.jetbrains.kotlin.idea.intentions.UsePropertyAccessSyntaxInspection
6114:             3            120  org.jetbrains.kotlin.konan.util.KlibMetadataFactories
6115:             3            120  org.jetbrains.kotlin.utils.JavaTypeEnhancementState
6116:             3            120  org.jetbrains.plugins.gradle.settings.GradleLocalSettings$MyState
6117:             3            120  org.jetbrains.plugins.groovy.codeInspection.naming.GroovyConstantNamingConventionInspection
6118:             3            120  org.jetbrains.plugins.groovy.codeInspection.naming.GroovyInstanceMethodNamingConventionInspection
6119:             3            120  org.jetbrains.plugins.groovy.codeInspection.naming.GroovyInstanceVariableNamingConventionInspection
6120:             3            120  org.jetbrains.plugins.groovy.codeInspection.naming.GroovyLocalVariableNamingConventionInspection
6121:             3            120  org.jetbrains.plugins.groovy.codeInspection.naming.GroovyParameterNamingConventionInspection
6122:             3            120  org.jetbrains.plugins.groovy.codeInspection.naming.GroovyStaticMethodNamingConventionInspection
6123:             3            120  org.jetbrains.plugins.groovy.codeInspection.naming.GroovyStaticVariableNamingConventionInspection
6124:             5            120  org.jetbrains.plugins.javaFX.fxml.refs.JavaFxLocationReferenceProvider
6125:             5            120  org.jetbrains.plugins.textmate.language.syntax.InjectionNodeDescriptor
6126:             3            120  org.zmlx.hg4idea.HgProjectSettings$State
6127:             5            120  sun.awt.datatransfer.TransferableProxy (java.desktop@11.0.9.1)
6128:             5            120  sun.lwawt.macosx.CImage$$Lambda$3083/0x0000000801cf1040 (java.desktop@11.0.9.1)
6129:             5            120  sun.security.jca.ServiceId (java.base@11.0.9.1)
6130:             3            120  sun.security.provider.DSAPublicKeyImpl (java.base@11.0.9.1)
6131:             5            120  sun.security.ssl.SupportedGroupsExtension$NamedGroupType (java.base@11.0.9.1)
6132:             5            120  sun.security.util.DisabledAlgorithmConstraints (java.base@11.0.9.1)
6133:             3            112  [Lcom.intellij.codeInsight.daemon.impl.HighlightInfoFilter;
6134:             1            112  [Lcom.intellij.codeInspection.CharsetObjectCanBeUsedInspection$CharsetCallMatcher;
6135:             2            112  [Lcom.intellij.compiler.server.BuildProcessParametersProvider;
6136:             2            112  [Lcom.intellij.find.findUsages.FindUsagesHandlerFactory;
6137:             2            112  [Lcom.intellij.openapi.wm.impl.IdeBackgroundUtil$Anchor;
6138:             2            112  [Lcom.intellij.psi.search.PsiShortNamesCache;
6139:             4            112  [Lcom.intellij.psi.util.AccessModifier;
6140:             1            112  [Lcom.intellij.psi.util.JavaElementKind;
6141:             2            112  [Ljava.nio.file.StandardOpenOption; (java.base@11.0.9.1)
6142:             2            112  [Ljava.nio.file.attribute.PosixFilePermission; (java.base@11.0.9.1)
6143:             4            112  [Ljava.rmi.server.Operation; (java.rmi@11.0.9.1)
6144:             2            112  [Ljava.security.CryptoPrimitive; (java.base@11.0.9.1)
6145:             1            112  [Ljava.time.LocalTime; (java.base@11.0.9.1)
6146:             1            112  [Ljavax.swing.text.html.CSS$Value; (java.desktop@11.0.9.1)
6147:             3            112  [Lkotlin.Pair;
6148:             1            112  [Lkotlin.reflect.jvm.internal.impl.incremental.components.NoLookupLocation;
6149:             1            112  [Lkotlin.reflect.jvm.internal.impl.incremental.components.NoLookupLocation;
6150:             4            112  [Lorg.roaringbitmap.Container;
6151:             2            112  [Lsun.security.util.ObjectIdentifier; (java.base@11.0.9.1)
6152:             2            112  com.android.tools.idea.common.editor.DesignSurfaceActionsToolbar
6153:             2            112  com.android.tools.idea.res.ResourceNotificationManager
6154:             7            112  com.apple.laf.AquaIcon$SystemIconUIResourceSingleton (java.desktop@11.0.9.1)
6155:             7            112  com.github.benmanes.caffeine.cache.BoundedLocalCache$$Lambda$302/0x000000080038d840
6156:             7            112  com.google.common.collect.Count
6157:             2            112  com.intellij.codeInsight.NullableNotNullManagerImpl
6158:             2            112  com.intellij.codeInsight.actions.ReaderModeSettings$State
6159:             7            112  com.intellij.codeInsight.folding.impl.AbstractElementSignatureProvider$$Lambda$1753/0x00000008012fcc40
6160:             7            112  com.intellij.codeInsight.folding.impl.EditorFoldingInfo
6161:             2            112  com.intellij.codeInsight.navigation.CtrlMouseHandler
6162:             7            112  com.intellij.codeInsight.template.impl.TemplateManagerImpl$$Lambda$4567/0x0000000802940840
6163:             2            112  com.intellij.codeInsight.template.postfix.templates.ForeachPostfixTemplate
6164:             7            112  com.intellij.codeInsight.template.postfix.templates.editable.JavaPostfixTemplateExpressionCondition$JavaPostfixTemplateNonVoidExpressionCondition
6165:             2            112  com.intellij.codeInspection.ex.EntryPointsManagerImpl
6166:             2            112  com.intellij.compiler.backwardRefs.CompilerReferenceServiceImpl
6167:             2            112  com.intellij.configurationScript.IntellijConfigurationJsonSchemaProviderFactory$MyJsonSchemaFileProvider$schemeFile$1$1
6168:             2            112  com.intellij.configurationStore.ProjectStateStorageManager
6169:             7            112  com.intellij.execution.application.JvmMainMethodRunConfigurationOptions$redirectOptions$1
6170:             2            112  com.intellij.execution.jar.JarApplicationConfiguration
6171:             2            112  com.intellij.find.findUsages.UsageHistory$1
6172:             2            112  com.intellij.find.impl.FindManagerImpl
6173:             2            112  com.intellij.find.impl.LangFindSettingsImpl
6174:             2            112  com.intellij.grazie.GrazieConfig$State
6175:             7            112  com.intellij.grazie.grammar.strategy.impl.RuleGroup
6176:             7            112  com.intellij.ide.SystemHealthMonitor$4$$Lambda$962/0x0000000800b0b040
6177:             2            112  com.intellij.ide.projectView.impl.AbstractProjectViewPSIPane$MySpeedSearch
6178:             7            112  com.intellij.ide.structureView.TextEditorBasedStructureViewModel$1
6179:             2            112  com.intellij.ide.ui.AppearanceOptionsTopHitProvider$Companion$option$1
6180:             2            112  com.intellij.ide.ui.customization.CustomizationUtil$1
6181:             2            112  com.intellij.openapi.actionSystem.impl.segmentedActionBar.SegmentedBarActionComponent$group$1
6182:             1            112  com.intellij.openapi.application.impl.ApplicationImpl
6183:             2            112  com.intellij.openapi.externalSystem.configurationStore.ExternalProjectFilteringStorage
6184:             2            112  com.intellij.openapi.externalSystem.service.project.manage.ExternalProjectsManagerImpl
6185:             7            112  com.intellij.openapi.fileEditor.impl.EditorComposite$$Lambda$1659/0x000000080127f440
6186:             7            112  com.intellij.openapi.fileEditor.impl.EditorTabbedContainer$MyQueryable
6187:             7            112  com.intellij.openapi.fileEditor.impl.EditorWindow$TComp$1
6188:             7            112  com.intellij.openapi.fileEditor.impl.EditorWindow$TComp$2
6189:             7            112  com.intellij.openapi.fileEditor.impl.text.EditorHighlighterUpdater$1
6190:             7            112  com.intellij.openapi.fileEditor.impl.text.EditorHighlighterUpdater$2
6191:             7            112  com.intellij.openapi.fileEditor.impl.text.EditorHighlighterUpdater$3
6192:             7            112  com.intellij.openapi.fileEditor.impl.text.EditorHighlighterUpdater$MyFileTypeListener
6193:             7            112  com.intellij.openapi.fileEditor.impl.text.TextEditorComponent$MyDocumentListener$$Lambda$1553/0x00000008011aec40
6194:             7            112  com.intellij.openapi.fileEditor.impl.text.TextEditorComponent$MyFileTypeListener
6195:             7            112  com.intellij.openapi.fileEditor.impl.text.TextEditorComponent$MyVirtualFileListener
6196:             7            112  com.intellij.openapi.fileEditor.impl.text.TextEditorImpl$$Lambda$1758/0x0000000801338040
6197:             7            112  com.intellij.openapi.util.Computable$PredefinedValueComputable
6198:             7            112  com.intellij.openapi.vcs.VcsKey
6199:             2            112  com.intellij.openapi.vcs.changes.ChangeListWorker
6200:             7            112  com.intellij.openapi.vcs.ex.ChangelistsLocalLineStatusTracker$1
6201:             7            112  com.intellij.openapi.vcs.ex.ChangelistsLocalLineStatusTracker$MyUndoCommandListener
6202:             7            112  com.intellij.openapi.vcs.ex.ChangelistsLocalLineStatusTracker$MyUndoDocumentListener
6203:             7            112  com.intellij.openapi.vcs.ex.ChangelistsLocalLineStatusTracker$PartialDocumentTrackerHandler
6204:             7            112  com.intellij.openapi.vcs.ex.DocumentTracker$Lock
6205:             7            112  com.intellij.openapi.vcs.ex.DocumentTracker$MyApplicationListener
6206:             7            112  com.intellij.openapi.vcs.ex.LineStatusMarkerRenderer$$Lambda$2531/0x0000000801a18c40
6207:             7            112  com.intellij.openapi.vcs.ex.LineStatusMarkerRenderer$MyActiveGutterRenderer
6208:             7            112  com.intellij.openapi.vcs.ex.LineStatusTrackerBase$MyDocumentTrackerHandler
6209:             7            112  com.intellij.openapi.vcs.ex.LocalLineStatusTracker$Mode
6210:             7            112  com.intellij.openapi.vcs.ex.LocalLineStatusTrackerImpl$LocalDocumentTrackerHandler
6211:             2            112  com.intellij.openapi.vcs.impl.LineStatusTrackerManager
6212:             2            112  com.intellij.openapi.vcs.impl.ProjectLevelVcsManagerImpl
6213:             7            112  com.intellij.openapi.wm.impl.IdeGlassPaneImpl$$Lambda$881/0x0000000800a25c40
6214:             2            112  com.intellij.openapi.wm.impl.ProjectFrameHelper
6215:             2            112  com.intellij.psi.codeStyle.statusbar.CodeStyleStatusBarWidget
6216:             2            112  com.intellij.psi.impl.source.PsiDiamondTypeElementImpl
6217:             2            112  com.intellij.psi.impl.source.tree.java.PsiForeachStatementImpl
6218:             2            112  com.intellij.psi.impl.source.tree.java.PsiSynchronizedStatementImpl
6219:             7            112  com.intellij.psi.tree.DefaultRoleFinder
6220:             2            112  com.intellij.spellchecker.SpellCheckerManager
6221:             2            112  com.intellij.tasks.impl.TaskManagerImpl
6222:             2            112  com.intellij.ui.popup.AbstractPopup$2
6223:             2            112  com.intellij.ui.popup.list.PopupListElementRenderer
6224:             7            112  com.intellij.ui.scroll.LatchingScroll
6225:             2            112  com.intellij.ui.stripe.ErrorStripePainter
6226:             7            112  com.intellij.util.MethodInvocator
6227:             2            112  com.intellij.util.containers.ConcurrentLongObjectHashMap
6228:             2            112  com.intellij.util.containers.FilteredTraverserBase$Meta
6229:             7            112  com.intellij.util.containers.MultiMap$1
6230:             1            112  com.intellij.util.indexing.FileBasedIndexImpl
6231:             2            112  com.intellij.util.messages.impl.MessageBusImpl
6232:             7            112  com.intellij.util.ui.ButtonlessScrollBarUI$$Lambda$1639/0x0000000801233840
6233:             7            112  com.intellij.util.ui.ButtonlessScrollBarUI$2
6234:             7            112  com.intellij.util.ui.ButtonlessScrollBarUI$3
6235:             7            112  com.intellij.util.ui.ButtonlessScrollBarUI$4
6236:             7            112  com.intellij.util.ui.ButtonlessScrollBarUI$5
6237:             7            112  com.intellij.util.ui.ButtonlessScrollBarUI$6
6238:             7            112  com.intellij.util.ui.ButtonlessScrollBarUI$WeakListener
6239:             7            112  com.intellij.util.xml.impl.InvocationCache$$Lambda$2094/0x000000080160c840
6240:             7            112  com.intellij.util.xml.impl.InvocationCache$$Lambda$2095/0x000000080160cc40
6241:             7            112  com.intellij.util.xmlb.SmartSerializer$1
6242:             2            112  com.intellij.vcs.log.data.MiniDetailsGetter
6243:             2            112  com.intellij.vcs.log.data.VcsLogRefresherImpl
6244:             2            112  com.intellij.vcs.log.graph.GraphColorManagerImpl$HeadsComparator$1
6245:             2            112  com.intellij.workspaceModel.ide.impl.jps.serialization.JpsProjectSerializersImpl
6246:             2            112  com.intellij.xdebugger.impl.breakpoints.XBreakpointBase
6247:             7            112  com.intellij.xml.XmlExtension$$Lambda$2099/0x000000080160f440
6248:             2            112  com.jetbrains.jsonSchema.widget.JsonSchemaStatusWidget
6249:             7            112  com.sun.proxy.$Proxy115
6250:             7            112  com.sun.proxy.$Proxy125
6251:             7            112  com.sun.proxy.$Proxy45
6252:             7            112  com.sun.proxy.$Proxy81
6253:             2            112  com.sun.security.sasl.gsskerb.JdkSASL$ProviderService (jdk.security.jgss@11.0.9.1)
6254:             2            112  git4idea.repo.GitRepositoryImpl
6255:             2            112  io.netty.buffer.PooledSlicedByteBuf
6256:             7            112  io.netty.util.internal.ObjectPool$RecyclerObjectPool
6257:             2            112  it.unimi.dsi.fastutil.ints.IntLinkedOpenHashSet
6258:             7            112  it.unimi.dsi.fastutil.objects.Object2ObjectOpenHashMap$KeySet
6259:             2            112  java.nio.DirectIntBufferRU (java.base@11.0.9.1)
6260:             2            112  java.util.ServiceLoader (java.base@11.0.9.1)
6261:             7            112  javax.swing.plaf.basic.BasicScrollBarUI$Handler (java.desktop@11.0.9.1)
6262:             1            112  javax.swing.plaf.basic.BasicTextUI$BasicCaret (java.desktop@11.0.9.1)
6263:             7            112  javax.swing.text.StyleConstants$CharacterConstants (java.desktop@11.0.9.1)
6264:             1            112  jdk.internal.loader.ClassLoaders$BootClassLoader (java.base@11.0.9.1)
6265:             1            112  jdk.internal.loader.ClassLoaders$PlatformClassLoader (java.base@11.0.9.1)
6266:             2            112  org.eclipse.aether.repository.RemoteRepository
6267:             2            112  org.infernus.idea.checkstyle.CheckStyleModuleConfiguration
6268:             1            112  org.jetbrains.idea.maven.navigator.MavenProjectsStructure$DependenciesNode
6269:             1            112  org.jetbrains.idea.maven.navigator.MavenProjectsStructure$RootNode
6270:             2            112  org.jetbrains.idea.maven.server.MavenServerConnector
6271:             2            112  org.jetbrains.kotlin.idea.core.script.ScriptDefinitionsManager
6272:             2            112  org.jetbrains.kotlin.idea.core.script.configuration.utils.DefaultBackgroundExecutor
6273:             2            112  org.jetbrains.kotlin.idea.scripting.gradle.ErrorGradleScriptDefinition
6274:             2            112  org.jetbrains.kotlin.scripting.definitions.ScriptDefinition$FromLegacy
6275:             2            112  org.jetbrains.kotlin.scripting.definitions.ScriptDefinition$FromNewDefinition
6276:             2            112  org.jetbrains.mvstore.FileStore
6277:             2            112  org.jetbrains.mvstore.MVStore$Builder
6278:             2            112  org.jetbrains.mvstore.MVStore$StoreHeader
6279:             2            112  org.jetbrains.org.objectweb.asm.Label
6280:             2            112  sun.java2d.loops.MaskFill$General (java.desktop@11.0.9.1)
6281:             2            112  sun.java2d.opengl.OGLGeneralBlit (java.desktop@11.0.9.1)
6282:             2            112  sun.java2d.opengl.OGLSurfaceToSwBlit (java.desktop@11.0.9.1)
6283:             2            112  sun.lwawt.macosx.CCustomCursor (java.desktop@11.0.9.1)
6284:             2            112  sun.security.jgss.SunProvider$ProviderService (java.security.jgss@11.0.9.1)
6285:             1            104  [Lcom.android.resources.Density;
6286:             4            104  [Lcom.intellij.codeInsight.Nullability;
6287:             3            104  [Lcom.intellij.codeInsight.daemon.impl.HighlightVisitor;
6288:             1            104  [Lcom.intellij.openapi.application.ExperimentalFeatureImpl;
6289:             1            104  [Lcom.intellij.openapi.wm.impl.ToolWindowEventSource;
6290:             1            104  [Lcom.intellij.psi.impl.source.codeStyle.lineIndent.JavaLikeLangLineIndentProvider$JavaLikeElement;
6291:             1            104  [Lcom.intellij.ui.tree.ui.TreeAction;
6292:             1            104  [Lorg.jetbrains.idea.maven.plugins.api.MavenPluginDescriptor;
6293:             1            104  [Lorg.jetbrains.idea.svn.api.ErrorCode;
6294:             1            104  [Lsun.security.ssl.SSLHandshake; (java.base@11.0.9.1)
6295:             1            104  [Lsun.security.ssl.SignatureScheme; (java.base@11.0.9.1)
6296:             2            104  [Lsun.util.logging.PlatformLogger$Level; (java.base@11.0.9.1)
6297:             1            104  apple.security.AppleProvider (java.base@11.0.9.1)
6298:             1            104  com.intellij.openapi.vfs.newvfs.RefreshProgress
6299:             1            104  com.intellij.psi.stubs.StubUpdatingIndex$MyIndex
6300:             1            104  com.intellij.util.lang.UrlClassLoader
6301:             1            104  com.intellij.xdebugger.impl.XDebuggerSupport
6302:             1            104  com.sun.crypto.provider.SunJCE (java.base@11.0.9.1)
6303:             1            104  com.sun.net.ssl.internal.ssl.Provider (java.base@11.0.9.1)
6304:             1            104  com.sun.security.sasl.Provider (java.security.sasl@11.0.9.1)
6305:             1            104  com.sun.security.sasl.gsskerb.JdkSASL (jdk.security.jgss@11.0.9.1)
6306:             1            104  kotlin.reflect.jvm.internal.impl.load.java.lazy.JavaResolverComponents
6307:             1            104  org.jcp.xml.dsig.internal.dom.XMLDSigRI (java.xml.crypto@11.0.9.1)
6308:             1            104  org.jetbrains.idea.maven.navigator.MavenProjectsStructure$LifecycleNode
6309:             1            104  org.jetbrains.idea.maven.navigator.MavenProjectsStructure$ModulesNode
6310:             1            104  org.jetbrains.idea.maven.navigator.MavenProjectsStructure$PluginsNode
6311:             1            104  org.jetbrains.idea.maven.navigator.MavenProjectsStructure$ProfilesNode
6312:             1            104  org.jetbrains.idea.maven.navigator.MavenProjectsStructure$RunConfigurationsNode
6313:             1            104  sun.font.CFontConfiguration (java.desktop@11.0.9.1)
6314:             1            104  sun.security.ec.SunEC (jdk.crypto.ec@11.0.9.1)
6315:             1            104  sun.security.jca.ProviderList$1 (java.base@11.0.9.1)
6316:             1            104  sun.security.jgss.SunProvider (java.security.jgss@11.0.9.1)
6317:             1            104  sun.security.provider.certpath.ldap.JdkLDAP (java.naming@11.0.9.1)
6318:             1            104  sun.security.rsa.SunRsaSign (java.base@11.0.9.1)
6319:             1            104  sun.security.smartcardio.SunPCSC (java.smartcardio@11.0.9.1)
6320:             2             96  [Lcom.android.tools.idea.res.ResourceNotificationManager$Reason;
6321:             2             96  [Lcom.android.tools.idea.uibuilder.surface.SceneMode;
6322:             2             96  [Lcom.fasterxml.jackson.annotation.JsonInclude$Include;
6323:             2             96  [Lcom.google.common.cache.LocalCache$EntryFactory;
6324:             2             96  [Lcom.google.wireless.android.sdk.stats.LayoutEditorState$Type;
6325:             2             96  [Lcom.ibm.icu.text.PluralRules$Operand;
6326:             2             96  [Lcom.intellij.codeHighlighting.TextEditorHighlightingPass;
6327:             2             96  [Lcom.intellij.codeInsight.annoPackages.AnnotationPackageSupport;
6328:             1             96  [Lcom.intellij.codeInsight.editorActions.enter.EnterHandlerDelegate;
6329:             1             96  [Lcom.intellij.codeInsight.template.impl.DefaultLiveTemplateEP;
6330:             1             96  [Lcom.intellij.diagnostic.ActivityCategory;
6331:             1             96  [Lcom.intellij.execution.configurations.ConfigurationType;
6332:             2             96  [Lcom.intellij.grazie.detector.model.alphabet.Alphabet$Group;
6333:             3             96  [Lcom.intellij.ide.ui.search.BooleanOptionDescription;
6334:             2             96  [Lcom.intellij.openapi.editor.colors.EditorFontType;
6335:             4             96  [Lcom.intellij.openapi.project.Project;
6336:             1             96  [Lcom.intellij.openapi.wm.StatusBarWidgetFactory;
6337:             6             96  [Lcom.intellij.psi.SmartPsiElementPointer;
6338:             4             96  [Lcom.intellij.util.containers.ConcurrentIntObjectHashMap$CounterCell;
6339:             2             96  [Lcom.sun.org.apache.xerces.internal.utils.XMLSecurityManager$State; (java.xml@11.0.9.1)
6340:             2             96  [Ljava.lang.System$Logger$Level; (java.base@11.0.9.1)
6341:             6             96  [Ljava.lang.annotation.Annotation; (java.base@11.0.9.1)
6342:             2             96  [Ljava.math.MathContext; (java.base@11.0.9.1)
6343:             2             96  [Ljava.time.DayOfWeek; (java.base@11.0.9.1)
6344:             2             96  [Lkotlin.reflect.jvm.internal.impl.builtins.PrimitiveType;
6345:             2             96  [Lkotlin.reflect.jvm.internal.impl.builtins.PrimitiveType;
6346:             2             96  [Lkotlin.reflect.jvm.internal.impl.metadata.ProtoBuf$Class$Kind;
6347:             2             96  [Lkotlin.reflect.jvm.internal.impl.metadata.ProtoBuf$Class$Kind;
6348:             1             96  [Lorg.apache.xerces.impl.xpath.regex.RegularExpression;
6349:             3             96  [Lorg.apache.xerces.util.XMLAttributesImpl$Attribute;
6350:             2             96  [Lorg.jdom.Content$CType;
6351:             2             96  [Lorg.jetbrains.kotlin.builtins.PrimitiveType;
6352:             2             96  [Lorg.jetbrains.kotlin.idea.core.script.ScriptDefinitionContributor;
6353:             2             96  [Lorg.jetbrains.plugins.textmate.Constants$StringKey;
6354:             2             96  [Lorg.zmlx.hg4idea.HgFileStatusEnum;
6355:             1             96  [Lsun.font.CompositeFont; (java.desktop@11.0.9.1)
6356:             1             96  [Lsun.font.FileFont; (java.desktop@11.0.9.1)
6357:             2             96  [Lsun.security.provider.certpath.OCSPResponse$ResponseStatus; (java.base@11.0.9.1)
6358:             3             96  apple.laf.JRSUIConstants$AlignmentHorizontal (java.desktop@11.0.9.1)
6359:             3             96  apple.laf.JRSUIConstants$AlignmentVertical (java.desktop@11.0.9.1)
6360:             4             96  com.android.repository.Revision$Precision
6361:             4             96  com.android.repository.Revision$PreviewComparison
6362:             1             96  com.android.repository.impl.manager.RepoManagerImpl
6363:             3             96  com.android.resources.KeyboardState
6364:             3             96  com.android.resources.ScreenOrientation
6365:             3             96  com.android.resources.TouchScreen
6366:             3             96  com.android.sdklib.repository.sources.generated.v3.AddonSiteType
6367:             4             96  com.android.tools.adtui.actions.ZoomShortcut
6368:             4             96  com.android.tools.adtui.workbench.SideModel$VisiblePair
6369:             2             96  com.android.tools.idea.databinding.cache.LayoutBindingShortNamesCache$LightBindingCacheProvider
6370:             2             96  com.android.tools.idea.databinding.finders.LayoutBindingPackageFinder$1
6371:             2             96  com.android.tools.idea.gradle.project.build.invoker.GradleBuildInvoker
6372:             2             96  com.android.tools.idea.gradle.project.sync.GradleFiles
6373:             3             96  com.android.tools.idea.lint.AndroidLintAaptCrashInspection
6374:             3             96  com.android.tools.idea.lint.AndroidLintAcceptsUserCertificatesInspection
6375:             3             96  com.android.tools.idea.lint.AndroidLintAdapterViewChildrenInspection
6376:             3             96  com.android.tools.idea.lint.AndroidLintAddJavascriptInterfaceInspection
6377:             3             96  com.android.tools.idea.lint.AndroidLintAllCapsInspection
6378:             3             96  com.android.tools.idea.lint.AndroidLintAllowAllHostnameVerifierInspection
6379:             3             96  com.android.tools.idea.lint.AndroidLintAllowBackupInspection
6380:             3             96  com.android.tools.idea.lint.AndroidLintAlwaysShowActionInspection
6381:             3             96  com.android.tools.idea.lint.AndroidLintAnimatorKeepInspection
6382:             3             96  com.android.tools.idea.lint.AndroidLintAnnotationProcessorOnCompilePathInspection
6383:             3             96  com.android.tools.idea.lint.AndroidLintAppCompatCustomViewInspection
6384:             3             96  com.android.tools.idea.lint.AndroidLintAppCompatMethodInspection
6385:             3             96  com.android.tools.idea.lint.AndroidLintAppCompatResourceInspection
6386:             3             96  com.android.tools.idea.lint.AndroidLintAppIndexingServiceInspection
6387:             3             96  com.android.tools.idea.lint.AndroidLintAppLinkUrlErrorInspection
6388:             3             96  com.android.tools.idea.lint.AndroidLintAppLinksAutoVerifyErrorInspection
6389:             3             96  com.android.tools.idea.lint.AndroidLintAppLinksAutoVerifyWarningInspection
6390:             3             96  com.android.tools.idea.lint.AndroidLintApplySharedPrefInspection
6391:             3             96  com.android.tools.idea.lint.AndroidLintAssertInspection
6392:             3             96  com.android.tools.idea.lint.AndroidLintAuthLeakInspection
6393:             3             96  com.android.tools.idea.lint.AndroidLintAutofillInspection
6394:             3             96  com.android.tools.idea.lint.AndroidLintBackButtonInspection
6395:             3             96  com.android.tools.idea.lint.AndroidLintBatteryLifeInspection
6396:             3             96  com.android.tools.idea.lint.AndroidLintBlockedPrivateApiInspection
6397:             3             96  com.android.tools.idea.lint.AndroidLintBottomAppBarInspection
6398:             3             96  com.android.tools.idea.lint.AndroidLintBrokenIteratorInspection
6399:             3             96  com.android.tools.idea.lint.AndroidLintButtonCaseInspection
6400:             3             96  com.android.tools.idea.lint.AndroidLintButtonOrderInspection
6401:             3             96  com.android.tools.idea.lint.AndroidLintButtonStyleInspection
6402:             3             96  com.android.tools.idea.lint.AndroidLintByteOrderMarkInspection
6403:             3             96  com.android.tools.idea.lint.AndroidLintCanvasSizeInspection
6404:             3             96  com.android.tools.idea.lint.AndroidLintClickableViewAccessibilityInspection
6405:             3             96  com.android.tools.idea.lint.AndroidLintCommitPrefEditsInspection
6406:             3             96  com.android.tools.idea.lint.AndroidLintCommitTransactionInspection
6407:             3             96  com.android.tools.idea.lint.AndroidLintConstantLocaleInspection
6408:             3             96  com.android.tools.idea.lint.AndroidLintContentDescriptionInspection
6409:             3             96  com.android.tools.idea.lint.AndroidLintConvertToWebpInspection
6410:             3             96  com.android.tools.idea.lint.AndroidLintCustomViewStyleableInspection
6411:             3             96  com.android.tools.idea.lint.AndroidLintCutPasteIdInspection
6412:             3             96  com.android.tools.idea.lint.AndroidLintDataBindingWithoutKaptInspection
6413:             3             96  com.android.tools.idea.lint.AndroidLintDeletedProviderInspection
6414:             3             96  com.android.tools.idea.lint.AndroidLintDeprecatedInspection
6415:             3             96  com.android.tools.idea.lint.AndroidLintDeprecatedProviderInspection
6416:             3             96  com.android.tools.idea.lint.AndroidLintDevModeObsoleteInspection
6417:             3             96  com.android.tools.idea.lint.AndroidLintDeviceAdminInspection
6418:             3             96  com.android.tools.idea.lint.AndroidLintDiffUtilEqualsInspection
6419:             3             96  com.android.tools.idea.lint.AndroidLintDisableBaselineAlignmentInspection
6420:             3             96  com.android.tools.idea.lint.AndroidLintDiscouragedPrivateApiInspection
6421:             3             96  com.android.tools.idea.lint.AndroidLintDrawAllocationInspection
6422:             3             96  com.android.tools.idea.lint.AndroidLintDuplicateActivityInspection
6423:             3             96  com.android.tools.idea.lint.AndroidLintDuplicateDefinitionInspection
6424:             3             96  com.android.tools.idea.lint.AndroidLintDuplicateDividerInspection
6425:             3             96  com.android.tools.idea.lint.AndroidLintDuplicateIdsInspection
6426:             3             96  com.android.tools.idea.lint.AndroidLintDuplicateIncludedIdsInspection
6427:             3             96  com.android.tools.idea.lint.AndroidLintDuplicatePlatformClassesInspection
6428:             3             96  com.android.tools.idea.lint.AndroidLintDuplicateStringsInspection
6429:             3             96  com.android.tools.idea.lint.AndroidLintDuplicateUsesFeatureInspection
6430:             3             96  com.android.tools.idea.lint.AndroidLintEllipsizeMaxLinesInspection
6431:             3             96  com.android.tools.idea.lint.AndroidLintEnforceUTF8Inspection
6432:             3             96  com.android.tools.idea.lint.AndroidLintEnqueueWorkInspection
6433:             3             96  com.android.tools.idea.lint.AndroidLintExifInterfaceInspection
6434:             3             96  com.android.tools.idea.lint.AndroidLintExpiredTargetSdkVersionInspection
6435:             3             96  com.android.tools.idea.lint.AndroidLintExpiringTargetSdkVersionInspection
6436:             3             96  com.android.tools.idea.lint.AndroidLintExportedContentProviderInspection
6437:             3             96  com.android.tools.idea.lint.AndroidLintExportedPreferenceActivityInspection
6438:             3             96  com.android.tools.idea.lint.AndroidLintExportedReceiverInspection
6439:             3             96  com.android.tools.idea.lint.AndroidLintExportedServiceInspection
6440:             3             96  com.android.tools.idea.lint.AndroidLintExtraTextInspection
6441:             3             96  com.android.tools.idea.lint.AndroidLintExtraTranslationInspection
6442:             3             96  com.android.tools.idea.lint.AndroidLintFindViewByIdCastInspection
6443:             3             96  com.android.tools.idea.lint.AndroidLintFontValidationErrorInspection
6444:             3             96  com.android.tools.idea.lint.AndroidLintFontValidationWarningInspection
6445:             3             96  com.android.tools.idea.lint.AndroidLintFullBackupContentInspection
6446:             3             96  com.android.tools.idea.lint.AndroidLintGetContentDescriptionOverrideInspection
6447:             3             96  com.android.tools.idea.lint.AndroidLintGetInstanceInspection
6448:             3             96  com.android.tools.idea.lint.AndroidLintGetLocalesInspection
6449:             3             96  com.android.tools.idea.lint.AndroidLintGifUsageInspection
6450:             3             96  com.android.tools.idea.lint.AndroidLintGoogleAppIndexingApiWarningInspection
6451:             3             96  com.android.tools.idea.lint.AndroidLintGoogleAppIndexingWarningInspection
6452:             3             96  com.android.tools.idea.lint.AndroidLintGradleCompatibleInspection
6453:             3             96  com.android.tools.idea.lint.AndroidLintGradleDeprecatedInspection
6454:             3             96  com.android.tools.idea.lint.AndroidLintGradleGetterInspection
6455:             3             96  com.android.tools.idea.lint.AndroidLintGradleOverridesInspection
6456:             3             96  com.android.tools.idea.lint.AndroidLintGradlePluginVersionInspection
6457:             3             96  com.android.tools.idea.lint.AndroidLintGrantAllUrisInspection
6458:             3             96  com.android.tools.idea.lint.AndroidLintGridLayoutInspection
6459:             3             96  com.android.tools.idea.lint.AndroidLintHalfFloatInspection
6460:             3             96  com.android.tools.idea.lint.AndroidLintHandlerLeakInspection
6461:             3             96  com.android.tools.idea.lint.AndroidLintHardcodedDebugModeInspection
6462:             3             96  com.android.tools.idea.lint.AndroidLintHardcodedTextInspection
6463:             3             96  com.android.tools.idea.lint.AndroidLintHardwareIdsInspection
6464:             3             96  com.android.tools.idea.lint.AndroidLintHighAppVersionCodeInspection
6465:             3             96  com.android.tools.idea.lint.AndroidLintIconColorsInspection
6466:             3             96  com.android.tools.idea.lint.AndroidLintIconDensitiesInspection
6467:             3             96  com.android.tools.idea.lint.AndroidLintIconDipSizeInspection
6468:             3             96  com.android.tools.idea.lint.AndroidLintIconDuplicatesConfigInspection
6469:             3             96  com.android.tools.idea.lint.AndroidLintIconDuplicatesInspection
6470:             3             96  com.android.tools.idea.lint.AndroidLintIconExpectedSizeInspection
6471:             3             96  com.android.tools.idea.lint.AndroidLintIconExtensionInspection
6472:             3             96  com.android.tools.idea.lint.AndroidLintIconLauncherShapeInspection
6473:             3             96  com.android.tools.idea.lint.AndroidLintIconLocationInspection
6474:             3             96  com.android.tools.idea.lint.AndroidLintIconMissingDensityFolderInspection
6475:             3             96  com.android.tools.idea.lint.AndroidLintIconMixedNinePatchInspection
6476:             3             96  com.android.tools.idea.lint.AndroidLintIconNoDpiInspection
6477:             3             96  com.android.tools.idea.lint.AndroidLintIconXmlAndPngInspection
6478:             3             96  com.android.tools.idea.lint.AndroidLintIllegalResourceRefInspection
6479:             3             96  com.android.tools.idea.lint.AndroidLintImpliedQuantityInspection
6480:             3             96  com.android.tools.idea.lint.AndroidLintImpliedTouchscreenHardwareInspection
6481:             3             96  com.android.tools.idea.lint.AndroidLintInOrMmUsageInspection
6482:             3             96  com.android.tools.idea.lint.AndroidLintIncludeLayoutParamInspection
6483:             3             96  com.android.tools.idea.lint.AndroidLintIncompatibleMediaBrowserServiceCompatVersionInspection
6484:             3             96  com.android.tools.idea.lint.AndroidLintInconsistentArraysInspection
6485:             3             96  com.android.tools.idea.lint.AndroidLintInconsistentLayoutInspection
6486:             3             96  com.android.tools.idea.lint.AndroidLintInefficientWeightInspection
6487:             3             96  com.android.tools.idea.lint.AndroidLintInflateParamsInspection
6488:             3             96  com.android.tools.idea.lint.AndroidLintInlinedApiInspection
6489:             3             96  com.android.tools.idea.lint.AndroidLintInnerclassSeparatorInspection
6490:             3             96  com.android.tools.idea.lint.AndroidLintInsecureBaseConfigurationInspection
6491:             3             96  com.android.tools.idea.lint.AndroidLintInstantAppsInspection
6492:             3             96  com.android.tools.idea.lint.AndroidLintInstantiatableInspection
6493:             3             96  com.android.tools.idea.lint.AndroidLintIntentResetInspection
6494:             3             96  com.android.tools.idea.lint.AndroidLintInvalidAnalyticsNameInspection
6495:             3             96  com.android.tools.idea.lint.AndroidLintInvalidIdInspection
6496:             3             96  com.android.tools.idea.lint.AndroidLintInvalidImeActionIdInspection
6497:             3             96  com.android.tools.idea.lint.AndroidLintInvalidNavigationInspection
6498:             3             96  com.android.tools.idea.lint.AndroidLintInvalidPermissionInspection
6499:             3             96  com.android.tools.idea.lint.AndroidLintInvalidResourceFolderInspection
6500:             3             96  com.android.tools.idea.lint.AndroidLintInvalidUsesTagAttributeInspection
6501:             3             96  com.android.tools.idea.lint.AndroidLintInvalidVectorPathInspection
6502:             3             96  com.android.tools.idea.lint.AndroidLintInvalidWakeLockTagInspection
6503:             3             96  com.android.tools.idea.lint.AndroidLintInvalidWearFeatureAttributeInspection
6504:             3             96  com.android.tools.idea.lint.AndroidLintJavascriptInterfaceInspection
6505:             3             96  com.android.tools.idea.lint.AndroidLintJobSchedulerServiceInspection
6506:             3             96  com.android.tools.idea.lint.AndroidLintKeyboardInaccessibleWidgetInspection
6507:             3             96  com.android.tools.idea.lint.AndroidLintLabelForInspection
6508:             3             96  com.android.tools.idea.lint.AndroidLintLibraryCustomViewInspection
6509:             3             96  com.android.tools.idea.lint.AndroidLintLifecycleAnnotationProcessorWithJava8Inspection
6510:             3             96  com.android.tools.idea.lint.AndroidLintLocaleFolderInspection
6511:             3             96  com.android.tools.idea.lint.AndroidLintLockedOrientationActivityInspection
6512:             3             96  com.android.tools.idea.lint.AndroidLintLogConditionalInspection
6513:             3             96  com.android.tools.idea.lint.AndroidLintLogTagMismatchInspection
6514:             3             96  com.android.tools.idea.lint.AndroidLintLongLogTagInspection
6515:             3             96  com.android.tools.idea.lint.AndroidLintMangledCRLFInspection
6516:             3             96  com.android.tools.idea.lint.AndroidLintManifestOrderInspection
6517:             3             96  com.android.tools.idea.lint.AndroidLintManifestResourceInspection
6518:             3             96  com.android.tools.idea.lint.AndroidLintMenuTitleInspection
6519:             3             96  com.android.tools.idea.lint.AndroidLintMergeRootFrameInspection
6520:             3             96  com.android.tools.idea.lint.AndroidLintMinSdkTooLowInspection
6521:             3             96  com.android.tools.idea.lint.AndroidLintMipmapIconsInspection
6522:             3             96  com.android.tools.idea.lint.AndroidLintMissingApplicationIconInspection
6523:             3             96  com.android.tools.idea.lint.AndroidLintMissingBackupPinInspection
6524:             3             96  com.android.tools.idea.lint.AndroidLintMissingClassInspection
6525:             3             96  com.android.tools.idea.lint.AndroidLintMissingConstraintsInspection
6526:             3             96  com.android.tools.idea.lint.AndroidLintMissingDefaultResourceInspection
6527:             3             96  com.android.tools.idea.lint.AndroidLintMissingFirebaseInstanceTokenRefreshInspection
6528:             3             96  com.android.tools.idea.lint.AndroidLintMissingIdInspection
6529:             3             96  com.android.tools.idea.lint.AndroidLintMissingIntentFilterForMediaSearchInspection
6530:             3             96  com.android.tools.idea.lint.AndroidLintMissingLeanbackLauncherInspection
6531:             3             96  com.android.tools.idea.lint.AndroidLintMissingLeanbackSupportInspection
6532:             3             96  com.android.tools.idea.lint.AndroidLintMissingMediaBrowserServiceIntentFilterInspection
6533:             3             96  com.android.tools.idea.lint.AndroidLintMissingOnPlayFromSearchInspection
6534:             3             96  com.android.tools.idea.lint.AndroidLintMissingPermissionInspection
6535:             3             96  com.android.tools.idea.lint.AndroidLintMissingPrefixInspection
6536:             3             96  com.android.tools.idea.lint.AndroidLintMissingQuantityInspection
6537:             3             96  com.android.tools.idea.lint.AndroidLintMissingTranslationInspection
6538:             3             96  com.android.tools.idea.lint.AndroidLintMissingTvBannerInspection
6539:             3             96  com.android.tools.idea.lint.AndroidLintMissingVersionInspection
6540:             3             96  com.android.tools.idea.lint.AndroidLintMockLocationInspection
6541:             3             96  com.android.tools.idea.lint.AndroidLintMotionLayoutInvalidSceneFileReferenceInspection
6542:             3             96  com.android.tools.idea.lint.AndroidLintMotionSceneFileValidationErrorInspection
6543:             3             96  com.android.tools.idea.lint.AndroidLintMultipleUsesSdkInspection
6544:             3             96  com.android.tools.idea.lint.AndroidLintNamespaceTypoInspection
6545:             3             96  com.android.tools.idea.lint.AndroidLintNegativeMarginInspection
6546:             3             96  com.android.tools.idea.lint.AndroidLintNestedScrollingInspection
6547:             3             96  com.android.tools.idea.lint.AndroidLintNestedWeightsInspection
6548:             3             96  com.android.tools.idea.lint.AndroidLintNetworkSecurityConfigInspection
6549:             3             96  com.android.tools.idea.lint.AndroidLintNewApiInspection
6550:             3             96  com.android.tools.idea.lint.AndroidLintNfcTechWhitespaceInspection
6551:             3             96  com.android.tools.idea.lint.AndroidLintNonResizeableActivityInspection
6552:             3             96  com.android.tools.idea.lint.AndroidLintNotSiblingInspection
6553:             3             96  com.android.tools.idea.lint.AndroidLintNotificationIconCompatibilityInspection
6554:             3             96  com.android.tools.idea.lint.AndroidLintObjectAnimatorBindingInspection
6555:             3             96  com.android.tools.idea.lint.AndroidLintObsoleteLayoutParamInspection
6556:             3             96  com.android.tools.idea.lint.AndroidLintObsoleteSdkIntInspection
6557:             3             96  com.android.tools.idea.lint.AndroidLintOldTargetApiInspection
6558:             3             96  com.android.tools.idea.lint.AndroidLintOnClickInspection
6559:             3             96  com.android.tools.idea.lint.AndroidLintOrientationInspection
6560:             3             96  com.android.tools.idea.lint.AndroidLintOutdatedLibraryInspection
6561:             3             96  com.android.tools.idea.lint.AndroidLintOverdrawInspection
6562:             3             96  com.android.tools.idea.lint.AndroidLintOverrideAbstractInspection
6563:             3             96  com.android.tools.idea.lint.AndroidLintOverrideInspection
6564:             3             96  com.android.tools.idea.lint.AndroidLintPackageManagerGetSignaturesInspection
6565:             3             96  com.android.tools.idea.lint.AndroidLintPackagedPrivateKeyInspection
6566:             3             96  com.android.tools.idea.lint.AndroidLintParcelClassLoaderInspection
6567:             3             96  com.android.tools.idea.lint.AndroidLintParcelCreatorInspection
6568:             3             96  com.android.tools.idea.lint.AndroidLintPendingBindingsInspection
6569:             3             96  com.android.tools.idea.lint.AndroidLintPermissionImpliesUnsupportedChromeOsHardwareInspection
6570:             3             96  com.android.tools.idea.lint.AndroidLintPermissionImpliesUnsupportedHardwareInspection
6571:             3             96  com.android.tools.idea.lint.AndroidLintPinSetExpiryInspection
6572:             3             96  com.android.tools.idea.lint.AndroidLintPluralsCandidateInspection
6573:             3             96  com.android.tools.idea.lint.AndroidLintPrivateApiInspection
6574:             3             96  com.android.tools.idea.lint.AndroidLintPrivateResourceInspection
6575:             3             96  com.android.tools.idea.lint.AndroidLintProguardInspection
6576:             3             96  com.android.tools.idea.lint.AndroidLintProguardSplitInspection
6577:             3             96  com.android.tools.idea.lint.AndroidLintProtectedPermissionsInspection
6578:             3             96  com.android.tools.idea.lint.AndroidLintPxUsageInspection
6579:             3             96  com.android.tools.idea.lint.AndroidLintRecycleInspection
6580:             3             96  com.android.tools.idea.lint.AndroidLintRecyclerViewInspection
6581:             3             96  com.android.tools.idea.lint.AndroidLintRedundantNamespaceInspection
6582:             3             96  com.android.tools.idea.lint.AndroidLintReferenceTypeInspection
6583:             3             96  com.android.tools.idea.lint.AndroidLintRegisteredInspection
6584:             3             96  com.android.tools.idea.lint.AndroidLintRelativeOverlapInspection
6585:             3             96  com.android.tools.idea.lint.AndroidLintRequiredSizeInspection
6586:             3             96  com.android.tools.idea.lint.AndroidLintRequiresFeatureInspection
6587:             3             96  com.android.tools.idea.lint.AndroidLintResAutoInspection
6588:             3             96  com.android.tools.idea.lint.AndroidLintResourceAsColorInspection
6589:             3             96  com.android.tools.idea.lint.AndroidLintResourceCycleInspection
6590:             3             96  com.android.tools.idea.lint.AndroidLintResourceNameInspection
6591:             3             96  com.android.tools.idea.lint.AndroidLintResourceTypeInspection
6592:             3             96  com.android.tools.idea.lint.AndroidLintRiskyLibraryInspection
6593:             3             96  com.android.tools.idea.lint.AndroidLintRtlCompatInspection
6594:             3             96  com.android.tools.idea.lint.AndroidLintRtlEnabledInspection
6595:             3             96  com.android.tools.idea.lint.AndroidLintRtlHardcodedInspection
6596:             3             96  com.android.tools.idea.lint.AndroidLintRtlSymmetryInspection
6597:             3             96  com.android.tools.idea.lint.AndroidLintSSLCertificateSocketFactoryCreateSocketInspection
6598:             3             96  com.android.tools.idea.lint.AndroidLintSSLCertificateSocketFactoryGetInsecureInspection
6599:             3             96  com.android.tools.idea.lint.AndroidLintScrollViewCountInspection
6600:             3             96  com.android.tools.idea.lint.AndroidLintScrollViewSizeInspection
6601:             3             96  com.android.tools.idea.lint.AndroidLintSdCardPathInspection
6602:             3             96  com.android.tools.idea.lint.AndroidLintSelectableTextInspection
6603:             3             96  com.android.tools.idea.lint.AndroidLintServiceCastInspection
6604:             3             96  com.android.tools.idea.lint.AndroidLintSetJavaScriptEnabledInspection
6605:             3             96  com.android.tools.idea.lint.AndroidLintSetTextI18nInspection
6606:             3             96  com.android.tools.idea.lint.AndroidLintSetWorldReadableInspection
6607:             3             96  com.android.tools.idea.lint.AndroidLintSetWorldWritableInspection
6608:             3             96  com.android.tools.idea.lint.AndroidLintShortAlarmInspection
6609:             3             96  com.android.tools.idea.lint.AndroidLintShowToastInspection
6610:             3             96  com.android.tools.idea.lint.AndroidLintSignatureOrSystemPermissionsInspection
6611:             3             96  com.android.tools.idea.lint.AndroidLintSlicesInspection
6612:             3             96  com.android.tools.idea.lint.AndroidLintSmallSpInspection
6613:             3             96  com.android.tools.idea.lint.AndroidLintSoonBlockedPrivateApiInspection
6614:             3             96  com.android.tools.idea.lint.AndroidLintSourceLockedOrientationActivityInspection
6615:             3             96  com.android.tools.idea.lint.AndroidLintSpUsageInspection
6616:             3             96  com.android.tools.idea.lint.AndroidLintStateListReachableInspection
6617:             3             96  com.android.tools.idea.lint.AndroidLintStaticFieldLeakInspection
6618:             3             96  com.android.tools.idea.lint.AndroidLintStringEscapingInspection
6619:             3             96  com.android.tools.idea.lint.AndroidLintStringFormatCountInspection
6620:             3             96  com.android.tools.idea.lint.AndroidLintStringFormatInvalidInspection
6621:             3             96  com.android.tools.idea.lint.AndroidLintStringFormatMatchesInspection
6622:             3             96  com.android.tools.idea.lint.AndroidLintStringShouldBeIntInspection
6623:             3             96  com.android.tools.idea.lint.AndroidLintSuspicious0dpInspection
6624:             3             96  com.android.tools.idea.lint.AndroidLintSuspiciousImportInspection
6625:             3             96  com.android.tools.idea.lint.AndroidLintSwitchIntDefInspection
6626:             3             96  com.android.tools.idea.lint.AndroidLintSyntheticAccessorInspection
6627:             3             96  com.android.tools.idea.lint.AndroidLintTestAppLinkInspection
6628:             3             96  com.android.tools.idea.lint.AndroidLintTextFieldsInspection
6629:             3             96  com.android.tools.idea.lint.AndroidLintTextViewEditsInspection
6630:             3             96  com.android.tools.idea.lint.AndroidLintTooDeepLayoutInspection
6631:             3             96  com.android.tools.idea.lint.AndroidLintTooManyViewsInspection
6632:             3             96  com.android.tools.idea.lint.AndroidLintTranslucentOrientationInspection
6633:             3             96  com.android.tools.idea.lint.AndroidLintTrustAllX509TrustManagerInspection
6634:             3             96  com.android.tools.idea.lint.AndroidLintTypographyDashesInspection
6635:             3             96  com.android.tools.idea.lint.AndroidLintTypographyEllipsisInspection
6636:             3             96  com.android.tools.idea.lint.AndroidLintTypographyFractionsInspection
6637:             3             96  com.android.tools.idea.lint.AndroidLintTypographyOtherInspection
6638:             3             96  com.android.tools.idea.lint.AndroidLintTypographyQuotesInspection
6639:             3             96  com.android.tools.idea.lint.AndroidLintTyposInspection
6640:             3             96  com.android.tools.idea.lint.AndroidLintUniqueConstantsInspection
6641:             3             96  com.android.tools.idea.lint.AndroidLintUniquePermissionInspection
6642:             3             96  com.android.tools.idea.lint.AndroidLintUnknownIdInLayoutInspection
6643:             3             96  com.android.tools.idea.lint.AndroidLintUnknownIdInspection
6644:             3             96  com.android.tools.idea.lint.AndroidLintUnlocalizedSmsInspection
6645:             3             96  com.android.tools.idea.lint.AndroidLintUnpackedNativeCodeInspection
6646:             3             96  com.android.tools.idea.lint.AndroidLintUnprotectedSMSBroadcastReceiverInspection
6647:             3             96  com.android.tools.idea.lint.AndroidLintUnsafeDynamicallyLoadedCodeInspection
6648:             3             96  com.android.tools.idea.lint.AndroidLintUnsafeNativeCodeLocationInspection
6649:             3             96  com.android.tools.idea.lint.AndroidLintUnsafeProtectedBroadcastReceiverInspection
6650:             3             96  com.android.tools.idea.lint.AndroidLintUnsupportedChromeOsCameraSystemFeatureInspection
6651:             3             96  com.android.tools.idea.lint.AndroidLintUnsupportedChromeOsHardwareInspection
6652:             3             96  com.android.tools.idea.lint.AndroidLintUnsupportedTvHardwareInspection
6653:             3             96  com.android.tools.idea.lint.AndroidLintUntranslatableInspection
6654:             3             96  com.android.tools.idea.lint.AndroidLintUnusedAttributeInspection
6655:             3             96  com.android.tools.idea.lint.AndroidLintUnusedIdsInspection
6656:             3             96  com.android.tools.idea.lint.AndroidLintUnusedNavigationInspection
6657:             3             96  com.android.tools.idea.lint.AndroidLintUnusedQuantityInspection
6658:             3             96  com.android.tools.idea.lint.AndroidLintUnusedResourcesInspection
6659:             3             96  com.android.tools.idea.lint.AndroidLintUsableSpaceInspection
6660:             3             96  com.android.tools.idea.lint.AndroidLintUseAlpha2Inspection
6661:             3             96  com.android.tools.idea.lint.AndroidLintUseCheckPermissionInspection
6662:             3             96  com.android.tools.idea.lint.AndroidLintUseCompoundDrawablesInspection
6663:             3             96  com.android.tools.idea.lint.AndroidLintUseOfBundledGooglePlayServicesInspection
6664:             3             96  com.android.tools.idea.lint.AndroidLintUseSparseArraysInspection
6665:             3             96  com.android.tools.idea.lint.AndroidLintUselessLeafInspection
6666:             3             96  com.android.tools.idea.lint.AndroidLintUselessParentInspection
6667:             3             96  com.android.tools.idea.lint.AndroidLintUsesMinSdkAttributesInspection
6668:             3             96  com.android.tools.idea.lint.AndroidLintUsingC2DMInspection
6669:             3             96  com.android.tools.idea.lint.AndroidLintValidActionsXmlInspection
6670:             3             96  com.android.tools.idea.lint.AndroidLintValidFragmentInspection
6671:             3             96  com.android.tools.idea.lint.AndroidLintValidRestrictionsInspection
6672:             3             96  com.android.tools.idea.lint.AndroidLintVectorDrawableCompatInspection
6673:             3             96  com.android.tools.idea.lint.AndroidLintVectorPathInspection
6674:             3             96  com.android.tools.idea.lint.AndroidLintVectorRasterInspection
6675:             3             96  com.android.tools.idea.lint.AndroidLintViewConstructorInspection
6676:             3             96  com.android.tools.idea.lint.AndroidLintViewHolderInspection
6677:             3             96  com.android.tools.idea.lint.AndroidLintViewTagInspection
6678:             3             96  com.android.tools.idea.lint.AndroidLintWakelockTimeoutInspection
6679:             3             96  com.android.tools.idea.lint.AndroidLintWearStandaloneAppFlagInspection
6680:             3             96  com.android.tools.idea.lint.AndroidLintWearableBindListenerInspection
6681:             3             96  com.android.tools.idea.lint.AndroidLintWebViewApiAvailabilityInspection
6682:             3             96  com.android.tools.idea.lint.AndroidLintWebViewLayoutInspection
6683:             3             96  com.android.tools.idea.lint.AndroidLintWebpUnsupportedInspection
6684:             3             96  com.android.tools.idea.lint.AndroidLintWifiManagerLeakInspection
6685:             3             96  com.android.tools.idea.lint.AndroidLintWifiManagerPotentialLeakInspection
6686:             3             96  com.android.tools.idea.lint.AndroidLintWorldReadableFilesInspection
6687:             3             96  com.android.tools.idea.lint.AndroidLintWorldWriteableFilesInspection
6688:             3             96  com.android.tools.idea.lint.AndroidLintWrongCallInspection
6689:             3             96  com.android.tools.idea.lint.AndroidLintWrongCaseInspection
6690:             3             96  com.android.tools.idea.lint.AndroidLintWrongConstantInspection
6691:             3             96  com.android.tools.idea.lint.AndroidLintWrongFolderInspection
6692:             3             96  com.android.tools.idea.lint.AndroidLintWrongRegionInspection
6693:             3             96  com.android.tools.idea.lint.AndroidLintWrongThreadInspection
6694:             3             96  com.android.tools.idea.lint.AndroidLintWrongThreadInterproceduralInspection
6695:             3             96  com.android.tools.idea.lint.AndroidLintWrongViewCastInspection
6696:             3             96  com.android.tools.idea.lint.AndroidLintXmlEscapeNeededInspection
6697:             3             96  com.android.tools.idea.lint.common.AndroidLintAccidentalOctalInspection
6698:             3             96  com.android.tools.idea.lint.common.AndroidLintBadHostnameVerifierInspection
6699:             3             96  com.android.tools.idea.lint.common.AndroidLintCheckResultInspection
6700:             3             96  com.android.tools.idea.lint.common.AndroidLintDefaultLocaleInspection
6701:             3             96  com.android.tools.idea.lint.common.AndroidLintEasterEggInspection
6702:             3             96  com.android.tools.idea.lint.common.AndroidLintExpensiveAssertionInspection
6703:             3             96  com.android.tools.idea.lint.common.AndroidLintGradleDependencyInspection
6704:             3             96  com.android.tools.idea.lint.common.AndroidLintGradleDeprecatedConfigurationInspection
6705:             3             96  com.android.tools.idea.lint.common.AndroidLintGradleDynamicVersionInspection
6706:             3             96  com.android.tools.idea.lint.common.AndroidLintGradleIdeErrorInspection
6707:             3             96  com.android.tools.idea.lint.common.AndroidLintGradlePathInspection
6708:             3             96  com.android.tools.idea.lint.common.AndroidLintIgnoreWithoutReasonInspection
6709:             3             96  com.android.tools.idea.lint.common.AndroidLintImplicitSamInstanceInspection
6710:             3             96  com.android.tools.idea.lint.common.AndroidLintKotlinPropertyAccessInspection
6711:             3             96  com.android.tools.idea.lint.common.AndroidLintLambdaLastInspection
6712:             3             96  com.android.tools.idea.lint.common.AndroidLintLocalSuppressInspection
6713:             3             96  com.android.tools.idea.lint.common.AndroidLintMergeMarkerInspection
6714:             3             96  com.android.tools.idea.lint.common.AndroidLintMissingSuperCallInspection
6715:             3             96  com.android.tools.idea.lint.common.AndroidLintNewerVersionAvailableInspection
6716:             3             96  com.android.tools.idea.lint.common.AndroidLintNoHardKeywordsInspection
6717:             3             96  com.android.tools.idea.lint.common.AndroidLintNotInterpolatedInspection
6718:             3             96  com.android.tools.idea.lint.common.AndroidLintPropertyEscapeInspection
6719:             3             96  com.android.tools.idea.lint.common.AndroidLintProxyPasswordInspection
6720:             3             96  com.android.tools.idea.lint.common.AndroidLintRangeInspection
6721:             3             96  com.android.tools.idea.lint.common.AndroidLintRestrictedApiInspection
6722:             3             96  com.android.tools.idea.lint.common.AndroidLintSQLiteStringInspection
6723:             3             96  com.android.tools.idea.lint.common.AndroidLintSecureRandomInspection
6724:             3             96  com.android.tools.idea.lint.common.AndroidLintShiftFlagsInspection
6725:             3             96  com.android.tools.idea.lint.common.AndroidLintSimpleDateFormatInspection
6726:             3             96  com.android.tools.idea.lint.common.AndroidLintStopShipInspection
6727:             3             96  com.android.tools.idea.lint.common.AndroidLintSupportAnnotationUsageInspection
6728:             3             96  com.android.tools.idea.lint.common.AndroidLintUnknownNullnessInspection
6729:             3             96  com.android.tools.idea.lint.common.AndroidLintUseValueOfInspection
6730:             3             96  com.android.tools.idea.lint.common.AndroidLintUsingHttpInspection
6731:             3             96  com.android.tools.idea.lint.common.AndroidLintVisibleForTestsInspection
6732:             3             96  com.android.tools.idea.lint.common.AndroidLintWeekBasedYearInspection
6733:             2             96  com.android.tools.idea.uibuilder.editor.NlPreviewManager
6734:             2             96  com.android.tools.idea.uibuilder.visual.VisualizationActionManager
6735:             4             96  com.android.tools.idea.util.SyncUtil$listenUntilNextSync$$inlined$apply$lambda$1
6736:             3             96  com.apple.laf.AquaFileChooserUI$CancelSelectionAction (java.desktop@11.0.9.1)
6737:             2             96  com.apple.laf.AquaTextPaneUI (java.desktop@11.0.9.1)
6738:             4             96  com.fasterxml.jackson.annotation.JsonCreator$Mode
6739:             4             96  com.fasterxml.jackson.annotation.JsonProperty$Access
6740:             4             96  com.fasterxml.jackson.core.JsonFactory$Feature
6741:             2             96  com.fasterxml.jackson.databind.deser.std.StringCollectionDeserializer
6742:             4             96  com.fasterxml.jackson.databind.introspect.AnnotationIntrospectorPair
6743:             4             96  com.fasterxml.jackson.databind.ser.impl.PropertySerializerMap$Single
6744:             6             96  com.fasterxml.jackson.databind.ser.std.ToStringSerializer
6745:             4             96  com.fasterxml.jackson.databind.type.ClassKey
6746:             6             96  com.github.benmanes.caffeine.cache.BoundedWeigher
6747:             4             96  com.google.common.base.AbstractIterator$State
6748:             4             96  com.google.common.cache.LocalCache$KeySet
6749:             4             96  com.google.common.collect.AbstractIterator$State
6750:             3             96  com.google.common.collect.RegularImmutableBiMap$Inverse
6751:             4             96  com.google.common.collect.RegularImmutableMap$KeySet
6752:             3             96  com.google.common.collect.RegularImmutableSortedSet
6753:             4             96  com.google.common.collect.SingletonImmutableSet
6754:             2             96  com.google.common.collect.TreeMultimap
6755:             4             96  com.google.wireless.android.sdk.stats.LayoutEditorState$Surfaces
6756:             4             96  com.google.wireless.android.sdk.stats.StudioToolWindowActionStats$EventType
6757:             4             96  com.ibm.icu.impl.CurrencyData$CurrencySpacingInfo$SpacingPattern
6758:             4             96  com.ibm.icu.impl.ICUResourceBundle$OpenType
6759:             2             96  com.ibm.icu.impl.locale.LocaleObjectCache$CacheEntry
6760:             4             96  com.ibm.icu.impl.number.Modifier$Signum
6761:             4             96  com.ibm.icu.impl.number.Padder$PadPosition
6762:             4             96  com.ibm.icu.number.Precision$FractionRounderImpl
6763:             4             96  com.ibm.icu.text.DisplayContext$Type
6764:             2             96  com.ibm.icu.text.PluralRules$RangeConstraint
6765:             3             96  com.ibm.icu.text.PluralRules$Rule
6766:             4             96  com.ibm.icu.util.BytesTrie$Result
6767:             4             96  com.intellij.analysis.problemsView.toolWindow.SetUpdateState
6768:             4             96  com.intellij.application.options.ReplacePathToMacroMap
6769:             2             96  com.intellij.application.options.editor.EditorSmartKeysConfigurableKt$myCbHonorCamelHumpsWhenSelectingByClicking$1
6770:             2             96  com.intellij.application.options.editor.EditorSmartKeysConfigurableKt$myCbHonorCamelHumpsWhenSelectingByClicking$2
6771:             4             96  com.intellij.build.AbstractViewManager$1
6772:             4             96  com.intellij.codeHighlighting.TextEditorHighlightingPassRegistrar$Anchor
6773:             6             96  com.intellij.codeInsight.CharTailType
6774:             2             96  com.intellij.codeInsight.ExternalAnnotationsManagerImpl
6775:             6             96  com.intellij.codeInsight.MetaAnnotationUtil$$Lambda$4727/0x00000008029e0840
6776:             4             96  com.intellij.codeInsight.completion.AbstractExpectedTypeSkipper$Result
6777:             4             96  com.intellij.codeInsight.completion.AsyncCompletion$1
6778:             2             96  com.intellij.codeInsight.completion.CompletionExtension
6779:             6             96  com.intellij.codeInsight.completion.CompletionProgressIndicator$2
6780:             6             96  com.intellij.codeInsight.completion.CompletionProgressIndicator$ProjectEmptyCompletionNotifier
6781:             4             96  com.intellij.codeInsight.completion.CompletionResultSet$1
6782:             4             96  com.intellij.codeInsight.completion.RecursionWeigher$Result
6783:             6             96  com.intellij.codeInsight.daemon.impl.DefaultHighlightInfoProcessor
6784:             4             96  com.intellij.codeInsight.daemon.impl.FileStatusMap
6785:             4             96  com.intellij.codeInsight.daemon.impl.HighlightInfoType$HighlightInfoTypeSeverityByKey
6786:             2             96  com.intellij.codeInsight.daemon.impl.LocalInspectionsPass$$Lambda$3523/0x00000008020f3c40
6787:             4             96  com.intellij.codeInsight.daemon.impl.StatusBarUpdater
6788:             6             96  com.intellij.codeInsight.daemon.impl.TrafficLightRenderer$1
6789:             3             96  com.intellij.codeInsight.daemon.impl.actions.SuppressParameterFix
6790:             4             96  com.intellij.codeInsight.daemon.impl.analysis.FileHighlightingSetting
6791:             3             96  com.intellij.codeInsight.documentation.render.DocRenderItem
6792:             3             96  com.intellij.codeInsight.editorActions.ReferenceData
6793:             3             96  com.intellij.codeInsight.editorActions.XmlTagNameSynchronizer$TagNameSynchronizer
6794:             4             96  com.intellij.codeInsight.generation.GenerateGetterHandler
6795:             4             96  com.intellij.codeInsight.generation.GenerateSetterHandler
6796:             4             96  com.intellij.codeInsight.hints.ParameterHintsUpdater$InlayUpdateInfo$Action
6797:             4             96  com.intellij.codeInsight.hints.presentation.InlayTextMetricsStorage
6798:             4             96  com.intellij.codeInsight.hints.presentation.PresentationFactory
6799:             6             96  com.intellij.codeInsight.intention.EmptyIntentionAction
6800:             4             96  com.intellij.codeInsight.intention.PriorityAction$Priority
6801:             4             96  com.intellij.codeInsight.intention.impl.PriorityIntentionActionWrapper
6802:             4             96  com.intellij.codeInsight.lookup.AutoCompletionPolicy
6803:             4             96  com.intellij.codeInsight.lookup.impl.LookupUsageTracker$FinishType
6804:             4             96  com.intellij.codeInsight.lookup.impl.actions.ChooseItemAction$Handler
6805:             4             96  com.intellij.codeInsight.preview.ImageOrColorPreviewManager$1
6806:             3             96  com.intellij.codeInsight.template.impl.LiveTemplateLookupElementImpl
6807:             2             96  com.intellij.codeInsight.template.postfix.templates.NotExpressionPostfixTemplate
6808:             2             96  com.intellij.codeInsight.template.postfix.templates.NotNullCheckPostfixTemplate
6809:             6             96  com.intellij.codeInsight.template.postfix.templates.editable.JavaPostfixTemplateExpressionCondition$JavaPostfixTemplateExpressionFqnCondition
6810:             6             96  com.intellij.codeInsight.template.postfix.util.JavaPostfixTemplatesUtils$2
6811:             4             96  com.intellij.codeInsight.unwrap.ScopeHighlighter
6812:             3             96  com.intellij.codeInspection.NonAsciiCharactersInspection
6813:             3             96  com.intellij.codeInspection.RedundantSuppressInspection
6814:             3             96  com.intellij.codeInspection.UnstableApiUsageInspection
6815:             3             96  com.intellij.codeInspection.blockingCallsDetection.BlockingMethodInNonBlockingContextInspection
6816:             3             96  com.intellij.codeInspection.classCanBeRecord.ClassCanBeRecordInspection
6817:             3             96  com.intellij.codeInspection.dataFlow.DataFlowInspection
6818:             4             96  com.intellij.codeInspection.dataFlow.DataFlowInstructionVisitor$ExpressionChunk
6819:             6             96  com.intellij.codeInspection.dataFlow.HardcodedContracts$ContractProvider$$Lambda$3646/0x00000008021bcc40
6820:             6             96  com.intellij.codeInspection.dataFlow.HardcodedContracts$ContractProvider$$Lambda$3658/0x00000008021bfc40
6821:             4             96  com.intellij.codeInspection.dataFlow.inference.MethodReturnInferenceVisitor$ReturnValue
6822:             4             96  com.intellij.codeInspection.deadCode.UnusedParametersInspection
6823:             3             96  com.intellij.codeInspection.deprecation.DeprecationInspection
6824:             3             96  com.intellij.codeInspection.duplicatePropertyInspection.DuplicatePropertyInspection
6825:             3             96  com.intellij.codeInspection.duplicateStringLiteral.DuplicateStringLiteralInspection
6826:             3             96  com.intellij.codeInspection.emptyMethod.EmptyMethodInspection
6827:             3             96  com.intellij.codeInspection.htmlInspections.HtmlUnknownAttributeInspection
6828:             3             96  com.intellij.codeInspection.htmlInspections.HtmlUnknownBooleanAttributeInspection
6829:             3             96  com.intellij.codeInspection.htmlInspections.HtmlUnknownTagInspection
6830:             3             96  com.intellij.codeInspection.i18n.NlsInfo$Localized
6831:             3             96  com.intellij.codeInspection.i18n.inconsistentResourceBundle.InconsistentResourceBundleInspection
6832:             3             96  com.intellij.codeInspection.inheritance.ImplicitSubclassInspection
6833:             3             96  com.intellij.codeInspection.java18api.Java8MapApiInspection
6834:             3             96  com.intellij.codeInspection.localCanBeFinal.LocalCanBeFinal
6835:             3             96  com.intellij.codeInspection.nullable.NullableStuffInspection
6836:             3             96  com.intellij.codeInspection.redundantCast.RedundantCastInspection
6837:             3             96  com.intellij.codeInspection.reflectiveAccess.JavaReflectionMemberAccessInspection
6838:             3             96  com.intellij.codeInspection.sameParameterValue.SameParameterValueInspection
6839:             3             96  com.intellij.codeInspection.uncheckedWarnings.UncheckedWarningLocalInspection
6840:             3             96  com.intellij.codeInspection.unneededThrows.RedundantThrowsDeclarationInspection
6841:             3             96  com.intellij.codeInspection.unusedReturnValue.UnusedReturnValue
6842:             3             96  com.intellij.codeInspection.varScopeCanBeNarrowed.FieldCanBeLocalInspection
6843:             3             96  com.intellij.codeInspection.visibility.VisibilityInspection
6844:             3             96  com.intellij.compiler.CompilerWorkspaceConfiguration
6845:             6             96  com.intellij.completion.ml.common.ContextSimilarityUtil$ContextSimilarityScoringFunction
6846:             4             96  com.intellij.completion.ml.features.ContextFeaturesStorage
6847:             3             96  com.intellij.completion.ml.performance.CompletionPerformanceTracker
6848:             2             96  com.intellij.configurationStore.ModuleStateStorageManager
6849:             2             96  com.intellij.configurationStore.SchemeManagerIprProvider
6850:             4             96  com.intellij.configurationStore.StateStorageManagerImpl$Companion$createDefaultVirtualTracker$1
6851:             4             96  com.intellij.configurationStore.TypeMarker
6852:             6             96  com.intellij.configurationStore.schemeManager.SchemeChangeApplicator
6853:             4             96  com.intellij.debugger.engine.DebugProcessImpl$State
6854:             4             96  com.intellij.debugger.impl.PrioritizedTask$Priority
6855:             3             96  com.intellij.debugger.settings.NodeRendererSettings$1
6856:             4             96  com.intellij.debugger.streams.action.ChainResolver$ChainStatus
6857:             4             96  com.intellij.diagnostic.JitWatcher$CompilerState
6858:             2             96  com.intellij.dvcs.repo.VcsRepositoryManager
6859:             4             96  com.intellij.execution.configurations.RunConfigurationSingletonPolicy
6860:             3             96  com.intellij.execution.dashboard.RunDashboardManagerImpl$State
6861:             4             96  com.intellij.execution.dashboard.RunDashboardRunConfigurationStatus
6862:             2             96  com.intellij.execution.impl.RunManagerImpl$3
6863:             3             96  com.intellij.execution.process.AnsiTerminalEmulator$FrameType
6864:             3             96  com.intellij.execution.process.AnsiTerminalEmulator$Underline
6865:             4             96  com.intellij.execution.process.ProcessHandler$State
6866:             4             96  com.intellij.execution.process.ProcessOutputType
6867:             2             96  com.intellij.execution.services.ServiceViewManagerImpl
6868:             6             96  com.intellij.execution.testframework.TestSearchScope$Wrapper
6869:             3             96  com.intellij.execution.ui.RunContentManagerImpl$CloseListener
6870:             4             96  com.intellij.execution.ui.RunContentManagerImpl$initToolWindow$1
6871:             4             96  com.intellij.execution.ui.RunContentManagerImpl$initToolWindow$2
6872:             4             96  com.intellij.execution.ui.RunContentManagerImpl$registerToolWindow$2
6873:             4             96  com.intellij.execution.ui.layout.PlaceInGrid
6874:             6             96  com.intellij.facet.FacetTypeId
6875:             4             96  com.intellij.facet.impl.ProjectWideFacetListenersRegistryImpl$2
6876:             6             96  com.intellij.facet.impl.ProjectWideFacetListenersRegistryImpl$ProjectWideFacetListenerWrapper
6877:             6             96  com.intellij.formatting.Indent$Type
6878:             4             96  com.intellij.formatting.WrapImpl$Type
6879:             4             96  com.intellij.formatting.WrapType
6880:             4             96  com.intellij.grazie.speller.dictionary.transformation.TransformedDictionary
6881:             2             96  com.intellij.ide.GeneralSettings
6882:             4             96  com.intellij.ide.actions.StretchSplitAction$StretchDirection
6883:             3             96  com.intellij.ide.actions.ViewToolbarAction
6884:             2             96  com.intellij.ide.projectView.impl.AbstractProjectViewPSIPane$1
6885:             2             96  com.intellij.ide.projectView.impl.AsyncProjectViewSupport$1
6886:             3             96  com.intellij.ide.projectView.impl.ProjectViewState
6887:             4             96  com.intellij.ide.ui.ColorBlindness
6888:             4             96  com.intellij.internal.statistic.utils.EventRateThrottleResult
6889:             3             96  com.intellij.json.formatter.JsonCodeStyleSettings$PropertyAlignment
6890:             4             96  com.intellij.lang.ParserDefinition$SpaceRequirements
6891:             4             96  com.intellij.lang.ant.config.impl.AntConfigurationImpl$InitializationState
6892:             4             96  com.intellij.lang.java.parser.DeclarationParser$Context
6893:             4             96  com.intellij.lang.jvm.JvmClassKind
6894:             4             96  com.intellij.lang.properties.ResourceBundleReferenceProvider
6895:             4             96  com.intellij.lang.properties.parsing.PropertiesElementType
6896:             4             96  com.intellij.notification.NotificationDisplayType
6897:             4             96  com.intellij.notification.impl.NotificationGroupEP$DisplayType
6898:             4             96  com.intellij.openapi.actionSystem.ex.ComboBoxAction$ComboBoxButton$1
6899:             4             96  com.intellij.openapi.actionSystem.ex.ComboBoxAction$ComboBoxButton$2
6900:             6             96  com.intellij.openapi.actionSystem.impl.ActionButtonWithText$$Lambda$3299/0x0000000801fce040
6901:             6             96  com.intellij.openapi.actionSystem.impl.ActionButtonWithText$1
6902:             3             96  com.intellij.openapi.application.constraints.ExpirationKt$cancelJobOnDisposal$completionHandler$1
6903:             4             96  com.intellij.openapi.components.RoamingType
6904:             4             96  com.intellij.openapi.editor.Editor$$Lambda$3415/0x000000080204f440
6905:             4             96  com.intellij.openapi.editor.FoldingGroup
6906:             4             96  com.intellij.openapi.editor.Inlay$Placement
6907:             4             96  com.intellij.openapi.editor.ScrollingModel$$Lambda$3417/0x000000080204ec40
6908:             4             96  com.intellij.openapi.editor.SelectionModel$$Lambda$3412/0x000000080204f840
6909:             4             96  com.intellij.openapi.editor.actionSystem.DocCommandGroupId
6910:             4             96  com.intellij.openapi.editor.actionSystem.EditorTypedHandlerBean
6911:             4             96  com.intellij.openapi.editor.actions.DeleteToWordBoundaryHandler
6912:             4             96  com.intellij.openapi.editor.colors.impl.TextAttributesReader$FontStyle
6913:             4             96  com.intellij.openapi.editor.markup.AnalyzingType
6914:             4             96  com.intellij.openapi.editor.toolbar.floating.VisibilityController$State
6915:             2             96  com.intellij.openapi.externalSystem.autoimport.ProjectSettingsTracker
6916:             2             96  com.intellij.openapi.externalSystem.autoimport.ProjectSettingsTracker$1
6917:             4             96  com.intellij.openapi.externalSystem.autoimport.ProjectStatus
6918:             4             96  com.intellij.openapi.externalSystem.autoimport.changes.AsyncFilesChangesProviderImpl
6919:             4             96  com.intellij.openapi.externalSystem.autoimport.changes.VirtualFilesChangesProvider
6920:             2             96  com.intellij.openapi.externalSystem.configurationStore.ExternalProjectStorage
6921:             2             96  com.intellij.openapi.externalSystem.model.execution.ExternalSystemTaskExecutionSettings
6922:             3             96  com.intellij.openapi.externalSystem.model.task.ExternalSystemTaskId
6923:             3             96  com.intellij.openapi.externalSystem.util.CrcCache
6924:             4             96  com.intellij.openapi.fileEditor.FileEditorPolicy
6925:             2             96  com.intellij.openapi.fileEditor.impl.DockableEditorTabbedContainer
6926:             3             96  com.intellij.openapi.fileEditor.impl.EditorComposite$2
6927:             2             96  com.intellij.openapi.fileEditor.impl.EditorsSplitters$MyFocusTraversalPolicy
6928:             3             96  com.intellij.openapi.fileEditor.impl.LoadTextUtil$SevenBitCharset
6929:             2             96  com.intellij.openapi.module.impl.ModuleManagerImpl$ModuleModelImpl
6930:             4             96  com.intellij.openapi.module.impl.ModulePath
6931:             4             96  com.intellij.openapi.observable.properties.AtomicBooleanProperty$afterReset$1
6932:             4             96  com.intellij.openapi.project.ExternalStorageConfigurationManagerImpl
6933:             4             96  com.intellij.openapi.roots.impl.JavaModuleExternalPathsImpl
6934:             4             96  com.intellij.openapi.roots.impl.OnlyOnceExceptionLogger
6935:             4             96  com.intellij.openapi.roots.impl.ProjectRootManagerImpl$RootProviderChangeListener
6936:             2             96  com.intellij.openapi.roots.impl.RootIndex
6937:             2             96  com.intellij.openapi.roots.impl.RootIndex$OrderEntryGraph
6938:             2             96  com.intellij.openapi.roots.impl.RootIndex$OrderEntryGraph$1
6939:             2             96  com.intellij.openapi.roots.impl.RootIndex$OrderEntryGraph$2
6940:             3             96  com.intellij.openapi.ui.MessageType
6941:             4             96  com.intellij.openapi.ui.ThreeComponentsSplitter$Divider$2
6942:             4             96  com.intellij.openapi.ui.ThreeComponentsSplitter$Divider$3
6943:             4             96  com.intellij.openapi.ui.ThreeComponentsSplitter$Divider$4
6944:             4             96  com.intellij.openapi.ui.popup.Balloon$Position
6945:             4             96  com.intellij.openapi.util.ClearableLazyValue$2
6946:             2             96  com.intellij.openapi.vcs.VcsVFSListener$StateProcessor
6947:             4             96  com.intellij.openapi.vcs.changes.Change$Type
6948:             2             96  com.intellij.openapi.vcs.changes.UpdateRequestsQueue
6949:             3             96  com.intellij.openapi.vcs.changes.actions.ScheduleForAdditionWithIgnoredFilesConfirmationAction
6950:             2             96  com.intellij.openapi.vcs.changes.conflicts.ChangelistConflictTracker
6951:             4             96  com.intellij.openapi.vcs.changes.ui.VcsToolWindowFactory$ExtensionListener
6952:             4             96  com.intellij.openapi.vcs.changes.ui.VcsToolWindowFactory$getContentManagerListener$1
6953:             4             96  com.intellij.openapi.vcs.changes.ui.VcsToolWindowFactory$init$1
6954:             4             96  com.intellij.openapi.vcs.changes.ui.VcsToolWindowFactory$init$2
6955:             2             96  com.intellij.openapi.vcs.configurable.VcsOptionsTopHitProviderKt$cdShowChangesLastNDays$1
6956:             2             96  com.intellij.openapi.vcs.configurable.VcsOptionsTopHitProviderKt$cdShowChangesLastNDays$2
6957:             4             96  com.intellij.openapi.vcs.impl.BaseRevisionStatusTrackerContentLoader$BaseRevisionContentInfo
6958:             2             96  com.intellij.openapi.vcs.impl.LineStatusTrackerManager$MyBaseRevisionLoader
6959:             4             96  com.intellij.openapi.vcs.impl.VcsFileStatusProvider$BaseContentImpl
6960:             4             96  com.intellij.openapi.vcs.impl.VcsInitialization$Status
6961:             4             96  com.intellij.openapi.vcs.impl.projectlevelman.PersistentVcsShowConfirmationOptionImpl
6962:             2             96  com.intellij.openapi.vcs.roots.VcsRootProblemNotifier
6963:             4             96  com.intellij.openapi.vfs.CharsetToolkit$GuessedEncoding
6964:             2             96  com.intellij.openapi.vfs.encoding.EncodingProjectManagerImpl
6965:             4             96  com.intellij.openapi.vfs.impl.http.RemoteFileState
6966:             1             96  com.intellij.openapi.vfs.impl.local.NativeFileWatcherImpl$MyProcessHandler
6967:             4             96  com.intellij.openapi.wm.ToolWindowAnchor
6968:             4             96  com.intellij.openapi.wm.ToolWindowType
6969:             4             96  com.intellij.openapi.wm.impl.KeyState
6970:             2             96  com.intellij.openapi.wm.impl.ProjectWindowAction
6971:             4             96  com.intellij.openapi.wm.impl.ToolWindowProperty
6972:             4             96  com.intellij.openapi.wm.impl.ToolWindowsPane$ImageCache
6973:             6             96  com.intellij.openapi.wm.impl.status.EditorBasedStatusBarPopup$3
6974:             3             96  com.intellij.openapi.wm.impl.status.EditorBasedStatusBarPopup$WidgetState
6975:             2             96  com.intellij.openapi.wm.impl.status.EncodingPanel
6976:             2             96  com.intellij.openapi.wm.impl.status.IdeStatusBarImpl$2
6977:             4             96  com.intellij.openapi.wm.impl.status.InfoAndProgressPanel$3
6978:             2             96  com.intellij.openapi.wm.impl.status.LineSeparatorPanel
6979:             2             96  com.intellij.openapi.wm.impl.status.PositionPanel
6980:             4             96  com.intellij.openapi.wm.impl.status.StatusPanel$6
6981:             4             96  com.intellij.patterns.PsiFilePattern$Capture
6982:             3             96  com.intellij.patterns.PsiJavaElementPattern$3
6983:             4             96  com.intellij.patterns.PsiMethodCallPattern
6984:             4             96  com.intellij.patterns.XmlElementPattern$XmlTextPattern
6985:             4             96  com.intellij.patterns.compiler.PatternCompilerImpl
6986:             3             96  com.intellij.patterns.uast.UCallExpressionPattern$withResolvedMethod$1
6987:             4             96  com.intellij.pom.core.impl.PomModelImpl$$Lambda$2064/0x000000080159bc40
6988:             4             96  com.intellij.pom.java.JavaFeature
6989:             3             96  com.intellij.psi.UastReferenceRegistrar$uastInjectionHostReferenceProvider$1
6990:             3             96  com.intellij.psi.codeStyle.CodeStyleSettings$QuoteStyle
6991:             4             96  com.intellij.psi.codeStyle.CommonCodeStyleSettingsManager
6992:             4             96  com.intellij.psi.codeStyle.ExcludedFiles
6993:             2             96  com.intellij.psi.codeStyle.ProjectCodeStyleSettingsManager
6994:             6             96  com.intellij.psi.filters.ScopeFilter
6995:             6             96  com.intellij.psi.filters.XmlTextFilter
6996:             2             96  com.intellij.psi.impl.JavaPsiFacadeImpl
6997:             6             96  com.intellij.psi.impl.java.JavaBinaryPlusExpressionIndex$PlusOffsets
6998:             4             96  com.intellij.psi.impl.search.JavaNullMethodArgumentIndex$MethodCallData
6999:             2             96  com.intellij.psi.impl.search.LazyConcurrentCollection
7000:             6             96  com.intellij.psi.impl.source.PsiEnumConstantImpl$MyReference
7001:             4             96  com.intellij.psi.impl.source.parsing.xml.XmlBuilder$ProcessingOrder
7002:             3             96  com.intellij.psi.impl.source.resolve.reference.PsiReferenceRegistrarImpl$2
7003:             6             96  com.intellij.psi.impl.source.xml.XmlAttributeDelegate$$Lambda$5297/0x0000000802cf6840
7004:             6             96  com.intellij.psi.scope.ElementClassFilter
7005:             4             96  com.intellij.psi.scope.PatternResolveState
7006:             1             96  com.intellij.psi.search.FileTypeMapReduceIndex
7007:             4             96  com.intellij.psi.search.scope.packageSet.FilteredNamedScope$1
7008:             6             96  com.intellij.psi.stubs.StubIndexImpl$$Lambda$3319/0x0000000801fc8c40
7009:             6             96  com.intellij.psi.stubs.StubIndexImpl$$Lambda$3320/0x0000000801fe8040
7010:             6             96  com.intellij.psi.tree.DefaultRoleFinder$$Lambda$1826/0x00000008013c6440
7011:             4             96  com.intellij.psi.util.AccessModifier
7012:             4             96  com.intellij.psi.util.proximity.ReferenceListWeigher$ReferenceListApplicability
7013:             3             96  com.intellij.sh.shellcheck.ShShellcheckInspection
7014:             4             96  com.intellij.tasks.TaskType
7015:             6             96  com.intellij.testIntegration.BaseGenerateTestSupportMethodAction$MyHandler
7016:             6             96  com.intellij.ui.ColorUtil$$Lambda$3300/0x0000000801fce440
7017:             2             96  com.intellij.ui.ColorUtil$1
7018:             4             96  com.intellij.ui.CoreIconManager$IconLayer
7019:             2             96  com.intellij.ui.ScrollingUtil$6
7020:             2             96  com.intellij.ui.ScrollingUtil$7
7021:             4             96  com.intellij.ui.components.JBScrollPane$Alignment
7022:             4             96  com.intellij.ui.components.JBScrollPane$Flip
7023:             2             96  com.intellij.ui.docking.impl.DockManagerImpl
7024:             4             96  com.intellij.ui.paint.LinePainter2D$StrokeType
7025:             4             96  com.intellij.ui.popup.HintUpdateSupply$1
7026:             2             96  com.intellij.ui.popup.list.ListPopupModel
7027:             4             96  com.intellij.ui.tabs.FileColorConfiguration
7028:             4             96  com.intellij.ui.tabs.JBTabsPosition
7029:             4             96  com.intellij.ui.tree.LeafState
7030:             4             96  com.intellij.ui.tree.TreeVisitor$Action
7031:             4             96  com.intellij.util.Alarm$ThreadToUse
7032:             3             96  com.intellij.util.LineSeparator
7033:             3             96  com.intellij.util.PatchedWeakReference
7034:             6             96  com.intellij.util.concurrency.Sentinel
7035:             4             96  com.intellij.util.diff.DiffTree$CompareResult
7036:             3             96  com.intellij.util.gist.VirtualFileGistImpl
7037:             4             96  com.intellij.util.indexing.AdditionalIndexableFileSet
7038:             4             96  com.intellij.util.indexing.FileBasedIndex$AllKeysQuery
7039:             4             96  com.intellij.util.indexing.impl.forward.SingleEntryIndexForwardIndexAccessor
7040:             3             96  com.intellij.util.indexing.impl.storage.KeyHashLog
7041:             2             96  com.intellij.util.indexing.roots.AdditionalFilesContributor$getOwnFilePredicate$1
7042:             6             96  com.intellij.util.lang.JarMemoryLoader
7043:             4             96  com.intellij.util.messages.Topic$BroadcastDirection
7044:             6             96  com.intellij.util.text.SyncDateFormat
7045:             4             96  com.intellij.util.ui.UIUtil$ComponentStyle
7046:             2             96  com.intellij.util.ui.UIUtil$GrayFilter$GrayFilterUIResource
7047:             4             96  com.intellij.util.ui.tree.ExpandOnDoubleClick
7048:             4             96  com.intellij.util.ui.tree.TreeModelAdapter$EventType
7049:             2             96  com.intellij.util.xml.impl.DomManagerImpl
7050:             4             96  com.intellij.util.xml.impl.DomManagerImpl$$Lambda$2066/0x000000080159b440
7051:             4             96  com.intellij.util.xmlb.SmartSerializer$2
7052:             2             96  com.intellij.vcs.log.data.CommitDetailsGetter
7053:             3             96  com.intellij.vcs.log.data.DataPack
7054:             3             96  com.intellij.vcs.log.data.RefsModel
7055:             2             96  com.intellij.vcs.log.data.index.VcsLogPersistentIndex$IndexStorage
7056:             2             96  com.intellij.vcs.log.data.index.VcsLogPersistentIndex$MySingleTaskController
7057:             4             96  com.intellij.vcs.log.graph.actions.GraphAction$Type
7058:             4             96  com.intellij.vcs.log.graph.utils.impl.BitSetFlags
7059:             2             96  com.intellij.vcs.log.impl.VcsLogManager
7060:             3             96  com.intellij.vcs.log.impl.VcsLogProjectTabsProperties$State
7061:             2             96  com.intellij.vcs.log.impl.VcsProjectLog
7062:             6             96  com.intellij.vcs.log.util.SequentialLimitedLifoExecutor$DetailsLoadingTask
7063:             2             96  com.intellij.workspaceModel.ide.impl.legacyBridge.module.ModuleManagerComponentBridge
7064:             2             96  com.intellij.workspaceModel.storage.bridgeEntities.ContentRootEntity
7065:             2             96  com.intellij.workspaceModel.storage.bridgeEntities.ExternalSystemModuleOptionsEntityData
7066:             4             96  com.intellij.workspaceModel.storage.bridgeEntities.ModuleDependencyItem$DependencyScope
7067:             4             96  com.intellij.workspaceModel.storage.impl.ConnectionId$ConnectionType
7068:             3             96  com.intellij.workspaceModel.storage.impl.RefsTable
7069:             3             96  com.intellij.workspaceModel.storage.impl.StorageIndexes
7070:             3             96  com.intellij.workspaceModel.storage.impl.WorkspaceEntityStorageImpl
7071:             4             96  com.intellij.workspaceModel.storage.impl.references.OneToOneParent$Nullable
7072:             2             96  com.intellij.xdebugger.impl.BreakpointManagerState
7073:             2             96  com.intellij.xdebugger.impl.XDebuggerManagerImpl
7074:             2             96  com.intellij.xdebugger.impl.ui.ExecutionPointHighlighter
7075:             3             96  com.intellij.xml.breadcrumbs.BreadcrumbsPanel$$Lambda$2315/0x000000080183dc40
7076:             3             96  com.intellij.xml.breadcrumbs.BreadcrumbsPanel$1
7077:             4             96  com.intellij.xml.impl.schema.ComplexTypeDescriptor$CanContainAttributeType
7078:             4             96  com.intellij.xml.index.ResourceRelevance
7079:             2             96  com.intellij.xml.index.XsdNamespaceBuilder
7080:             3             96  com.jetbrains.jdi.SDE$FileTableRecord
7081:             6             96  com.jetbrains.jsonSchema.extension.JsonSchemaProjectSelfProviderFactory$MyJsonSchemaFileProvider$$Lambda$2486/0x00000008019d3c40
7082:             3             96  com.siyeh.ig.abstraction.BooleanParameterInspection
7083:             3             96  com.siyeh.ig.abstraction.CastToConcreteClassInspection
7084:             3             96  com.siyeh.ig.abstraction.DeclareCollectionAsInterfaceInspection
7085:             3             96  com.siyeh.ig.abstraction.FeatureEnvyInspection
7086:             3             96  com.siyeh.ig.abstraction.InstanceVariableOfConcreteClassInspection
7087:             3             96  com.siyeh.ig.abstraction.InstanceofChainInspection
7088:             3             96  com.siyeh.ig.abstraction.InstanceofInterfacesInspection
7089:             3             96  com.siyeh.ig.abstraction.LocalVariableOfConcreteClassInspection
7090:             3             96  com.siyeh.ig.abstraction.MagicNumberInspection
7091:             3             96  com.siyeh.ig.abstraction.MethodOnlyUsedFromInnerClassInspection
7092:             3             96  com.siyeh.ig.abstraction.MethodReturnOfConcreteClassInspection
7093:             3             96  com.siyeh.ig.abstraction.OverlyStrongTypeCastInspection
7094:             3             96  com.siyeh.ig.abstraction.ParameterOfConcreteClassInspection
7095:             3             96  com.siyeh.ig.abstraction.PublicMethodNotExposedInInterfaceInspection
7096:             3             96  com.siyeh.ig.abstraction.StaticMethodOnlyUsedInOneClassInspection
7097:             3             96  com.siyeh.ig.abstraction.StaticVariableOfConcreteClassInspection
7098:             3             96  com.siyeh.ig.assignment.AssignmentToCatchBlockParameterInspection
7099:             3             96  com.siyeh.ig.assignment.AssignmentToForLoopParameterInspection
7100:             3             96  com.siyeh.ig.assignment.AssignmentToLambdaParameterInspection
7101:             3             96  com.siyeh.ig.assignment.AssignmentToMethodParameterInspection
7102:             3             96  com.siyeh.ig.assignment.AssignmentToNullInspection
7103:             3             96  com.siyeh.ig.assignment.ReplaceAssignmentWithOperatorAssignmentInspection
7104:             3             96  com.siyeh.ig.bitwise.PointlessBitwiseExpressionInspection
7105:             3             96  com.siyeh.ig.bugs.EmptyStatementBodyInspection
7106:             3             96  com.siyeh.ig.bugs.EqualsBetweenInconvertibleTypesInspection
7107:             3             96  com.siyeh.ig.bugs.EqualsOnSuspiciousObjectInspection
7108:             3             96  com.siyeh.ig.bugs.IgnoreResultOfCallInspection
7109:             3             96  com.siyeh.ig.bugs.ObjectEqualityInspection
7110:             3             96  com.siyeh.ig.bugs.ObjectToStringInspection
7111:             3             96  com.siyeh.ig.bugs.ResultOfObjectAllocationIgnoredInspection
7112:             3             96  com.siyeh.ig.bugs.ReturnNullInspection
7113:             3             96  com.siyeh.ig.bugs.StringConcatenationMissingWhitespaceInspection
7114:             3             96  com.siyeh.ig.bugs.SubtractionInCompareToInspection
7115:             3             96  com.siyeh.ig.bugs.SuspiciousIntegerDivAssignmentInspection
7116:             3             96  com.siyeh.ig.classlayout.ClassInitializerInspection
7117:             3             96  com.siyeh.ig.classlayout.ClassMayBeInterfaceInspection
7118:             3             96  com.siyeh.ig.classlayout.EmptyClassInspection
7119:             3             96  com.siyeh.ig.classlayout.InnerClassOnInterfaceInspection
7120:             3             96  com.siyeh.ig.classlayout.ListenerMayUseAdapterInspection
7121:             3             96  com.siyeh.ig.classlayout.StaticNonFinalFieldInspection
7122:             3             96  com.siyeh.ig.classlayout.UtilityClassInspection
7123:             3             96  com.siyeh.ig.classlayout.UtilityClassWithoutPrivateConstructorInspection
7124:             3             96  com.siyeh.ig.classmetrics.AnonymousClassComplexityInspection
7125:             3             96  com.siyeh.ig.classmetrics.AnonymousClassMethodCountInspection
7126:             3             96  com.siyeh.ig.classmetrics.ClassComplexityInspection
7127:             3             96  com.siyeh.ig.classmetrics.ClassCouplingInspection
7128:             3             96  com.siyeh.ig.classmetrics.ClassInheritanceDepthInspection
7129:             3             96  com.siyeh.ig.classmetrics.ClassNestingDepthInspection
7130:             3             96  com.siyeh.ig.classmetrics.ConstructorCountInspection
7131:             3             96  com.siyeh.ig.classmetrics.FieldCountInspection
7132:             3             96  com.siyeh.ig.classmetrics.MethodCountInspection
7133:             3             96  com.siyeh.ig.cloneable.CloneDeclaresCloneNotSupportedInspection
7134:             3             96  com.siyeh.ig.cloneable.CloneInNonCloneableClassInspection
7135:             3             96  com.siyeh.ig.cloneable.CloneableImplementsCloneInspection
7136:             3             96  com.siyeh.ig.controlflow.ConditionalCanBePushedInsideExpressionInspection
7137:             3             96  com.siyeh.ig.controlflow.ConditionalExpressionInspection
7138:             3             96  com.siyeh.ig.controlflow.ConfusingElseInspection
7139:             3             96  com.siyeh.ig.controlflow.DuplicateConditionInspection
7140:             3             96  com.siyeh.ig.controlflow.ForLoopReplaceableByWhileInspection
7141:             3             96  com.siyeh.ig.controlflow.ForLoopWithMissingComponentInspection
7142:             3             96  com.siyeh.ig.controlflow.IfStatementWithTooManyBranchesInspection
7143:             3             96  com.siyeh.ig.controlflow.InfiniteLoopStatementInspection
7144:             3             96  com.siyeh.ig.controlflow.LoopConditionNotUpdatedInsideLoopInspection
7145:             3             96  com.siyeh.ig.controlflow.LoopStatementsThatDontLoopInspection
7146:             3             96  com.siyeh.ig.controlflow.NegatedConditionalInspection
7147:             3             96  com.siyeh.ig.controlflow.NegatedIfElseInspection
7148:             3             96  com.siyeh.ig.controlflow.OverlyComplexBooleanExpressionInspection
7149:             3             96  com.siyeh.ig.controlflow.PointlessBooleanExpressionInspection
7150:             3             96  com.siyeh.ig.controlflow.SimplifiableEqualsExpressionInspection
7151:             3             96  com.siyeh.ig.controlflow.SwitchStatementDensityInspection
7152:             3             96  com.siyeh.ig.controlflow.SwitchStatementWithTooFewBranchesInspection
7153:             3             96  com.siyeh.ig.controlflow.SwitchStatementWithTooManyBranchesInspection
7154:             3             96  com.siyeh.ig.controlflow.TrivialIfInspection
7155:             3             96  com.siyeh.ig.controlflow.UnnecessaryContinueInspection
7156:             3             96  com.siyeh.ig.controlflow.UnnecessaryDefaultInspection
7157:             3             96  com.siyeh.ig.controlflow.UnnecessaryReturnInspection
7158:             3             96  com.siyeh.ig.dataflow.LawOfDemeterInspection
7159:             3             96  com.siyeh.ig.dataflow.TooBroadScopeInspection
7160:             3             96  com.siyeh.ig.dataflow.UnnecessaryLocalVariableInspection
7161:             3             96  com.siyeh.ig.dependency.ClassWithTooManyDependenciesInspection
7162:             3             96  com.siyeh.ig.dependency.ClassWithTooManyDependentsInspection
7163:             3             96  com.siyeh.ig.dependency.ClassWithTooManyTransitiveDependenciesInspection
7164:             3             96  com.siyeh.ig.dependency.ClassWithTooManyTransitiveDependentsInspection
7165:             3             96  com.siyeh.ig.encapsulation.AssignmentOrReturnOfFieldWithMutableTypeInspection
7166:             3             96  com.siyeh.ig.encapsulation.PackageVisibleInnerClassInspection
7167:             3             96  com.siyeh.ig.encapsulation.ProtectedInnerClassInspection
7168:             3             96  com.siyeh.ig.encapsulation.PublicFieldInspection
7169:             3             96  com.siyeh.ig.encapsulation.PublicInnerClassInspection
7170:             3             96  com.siyeh.ig.encapsulation.UseOfAnotherObjectsPrivateFieldInspection
7171:             3             96  com.siyeh.ig.errorhandling.BadExceptionCaughtInspection
7172:             3             96  com.siyeh.ig.errorhandling.BadExceptionThrownInspection
7173:             3             96  com.siyeh.ig.errorhandling.ExceptionFromCatchWhichDoesntWrapInspection
7174:             3             96  com.siyeh.ig.errorhandling.NewExceptionWithoutArgumentsInspection
7175:             3             96  com.siyeh.ig.errorhandling.ThrowCaughtLocallyInspection
7176:             3             96  com.siyeh.ig.errorhandling.ThrowFromFinallyBlockInspection
7177:             3             96  com.siyeh.ig.errorhandling.TooBroadCatchInspection
7178:             3             96  com.siyeh.ig.errorhandling.TooBroadThrowsInspection
7179:             3             96  com.siyeh.ig.finalization.FinalizeInspection
7180:             3             96  com.siyeh.ig.imports.StaticImportInspection
7181:             3             96  com.siyeh.ig.inheritance.AbstractMethodOverridesAbstractMethodInspection
7182:             3             96  com.siyeh.ig.inheritance.ExtendsUtilityClassInspection
7183:             3             96  com.siyeh.ig.inheritance.InterfaceNeverImplementedInspection
7184:             3             96  com.siyeh.ig.inheritance.NonProtectedConstructorInAbstractClassInspection
7185:             3             96  com.siyeh.ig.inheritance.RedundantMethodOverrideInspection
7186:             3             96  com.siyeh.ig.inheritance.RefusedBequestInspection
7187:             3             96  com.siyeh.ig.initialization.InstanceVariableInitializationInspection
7188:             3             96  com.siyeh.ig.initialization.StaticVariableInitializationInspection
7189:             3             96  com.siyeh.ig.initialization.StaticVariableUninitializedUseInspection
7190:             3             96  com.siyeh.ig.internationalization.StringConcatenationInspection
7191:             3             96  com.siyeh.ig.j2me.CheckForOutOfMemoryOnLargeArrayAllocationInspection
7192:             3             96  com.siyeh.ig.j2me.ConnectionResourceInspection
7193:             3             96  com.siyeh.ig.j2me.MethodCallInLoopConditionInspection
7194:             3             96  com.siyeh.ig.j2me.MultiplyOrDivideByPowerOfTwoInspection
7195:             3             96  com.siyeh.ig.j2me.OverlyLargePrimitiveArrayInitializerInspection
7196:             3             96  com.siyeh.ig.j2me.RecordStoreResourceInspection
7197:             3             96  com.siyeh.ig.javabeans.ClassWithoutNoArgConstructorInspection
7198:             3             96  com.siyeh.ig.javabeans.SuspiciousGetterSetterInspection
7199:             3             96  com.siyeh.ig.javadoc.MissingDeprecatedAnnotationInspection
7200:             3             96  com.siyeh.ig.javadoc.UnnecessaryJavaDocLinkInspection
7201:             3             96  com.siyeh.ig.jdk.AutoBoxingInspection
7202:             3             96  com.siyeh.ig.junit.JUnit5AssertionsConverterInspection
7203:             3             96  com.siyeh.ig.junit.JUnitRuleInspection
7204:             3             96  com.siyeh.ig.junit.TestCaseWithNoTestMethodsInspection
7205:             3             96  com.siyeh.ig.junit.TestMethodIsPublicVoidNoArgInspection
7206:             3             96  com.siyeh.ig.junit.TestMethodWithoutAssertionInspection
7207:             3             96  com.siyeh.ig.logging.ClassWithMultipleLoggersInspection
7208:             3             96  com.siyeh.ig.logging.NonStaticFinalLoggerInspection
7209:             3             96  com.siyeh.ig.logging.PublicMethodWithoutLoggingInspection
7210:             3             96  com.siyeh.ig.logging.StringConcatenationArgumentToLogCallInspection
7211:             3             96  com.siyeh.ig.maturity.CommentedOutCodeInspection
7212:             3             96  com.siyeh.ig.maturity.ObsoleteCollectionInspection
7213:             3             96  com.siyeh.ig.maturity.SuppressionAnnotationInspection
7214:             3             96  com.siyeh.ig.memory.InnerClassMayBeStaticInspection
7215:             3             96  com.siyeh.ig.memory.ReturnOfInnerClassInspection
7216:             3             96  com.siyeh.ig.memory.StaticCollectionInspection
7217:             3             96  com.siyeh.ig.methodmetrics.CyclomaticComplexityInspection
7218:             3             96  com.siyeh.ig.methodmetrics.MethodCouplingInspection
7219:             3             96  com.siyeh.ig.methodmetrics.MultipleReturnPointsPerMethodInspection
7220:             3             96  com.siyeh.ig.methodmetrics.NestingDepthInspection
7221:             3             96  com.siyeh.ig.methodmetrics.NonCommentSourceStatementsInspection
7222:             3             96  com.siyeh.ig.methodmetrics.OverlyLongLambdaInspection
7223:             3             96  com.siyeh.ig.methodmetrics.ParametersPerConstructorInspection
7224:             3             96  com.siyeh.ig.methodmetrics.ParametersPerMethodInspection
7225:             3             96  com.siyeh.ig.methodmetrics.ThreeNegationsPerMethodInspection
7226:             3             96  com.siyeh.ig.methodmetrics.ThrownExceptionsPerMethodInspection
7227:             3             96  com.siyeh.ig.migration.EqualsReplaceableByObjectsCallInspection
7228:             3             96  com.siyeh.ig.migration.ForCanBeForeachInspection
7229:             3             96  com.siyeh.ig.migration.IfCanBeSwitchInspection
7230:             3             96  com.siyeh.ig.migration.MethodCanBeVariableArityMethodInspection
7231:             3             96  com.siyeh.ig.migration.RawUseOfParameterizedTypeInspection
7232:             3             96  com.siyeh.ig.migration.UnnecessaryBoxingInspection
7233:             3             96  com.siyeh.ig.migration.UnnecessaryUnboxingInspection
7234:             3             96  com.siyeh.ig.modularization.ModuleWithTooFewClassesInspection
7235:             3             96  com.siyeh.ig.modularization.ModuleWithTooManyClassesInspection
7236:             3             96  com.siyeh.ig.naming.MisspelledMethodNameInspection
7237:             3             96  com.siyeh.ig.naming.OverloadedMethodsWithSameNumberOfParametersInspection
7238:             3             96  com.siyeh.ig.naming.ParameterNameDiffersFromOverriddenParameterInspection
7239:             3             96  com.siyeh.ig.naming.QuestionableNameInspection
7240:             3             96  com.siyeh.ig.naming.StandardVariableNamesInspection
7241:             3             96  com.siyeh.ig.numeric.CachedNumberConstructorCallInspection
7242:             3             96  com.siyeh.ig.numeric.CastThatLosesPrecisionInspection
7243:             3             96  com.siyeh.ig.numeric.ConfusingFloatingPointLiteralInspection
7244:             3             96  com.siyeh.ig.numeric.ImplicitNumericConversionInspection
7245:             3             96  com.siyeh.ig.numeric.IntegerMultiplicationImplicitCastToLongInspection
7246:             3             96  com.siyeh.ig.numeric.OverlyComplexArithmeticExpressionInspection
7247:             3             96  com.siyeh.ig.numeric.PointlessArithmeticExpressionInspection
7248:             3             96  com.siyeh.ig.numeric.UnaryPlusInspection
7249:             3             96  com.siyeh.ig.numeric.UnpredictableBigDecimalConstructorCallInspection
7250:             3             96  com.siyeh.ig.packaging.EmptyDirectoryInspection
7251:             3             96  com.siyeh.ig.packaging.PackageWithTooFewClassesInspection
7252:             3             96  com.siyeh.ig.packaging.PackageWithTooManyClassesInspection
7253:             3             96  com.siyeh.ig.performance.CallToSimpleGetterInClassInspection
7254:             3             96  com.siyeh.ig.performance.CallToSimpleSetterInClassInspection
7255:             3             96  com.siyeh.ig.performance.CollectionsMustHaveInitialCapacityInspection
7256:             3             96  com.siyeh.ig.performance.MethodMayBeStaticInspection
7257:             3             96  com.siyeh.ig.performance.StringEqualsEmptyStringInspection
7258:             3             96  com.siyeh.ig.performance.StringReplaceableByStringBufferInspection
7259:             3             96  com.siyeh.ig.performance.ToArrayCallWithZeroLengthArrayArgumentInspection
7260:             3             96  com.siyeh.ig.portability.HardcodedFileSeparatorsInspection
7261:             3             96  com.siyeh.ig.portability.SystemExitInspection
7262:             4             96  com.siyeh.ig.psiutils.BoolUtils$PredicatedReplacement
7263:             3             96  com.siyeh.ig.redundancy.UnnecessaryStringEscapeInspection
7264:             3             96  com.siyeh.ig.resources.ChannelResourceInspection
7265:             3             96  com.siyeh.ig.resources.HibernateResourceInspection
7266:             3             96  com.siyeh.ig.resources.JDBCResourceInspection
7267:             3             96  com.siyeh.ig.resources.JNDIResourceInspection
7268:             3             96  com.siyeh.ig.resources.SocketResourceInspection
7269:             3             96  com.siyeh.ig.security.JDBCExecuteWithNonConstantStringInspection
7270:             3             96  com.siyeh.ig.security.JDBCPrepareStatementWithNonConstantStringInspection
7271:             3             96  com.siyeh.ig.security.LoadLibraryWithNonConstantStringInspection
7272:             3             96  com.siyeh.ig.security.PublicStaticCollectionFieldInspection
7273:             3             96  com.siyeh.ig.security.RuntimeExecWithNonConstantStringInspection
7274:             3             96  com.siyeh.ig.style.AssertMessageNotStringInspection
7275:             3             96  com.siyeh.ig.style.CStyleArrayDeclarationInspection
7276:             3             96  com.siyeh.ig.style.ChainedMethodCallInspection
7277:             3             96  com.siyeh.ig.style.ConstantOnWrongSideOfComparisonInspection
7278:             3             96  com.siyeh.ig.style.ImplicitCallToSuperInspection
7279:             3             96  com.siyeh.ig.style.MissortedModifiersInspection
7280:             3             96  com.siyeh.ig.style.MultipleVariablesInDeclarationInspection
7281:             3             96  com.siyeh.ig.style.NestedMethodCallInspection
7282:             3             96  com.siyeh.ig.style.RedundantFieldInitializationInspection
7283:             3             96  com.siyeh.ig.style.RedundantImplementsInspection
7284:             3             96  com.siyeh.ig.style.SizeReplaceableByIsEmptyInspection
7285:             3             96  com.siyeh.ig.style.TypeParameterExtendsObjectInspection
7286:             3             96  com.siyeh.ig.style.UnnecessarilyQualifiedInnerClassAccessInspection
7287:             3             96  com.siyeh.ig.style.UnnecessarilyQualifiedStaticUsageInspection
7288:             3             96  com.siyeh.ig.style.UnnecessaryBlockStatementInspection
7289:             3             96  com.siyeh.ig.style.UnnecessaryConstructorInspection
7290:             3             96  com.siyeh.ig.style.UnnecessaryFinalOnLocalVariableOrParameterInspection
7291:             3             96  com.siyeh.ig.style.UnnecessaryFullyQualifiedNameInspection
7292:             3             96  com.siyeh.ig.style.UnnecessaryParenthesesInspection
7293:             3             96  com.siyeh.ig.style.UnnecessarySemicolonInspection
7294:             3             96  com.siyeh.ig.style.UnnecessarySuperQualifierInspection
7295:             3             96  com.siyeh.ig.style.UnnecessaryThisInspection
7296:             3             96  com.siyeh.ig.style.UnqualifiedInnerClassAccessInspection
7297:             3             96  com.siyeh.ig.style.UnqualifiedStaticUsageInspection
7298:             3             96  com.siyeh.ig.threading.AccessToNonThreadSafeStaticFieldFromInstanceInspection
7299:             3             96  com.siyeh.ig.threading.AccessToStaticFieldLockedOnInstanceInspection
7300:             3             96  com.siyeh.ig.threading.DoubleCheckedLockingInspection
7301:             3             96  com.siyeh.ig.threading.FieldAccessedSynchronizedAndUnsynchronizedInspection
7302:             3             96  com.siyeh.ig.threading.SharedThreadLocalRandomInspection
7303:             3             96  com.siyeh.ig.threading.SynchronizationOnLocalVariableOrMethodParameterInspection
7304:             3             96  com.siyeh.ig.threading.SynchronizedMethodInspection
7305:             3             96  com.siyeh.ig.threading.SynchronizedOnLiteralObjectInspection
7306:             3             96  com.siyeh.ig.threading.WhileLoopSpinsOnFieldInspection
7307:             3             96  com.siyeh.ig.visibility.FieldHidesSuperclassFieldInspection
7308:             3             96  com.siyeh.ig.visibility.InnerClassVariableHidesOuterClassVariableInspection
7309:             3             96  com.siyeh.ig.visibility.LambdaParameterHidingMemberVariableInspection
7310:             3             96  com.siyeh.ig.visibility.LocalVariableHidingMemberVariableInspection
7311:             3             96  com.siyeh.ig.visibility.MethodOverloadsParentMethodInspection
7312:             3             96  com.siyeh.ig.visibility.ParameterHidingMemberVariableInspection
7313:             4             96  com.siyeh.ipp.switchtoif.ReplaceSwitchWithIfIntention
7314:             3             96  com.sun.org.apache.xerces.internal.utils.XMLSecurityManager$NameMap (java.xml@11.0.9.1)
7315:             6             96  com.sun.proxy.$Proxy107
7316:             6             96  com.sun.proxy.$Proxy119
7317:             6             96  com.sun.proxy.$Proxy3
7318:             6             96  com.sun.proxy.$Proxy61
7319:             6             96  com.sun.proxy.$Proxy93
7320:             3             96  com.sun.tools.jdi.SDE$FileTableRecord (jdk.jdi@11.0.9.1)
7321:             3             96  com.sun.tools.jdi.SDE$StratumTableRecord (jdk.jdi@11.0.9.1)
7322:             4             96  com.sun.xml.bind.v2.model.annotation.RuntimeInlineAnnotationReader
7323:             4             96  com.sun.xml.bind.v2.runtime.ElementBeanInfoImpl$1
7324:             4             96  com.sun.xml.bind.v2.runtime.JAXBContextImpl$1
7325:             4             96  com.sun.xml.bind.v2.runtime.JAXBContextImpl$2
7326:             3             96  de.plushnikov.intellij.plugin.inspection.modifiers.RedundantModifiersOnUtilityClassLombokAnnotationInspection
7327:             3             96  de.plushnikov.intellij.plugin.inspection.modifiers.RedundantModifiersOnValLombokAnnotationInspection
7328:             3             96  de.plushnikov.intellij.plugin.inspection.modifiers.RedundantModifiersOnValLombokAnnotationInspection$1
7329:             3             96  de.plushnikov.intellij.plugin.inspection.modifiers.RedundantModifiersOnValueLombokAnnotationInspection
7330:             2             96  git4idea.config.GitVcsPanelKt$cdCommitOnCherryPick$1
7331:             2             96  git4idea.config.GitVcsPanelKt$cdCommitOnCherryPick$2
7332:             3             96  git4idea.config.UpdateMethod
7333:             4             96  git4idea.log.GitLogIndexer
7334:             2             96  git4idea.ui.branch.GitBranchWidget
7335:             3             96  in.oneton.idea.spring.assistant.plugin.suggestion.metadata.json.SpringConfigurationMetadataHint
7336:             4             96  io.netty.util.ResourceLeakDetector$Level
7337:             2             96  io.netty.util.collection.IntObjectHashMap
7338:             3             96  io.netty.util.concurrent.DefaultPromise
7339:             6             96  io.netty.util.internal.TypeParameterMatcher$ReflectiveMatcher
7340:             2             96  java.awt.Component$BltSubRegionBufferStrategy (java.desktop@11.0.9.1)
7341:             4             96  java.awt.Dialog$ModalityType (java.desktop@11.0.9.1)
7342:             2             96  java.awt.ImageMediaEntry (java.desktop@11.0.9.1)
7343:             1             96  java.awt.PopupMenu (java.desktop@11.0.9.1)
7344:             3             96  java.awt.geom.GeneralPath (java.desktop@11.0.9.1)
7345:             4             96  java.awt.geom.Point2D$Float (java.desktop@11.0.9.1)
7346:             3             96  java.lang.Runtime$Version (java.base@11.0.9.1)
7347:             3             96  java.lang.WeakPairMap$Pair$Weak$1 (java.base@11.0.9.1)
7348:             2             96  java.lang.invoke.BoundMethodHandle$Species_LIILL (java.base@11.0.9.1)
7349:             3             96  java.lang.invoke.SimpleMethodHandle (java.base@11.0.9.1)
7350:             4             96  java.lang.module.ModuleDescriptor$Modifier (java.base@11.0.9.1)
7351:             4             96  java.lang.module.ModuleDescriptor$Requires$Modifier (java.base@11.0.9.1)
7352:             2             96  java.net.NetworkInterface (java.base@11.0.9.1)
7353:             4             96  java.nio.file.FileVisitResult (java.base@11.0.9.1)
7354:             4             96  java.rmi.dgc.Lease (java.rmi@11.0.9.1)
7355:             4             96  java.security.CodeSigner (java.base@11.0.9.1)
7356:             4             96  java.text.Normalizer$Form (java.base@11.0.9.1)
7357:             4             96  java.time.format.DateTimeFormatterBuilder$OffsetIdPrinterParser (java.base@11.0.9.1)
7358:             4             96  java.time.format.DateTimeFormatterBuilder$SettingsParser (java.base@11.0.9.1)
7359:             6             96  java.util.Hashtable$EntrySet (java.base@11.0.9.1)
7360:             2             96  java.util.concurrent.ConcurrentSkipListMap (java.base@11.0.9.1)
7361:             3             96  java.util.concurrent.CountDownLatch$Sync (java.base@11.0.9.1)
7362:             3             96  java.util.concurrent.Executors$PrivilegedThreadFactory (java.base@11.0.9.1)
7363:             6             96  java.util.concurrent.SynchronousQueue$TransferStack (java.base@11.0.9.1)
7364:             4             96  java.util.regex.Pattern$Qtype (java.base@11.0.9.1)
7365:             4             96  java.util.stream.StreamShape (java.base@11.0.9.1)
7366:             4             96  javax.swing.ClientPropertyKey (java.desktop@11.0.9.1)
7367:             4             96  javax.swing.UIManager$LookAndFeelInfo (java.desktop@11.0.9.1)
7368:             6             96  javax.swing.plaf.basic.BasicPopupMenuUI$Actions (java.desktop@11.0.9.1)
7369:             3             96  javax.swing.text.DefaultEditorKit$BeginLineAction (java.desktop@11.0.9.1)
7370:             3             96  javax.swing.text.DefaultEditorKit$BeginParagraphAction (java.desktop@11.0.9.1)
7371:             3             96  javax.swing.text.DefaultEditorKit$BeginWordAction (java.desktop@11.0.9.1)
7372:             3             96  javax.swing.text.DefaultEditorKit$EndLineAction (java.desktop@11.0.9.1)
7373:             3             96  javax.swing.text.DefaultEditorKit$EndParagraphAction (java.desktop@11.0.9.1)
7374:             3             96  javax.swing.text.DefaultEditorKit$EndWordAction (java.desktop@11.0.9.1)
7375:             2             96  javax.swing.text.DefaultStyledDocument$SectionElement (java.desktop@11.0.9.1)
7376:             4             96  javax.swing.text.PlainView$FPMethodArgs (java.desktop@11.0.9.1)
7377:             4             96  javax.swing.text.StyledEditorKit$1 (java.desktop@11.0.9.1)
7378:             3             96  javax.swing.text.StyledEditorKit$AlignmentAction (java.desktop@11.0.9.1)
7379:             3             96  javax.swing.text.StyledEditorKit$FontFamilyAction (java.desktop@11.0.9.1)
7380:             1             96  javax.swing.text.html.HTMLDocument (java.desktop@11.0.9.1)
7381:             2             96  javax.swing.text.html.StyleSheet$ListPainter (java.desktop@11.0.9.1)
7382:             4             96  javax.xml.bind.annotation.XmlAccessType
7383:             1             96  jdk.internal.jimage.ImageReader$SharedImageReader (java.base@11.0.9.1)
7384:             3             96  jdk.internal.loader.BuiltinClassLoader$1 (java.base@11.0.9.1)
7385:             6             96  jdk.internal.loader.ClassLoaderValue (java.base@11.0.9.1)
7386:             4             96  jdk.internal.logger.BootstrapLogger$LoggingBackend (java.base@11.0.9.1)
7387:             4             96  jdk.internal.math.FormattedFloatingDecimal$Form (java.base@11.0.9.1)
7388:             4             96  jdk.internal.module.IllegalAccessLogger$Mode (java.base@11.0.9.1)
7389:             4             96  kotlin.collections.State
7390:             4             96  kotlin.collections.State
7391:             4             96  kotlin.reflect.KVisibility
7392:             4             96  kotlin.reflect.jvm.internal.WeakClassLoaderBox
7393:             4             96  kotlin.reflect.jvm.internal.impl.builtins.jvm.JvmBuiltInsSettings$JDKMemberStatus
7394:             4             96  kotlin.reflect.jvm.internal.impl.descriptors.CallableMemberDescriptor$Kind
7395:             4             96  kotlin.reflect.jvm.internal.impl.descriptors.CallableMemberDescriptor$Kind
7396:             4             96  kotlin.reflect.jvm.internal.impl.descriptors.Modality
7397:             4             96  kotlin.reflect.jvm.internal.impl.descriptors.Modality
7398:             1             96  kotlin.reflect.jvm.internal.impl.descriptors.impl.ClassConstructorDescriptorImpl
7399:             1             96  kotlin.reflect.jvm.internal.impl.descriptors.impl.ClassConstructorDescriptorImpl
7400:             1             96  kotlin.reflect.jvm.internal.impl.descriptors.impl.PropertyDescriptorImpl
7401:             1             96  kotlin.reflect.jvm.internal.impl.descriptors.impl.PropertyDescriptorImpl
7402:             3             96  kotlin.reflect.jvm.internal.impl.descriptors.impl.ReceiverParameterDescriptorImpl
7403:             4             96  kotlin.reflect.jvm.internal.impl.load.java.AnnotationTypeQualifierResolver$QualifierApplicabilityType
7404:             3             96  kotlin.reflect.jvm.internal.impl.load.java.BuiltinMethodsWithSpecialGenericSignature$SpecialSignatureInfo
7405:             4             96  kotlin.reflect.jvm.internal.impl.load.java.descriptors.JavaMethodDescriptor$ParameterNamesStatus
7406:             3             96  kotlin.reflect.jvm.internal.impl.load.java.lazy.LazyJavaTypeParameterResolver
7407:             3             96  kotlin.reflect.jvm.internal.impl.load.java.lazy.descriptors.LazyJavaClassDescriptor$LazyJavaClassTypeConstructor
7408:             4             96  kotlin.reflect.jvm.internal.impl.load.java.typeEnhancement.JavaTypeQualifiers
7409:             4             96  kotlin.reflect.jvm.internal.impl.metadata.ProtoBuf$MemberKind
7410:             4             96  kotlin.reflect.jvm.internal.impl.metadata.ProtoBuf$MemberKind
7411:             4             96  kotlin.reflect.jvm.internal.impl.metadata.ProtoBuf$Modality
7412:             4             96  kotlin.reflect.jvm.internal.impl.metadata.ProtoBuf$Modality
7413:             4             96  kotlin.reflect.jvm.internal.impl.metadata.ProtoBuf$Type$Argument$Projection
7414:             4             96  kotlin.reflect.jvm.internal.impl.metadata.ProtoBuf$Type$Argument$Projection
7415:             4             96  kotlin.reflect.jvm.internal.impl.metadata.deserialization.Flags$EnumLiteFlagField
7416:             4             96  kotlin.reflect.jvm.internal.impl.metadata.deserialization.Flags$EnumLiteFlagField
7417:             4             96  kotlin.reflect.jvm.internal.impl.resolve.ExternalOverridabilityCondition$Result
7418:             4             96  kotlin.reflect.jvm.internal.impl.resolve.ExternalOverridabilityCondition$Result
7419:             4             96  kotlin.reflect.jvm.internal.impl.resolve.sam.SamConversionResolverImpl
7420:             4             96  kotlin.reflect.jvm.internal.impl.resolve.scopes.StaticScopeForKotlinEnum
7421:             4             96  kotlin.reflect.jvm.internal.impl.resolve.scopes.StaticScopeForKotlinEnum$functions$2
7422:             4             96  kotlin.reflect.jvm.internal.impl.serialization.deserialization.AnnotatedCallableKind
7423:             4             96  kotlin.reflect.jvm.internal.impl.serialization.deserialization.AnnotatedCallableKind
7424:             4             96  kotlin.reflect.jvm.internal.impl.serialization.deserialization.descriptors.DeserializedClassDescriptor$EnumEntryClassDescriptors$enumEntryByName$1
7425:             4             96  kotlin.reflect.jvm.internal.impl.serialization.deserialization.descriptors.DeserializedClassDescriptor$EnumEntryClassDescriptors$enumMemberNames$1
7426:             4             96  kotlin.reflect.jvm.internal.impl.storage.LockBasedStorageManager$CacheWithNullableValuesBasedOnMemoizedFunction
7427:             6             96  kotlin.reflect.jvm.internal.impl.storage.LockBasedStorageManager$CacheWithNullableValuesBasedOnMemoizedFunction$1
7428:             3             96  kotlin.reflect.jvm.internal.impl.types.ClassTypeConstructorImpl
7429:             3             96  kotlin.reflect.jvm.internal.impl.types.LazyWrappedType
7430:             3             96  kotlin.reflect.jvm.internal.impl.types.Variance
7431:             3             96  kotlin.reflect.jvm.internal.impl.types.Variance
7432:             4             96  kotlin.reflect.jvm.internal.impl.types.checker.TypeCheckingProcedure$EnrichedProjectionKind
7433:             4             96  kotlin.reflect.jvm.internal.impl.util.ValueParameterCountCheck$AtLeast
7434:             3             96  kotlin.reflect.jvm.internal.impl.utils.Jsr305State
7435:             4             96  kotlinx.coroutines.CoroutineStart
7436:             4             96  kotlinx.coroutines.CoroutineStart
7437:             3             96  kotlinx.coroutines.InvokeOnCompletion
7438:             4             96  net.jpountz.lz4.LZ4FrameOutputStream$BLOCKSIZE
7439:             4             96  net.loomchild.segment.srx.Rule
7440:             3             96  org.apache.log4j.helpers.PatternParser$BasicPatternConverter
7441:             4             96  org.apache.xerces.impl.xpath.regex.Token$ParenToken
7442:             4             96  org.apache.xerces.impl.xpath.regex.Token$UnionToken
7443:             4             96  org.apache.xerces.impl.xs.util.ShortListImpl
7444:             3             96  org.apache.xerces.util.XMLGrammarPoolImpl$Entry
7445:             4             96  org.editorconfig.settings.EditorConfigSettings
7446:             4             96  org.imgscalr.Scalr$Mode
7447:             4             96  org.infernus.idea.checkstyle.VersionComparator$VE
7448:             4             96  org.intellij.plugins.intelliLang.Configuration$DfaOption
7449:             6             96  org.intellij.plugins.intelliLang.inject.InjectorUtils$$Lambda$3622/0x0000000802195040
7450:             4             96  org.intellij.plugins.intelliLang.util.AnnotationUtilEx$LookupType
7451:             4             96  org.intellij.plugins.markdown.lang.MarkdownLazyElementType
7452:             3             96  org.intellij.plugins.markdown.ui.split.SplitFileEditor$SplitEditorLayout
7453:             4             96  org.jdom.output.Format$TextMode
7454:             4             96  org.jetbrains.android.formatter.AndroidXmlCodeStyleSettings$LayoutSettings
7455:             4             96  org.jetbrains.android.formatter.AndroidXmlCodeStyleSettings$ManifestSettings
7456:             4             96  org.jetbrains.android.formatter.AndroidXmlCodeStyleSettings$OtherSettings
7457:             4             96  org.jetbrains.android.formatter.AndroidXmlCodeStyleSettings$ValueResourceFileSettings
7458:             3             96  org.jetbrains.idea.devkit.inspections.DescriptionType
7459:             3             96  org.jetbrains.idea.devkit.inspections.IncorrectParentDisposableInspection
7460:             3             96  org.jetbrains.idea.devkit.inspections.InspectionDescriptionNotFoundInspection
7461:             3             96  org.jetbrains.idea.devkit.inspections.IntentionDescriptionNotFoundInspection
7462:             3             96  org.jetbrains.idea.devkit.inspections.PluginXmlDynamicPluginInspection
7463:             3             96  org.jetbrains.idea.devkit.inspections.PostfixTemplateDescriptionNotFoundInspection
7464:             3             96  org.jetbrains.idea.devkit.inspections.missingApi.MissingRecentApiInspection
7465:             3             96  org.jetbrains.idea.devkit.util.ComponentType
7466:             2             96  org.jetbrains.idea.maven.buildtool.MavenSyncConsole
7467:             3             96  org.jetbrains.idea.maven.dom.generate.MavenGenerateDomElementProvider
7468:             3             96  org.jetbrains.idea.maven.execution.MavenExecutionOptions$ChecksumPolicy
7469:             3             96  org.jetbrains.idea.maven.execution.MavenExecutionOptions$PluginUpdatePolicy
7470:             3             96  org.jetbrains.idea.maven.externalSystemIntegration.output.LogMessageType
7471:             2             96  org.jetbrains.idea.maven.indices.MavenIndex$IndexData
7472:             6             96  org.jetbrains.idea.maven.indices.MavenIndex$SetDescriptor
7473:             4             96  org.jetbrains.idea.maven.model.MavenWorkspaceMap$Data
7474:             4             96  org.jetbrains.idea.maven.project.MavenImportingSettings$GeneratedSourcesFolder
7475:             4             96  org.jetbrains.idea.maven.project.MavenProjectsAware$subscribe$1
7476:             4             96  org.jetbrains.idea.maven.project.MavenProjectsAware$subscribe$2
7477:             2             96  org.jetbrains.idea.maven.project.MavenProjectsManagerWatcher
7478:             3             96  org.jetbrains.idea.maven.project.MavenWorkspaceSettings
7479:             2             96  org.jetbrains.idea.maven.server.MavenServerRemoteProcessSupport
7480:             4             96  org.jetbrains.idea.maven.tasks.MavenTasksManager$1MyCompileTask
7481:             4             96  org.jetbrains.idea.maven.tasks.MavenTasksManager$Phase
7482:             3             96  org.jetbrains.idea.maven.tasks.MavenTasksManagerState
7483:             2             96  org.jetbrains.idea.svn.actions.AddToIgnoreListAction
7484:             2             96  org.jetbrains.idea.svn.actions.RemoveFromIgnoreListAction
7485:             3             96  org.jetbrains.io.ChannelRegistrar
7486:             4             96  org.jetbrains.jps.api.CmdlineRemoteProto$Message$BuilderMessage$BuildEvent$Status
7487:             4             96  org.jetbrains.jps.api.CmdlineRemoteProto$Message$BuilderMessage$Type
7488:             4             96  org.jetbrains.jps.api.CmdlineRemoteProto$Message$ControllerMessage$Type
7489:             4             96  org.jetbrains.jps.model.ex.JpsElementCollectionRole
7490:             3             96  org.jetbrains.jps.model.java.JdkVersionDetector$JdkVersionInfo
7491:             3             96  org.jetbrains.jps.model.java.compiler.JpsJavaCompilerOptions
7492:             2             96  org.jetbrains.kotlin.cli.common.arguments.ArgumentParseErrors
7493:             4             96  org.jetbrains.kotlin.config.JVMAssertionsMode
7494:             4             96  org.jetbrains.kotlin.config.LanguageFeature$State
7495:             2             96  org.jetbrains.kotlin.idea.core.script.configuration.CompositeScriptConfigurationManager$updater$1
7496:             2             96  org.jetbrains.kotlin.idea.core.script.configuration.DefaultScriptingSupport
7497:             3             96  org.jetbrains.kotlin.idea.core.script.configuration.utils.ScriptClassRootsStorage
7498:             3             96  org.jetbrains.kotlin.idea.core.script.ucache.ScriptSdks
7499:             2             96  org.jetbrains.kotlin.idea.decompiler.common.KotlinMetadataDecompiler$metadataStubBuilder$1
7500:             2             96  org.jetbrains.kotlin.idea.injection.KotlinLanguageInjector$injectableTargetClassShortNames$1
7501:             3             96  org.jetbrains.kotlin.idea.inspections.AddOperatorModifierInspection
7502:             3             96  org.jetbrains.kotlin.idea.inspections.ClassNameInspection
7503:             3             96  org.jetbrains.kotlin.idea.inspections.ComplexRedundantLetInspection
7504:             3             96  org.jetbrains.kotlin.idea.inspections.ConstPropertyNameInspection
7505:             3             96  org.jetbrains.kotlin.idea.inspections.ConvertTwoComparisonsToRangeCheckInspection
7506:             3             96  org.jetbrains.kotlin.idea.inspections.DeprecatedCallableAddReplaceWithInspection
7507:             3             96  org.jetbrains.kotlin.idea.inspections.EnumEntryNameInspection
7508:             3             96  org.jetbrains.kotlin.idea.inspections.FoldInitializerAndIfToElvisInspection
7509:             3             96  org.jetbrains.kotlin.idea.inspections.FunctionNameInspection
7510:             3             96  org.jetbrains.kotlin.idea.inspections.ImplicitNullableNothingTypeInspection
7511:             3             96  org.jetbrains.kotlin.idea.inspections.JavaMapForEachInspection
7512:             3             96  org.jetbrains.kotlin.idea.inspections.LocalVariableNameInspection
7513:             3             96  org.jetbrains.kotlin.idea.inspections.MoveLambdaOutsideParenthesesInspection
7514:             3             96  org.jetbrains.kotlin.idea.inspections.ObjectPropertyNameInspection
7515:             3             96  org.jetbrains.kotlin.idea.inspections.PackageNameInspection
7516:             3             96  org.jetbrains.kotlin.idea.inspections.PlatformExtensionReceiverOfInlineInspection
7517:             3             96  org.jetbrains.kotlin.idea.inspections.PrivatePropertyNameInspection
7518:             3             96  org.jetbrains.kotlin.idea.inspections.PropertyNameInspection
7519:             3             96  org.jetbrains.kotlin.idea.inspections.RemoveCurlyBracesFromTemplateInspection
7520:             3             96  org.jetbrains.kotlin.idea.inspections.ReplaceArrayEqualityOpWithArraysEqualsInspection
7521:             3             96  org.jetbrains.kotlin.idea.inspections.ReplaceAssertBooleanWithAssertEqualityInspection
7522:             3             96  org.jetbrains.kotlin.idea.inspections.ReplaceGuardClauseWithFunctionCallInspection
7523:             3             96  org.jetbrains.kotlin.idea.inspections.ReplacePutWithAssignmentInspection
7524:             3             96  org.jetbrains.kotlin.idea.inspections.ReplaceToStringWithStringTemplateInspection
7525:             3             96  org.jetbrains.kotlin.idea.inspections.ReplaceWithOperatorAssignmentInspection
7526:             3             96  org.jetbrains.kotlin.idea.inspections.SimpleRedundantLetInspection
7527:             3             96  org.jetbrains.kotlin.idea.inspections.SimplifyAssertNotNullInspection
7528:             3             96  org.jetbrains.kotlin.idea.inspections.SimplifyNegatedBinaryExpressionInspection
7529:             3             96  org.jetbrains.kotlin.idea.inspections.SortModifiersInspection
7530:             3             96  org.jetbrains.kotlin.idea.inspections.TestFunctionNameInspection
7531:             3             96  org.jetbrains.kotlin.idea.inspections.UnnecessaryVariableInspection
7532:             3             96  org.jetbrains.kotlin.idea.inspections.api.IncompatibleAPIInspection
7533:             3             96  org.jetbrains.kotlin.idea.inspections.branchedTransformations.IfThenToElvisInspection
7534:             3             96  org.jetbrains.kotlin.idea.inspections.branchedTransformations.IfThenToSafeAccessInspection
7535:             3             96  org.jetbrains.kotlin.idea.inspections.branchedTransformations.IntroduceWhenSubjectInspection
7536:             3             96  org.jetbrains.kotlin.idea.inspections.collections.ConvertCallChainIntoSequenceInspection
7537:             3             96  org.jetbrains.kotlin.idea.inspections.collections.UselessCallOnCollectionInspection
7538:             3             96  org.jetbrains.kotlin.idea.inspections.collections.UselessCallOnNotNullInspection
7539:             3             96  org.jetbrains.kotlin.idea.inspections.conventionNameCalls.ReplaceCallWithBinaryOperatorInspection
7540:             3             96  org.jetbrains.kotlin.idea.inspections.conventionNameCalls.ReplaceGetOrSetInspection
7541:             3             96  org.jetbrains.kotlin.idea.inspections.coroutines.DeferredResultUnusedInspection
7542:             3             96  org.jetbrains.kotlin.idea.inspections.migration.ObsoleteExperimentalCoroutinesInspection
7543:             6             96  org.jetbrains.kotlin.idea.inspections.migration.ObsoleteExtensionFunctionUsageReporter$Companion$ImportExtensionFunctionFix
7544:             3             96  org.jetbrains.kotlin.idea.inspections.migration.ObsoleteKotlinJsPackagesInspection
7545:             6             96  org.jetbrains.kotlin.idea.inspections.migration.ObsoleteTopLevelFunctionUsageReporter$Companion$RebindReferenceFix
7546:             3             96  org.jetbrains.kotlin.idea.inspections.substring.ReplaceSubstringWithDropLastInspection
7547:             3             96  org.jetbrains.kotlin.idea.inspections.substring.ReplaceSubstringWithSubstringAfterInspection
7548:             3             96  org.jetbrains.kotlin.idea.inspections.substring.ReplaceSubstringWithSubstringBeforeInspection
7549:             3             96  org.jetbrains.kotlin.idea.inspections.substring.ReplaceSubstringWithTakeInspection
7550:             3             96  org.jetbrains.kotlin.idea.intentions.ConvertLambdaToReferenceInspection
7551:             3             96  org.jetbrains.kotlin.idea.intentions.ConvertReferenceToLambdaInspection
7552:             3             96  org.jetbrains.kotlin.idea.intentions.ConvertSecondaryConstructorToPrimaryInspection
7553:             3             96  org.jetbrains.kotlin.idea.intentions.ConvertToStringTemplateInspection
7554:             3             96  org.jetbrains.kotlin.idea.intentions.ConvertTryFinallyToUseCallInspection
7555:             3             96  org.jetbrains.kotlin.idea.intentions.DestructureInspection
7556:             3             96  org.jetbrains.kotlin.idea.intentions.JoinDeclarationAndAssignmentInspection
7557:             3             96  org.jetbrains.kotlin.idea.intentions.ObjectLiteralToLambdaInspection
7558:             3             96  org.jetbrains.kotlin.idea.intentions.RemoveEmptyClassBodyInspection
7559:             3             96  org.jetbrains.kotlin.idea.intentions.RemoveEmptyParenthesesFromLambdaCallInspection
7560:             3             96  org.jetbrains.kotlin.idea.intentions.RemoveEmptyPrimaryConstructorInspection
7561:             3             96  org.jetbrains.kotlin.idea.intentions.RemoveEmptySecondaryConstructorBodyInspection
7562:             3             96  org.jetbrains.kotlin.idea.intentions.RemoveExplicitSuperQualifierInspection
7563:             3             96  org.jetbrains.kotlin.idea.intentions.RemoveExplicitTypeArgumentsInspection
7564:             3             96  org.jetbrains.kotlin.idea.intentions.RemoveForLoopIndicesInspection
7565:             3             96  org.jetbrains.kotlin.idea.intentions.RemoveRedundantCallsOfConversionMethodsInspection
7566:             3             96  org.jetbrains.kotlin.idea.intentions.ReplaceSizeCheckWithIsNotEmptyInspection
7567:             3             96  org.jetbrains.kotlin.idea.intentions.ReplaceSizeZeroCheckWithIsEmptyInspection
7568:             3             96  org.jetbrains.kotlin.idea.intentions.SimplifyBooleanWithConstantsInspection
7569:             3             96  org.jetbrains.kotlin.idea.intentions.loopToCallChain.UseWithIndexInspection
7570:             3             96  org.jetbrains.kotlin.idea.intentions.loopToCallChain.UseWithIndexIntention
7571:             3             96  org.jetbrains.kotlin.idea.maven.inspections.DifferentKotlinMavenVersionInspection
7572:             4             96  org.jetbrains.kotlin.idea.run.KotlinRunConfiguration$1
7573:             2             96  org.jetbrains.kotlin.idea.script.ScriptTemplatesFromDependenciesProvider
7574:             4             96  org.jetbrains.kotlin.idea.vfilefinder.KotlinMetadataFileIndexBase$INDEXER$1
7575:             4             96  org.jetbrains.kotlin.mainKts.impl.Directories$OSKind
7576:             4             96  org.jetbrains.kotlin.mainKts.impl.Directories$OSKind
7577:             4             96  org.jetbrains.kotlin.scripting.definitions.ScriptDefinition$FromLegacy$compilationConfiguration$2
7578:             4             96  org.jetbrains.kotlin.scripting.definitions.ScriptDefinition$FromLegacy$evaluationConfiguration$2
7579:             3             96  org.jetbrains.lang.manifest.highlighting.MisspelledHeaderInspection
7580:             4             96  org.jetbrains.mvstore.MVMap$Decision
7581:             4             96  org.jetbrains.mvstore.ObjectKeyManager
7582:             6             96  org.jetbrains.mvstore.type.IntKeyManager
7583:             6             96  org.jetbrains.plugins.gradle.config.DelegatingGradleSettingsListenerAdapter
7584:             2             96  org.jetbrains.plugins.gradle.service.execution.GradleRunConfiguration
7585:             4             96  org.jetbrains.plugins.textmate.language.preferences.TextMateTextAttributes$FontStyle
7586:             6             96  org.jetbrains.uast.UastBinaryOperator$BitwiseOperator
7587:             4             96  org.roaringbitmap.ArrayContainer
7588:             4             96  org.roaringbitmap.RoaringArray
7589:             3             96  sun.awt.SoftCache (java.desktop@11.0.9.1)
7590:             4             96  sun.awt.im.InputMethodLocator (java.desktop@11.0.9.1)
7591:             3             96  sun.awt.image.MultiResolutionCachedImage$ImageCacheKey (java.desktop@11.0.9.1)
7592:             2             96  sun.awt.image.URLImageSource (java.desktop@11.0.9.1)
7593:             4             96  sun.java2d.StateTrackable$State (java.desktop@11.0.9.1)
7594:             3             96  sun.java2d.cmm.lcms.LCMSProfile (java.desktop@11.0.9.1)
7595:             6             96  sun.java2d.pipe.AAShapePipe (java.desktop@11.0.9.1)
7596:             6             96  sun.java2d.pipe.TextRenderer (java.desktop@11.0.9.1)
7597:             4             96  sun.jvmstat.monitor.Variability (jdk.internal.jvmstat@11.0.9.1)
7598:             3             96  sun.nio.ch.ServerSocketAdaptor (java.base@11.0.9.1)
7599:             3             96  sun.reflect.generics.repository.ConstructorRepository (java.base@11.0.9.1)
7600:             1             96  sun.reflect.misc.MethodUtil (java.base@11.0.9.1)
7601:             6             96  sun.security.provider.NativePRNG (java.base@11.0.9.1)
7602:             6             96  sun.security.ssl.Authenticator$TLS13Authenticator (java.base@11.0.9.1)
7603:             3             96  sun.security.ssl.CipherSuite$HashAlg (java.base@11.0.9.1)
7604:             4             96  sun.security.ssl.CipherType (java.base@11.0.9.1)
7605:             3             96  sun.security.ssl.ECPointFormatsExtension$ECPointFormat (java.base@11.0.9.1)
7606:             3             96  sun.security.ssl.SSLTrafficKeyDerivation$KeySchedule (java.base@11.0.9.1)
7607:             3             96  sun.security.ssl.SignatureScheme$SigAlgParamSpec (java.base@11.0.9.1)
7608:             3             96  sun.security.x509.NetscapeCertTypeExtension (java.base@11.0.9.1)
7609:             1             88  [Lcom.intellij.lang.refactoring.InlineActionHandler;
7610:             4             88  [Lcom.intellij.openapi.components.Service$Level;
7611:             2             88  [Lcom.intellij.openapi.editor.colors.ColorKey;
7612:             1             88  [Lcom.intellij.openapi.projectRoots.JavaSdkVersion;
7613:             1             88  [Lcom.intellij.openapi.startup.StartupActivity;
7614:             3             88  [Lcom.intellij.openapi.util.Pair;
7615:             1             88  [Lcom.intellij.openapi.wm.ToolWindowEP;
7616:             1             88  [Lcom.intellij.psi.ElementDescriptionProvider;
7617:             1             88  [Lcom.intellij.psi.codeStyle.CodeStyleSettingsCustomizable$BlankLinesOption;
7618:             4             88  [Lcom.siyeh.ig.InspectionGadgetsFix;
7619:             3             88  [Lgit4idea.index.ui.NodeKind;
7620:             1             88  [Ljava.awt.geom.AffineTransform; (java.desktop@11.0.9.1)
7621:             1             88  [Lkotlin.reflect.jvm.internal.impl.protobuf.WireFormat$FieldType;
7622:             1             88  [Lkotlin.reflect.jvm.internal.impl.protobuf.WireFormat$FieldType;
7623:             1             88  [Lkotlin.reflect.jvm.internal.impl.util.Checks;
7624:             1             88  [Lnet.jpountz.lz4.LZ4Compressor;
7625:             3             88  [Lorg.jetbrains.idea.maven.plugins.api.MavenPluginDescriptor$ModelProperty;
7626:             2             88  [Lsun.security.jca.ProviderConfig; (java.base@11.0.9.1)
7627:             1             88  [Lsun.security.ssl.CipherSuite$KeyExchange; (java.base@11.0.9.1)
7628:             1             88  [[Ljava.lang.Byte; (java.base@11.0.9.1)
7629:             1             88  com.android.tools.adtui.webp.WebpImageReaderSpi
7630:             1             88  com.android.tools.adtui.webp.WebpImageWriterSpi
7631:             1             88  com.ibm.icu.text.DecimalFormat
7632:             1             88  com.intellij.codeInsight.daemon.impl.analysis.RefCountHolder$1
7633:             1             88  com.intellij.codeInsight.daemon.impl.analysis.RefCountHolder$2
7634:             1             88  com.intellij.codeInsight.hints.ParameterHintsPass
7635:             1             88  com.intellij.codeInspection.dataFlow.DataFlowInstructionVisitor
7636:             1             88  com.intellij.compiler.server.BuildManager
7637:             1             88  com.intellij.java.ift.JavaLangSupport$readMeCreator$1
7638:             1             88  com.intellij.openapi.actionSystem.impl.ActionManagerImpl
7639:             1             88  com.intellij.openapi.progress.util.ProgressWrapper
7640:             1             88  com.sun.imageio.plugins.bmp.BMPImageReaderSpi (java.desktop@11.0.9.1)
7641:             1             88  com.sun.imageio.plugins.bmp.BMPImageWriterSpi (java.desktop@11.0.9.1)
7642:             1             88  com.sun.imageio.plugins.gif.GIFImageReaderSpi (java.desktop@11.0.9.1)
7643:             1             88  com.sun.imageio.plugins.gif.GIFImageWriterSpi (java.desktop@11.0.9.1)
7644:             1             88  com.sun.imageio.plugins.jpeg.JPEGImageReaderSpi (java.desktop@11.0.9.1)
7645:             1             88  com.sun.imageio.plugins.jpeg.JPEGImageWriterSpi (java.desktop@11.0.9.1)
7646:             1             88  com.sun.imageio.plugins.png.PNGImageReaderSpi (java.desktop@11.0.9.1)
7647:             1             88  com.sun.imageio.plugins.png.PNGImageWriterSpi (java.desktop@11.0.9.1)
7648:             1             88  com.sun.imageio.plugins.tiff.TIFFImageReaderSpi (java.desktop@11.0.9.1)
7649:             1             88  com.sun.imageio.plugins.tiff.TIFFImageWriterSpi (java.desktop@11.0.9.1)
7650:             1             88  com.sun.imageio.plugins.wbmp.WBMPImageReaderSpi (java.desktop@11.0.9.1)
7651:             1             88  com.sun.imageio.plugins.wbmp.WBMPImageWriterSpi (java.desktop@11.0.9.1)
7652:             1             88  com.twelvemonkeys.imageio.plugins.tiff.BigTIFFImageReaderSpi
7653:             1             88  com.twelvemonkeys.imageio.plugins.tiff.TIFFImageReaderSpi
7654:             1             88  com.twelvemonkeys.imageio.plugins.tiff.TIFFImageWriterSpi
7655:             1             88  java.awt.Menu (java.desktop@11.0.9.1)
7656:             1             88  java.util.jar.JarVerifier (java.base@11.0.9.1)
7657:             1             88  javax.swing.JButton$AccessibleJButton (java.desktop@11.0.9.1)
7658:             1             88  javax.swing.ToolTipManager (java.desktop@11.0.9.1)
7659:             1             88  javax.swing.text.html.parser.DTD (java.desktop@11.0.9.1)
7660:             1             88  org.apache.log4j.RollingFileAppender
7661:             1             88  org.jetbrains.idea.svn.actions.IgnoreActionGroup
7662:             1             88  org.jetbrains.jps.api.CmdlineRemoteProto$Message$BuilderMessage$CompileMessage
7663:             1             88  sun.font.GlyphList (java.desktop@11.0.9.1)
7664:             1             88  sun.nio.ch.KQueuePort (java.base@11.0.9.1)
7665:             2             80  [Lcom.android.tools.idea.uibuilder.visual.ConfigurationSet;
7666:             1             80  [Lcom.fasterxml.jackson.core.JsonParser$Feature;
7667:             2             80  [Lcom.fasterxml.jackson.databind.annotation.JsonSerialize$Inclusion;
7668:             2             80  [Lcom.google.wireless.android.sdk.stats.AndroidStudioEvent$IdeBrand;
7669:             1             80  [Lcom.intellij.codeInsight.quickfix.UnresolvedReferenceQuickFixProvider;
7670:             2             80  [Lcom.intellij.codeInspection.dataFlow.SpecialField;
7671:             2             80  [Lcom.intellij.debugger.ui.tree.render.NodeRenderer;
7672:             2             80  [Lcom.intellij.ide.browsers.BrowserFamily;
7673:             2             80  [Lcom.intellij.ide.projectView.ProjectViewNodeDecorator;
7674:             2             80  [Lcom.intellij.ide.ui.search.OptionDescription;
7675:             2             80  [Lcom.intellij.openapi.actionSystem.DataKey;
7676:             2             80  [Lcom.intellij.openapi.editor.colors.impl.TextAttributesReader$Effect;
7677:             1             80  [Lcom.intellij.openapi.vfs.impl.VirtualFileManagerImpl$VirtualFileSystemBean;
7678:             1             80  [Lcom.intellij.refactoring.move.MoveHandlerDelegate;
7679:             1             80  [Lcom.intellij.util.IntSLRUCache;
7680:             1             80  [Lcom.intellij.util.containers.SLRUCache;
7681:             2             80  [Lcom.intellij.util.lang.Resource$Attribute;
7682:             2             80  [Lcom.intellij.util.lang.Resource$Attribute;
7683:             2             80  [Lcom.intellij.util.text.DateFormatUtil$Period;
7684:             2             80  [Lcom.sun.xml.bind.v2.model.impl.ClassInfoImpl$SecondaryAnnotation;
7685:             2             80  [Lin.oneton.idea.spring.assistant.plugin.suggestion.metadata.json.SpringConfigurationMetadataHintValue;
7686:             1             80  [Ljava.time.temporal.ChronoUnit; (java.base@11.0.9.1)
7687:             1             80  [Ljava.util.concurrent.ForkJoinPool$WorkQueue; (java.base@11.0.9.1)
7688:             1             80  [Ljava.util.concurrent.locks.ReadWriteLock; (java.base@11.0.9.1)
7689:             2             80  [Ljava.util.stream.StreamOpFlag$Type; (java.base@11.0.9.1)
7690:             2             80  [Lkotlin.reflect.jvm.internal.impl.metadata.ProtoBuf$Visibility;
7691:             2             80  [Lkotlin.reflect.jvm.internal.impl.metadata.ProtoBuf$Visibility;
7692:             2             80  [Lorg.infernus.idea.checkstyle.model.ConfigurationType;
7693:             2             80  [Lorg.infernus.idea.checkstyle.model.ScanScope;
7694:             2             80  [Lorg.jetbrains.idea.maven.model.MavenArtifactState;
7695:             1             80  [Lorg.jetbrains.kotlin.idea.codeInsight.KotlinBreadcrumbsInfoProvider$ElementHandler;
7696:             1             80  [Lorg.jetbrains.kotlin.idea.formatter.lineIndent.KotlinLangLineIndentProvider$KotlinElement;
7697:             1             80  [Lorg.jetbrains.kotlin.idea.inspections.migration.DeprecatedForKotlinLibInfo;
7698:             5             80  [Lorg.jetbrains.kotlin.psi.KtConstantExpression;
7699:             2             80  [Lsun.security.ssl.SupportedGroupsExtension$NamedGroupType; (java.base@11.0.9.1)
7700:             2             80  com.android.repository.Revision
7701:             2             80  com.android.tools.adtui.workbench.DetachedToolWindowManager
7702:             2             80  com.android.tools.adtui.workbench.SideModel
7703:             2             80  com.android.tools.idea.common.error.IssueModel
7704:             2             80  com.android.tools.idea.common.error.IssuePanel$MinimizeAction
7705:             2             80  com.android.tools.idea.databinding.cache.LayoutBindingShortNamesCache
7706:             2             80  com.android.tools.idea.gradle.project.ProjectStructure
7707:             2             80  com.android.tools.idea.uibuilder.surface.GridSurfaceLayoutManager
7708:             2             80  com.android.tools.idea.uibuilder.visual.VisualizationForm$ToggleShowDecorationAction
7709:             2             80  com.android.tools.idea.uibuilder.visual.VisualizationForm$VisualizationTraversalPolicy
7710:             2             80  com.android.tools.idea.uibuilder.visual.VisualizationManager
7711:             1             80  com.apple.eawt._AppEventHandler (java.desktop@11.0.9.1)
7712:             2             80  com.apple.laf.AquaMenuBarUI (java.desktop@11.0.9.1)
7713:             2             80  com.fasterxml.jackson.core.Version
7714:             2             80  com.fasterxml.jackson.core.sym.ByteQuadsCanonicalizer$TableInfo
7715:             2             80  com.fasterxml.jackson.databind.cfg.ConfigOverrides
7716:             1             80  com.fasterxml.jackson.databind.deser.impl.MethodProperty
7717:             1             80  com.fasterxml.jackson.module.kotlin.KotlinModule
7718:             5             80  com.google.gson.Gson$1
7719:             5             80  com.google.gson.Gson$2
7720:             5             80  com.google.gson.Gson$4
7721:             5             80  com.google.gson.Gson$5
7722:             5             80  com.google.gson.internal.bind.CollectionTypeAdapterFactory
7723:             5             80  com.google.gson.internal.bind.JsonAdapterAnnotationTypeAdapterFactory
7724:             2             80  com.ibm.icu.impl.Trie2$UTrie2Header
7725:             1             80  com.ibm.icu.impl.number.MacroProps
7726:             5             80  com.intellij.analysis.problemsView.toolWindow.ProblemsViewToggleAction$1
7727:             2             80  com.intellij.application.options.emmet.EmmetOptions
7728:             1             80  com.intellij.build.BuildContentDescriptor
7729:             2             80  com.intellij.build.BuildViewManager
7730:             2             80  com.intellij.build.SyncViewManager
7731:             5             80  com.intellij.codeInsight.completion.JavaCompletionSorting$LiftShorterClasses$1
7732:             2             80  com.intellij.codeInsight.daemon.impl.DefaultHighlightVisitor
7733:             2             80  com.intellij.codeInsight.daemon.impl.EditorTracker
7734:             2             80  com.intellij.codeInsight.daemon.impl.GeneralHighlightingPass$$Lambda$3509/0x00000008020f7840
7735:             5             80  com.intellij.codeInsight.daemon.impl.analysis.IncreaseLanguageLevelFix
7736:             5             80  com.intellij.codeInsight.daemon.impl.quickfix.ShowModulePropertiesFix
7737:             1             80  com.intellij.codeInsight.hint.LineTooltipRenderer$2
7738:             5             80  com.intellij.codeInsight.hint.ParameterInfoControllerBase$1
7739:             1             80  com.intellij.codeInsight.hints.InlayHintsPass
7740:             2             80  com.intellij.codeInsight.intention.impl.IntentionListStep
7741:             2             80  com.intellij.codeInsight.template.postfix.templates.InstanceofExpressionPostfixTemplate
7742:             5             80  com.intellij.codeInspection.actions.RunInspectionIntention
7743:             5             80  com.intellij.codeInspection.bytecodeAnalysis.Direction$1
7744:             5             80  com.intellij.codeInspection.ex.DisableInspectionToolAction
7745:             5             80  com.intellij.codeInspection.ex.EditInspectionToolsSettingsAction
7746:             2             80  com.intellij.compiler.server.BuildManager$ProjectData
7747:             1             80  com.intellij.completion.ml.common.PrefixMatchingUtil$PrefixMatchingScores
7748:             5             80  com.intellij.concurrency.ConcurrentHashMap$ValuesView
7749:             2             80  com.intellij.configurationScript.inspection.ExternallyConfigurableProjectInspectionProfileManager
7750:             5             80  com.intellij.configurationStore.CompoundStreamProvider
7751:             2             80  com.intellij.debugger.impl.DebuggerManagerImpl
7752:             2             80  com.intellij.diff.actions.ShowDiffAction
7753:             5             80  com.intellij.execution.application.ApplicationConfigurationType
7754:             2             80  com.intellij.execution.impl.ExecutionManagerImpl
7755:             2             80  com.intellij.execution.segmentedRunDebugWidget.BaseExecutorActionWrapper
7756:             2             80  com.intellij.execution.services.ServiceViewManagerImpl$ActivateToolWindowByContributorAction
7757:             2             80  com.intellij.framework.detection.impl.FrameworkDetectionManager
7758:             1             80  com.intellij.ide.IdeKeyboardFocusManager
7759:             1             80  com.intellij.ide.IdeTooltipManager
7760:             1             80  com.intellij.ide.IdeTooltipManager$6
7761:             5             80  com.intellij.ide.UiActivity$AsyncBgOperation
7762:             2             80  com.intellij.ide.bookmarks.BookmarkManager
7763:             2             80  com.intellij.ide.fileTemplates.impl.FileTemplateManagerImpl
7764:             5             80  com.intellij.ide.highlighter.JavaFileHighlighter
7765:             2             80  com.intellij.ide.navigationToolbar.NavBarModel
7766:             2             80  com.intellij.ide.navigationToolbar.NavBarRootPaneExtension
7767:             2             80  com.intellij.ide.navigationToolbar.NavBarUpdateQueue$3
7768:             2             80  com.intellij.ide.navigationToolbar.experimental.NewToolbarRootPaneExtension
7769:             2             80  com.intellij.ide.projectView.impl.ProjectViewPane$ConfigureFilesNestingAction
7770:             2             80  com.intellij.ide.startup.impl.StartupManagerImpl
7771:             5             80  com.intellij.ide.util.frameworkSupport.FrameworkRole
7772:             1             80  com.intellij.ide.util.treeView.AbstractTreeBuilder$AbstractTreeNodeWrapper
7773:             2             80  com.intellij.idea.PrintStreamLogger
7774:             2             80  com.intellij.largeFilesEditor.encoding.LargeFileEncodingWidget
7775:             5             80  com.intellij.openapi.application.Preloader$$Lambda$639/0x00000008007a3c40
7776:             2             80  com.intellij.openapi.application.impl.FlushQueue
7777:             5             80  com.intellij.openapi.application.impl.ModalityStateEx
7778:             5             80  com.intellij.openapi.editor.colors.impl.AbstractColorsScheme$$Lambda$513/0x00000008005c0040
7779:             5             80  com.intellij.openapi.editor.event.EditorMouseEventArea
7780:             5             80  com.intellij.openapi.editor.impl.EditorMarkupModelImpl$$Lambda$1722/0x00000008012cc440
7781:             2             80  com.intellij.openapi.extensions.SimpleSmartExtensionPoint$2
7782:             2             80  com.intellij.openapi.externalSystem.autoimport.AutoImportProjectTracker$ProjectData
7783:             2             80  com.intellij.openapi.externalSystem.configurationStore.ExternalSystemStreamProviderFactory
7784:             2             80  com.intellij.openapi.externalSystem.service.project.manage.SourceFolderManagerImpl
7785:             2             80  com.intellij.openapi.fileTypes.FileTypeExtension
7786:             1             80  com.intellij.openapi.fileTypes.impl.FileTypeManagerImpl
7787:             2             80  com.intellij.openapi.module.impl.scopes.JdkScope
7788:             2             80  com.intellij.openapi.module.impl.scopes.ModuleWithDependentsScope
7789:             2             80  com.intellij.openapi.roots.impl.LibraryScopeCache
7790:             2             80  com.intellij.openapi.roots.impl.LibraryScopeCache$LibrariesOnlyScope
7791:             2             80  com.intellij.openapi.vcs.changes.RemoteRevisionsCache
7792:             2             80  com.intellij.openapi.vcs.changes.RemoteRevisionsNumbersCache
7793:             2             80  com.intellij.openapi.vcs.changes.VcsDirtyScopeManagerImpl
7794:             2             80  com.intellij.openapi.vcs.changes.VcsDirtyScopeVfsListener
7795:             2             80  com.intellij.openapi.vcs.changes.committed.CommittedChangesCacheState
7796:             2             80  com.intellij.openapi.vcs.changes.shelf.ShelveChangesManager
7797:             2             80  com.intellij.openapi.vcs.changes.shelf.ShelvedChangesViewManager
7798:             2             80  com.intellij.openapi.vcs.impl.ContentRevisionCache
7799:             2             80  com.intellij.openapi.vcs.impl.VcsInitialization
7800:             2             80  com.intellij.openapi.vcs.impl.projectlevelman.AllVcses
7801:             2             80  com.intellij.openapi.vcs.impl.projectlevelman.FileWatchRequestModifier
7802:             2             80  com.intellij.openapi.vfs.newvfs.persistent.VfsDependentEnum
7803:             2             80  com.intellij.openapi.wm.ex.IdeFocusTraversalPolicy
7804:             2             80  com.intellij.openapi.wm.impl.status.widget.StatusBarWidgetsManager
7805:             2             80  com.intellij.packaging.impl.artifacts.ArtifactManagerImpl
7806:             2             80  com.intellij.psi.impl.search.PsiSearchHelperImpl$$Lambda$6176/0x00000008019b7840
7807:             2             80  com.intellij.psi.impl.source.PostprocessReformattingAspect$LangPomModel
7808:             2             80  com.intellij.psi.impl.source.resolve.reference.PsiReferenceRegistrarImpl
7809:             2             80  com.intellij.psi.impl.source.tree.injected.InjectedLanguageManagerImpl
7810:             2             80  com.intellij.psi.search.ProjectScopeBuilderImpl$2
7811:             2             80  com.intellij.psi.search.ProjectScopeBuilderImpl$3
7812:             2             80  com.intellij.psi.search.searches.MethodReferencesSearch$SearchParameters
7813:             2             80  com.intellij.refactoring.suggested.SuggestedRefactoringChangeListener
7814:             2             80  com.intellij.ui.ScrollingUtil$2
7815:             2             80  com.intellij.ui.ScrollingUtil$3
7816:             2             80  com.intellij.ui.ScrollingUtil$4
7817:             2             80  com.intellij.ui.ScrollingUtil$5
7818:             5             80  com.intellij.util.concurrency.AppExecutorUtil$$Lambda$555/0x000000080061d040
7819:             5             80  com.intellij.util.indexing.impl.forward.EmptyForwardIndex
7820:             5             80  com.intellij.util.indexing.impl.perFileVersion.PersistentSubIndexerVersionEnumerator$MyEnumerator
7821:             1             80  com.intellij.util.messages.impl.MessageBusImpl$RootBus
7822:             2             80  com.intellij.util.text.StringTokenizer
7823:             2             80  com.intellij.util.xml.impl.CollectionChildDescriptionImpl
7824:             5             80  com.intellij.util.xml.impl.GetInvocation
7825:             2             80  com.intellij.vcs.ProgressManagerQueue$1
7826:             5             80  com.intellij.vcs.log.VcsLogProperties$VcsLogProperty
7827:             2             80  com.intellij.vcs.log.data.ContainingBranchesGetter
7828:             2             80  com.intellij.vcs.log.data.VcsLogRefresherImpl$1
7829:             2             80  com.intellij.vcs.log.data.VcsLogStatusBarProgress
7830:             2             80  com.intellij.vcs.log.data.index.IndexDataGetter
7831:             2             80  com.intellij.vcs.log.data.index.VcsLogMessagesTrigramIndex
7832:             2             80  com.intellij.vcs.log.data.index.VcsLogPathsIndex
7833:             2             80  com.intellij.vcs.log.data.index.VcsLogUserIndex
7834:             2             80  com.intellij.vcs.log.graph.impl.facade.PermanentGraphImpl
7835:             2             80  com.intellij.vcs.log.impl.VcsLogApplicationSettings$State
7836:             2             80  com.intellij.vcs.log.util.StorageId
7837:             2             80  com.intellij.workspaceModel.ide.impl.jps.serialization.ExternalModuleImlFileEntitiesSerializer
7838:             2             80  com.intellij.workspaceModel.ide.impl.jps.serialization.ExternalModuleListSerializer
7839:             2             80  com.intellij.workspaceModel.ide.impl.jps.serialization.JpsProjectModelSynchronizer
7840:             2             80  com.intellij.workspaceModel.ide.impl.jps.serialization.ModuleImlFileEntitiesSerializer
7841:             2             80  com.intellij.workspaceModel.ide.impl.legacyBridge.module.roots.ContentEntryBridge
7842:             2             80  com.intellij.workspaceModel.ide.impl.legacyBridge.module.roots.ModuleRootComponentBridge
7843:             2             80  com.intellij.workspaceModel.ide.impl.legacyBridge.module.roots.SdkOrderEntryBridge
7844:             2             80  com.intellij.xdebugger.impl.XDebuggerState
7845:             2             80  com.intellij.xdebugger.impl.pinned.items.XDebuggerPinToTopManager
7846:             2             80  com.jetbrains.jsonSchema.JsonSchemaVfsListener$MyUpdater
7847:             2             80  com.jetbrains.jsonSchema.impl.JsonSchemaServiceImpl
7848:             2             80  com.jetbrains.jsonSchema.remote.JsonSchemaCatalogManager
7849:             2             80  com.sun.jna.Structure$LayoutInfo
7850:             5             80  com.sun.proxy.$Proxy11
7851:             5             80  com.sun.proxy.$Proxy40
7852:             5             80  com.sun.proxy.jdk.proxy1.$Proxy7 (jdk.proxy1@)
7853:             2             80  git4idea.repo.GitRepositoryUpdater
7854:             5             80  it.unimi.dsi.fastutil.ints.Int2ObjectOpenHashMap$KeySet
7855:             5             80  it.unimi.dsi.fastutil.objects.Object2IntOpenHashMap$MapEntrySet
7856:             5             80  it.unimi.dsi.fastutil.objects.ObjectSets$UnmodifiableSet
7857:             1             80  java.awt.EventQueue (java.desktop@11.0.9.1)
7858:             5             80  java.awt.ImageCapabilities (java.desktop@11.0.9.1)
7859:             2             80  java.awt.image.RescaleOp (java.desktop@11.0.9.1)
7860:             2             80  java.io.ExpiringCache (java.base@11.0.9.1)
7861:             5             80  java.lang.ClassValue$Identity (java.base@11.0.9.1)
7862:             2             80  java.lang.ModuleLayer (java.base@11.0.9.1)
7863:             2             80  java.lang.VirtualMachineError (java.base@11.0.9.1)
7864:             1             80  java.lang.invoke.BoundMethodHandle$Species_LLLLLLIILLLL (java.base@11.0.9.1)
7865:             1             80  java.lang.invoke.BoundMethodHandle$Species_LLLLLLIILLLLL (java.base@11.0.9.1)
7866:             1             80  java.lang.invoke.BoundMethodHandle$Species_LLLLLLLIILLLL (java.base@11.0.9.1)
7867:             1             80  java.lang.invoke.BoundMethodHandle$Species_LLLLLLLLIILLL (java.base@11.0.9.1)
7868:             2             80  java.lang.invoke.VarHandleObjects$Array (java.base@11.0.9.1)
7869:             2             80  java.lang.module.Configuration (java.base@11.0.9.1)
7870:             2             80  java.text.RBCollationTables (java.base@11.0.9.1)
7871:             2             80  java.time.format.DateTimeFormatterBuilder$FractionPrinterParser (java.base@11.0.9.1)
7872:             2             80  java.util.Locale$Category (java.base@11.0.9.1)
7873:             2             80  java.util.ServiceLoader$LazyClassPathLookupIterator (java.base@11.0.9.1)
7874:             2             80  java.util.concurrent.PriorityBlockingQueue (java.base@11.0.9.1)
7875:             2             80  javax.imageio.ImageTypeSpecifier$Interleaved (java.desktop@11.0.9.1)
7876:             1             80  javax.swing.RepaintManager (java.desktop@11.0.9.1)
7877:             2             80  javax.swing.plaf.basic.DefaultMenuLayout (java.desktop@11.0.9.1)
7878:             5             80  kotlin.collections.CollectionsKt___CollectionsKt$asSequence$$inlined$Sequence$1
7879:             2             80  kotlin.reflect.jvm.internal.impl.load.java.lazy.descriptors.ClassDeclaredMemberIndex
7880:             5             80  kotlin.reflect.jvm.internal.impl.resolve.scopes.InnerClassesScopeWrapper
7881:             5             80  kotlin.reflect.jvm.internal.impl.types.ErrorUtils$ErrorScope
7882:             5             80  kotlin.reflect.jvm.internal.impl.types.ErrorUtils$ErrorScope
7883:             2             80  kotlinx.coroutines.internal.LockFreeTaskQueueCore
7884:             2             80  kotlinx.coroutines.internal.LockFreeTaskQueueCore
7885:             1             80  org.apache.maven.model.building.DefaultModelBuilder
7886:             2             80  org.intellij.plugins.intelliLang.Configuration$Prj
7887:             2             80  org.jdom.ImmutableAttribute
7888:             2             80  org.jdom.output.Format
7889:             5             80  org.jetbrains.idea.devkit.dom.index.PluginXmlIndexBase$1
7890:             2             80  org.jetbrains.idea.maven.model.MavenRemoteRepository
7891:             2             80  org.jetbrains.idea.maven.project.MavenGeneralSettingsWatcher$2
7892:             2             80  org.jetbrains.idea.maven.project.MavenProjectsAware
7893:             2             80  org.jetbrains.idea.maven.server.MavenIndexerWrapper$IndexData
7894:             2             80  org.jetbrains.jps.model.java.compiler.EclipseCompilerOptions
7895:             2             80  org.jetbrains.kotlin.idea.caches.PerModulePackageCacheService
7896:             2             80  org.jetbrains.kotlin.idea.caches.trackers.KotlinCodeBlockModificationListener
7897:             2             80  org.jetbrains.kotlin.idea.caches.trackers.KotlinModuleOutOfCodeBlockModificationTracker$Updater
7898:             2             80  org.jetbrains.kotlin.idea.core.script.KotlinScriptDependenciesClassFinder
7899:             2             80  org.jetbrains.kotlin.idea.core.script.StandardIdeScriptDefinition
7900:             2             80  org.jetbrains.kotlin.idea.findUsages.KotlinClassFindUsagesOptions
7901:             2             80  org.jetbrains.kotlin.idea.findUsages.KotlinFunctionFindUsagesOptions
7902:             2             80  org.jetbrains.kotlin.idea.findUsages.KotlinPropertyFindUsagesOptions
7903:             2             80  org.jetbrains.kotlin.idea.maven.actions.KotlinMavenExecutionProvider
7904:             2             80  org.jetbrains.kotlin.idea.scripting.gradle.roots.GradleBuildRootsManager
7905:             2             80  org.jetbrains.kotlin.idea.search.ideaExtensions.KotlinOverridingMethodReferenceSearcher$getTextOccurrenceProcessor$1
7906:             2             80  org.jetbrains.kotlin.psi.stubs.elements.KtClassElementType
7907:             2             80  org.jetbrains.kotlin.psi.stubs.elements.KtValueArgumentElementType
7908:             2             80  org.jetbrains.plugins.github.util.GithubSettings$State
7909:             2             80  org.jetbrains.plugins.gradle.settings.GradleSettings
7910:             2             80  org.jetbrains.plugins.groovy.lang.psi.impl.search.GrSourceFilterScope
7911:             2             80  org.jetbrains.plugins.textmate.language.preferences.TextMateSnippet
7912:             5             80  org.jetbrains.uast.UastBinaryOperator$ArithmeticOperator
7913:             5             80  org.jetbrains.uast.UastCallKind
7914:             2             80  sun.nio.ch.FileLockImpl (java.base@11.0.9.1)
7915:             2             80  sun.security.ssl.CertStatusExtension$OCSPStatusRequest (java.base@11.0.9.1)
7916:             5             80  sun.security.ssl.SSLCipher$T10BlockReadCipherGenerator (java.base@11.0.9.1)
7917:             5             80  sun.security.ssl.SSLCipher$T10BlockWriteCipherGenerator (java.base@11.0.9.1)
7918:             5             80  sun.security.ssl.X509Authentication$X509PossessionGenerator (java.base@11.0.9.1)
7919:             5             80  sun.security.util.DisabledAlgorithmConstraints$Constraints (java.base@11.0.9.1)
7920:             2             80  sun.swing.PrintColorUIResource (java.desktop@11.0.9.1)
7921:             2             80  sun.text.IntHashtable (java.base@11.0.9.1)
7922:             2             80  sun.text.UCompactIntArray (java.base@11.0.9.1)
7923:             1             80  sun.util.cldr.CLDRLocaleProviderAdapter (java.base@11.0.9.1)
7924:             1             80  sun.util.locale.provider.JRELocaleProviderAdapter (java.base@11.0.9.1)
7925:             1             80  sun.util.locale.provider.LocaleProviderAdapter$NonExistentAdapter (java.base@11.0.9.1)
7926:             1             72  [Lcom.fasterxml.jackson.core.JsonToken;
7927:             3             72  [Lcom.github.benmanes.caffeine.cache.Buffer;
7928:             1             72  [Lcom.intellij.codeInsight.completion.CompletionConfidenceEP;
7929:             3             72  [Lcom.intellij.codeInsight.editorActions.ReferenceData;
7930:             1             72  [Lcom.intellij.codeInsight.navigation.actions.GotoDeclarationHandler;
7931:             1             72  [Lcom.intellij.compiler.server.CompileServerPlugin;
7932:             1             72  [Lcom.intellij.ide.TypeNameEP;
7933:             3             72  [Lcom.intellij.lang.Language;
7934:             3             72  [Lcom.intellij.openapi.command.impl.UndoProvider;
7935:             1             72  [Lcom.intellij.openapi.keymap.impl.BundledKeymapBean;
7936:             2             72  [Lcom.intellij.psi.tree.TokenSet;
7937:             1             72  [Lcom.intellij.refactoring.typeMigration.rules.TypeConversionRule;
7938:             1             72  [Lcom.intellij.tasks.TaskRepositoryType;
7939:             1             72  [Lcom.intellij.util.xml.impl.DomFileMetaData;
7940:             3             72  [Lin.oneton.idea.spring.assistant.plugin.suggestion.metadata.json.SpringConfigurationMetadataValueProvider;
7941:             1             72  [Ljavax.imageio.ImageTypeSpecifier; (java.desktop@11.0.9.1)
7942:             1             72  [Lkotlin.reflect.jvm.internal.impl.metadata.ProtoBuf$Annotation$Argument$Value$Type;
7943:             1             72  [Lkotlin.reflect.jvm.internal.impl.metadata.ProtoBuf$Annotation$Argument$Value$Type;
7944:             3             72  [Lkotlin.reflect.jvm.internal.impl.resolve.scopes.MemberScope;
7945:             3             72  [Lorg.apache.xerces.impl.dv.xs.XSSimpleTypeDecl;
7946:             1             72  [Lorg.jetbrains.idea.maven.importing.MavenImporter;
7947:             3             72  [Lorg.jetbrains.kotlin.lexer.KtSingleValueToken;
7948:             1             72  [Lorg.jetbrains.kotlin.renderer.DescriptorRendererModifier;
7949:             2             72  [Lorg.jetbrains.plugins.textmate.language.preferences.TextMateBracePair;
7950:             1             72  [Lsun.security.ssl.SSLCipher; (java.base@11.0.9.1)
7951:             3             72  com.android.ide.common.repository.GradleVersion$VersionSegment
7952:             3             72  com.android.resources.ResourceType$Kind
7953:             3             72  com.android.tools.idea.AndroidPsiUtils$ResourceReferenceType
7954:             3             72  com.android.tools.idea.common.surface.DesignSurface$State
7955:             3             72  com.android.tools.idea.compose.preview.PreviewAnnotationInFunctionWithParametersInspection
7956:             3             72  com.android.tools.idea.compose.preview.PreviewDimensionRespectsLimit
7957:             3             72  com.android.tools.idea.compose.preview.PreviewMustBeTopLevelFunction
7958:             3             72  com.android.tools.idea.compose.preview.PreviewNeedsComposableAnnotationInspection
7959:             3             72  com.android.tools.idea.debug.ArrayMapRendererBase$MyArrayMapSizeEvaluator
7960:             3             72  com.android.tools.idea.flags.StudioFlags$DefaultActivityLocatorStrategy
7961:             3             72  com.android.tools.idea.gradle.project.build.output.ParsingState
7962:             3             72  com.android.tools.idea.lang.androidSql.AndroidSqlUnresolvedReferenceInspection
7963:             3             72  com.android.tools.idea.lang.androidSql.room.RoomBindParameterSyntaxInspection
7964:             3             72  com.android.tools.idea.lang.proguardR8.ProguardR8ArrayTypeInspection
7965:             3             72  com.android.tools.idea.lang.proguardR8.ProguardR8IgnoredFlagInspection
7966:             3             72  com.android.tools.idea.lang.proguardR8.ProguardR8InvalidFlagInspection
7967:             3             72  com.android.tools.idea.lang.proguardR8.ProguardR8ReferenceInspection
7968:             3             72  com.android.tools.idea.lint.ParcelableQuickFix
7969:             3             72  com.android.tools.idea.lint.ParcelableQuickFix$Operation
7970:             3             72  com.android.tools.idea.stats.CompletionStats$MyLookupListener
7971:             1             72  com.apple.laf.AquaFileChooserUI$MacListSelectionModel (java.desktop@11.0.9.1)
7972:             1             72  com.apple.laf.AquaFileSystemModel (java.desktop@11.0.9.1)
7973:             1             72  com.apple.laf.AquaFonts$DerivedUIResourceFont (java.desktop@11.0.9.1)
7974:             3             72  com.apple.laf.AquaListUI$ComponentPainter (java.desktop@11.0.9.1)
7975:             1             72  com.fasterxml.jackson.core.util.InternCache
7976:             3             72  com.fasterxml.jackson.databind.annotation.JsonSerialize$Typing
7977:             3             72  com.fasterxml.jackson.databind.ser.std.NumberSerializer
7978:             3             72  com.fasterxml.jackson.databind.util.AccessPattern
7979:             3             72  com.google.common.collect.ImmutableMapKeySet
7980:             3             72  com.google.common.collect.RegularImmutableBiMap$Inverse$InverseEntrySet
7981:             3             72  com.ibm.icu.impl.CurrencyData$CurrencySpacingInfo$SpacingType
7982:             3             72  com.ibm.icu.impl.SimpleCache
7983:             3             72  com.ibm.icu.impl.number.PatternStringUtils$PatternSignType
7984:             3             72  com.ibm.icu.number.Precision$SignificantRounderImpl
7985:             3             72  com.ibm.icu.text.ListFormatter$Type
7986:             3             72  com.ibm.icu.text.ListFormatter$Width
7987:             3             72  com.ibm.icu.text.PluralRules$FixedDecimalSamples
7988:             3             72  com.ibm.icu.util.UResourceBundle$RootType
7989:             3             72  com.intellij.build.BuildTreeConsoleView$ConsoleViewHandler$$Lambda$5849/0x00000008028ef440
7990:             3             72  com.intellij.build.MultipleBuildsView$ProgressWatcher
7991:             3             72  com.intellij.build.output.BuildOutputInstantReaderImpl$Companion$State
7992:             3             72  com.intellij.codeInsight.NonCodeAnnotationsLineMarkerProvider$LineMarkerType
7993:             3             72  com.intellij.codeInsight.Nullability
7994:             3             72  com.intellij.codeInsight.actions.ReaderModeProvider$ReaderMode
7995:             3             72  com.intellij.codeInsight.completion.CompletionType
7996:             3             72  com.intellij.codeInsight.completion.JavaCompletionSorting$PreferAccessible$MyEnum
7997:             3             72  com.intellij.codeInsight.completion.impl.BetterPrefixMatcher$MatchingOutcome
7998:             3             72  com.intellij.codeInsight.completion.scope.JavaCompletionProcessor$StaticProblem
7999:             3             72  com.intellij.codeInsight.daemon.Validator$ValidationHost$ErrorType
8000:             1             72  com.intellij.codeInsight.daemon.impl.CodeFoldingPass
8001:             3             72  com.intellij.codeInsight.daemon.impl.DefaultHighlightVisitorBasedInspection$AnnotatorBasedInspection
8002:             3             72  com.intellij.codeInsight.daemon.impl.DefaultHighlightVisitorBasedInspection$SyntaxErrorInspection
8003:             1             72  com.intellij.codeInsight.daemon.impl.IndentsPass
8004:             1             72  com.intellij.codeInsight.daemon.impl.InjectedCodeFoldingPass
8005:             1             72  com.intellij.codeInsight.daemon.impl.LineMarkersPass
8006:             3             72  com.intellij.codeInsight.daemon.impl.analysis.HighlightVisitorImpl$ReassignedState
8007:             3             72  com.intellij.codeInsight.daemon.impl.analysis.HtmlUnknownAnchorTargetInspection
8008:             3             72  com.intellij.codeInsight.daemon.impl.analysis.HtmlUnknownTargetInspection
8009:             3             72  com.intellij.codeInsight.daemon.impl.analysis.XmlDefaultAttributeValueInspection
8010:             3             72  com.intellij.codeInsight.daemon.impl.analysis.XmlDeprecatedElementInspection
8011:             3             72  com.intellij.codeInsight.daemon.impl.analysis.XmlHighlightVisitorBasedInspection
8012:             3             72  com.intellij.codeInsight.daemon.impl.analysis.XmlPathReferenceInspection
8013:             3             72  com.intellij.codeInsight.daemon.impl.analysis.XmlUnboundNsPrefixInspection
8014:             3             72  com.intellij.codeInsight.daemon.impl.analysis.XmlUnusedNamespaceInspection
8015:             3             72  com.intellij.codeInsight.documentation.render.DocRenderItem$MyGutterIconRenderer
8016:             1             72  com.intellij.codeInsight.documentation.render.DocRenderPassFactory$DocRenderPass
8017:             3             72  com.intellij.codeInsight.editorActions.SmartBackspaceMode
8018:             3             72  com.intellij.codeInsight.editorActions.TypedHandlerDelegate$Result
8019:             3             72  com.intellij.codeInsight.folding.impl.UpdateFoldRegionsOperation$ApplyDefaultStateMode
8020:             3             72  com.intellij.codeInsight.generation.CommentByLineCommentHandler$CaretUpdate
8021:             3             72  com.intellij.codeInsight.highlighting.ReadWriteAccessDetector$Access
8022:             3             72  com.intellij.codeInsight.javadoc.AnnotationFormat
8023:             3             72  com.intellij.codeInsight.lookup.CharFilter$Result
8024:             3             72  com.intellij.codeInsight.lookup.LookupFocusDegree
8025:             3             72  com.intellij.codeInsight.lookup.impl.CompletionExtender$1
8026:             3             72  com.intellij.codeInsight.lookup.impl.LookupImpl$8
8027:             3             72  com.intellij.codeInsight.lookup.impl.LookupImpl$9
8028:             3             72  com.intellij.codeInsight.lookup.impl.LookupPreview
8029:             3             72  com.intellij.codeInsight.lookup.impl.LookupUi$LookupLayeredPane$1
8030:             3             72  com.intellij.codeInsight.lookup.impl.LookupUsageTracker$MyLookupTracker$MyTypingTracker
8031:             3             72  com.intellij.codeInsight.navigation.DocPreviewUtil$State
8032:             3             72  com.intellij.codeInsight.problems.WolfTheProblemSolverImpl$ProblemFileInfo
8033:             3             72  com.intellij.codeInspection.AnonymousCanBeLambdaInspection
8034:             3             72  com.intellij.codeInspection.AnonymousCanBeMethodReferenceInspection
8035:             3             72  com.intellij.codeInspection.AnonymousHasLambdaAlternativeInspection
8036:             3             72  com.intellij.codeInspection.BlockMarkerCommentsInspection
8037:             3             72  com.intellij.codeInspection.CapturingCleanerInspection
8038:             3             72  com.intellij.codeInspection.CharsetObjectCanBeUsedInspection
8039:             3             72  com.intellij.codeInspection.ClassGetClassInspection
8040:             3             72  com.intellij.codeInspection.CollectionAddAllCanBeReplacedWithConstructorInspection
8041:             3             72  com.intellij.codeInspection.CollectionAddAllCanBeReplacedWithConstructorInspection$1
8042:             3             72  com.intellij.codeInspection.ComparatorCombinatorsInspection
8043:             3             72  com.intellij.codeInspection.ComparatorResultComparisonInspection
8044:             3             72  com.intellij.codeInspection.ConditionalBreakInInfiniteLoopInspection
8045:             3             72  com.intellij.codeInspection.ConditionalCanBeOptionalInspection
8046:             3             72  com.intellij.codeInspection.DefaultAnnotationParamInspection
8047:             3             72  com.intellij.codeInspection.DeprecatedIsStillUsedInspection
8048:             3             72  com.intellij.codeInspection.DuplicateBranchesInSwitchInspection
8049:             3             72  com.intellij.codeInspection.EndlessStreamInspection
8050:             3             72  com.intellij.codeInspection.EnhancedSwitchBackwardMigrationInspection
8051:             3             72  com.intellij.codeInspection.EnhancedSwitchMigrationInspection
8052:             3             72  com.intellij.codeInspection.ExplicitArrayFillingInspection
8053:             3             72  com.intellij.codeInspection.ExplicitTypeCanBeDiamondInspection
8054:             3             72  com.intellij.codeInspection.FillPermitsListInspection
8055:             3             72  com.intellij.codeInspection.FunctionalExpressionCanBeFoldedInspection
8056:             3             72  com.intellij.codeInspection.IdempotentLoopBodyInspection
8057:             3             72  com.intellij.codeInspection.InvalidComparatorMethodReferenceInspection
8058:             3             72  com.intellij.codeInspection.JoinDeclarationAndAssignmentJavaInspection
8059:             3             72  com.intellij.codeInspection.LambdaCanBeMethodCallInspection
8060:             3             72  com.intellij.codeInspection.LambdaCanBeMethodReferenceInspection
8061:             3             72  com.intellij.codeInspection.LocalInspectionTool$1
8062:             3             72  com.intellij.codeInspection.LossyEncodingInspection
8063:             3             72  com.intellij.codeInspection.ManualMinMaxCalculationInspection
8064:             3             72  com.intellij.codeInspection.MissingDeprecatedAnnotationOnScheduledForRemovalApiInspection
8065:             3             72  com.intellij.codeInspection.MoveFieldAssignmentToInitializerInspection
8066:             3             72  com.intellij.codeInspection.MustAlreadyBeRemovedApiInspection
8067:             3             72  com.intellij.codeInspection.NonExtendableApiUsageInspection
8068:             3             72  com.intellij.codeInspection.NumericOverflowInspection
8069:             3             72  com.intellij.codeInspection.ObviousNullCheckInspection
8070:             3             72  com.intellij.codeInspection.OptionalAssignedToNullInspection
8071:             3             72  com.intellij.codeInspection.OptionalIsPresentInspection
8072:             3             72  com.intellij.codeInspection.OverflowingLoopIndexInspection
8073:             3             72  com.intellij.codeInspection.OverrideOnlyInspection
8074:             3             72  com.intellij.codeInspection.OverwrittenKeyInspection
8075:             3             72  com.intellij.codeInspection.PatternVariableCanBeUsedInspection
8076:             3             72  com.intellij.codeInspection.PossibleHeapPollutionVarargsInspection
8077:             3             72  com.intellij.codeInspection.ProblematicWhitespaceInspection
8078:             3             72  com.intellij.codeInspection.ReadWriteStringCanBeUsedInspection
8079:             3             72  com.intellij.codeInspection.RecordCanBeClassInspection
8080:             3             72  com.intellij.codeInspection.RedundantComparatorComparingInspection
8081:             3             72  com.intellij.codeInspection.RedundantCompareCallInspection
8082:             3             72  com.intellij.codeInspection.RedundantExplicitCloseInspection
8083:             3             72  com.intellij.codeInspection.RedundantExplicitVariableTypeInspection
8084:             3             72  com.intellij.codeInspection.RedundantFileCreationInspection
8085:             3             72  com.intellij.codeInspection.RedundantLambdaCodeBlockInspection
8086:             3             72  com.intellij.codeInspection.RedundantRecordConstructorInspection
8087:             3             72  com.intellij.codeInspection.RedundantStreamOptionalCallInspection
8088:             3             72  com.intellij.codeInspection.RedundantUnmodifiableInspection
8089:             3             72  com.intellij.codeInspection.ReplaceInefficientStreamCountInspection
8090:             3             72  com.intellij.codeInspection.ReplaceNullCheckInspection
8091:             3             72  com.intellij.codeInspection.SimplifyCollectorInspection
8092:             3             72  com.intellij.codeInspection.SimplifyOptionalCallChainsInspection
8093:             3             72  com.intellij.codeInspection.SimplifyStreamApiCallChainsInspection
8094:             3             72  com.intellij.codeInspection.StringRepeatCanBeUsedInspection
8095:             3             72  com.intellij.codeInspection.StringTokenizerDelimiterInspection
8096:             3             72  com.intellij.codeInspection.SuspiciousArrayMethodCallInspection
8097:             3             72  com.intellij.codeInspection.SuspiciousListRemoveInLoopInspection
8098:             3             72  com.intellij.codeInspection.SuspiciousLocalesLanguagesInspection
8099:             3             72  com.intellij.codeInspection.SuspiciousTernaryOperatorInVarargsCallInspection
8100:             3             72  com.intellij.codeInspection.TextBlockBackwardMigrationInspection
8101:             3             72  com.intellij.codeInspection.TextBlockMigrationInspection
8102:             3             72  com.intellij.codeInspection.TodoCommentInspection
8103:             3             72  com.intellij.codeInspection.TrailingSpacesInPropertyInspection
8104:             3             72  com.intellij.codeInspection.TrivialFunctionalExpressionUsageInspection
8105:             3             72  com.intellij.codeInspection.UnstableTypeUsedInSignatureInspection
8106:             3             72  com.intellij.codeInspection.UseCompareMethodInspection
8107:             3             72  com.intellij.codeInspection.VariableTypeCanBeExplicitInspection
8108:             3             72  com.intellij.codeInspection.WrapperTypeMayBePrimitiveInspection
8109:             3             72  com.intellij.codeInspection.WrongPropertyKeyValueDelimiterInspection
8110:             3             72  com.intellij.codeInspection.accessStaticViaInstance.AccessStaticViaInstance
8111:             3             72  com.intellij.codeInspection.booleanIsAlwaysInverted.BooleanMethodIsAlwaysInvertedInspection
8112:             3             72  com.intellij.codeInspection.bulkOperation.UseBulkOperationInspection
8113:             3             72  com.intellij.codeInspection.bytecodeAnalysis.EffectQuantum$ReturnChangeQuantum
8114:             3             72  com.intellij.codeInspection.bytecodeAnalysis.asm.IParamsValue
8115:             3             72  com.intellij.codeInspection.canBeFinal.CanBeFinalInspection
8116:             3             72  com.intellij.codeInspection.classCanBeRecord.ClassCanBeRecordInspection$ConversionStrategy
8117:             3             72  com.intellij.codeInspection.compiler.JavacQuirksInspection
8118:             3             72  com.intellij.codeInspection.concurrencyAnnotations.FieldAccessNotGuardedInspection
8119:             3             72  com.intellij.codeInspection.concurrencyAnnotations.InstanceGuardedByStaticInspection
8120:             3             72  com.intellij.codeInspection.concurrencyAnnotations.NonFinalFieldInImmutableInspection
8121:             3             72  com.intellij.codeInspection.concurrencyAnnotations.NonFinalGuardInspection
8122:             3             72  com.intellij.codeInspection.concurrencyAnnotations.StaticGuardedByInstanceInspection
8123:             3             72  com.intellij.codeInspection.concurrencyAnnotations.UnknownGuardInspection
8124:             3             72  com.intellij.codeInspection.dataFlow.ContractInspection
8125:             3             72  com.intellij.codeInspection.dataFlow.DfaMemoryStateImpl$QualifierStatus
8126:             3             72  com.intellij.codeInspection.dataFlow.MutationSignature
8127:             3             72  com.intellij.codeInspection.dataFlow.inference.JavaSourceInference$InferenceMode
8128:             3             72  com.intellij.codeInspection.dataFlow.value.DfaTypeValue
8129:             3             72  com.intellij.codeInspection.defUse.DefUseInspection
8130:             3             72  com.intellij.codeInspection.defaultFileTemplateUsage.DefaultFileTemplateUsageInspection
8131:             3             72  com.intellij.codeInspection.dependencyViolation.DependencyInspection
8132:             3             72  com.intellij.codeInspection.deprecation.MarkedForRemovalInspection
8133:             3             72  com.intellij.codeInspection.duplicateExpressions.DuplicateExpressionsInspection
8134:             3             72  com.intellij.codeInspection.duplicateThrows.DuplicateThrowsInspection
8135:             3             72  com.intellij.codeInspection.enhancedSwitch.RedundantLabeledSwitchRuleCodeBlockInspection
8136:             3             72  com.intellij.codeInspection.enhancedSwitch.SwitchLabeledRuleCanBeCodeBlockInspection
8137:             3             72  com.intellij.codeInspection.equalsAndHashcode.EqualsAndHashcode
8138:             3             72  com.intellij.codeInspection.htmlInspections.HtmlExtraClosingTagInspection
8139:             3             72  com.intellij.codeInspection.htmlInspections.HtmlMissingClosingTagInspection
8140:             3             72  com.intellij.codeInspection.htmlInspections.RequiredAttributesInspection
8141:             3             72  com.intellij.codeInspection.htmlInspections.XmlWrongRootElementInspection
8142:             3             72  com.intellij.codeInspection.i18n.InvalidPropertyKeyInspection
8143:             3             72  com.intellij.codeInspection.i18n.TitleCapitalizationInspection
8144:             3             72  com.intellij.codeInspection.i18n.inconsistentResourceBundle.InconsistentResourceBundleInspection$1
8145:             3             72  com.intellij.codeInspection.inconsistentLanguageLevel.InconsistentLanguageLevelInspection
8146:             3             72  com.intellij.codeInspection.intermediaryVariable.ReturnSeparatedFromComputationInspection
8147:             3             72  com.intellij.codeInspection.java15api.Java15APIUsageInspection
8148:             3             72  com.intellij.codeInspection.java18StreamApi.StaticPseudoFunctionalStyleMethodInspection
8149:             3             72  com.intellij.codeInspection.java18api.Java8CollectionRemoveIfInspection
8150:             3             72  com.intellij.codeInspection.java18api.Java8ListSortInspection
8151:             3             72  com.intellij.codeInspection.java18api.Java8MapForEachInspection
8152:             3             72  com.intellij.codeInspection.java18api.OptionalGetWithoutIsPresentInspection
8153:             3             72  com.intellij.codeInspection.java19api.Java9CollectionFactoryInspection
8154:             3             72  com.intellij.codeInspection.java19api.Java9UndeclaredServiceUsageInspection
8155:             3             72  com.intellij.codeInspection.java19modules.Java9ModuleExportsPackageToItselfInspection
8156:             3             72  com.intellij.codeInspection.java19modules.Java9RedundantRequiresStatementInspection
8157:             3             72  com.intellij.codeInspection.java19modules.JavaModuleNamingInspection
8158:             3             72  com.intellij.codeInspection.java19modules.JavaRequiresAutoModuleInspection
8159:             3             72  com.intellij.codeInspection.javaDoc.JavaDocReferenceInspection
8160:             3             72  com.intellij.codeInspection.javaDoc.JavadocHtmlLintInspection
8161:             3             72  com.intellij.codeInspection.lambda.RedundantLambdaParameterTypeInspection
8162:             3             72  com.intellij.codeInspection.lambdaToExplicit.ExcessiveLambdaUsageInspection
8163:             3             72  com.intellij.codeInspection.lambdaToExplicit.ExplicitArgumentCanBeLambdaInspection
8164:             3             72  com.intellij.codeInspection.longLine.LongLineInspection
8165:             3             72  com.intellij.codeInspection.magicConstant.MagicConstantInspection
8166:             3             72  com.intellij.codeInspection.miscGenerics.IterableUsedAsVarargInspection
8167:             3             72  com.intellij.codeInspection.miscGenerics.RawTypeCanBeGenericInspection
8168:             3             72  com.intellij.codeInspection.miscGenerics.RedundantArrayForVarargsCallInspection
8169:             3             72  com.intellij.codeInspection.miscGenerics.RedundantTypeArgsInspection
8170:             3             72  com.intellij.codeInspection.miscGenerics.SuspiciousCollectionsMethodCallsInspection
8171:             3             72  com.intellij.codeInspection.nullable.NotNullFieldNotInitializedInspection
8172:             3             72  com.intellij.codeInspection.numeric.InsertLiteralUnderscoresInspection
8173:             3             72  com.intellij.codeInspection.numeric.RemoveLiteralUnderscoresInspection
8174:             3             72  com.intellij.codeInspection.optionalToIf.OptionalToIfInspection
8175:             3             72  com.intellij.codeInspection.redundantCast.CastCanBeRemovedNarrowingVariableTypeInspection
8176:             3             72  com.intellij.codeInspection.reflectiveAccess.Java9ReflectionClassVisibilityInspection
8177:             3             72  com.intellij.codeInspection.reflectiveAccess.JavaLangInvokeHandleSignatureInspection
8178:             3             72  com.intellij.codeInspection.reflectiveAccess.JavaReflectionInvocationInspection
8179:             3             72  com.intellij.codeInspection.sameReturnValue.SameReturnValueInspection
8180:             3             72  com.intellij.codeInspection.sillyAssignment.SillyAssignmentInspection
8181:             3             72  com.intellij.codeInspection.streamMigration.FoldExpressionIntoStreamInspection
8182:             3             72  com.intellij.codeInspection.streamMigration.FuseStreamOperationsInspection
8183:             3             72  com.intellij.codeInspection.streamMigration.SimplifyForEachInspection
8184:             3             72  com.intellij.codeInspection.streamMigration.StreamApiMigrationInspection
8185:             3             72  com.intellij.codeInspection.streamToLoop.StreamToLoopInspection
8186:             3             72  com.intellij.codeInspection.testOnly.TestOnlyInspection
8187:             3             72  com.intellij.codeInspection.ui.ListWrappingTableModel
8188:             3             72  com.intellij.codeInspection.unnecessaryModuleDependency.UnnecessaryModuleDependencyInspection
8189:             3             72  com.intellij.codeInspection.unneededThrows.RedundantThrowsDeclarationLocalInspection
8190:             3             72  com.intellij.codeInspection.unsorted.AlphaUnsortedPropertiesFileInspection
8191:             3             72  com.intellij.codeInspection.unused.UnusedPropertyInspection
8192:             3             72  com.intellij.codeInspection.unusedImport.UnusedImportInspection
8193:             3             72  com.intellij.codeInspection.unusedLibraries.UnusedLibrariesInspection
8194:             3             72  com.intellij.codeInspection.varScopeCanBeNarrowed.ParameterCanBeLocalInspection
8195:             3             72  com.intellij.codeInspection.wrongPackageStatement.WrongPackageStatementInspection
8196:             3             72  com.intellij.codeInspection.xml.DeprecatedClassUsageInspection
8197:             3             72  com.intellij.compiler.backwardRefs.CompilerReferenceServiceBase$IndexCloseReason
8198:             3             72  com.intellij.compiler.inspection.FrequentlyUsedInheritorInspection
8199:             3             72  com.intellij.compiler.server.BuildMessageDispatcher$SessionData$State
8200:             3             72  com.intellij.completion.ml.ngram.NGram$createRecentFilesScorer$1$1
8201:             3             72  com.intellij.completion.ml.ngram.NGram$createReversedScorer$1
8202:             3             72  com.intellij.completion.ml.ngram.NGram$createScorer$1
8203:             3             72  com.intellij.completion.ml.personalization.session.QueriesDuration
8204:             3             72  com.intellij.completion.ml.sorting.CachingFeaturesArrayBuilder
8205:             3             72  com.intellij.completion.ml.sorting.LanguageRankingModel
8206:             3             72  com.intellij.completion.ml.tracker.LookupSelectionTracker
8207:             3             72  com.intellij.configurationStore.ComponentStoreWithExtraComponents$asyncSettingsSavingComponents$1
8208:             3             72  com.intellij.configurationStore.StateLoadPolicy
8209:             3             72  com.intellij.debugger.ui.tree.render.LabelRenderer
8210:             3             72  com.intellij.diagnostic.LockKind
8211:             3             72  com.intellij.diagnostic.MessagePool$State
8212:             3             72  com.intellij.diagnostic.PerformanceWatcher$CheckerState
8213:             3             72  com.intellij.diff.comparison.ComparisonPolicy
8214:             3             72  com.intellij.dvcs.branch.DvcsSyncSettings$Value
8215:             3             72  com.intellij.execution.configurations.GeneralCommandLine$ParentEnvironmentType
8216:             3             72  com.intellij.execution.configurations.RunConfiguration$RestartSingletonResult
8217:             3             72  com.intellij.execution.impl.RunConfigurationLevel
8218:             3             72  com.intellij.execution.junit.codeInsight.JUnit5MalformedNestedClassInspection
8219:             3             72  com.intellij.execution.junit.codeInsight.JUnit5MalformedParameterizedInspection
8220:             3             72  com.intellij.execution.junit.codeInsight.JUnit5MalformedRepeatedTestInspection
8221:             3             72  com.intellij.execution.process.AnsiTerminalEmulator$BlinkSpeed
8222:             3             72  com.intellij.execution.process.AnsiTerminalEmulator$Weight
8223:             1             72  com.intellij.execution.process.ProcessIOExecutorService
8224:             3             72  com.intellij.execution.rmi.RemoteUtil$1
8225:             3             72  com.intellij.execution.services.ServiceViewManagerImpl$State
8226:             3             72  com.intellij.execution.testframework.TestFailedLineInspection
8227:             3             72  com.intellij.featureStatistics.fusCollectors.LifecycleUsageTriggerCollector$ProjectOpenMode
8228:             3             72  com.intellij.find.findUsages.FindUsagesHandlerFactory$OperationMode
8229:             1             72  com.intellij.formatting.FormatterImpl
8230:             3             72  com.intellij.formatting.FormattingMode
8231:             3             72  com.intellij.grazie.ide.inspection.detection.LanguageDetectionInspection
8232:             3             72  com.intellij.grazie.ide.inspection.grammar.GrazieInspection
8233:             3             72  com.intellij.grazie.speller.suggestion.ranker.feature.CosineSuggestionRanker
8234:             3             72  com.intellij.ide.ApplicationActivationStateManagerState
8235:             3             72  com.intellij.ide.GeneralSettings$ProcessCloseConfirmation
8236:             1             72  com.intellij.ide.HelpTooltipManager
8237:             3             72  com.intellij.ide.IdeEventQueue$SearchEverywhereTypeaheadState
8238:             3             72  com.intellij.ide.NativeIconProvider$Ext
8239:             3             72  com.intellij.ide.browsers.DefaultBrowserPolicy
8240:             1             72  com.intellij.ide.dnd.DnDManagerImpl
8241:             3             72  com.intellij.ide.fileTemplates.impl.FileTemplateManagerImpl$State
8242:             3             72  com.intellij.ide.gdpr.ConsentOptions$Permission
8243:             3             72  com.intellij.ide.structureView.impl.StructureViewFactoryImpl$State
8244:             3             72  com.intellij.ide.todo.TodoPanelSettings
8245:             3             72  com.intellij.ide.ui.UINumericRange
8246:             1             72  com.intellij.ide.ui.laf.LafManagerImpl
8247:             3             72  com.intellij.idea.SocketLock$ActivationStatus
8248:             3             72  com.intellij.impl.ConversionResultImpl
8249:             1             72  com.intellij.internal.ml.catboost.NaiveCatBoostModel
8250:             3             72  com.intellij.internal.statistic.State
8251:             3             72  com.intellij.internal.statistic.eventLog.events.StringEventField$ValidatedByEnum
8252:             3             72  com.intellij.internal.statistic.eventLog.events.StringEventField$ValidatedByRegexp
8253:             3             72  com.intellij.jarRepository.RemoteRepositoriesConfiguration$State$Repo
8254:             3             72  com.intellij.json.codeinsight.JsonDuplicatePropertyKeysInspection
8255:             3             72  com.intellij.json.codeinsight.JsonStandardComplianceInspection
8256:             3             72  com.intellij.json.editor.lineMover.JsonLineMover$Direction
8257:             3             72  com.intellij.json.json5.codeinsight.Json5StandardComplianceInspection
8258:             3             72  com.intellij.lang.PerFileMappingsBase$1
8259:             3             72  com.intellij.lang.ant.dom.AntResolveInspection
8260:             3             72  com.intellij.lang.ant.validation.AntDuplicateTargetsInspection
8261:             3             72  com.intellij.lang.ant.validation.AntMissingPropertiesFileInspection
8262:             3             72  com.intellij.lang.java.beans.PropertyKind
8263:             3             72  com.intellij.lang.java.parser.ExpressionParser$BreakPoint
8264:             3             72  com.intellij.lang.parameterInfo.ParameterInfoUIContextEx$Flag
8265:             3             72  com.intellij.lang.properties.UnusedMessageFormatParameterInspection
8266:             3             72  com.intellij.lang.properties.editor.inspections.incomplete.IncompletePropertyInspection
8267:             3             72  com.intellij.notification.NotificationType
8268:             1             72  com.intellij.openapi.actionSystem.impl.ActionManagerImpl$MyTimer
8269:             3             72  com.intellij.openapi.application.EdtReplacementThread
8270:             3             72  com.intellij.openapi.application.constraints.ExpirationKt$cancelJobOnDisposal$child$1
8271:             3             72  com.intellij.openapi.command.UndoConfirmationPolicy
8272:             3             72  com.intellij.openapi.command.impl.UndoManagerImpl$1
8273:             3             72  com.intellij.openapi.command.impl.UndoManagerImpl$OperationState
8274:             3             72  com.intellij.openapi.components.StateStorageChooserEx$Resolution
8275:             3             72  com.intellij.openapi.diagnostic.FrequentEventDetector$Level
8276:             3             72  com.intellij.openapi.editor.CaretVisualAttributes$Weight
8277:             3             72  com.intellij.openapi.editor.EditorMouseHoverPopupManager$Context$Relation
8278:             3             72  com.intellij.openapi.editor.actions.CaretStopOptionsTransposed
8279:             3             72  com.intellij.openapi.editor.ex.BidiTextDirection
8280:             3             72  com.intellij.openapi.editor.impl.softwrap.SoftWrapAppliancePlaces
8281:             3             72  com.intellij.openapi.editor.markup.GutterIconRenderer$Alignment
8282:             3             72  com.intellij.openapi.editor.markup.InspectionsLevel
8283:             3             72  com.intellij.openapi.editor.markup.LineMarkerRendererEx$Position
8284:             3             72  com.intellij.openapi.editor.markup.TextAttributesEffectsBuilder$EffectSlot
8285:             3             72  com.intellij.openapi.externalSystem.autoimport.ExternalSystemProjectTrackerSettings$AutoReloadType
8286:             3             72  com.intellij.openapi.externalSystem.autoimport.ExternalSystemRefreshStatus
8287:             3             72  com.intellij.openapi.externalSystem.autoimport.ProjectStatus$ProjectState$Synchronized
8288:             3             72  com.intellij.openapi.externalSystem.model.task.ExternalSystemTaskType
8289:             3             72  com.intellij.openapi.externalSystem.service.project.manage.ExternalProjectsState
8290:             3             72  com.intellij.openapi.fileEditor.FileEditorStateLevel
8291:             3             72  com.intellij.openapi.fileEditor.impl.FileEditorManagerImpl$OpenMode
8292:             3             72  com.intellij.openapi.fileEditor.impl.FileEditorOpenOptions
8293:             3             72  com.intellij.openapi.fileEditor.impl.InconsistentLineSeparatorsInspection
8294:             3             72  com.intellij.openapi.fileTypes.impl.ConflictingFileTypeMappingTracker$ConflictPolicy
8295:             3             72  com.intellij.openapi.options.SchemeState
8296:             3             72  com.intellij.openapi.progress.EmptyProgressIndicator$RunState
8297:             3             72  com.intellij.openapi.progress.impl.CoreProgressManager$CheckCanceledBehavior
8298:             3             72  com.intellij.openapi.progress.util.TooManyUsagesStatus$Status
8299:             3             72  com.intellij.openapi.roots.ContentIteratorEx$Status
8300:             3             72  com.intellij.openapi.roots.OrderEnumerationHandler$AddDependencyType
8301:             3             72  com.intellij.openapi.roots.impl.OrderEnumeratorBase$ProcessEntryActionType
8302:             3             72  com.intellij.openapi.roots.impl.ProjectRootManagerImpl$RootsChangeType
8303:             1             72  com.intellij.openapi.roots.impl.libraries.LibraryImpl
8304:             3             72  com.intellij.openapi.ui.Splitter$DividerPositionStrategy
8305:             3             72  com.intellij.openapi.ui.Splitter$LackOfSpaceStrategy
8306:             1             72  com.intellij.openapi.ui.impl.ShadowPainter
8307:             3             72  com.intellij.openapi.ui.panel.ProgressPanel$State
8308:             3             72  com.intellij.openapi.updateSettings.impl.ExternalUpdateManager
8309:             1             72  com.intellij.openapi.updateSettings.impl.UpdateOptions
8310:             3             72  com.intellij.openapi.updateSettings.impl.UpdateStrategy$State
8311:             3             72  com.intellij.openapi.util.KeyWithDefaultValue$2
8312:             3             72  com.intellij.openapi.util.io.FileAttributes$CaseSensitivity
8313:             3             72  com.intellij.openapi.util.io.FileAttributes$Type
8314:             3             72  com.intellij.openapi.vcs.VcsShowConfirmationOption$Value
8315:             3             72  com.intellij.openapi.vcs.changes.ChangesViewManager$State
8316:             3             72  com.intellij.openapi.vcs.changes.ignore.codeInspection.IgnoreFileDuplicateEntryInspection
8317:             1             72  com.intellij.openapi.vcs.changes.ignore.psi.IgnoreFile
8318:             3             72  com.intellij.openapi.vcs.changes.shelf.ShelveChangesManager$State
8319:             3             72  com.intellij.openapi.vcs.contentAnnotation.VcsContentAnnotationSettings$State
8320:             3             72  com.intellij.openapi.vfs.VFileProperty
8321:             3             72  com.intellij.openapi.vfs.encoding.EncodingProjectManagerImpl$BOMForNewUTF8Files
8322:             3             72  com.intellij.openapi.vfs.impl.VirtualFileManagerImpl$$Lambda$549/0x000000080061fc40
8323:             3             72  com.intellij.openapi.wm.ex.WindowManagerEx$WindowShadowMode
8324:             3             72  com.intellij.openapi.wm.impl.FrameInfoHelper
8325:             3             72  com.intellij.openapi.wm.impl.IdeBackgroundUtil$Fill
8326:             3             72  com.intellij.openapi.wm.impl.ToolWindowPaneState
8327:             3             72  com.intellij.openapi.wm.impl.WindowWatcher$WindowInfo
8328:             3             72  com.intellij.openapi.wm.impl.simpleTitleParts.SimpleTitleInfoProvider$1
8329:             3             72  com.intellij.openapi.wm.impl.status.IdeStatusBarImpl$Position
8330:             3             72  com.intellij.patterns.PsiElementPattern$16
8331:             3             72  com.intellij.patterns.PsiElementPattern$17
8332:             3             72  com.intellij.patterns.XmlFilePattern$Capture
8333:             3             72  com.intellij.psi.codeStyle.CodeStyleSettingsCustomizable$CommenterOption
8334:             3             72  com.intellij.psi.codeStyle.CodeStyleSettingsCustomizable$OptionAnchor
8335:             3             72  com.intellij.psi.codeStyle.CodeStyleSettingsServiceImpl$1
8336:             3             72  com.intellij.psi.codeStyle.CodeStyleSettingsServiceImpl$2
8337:             3             72  com.intellij.psi.codeStyle.CodeStyleSettingsServiceImpl$3
8338:             3             72  com.intellij.psi.codeStyle.CommonCodeStyleSettings$WrapOnTyping
8339:             3             72  com.intellij.psi.codeStyle.NameUtil$MatchingCaseSensitivity
8340:             3             72  com.intellij.psi.controlFlow.BranchingInstruction$Role
8341:             3             72  com.intellij.psi.impl.PsiClassImplUtil$MemberType
8342:             3             72  com.intellij.psi.impl.search.PsiSearchHelperImpl$Options
8343:             3             72  com.intellij.psi.impl.search.PsiSearchHelperImpl$QueryRequestsRunResult
8344:             3             72  com.intellij.psi.impl.source.PsiImmediateClassType$TextType
8345:             3             72  com.intellij.psi.impl.source.javadoc.SeeDocTagInfo
8346:             3             72  com.intellij.psi.impl.source.resolve.VariableResolverProcessor$StaticScope
8347:             1             72  com.intellij.psi.impl.source.tree.java.TypeParameterExtendsBoundsListElement
8348:             3             72  com.intellij.psi.scope.conflictResolvers.JavaMethodsConflictResolver$Specifics
8349:             3             72  com.intellij.psi.search.PsiSearchHelper$SearchCostResult
8350:             3             72  com.intellij.psi.stubs.StubList$ChildrenStorage
8351:             3             72  com.intellij.psi.util.PropertyUtilBase$GetterFlavour
8352:             3             72  com.intellij.psi.util.proximity.ReferenceListWeigher$Preference
8353:             3             72  com.intellij.refactoring.introduce.inplace.OccurrencesChooser$ReplaceChoice
8354:             3             72  com.intellij.refactoring.introduceVariable.IntroduceVariableBase$JavaReplaceChoice
8355:             3             72  com.intellij.refactoring.typeMigration.inspections.GuavaInspection
8356:             3             72  com.intellij.refactoring.typeMigration.inspections.MigrateAssertToMatcherAssertInspection
8357:             3             72  com.intellij.spellchecker.SpellCheckerManager$DictionaryLevel
8358:             3             72  com.intellij.spellchecker.inspections.SpellCheckingInspection
8359:             3             72  com.intellij.spellchecker.quickfixes.ChangeTo$ChangeToVariantAction
8360:             3             72  com.intellij.spellchecker.quickfixes.SaveTo
8361:             3             72  com.intellij.spellchecker.state.ProjectDictionaryState
8362:             3             72  com.intellij.structuralsearch.inspection.SSBasedInspection$MultiMapEx
8363:             3             72  com.intellij.tasks.ChangeListInfo
8364:             3             72  com.intellij.tasks.impl.TaskProjectConfiguration
8365:             3             72  com.intellij.ui.content.ContentManagerEvent$ContentOperation
8366:             3             72  com.intellij.ui.icons.RowIcon$Alignment
8367:             3             72  com.intellij.ui.scale.DerivedScaleType
8368:             3             72  com.intellij.ui.scale.ScaleType
8369:             3             72  com.intellij.ui.stripe.ErrorStripePainter$Alignment
8370:             1             72  com.intellij.ui.treeStructure.NullNode
8371:             3             72  com.intellij.uiDesigner.GuiDesignerConfiguration
8372:             3             72  com.intellij.uiDesigner.i18n.I18nFormInspection
8373:             3             72  com.intellij.uiDesigner.i18n.InvalidPropertyKeyFormInspection
8374:             3             72  com.intellij.uiDesigner.inspections.BoundFieldAssignmentInspection
8375:             3             72  com.intellij.uiDesigner.inspections.DuplicateMnemonicInspection
8376:             3             72  com.intellij.uiDesigner.inspections.FormSpellCheckingInspection
8377:             3             72  com.intellij.uiDesigner.inspections.MissingMnemonicInspection
8378:             3             72  com.intellij.uiDesigner.inspections.NoButtonGroupInspection
8379:             3             72  com.intellij.uiDesigner.inspections.NoLabelForInspection
8380:             3             72  com.intellij.uiDesigner.inspections.NoScrollPaneInspection
8381:             3             72  com.intellij.uiDesigner.inspections.OneButtonGroupInspection
8382:             3             72  com.intellij.util.CacheKey
8383:             3             72  com.intellij.util.ThreeState
8384:             1             72  com.intellij.util.concurrency.AppScheduledExecutorService$BackendThreadPoolExecutor
8385:             3             72  com.intellij.util.containers.JBIterator$Do
8386:             3             72  com.intellij.util.containers.RefHashMap$EntrySet
8387:             3             72  com.intellij.util.containers.TreeTraversal$BiOrderIt$Order
8388:             3             72  com.intellij.util.containers.WeakKeyWeakValueHashMap
8389:             3             72  com.intellij.util.exception.FrequentErrorLogger
8390:             3             72  com.intellij.util.gist.PsiFileGistImpl$$Lambda$4401/0x000000080284b440
8391:             3             72  com.intellij.util.indexing.AdditionalIndexableFileSet$AdditionalIndexableRoots
8392:             3             72  com.intellij.util.indexing.FileIndexingState
8393:             3             72  com.intellij.util.indexing.RebuildStatus
8394:             3             72  com.intellij.util.indexing.snapshot.SnapshotHashEnumeratorService$State
8395:             3             72  com.intellij.util.io.EnumDataDescriptor
8396:             3             72  com.intellij.util.io.PersistentStringEnumerator
8397:             3             72  com.intellij.util.io.storage.DataTable
8398:             3             72  com.intellij.util.io.storage.HeavyProcessLatch$Type
8399:             3             72  com.intellij.util.ui.Advertiser$1
8400:             3             72  com.intellij.util.ui.Centerizer$TYPE
8401:             3             72  com.intellij.util.ui.UIUtil$FontSize
8402:             1             72  com.intellij.util.xml.impl.CollectionElementInvocationHandler
8403:             3             72  com.intellij.vcs.commit.message.BodyLimitInspection
8404:             3             72  com.intellij.vcs.commit.message.CommitMessageSpellCheckingInspection
8405:             3             72  com.intellij.vcs.commit.message.SubjectBodySeparationInspection
8406:             3             72  com.intellij.vcs.commit.message.SubjectLimitInspection
8407:             3             72  com.intellij.vcs.log.data.CurrentBranchConditionCache$State
8408:             3             72  com.intellij.vcs.log.data.VcsLogData$State
8409:             3             72  com.intellij.vcs.log.statistics.VcsLogIndexCollectorState
8410:             3             72  com.intellij.workspaceModel.storage.bridgeEntities.LibraryRoot$InclusionOptions
8411:             3             72  com.intellij.workspaceModel.storage.impl.external.ExternalEntityMappingImpl
8412:             3             72  com.intellij.workspaceModel.storage.impl.indices.VirtualFileIndex
8413:             3             72  com.intellij.xdebugger.breakpoints.SuspendPolicy
8414:             3             72  com.intellij.xdebugger.impl.evaluate.quick.common.ValueHintType
8415:             3             72  com.intellij.xdebugger.impl.settings.XDebuggerDataViewSettings
8416:             3             72  com.intellij.xdebugger.impl.settings.XDebuggerGeneralSettings
8417:             3             72  com.intellij.xdebugger.memory.component.InstancesTracker$MyState
8418:             3             72  com.intellij.xml.actions.validate.ValidateXmlActionHandler$ProblemType
8419:             3             72  com.intellij.xml.breadcrumbs.BreadcrumbsInitializingActivity$$Lambda$2318/0x000000080183c840
8420:             3             72  com.intellij.xml.breadcrumbs.BreadcrumbsPanel$4
8421:             3             72  com.intellij.xml.util.CheckDtdReferencesInspection
8422:             3             72  com.intellij.xml.util.CheckEmptyTagInspection
8423:             3             72  com.intellij.xml.util.CheckTagEmptyBodyInspection
8424:             3             72  com.intellij.xml.util.CheckValidXmlInScriptBodyInspection
8425:             3             72  com.intellij.xml.util.CheckXmlFileWithXercesValidatorInspection
8426:             3             72  com.intellij.xml.util.HTMLControls$TagState
8427:             3             72  com.intellij.xml.util.XmlDuplicatedIdInspection
8428:             3             72  com.intellij.xml.util.XmlInvalidIdInspection
8429:             3             72  com.jetbrains.jdi.EventDestination
8430:             1             72  com.jetbrains.jdi.SDE
8431:             3             72  com.jetbrains.jdi.SDE$StratumTableRecord
8432:             3             72  com.jetbrains.jsonSchema.impl.inspections.JsonSchemaComplianceInspection
8433:             3             72  com.jetbrains.jsonSchema.impl.inspections.JsonSchemaDeprecationInspection
8434:             3             72  com.jetbrains.jsonSchema.impl.inspections.JsonSchemaRefReferenceInspection
8435:             3             72  com.siyeh.ig.abstraction.ClassReferencesSubclassInspection
8436:             3             72  com.siyeh.ig.abstraction.InstanceofThisInspection
8437:             3             72  com.siyeh.ig.abstraction.InterfaceMethodClashesWithObjectInspection
8438:             3             72  com.siyeh.ig.abstraction.OptionalUsedAsFieldOrParameterTypeInspection
8439:             3             72  com.siyeh.ig.annotation.MetaAnnotationWithoutRuntimeRetentionInspection
8440:             3             72  com.siyeh.ig.annotation.SingleElementAnnotationInspection
8441:             3             72  com.siyeh.ig.asserttoif.AssertionCanBeIfInspection
8442:             3             72  com.siyeh.ig.asserttoif.IfCanBeAssertionInspection
8443:             3             72  com.siyeh.ig.assignment.AssignmentToStaticFieldFromInstanceMethodInspection
8444:             3             72  com.siyeh.ig.assignment.AssignmentToSuperclassFieldInspection
8445:             3             72  com.siyeh.ig.assignment.AssignmentUsedAsConditionInspection
8446:             3             72  com.siyeh.ig.assignment.IncrementDecrementUsedAsExpressionInspection
8447:             3             72  com.siyeh.ig.assignment.NestedAssignmentInspection
8448:             3             72  com.siyeh.ig.bitwise.IncompatibleMaskInspection
8449:             3             72  com.siyeh.ig.bitwise.ShiftOutOfRangeInspection
8450:             3             72  com.siyeh.ig.bugs.ArrayEqualityInspection
8451:             3             72  com.siyeh.ig.bugs.ArrayEqualsInspection
8452:             3             72  com.siyeh.ig.bugs.ArrayHashCodeInspection
8453:             3             72  com.siyeh.ig.bugs.ArrayObjectsEqualsInspection
8454:             3             72  com.siyeh.ig.bugs.AssertWithSideEffectsInspection
8455:             3             72  com.siyeh.ig.bugs.CastConflictsWithInstanceofInspection
8456:             3             72  com.siyeh.ig.bugs.CastToIncompatibleInterfaceInspection
8457:             3             72  com.siyeh.ig.bugs.ClassNewInstanceInspection
8458:             3             72  com.siyeh.ig.bugs.CollectionAddedToSelfInspection
8459:             3             72  com.siyeh.ig.bugs.ComparableImplementedButEqualsNotOverriddenInspection
8460:             3             72  com.siyeh.ig.bugs.CompareToUsesNonFinalVariableInspection
8461:             3             72  com.siyeh.ig.bugs.ConstantAssertConditionInspection
8462:             3             72  com.siyeh.ig.bugs.CopyConstructorMissesFieldInspection
8463:             3             72  com.siyeh.ig.bugs.CovariantEqualsInspection
8464:             3             72  com.siyeh.ig.bugs.EmptyInitializerInspection
8465:             3             72  com.siyeh.ig.bugs.EqualsUsesNonFinalVariableInspection
8466:             3             72  com.siyeh.ig.bugs.EqualsWhichDoesntCheckParameterClassInspection
8467:             3             72  com.siyeh.ig.bugs.EqualsWithItselfInspection
8468:             3             72  com.siyeh.ig.bugs.HashCodeUsesNonFinalVariableInspection
8469:             3             72  com.siyeh.ig.bugs.ImplicitArrayToStringInspection
8470:             3             72  com.siyeh.ig.bugs.InfiniteRecursionInspection
8471:             3             72  com.siyeh.ig.bugs.InnerClassReferencedViaSubclassInspection
8472:             3             72  com.siyeh.ig.bugs.InstanceofIncompatibleInterfaceInspection
8473:             3             72  com.siyeh.ig.bugs.InstantiationOfUtilityClassInspection
8474:             3             72  com.siyeh.ig.bugs.IteratorHasNextCallsIteratorNextInspection
8475:             3             72  com.siyeh.ig.bugs.IteratorNextDoesNotThrowNoSuchElementExceptionInspection
8476:             3             72  com.siyeh.ig.bugs.MathRandomCastToIntInspection
8477:             3             72  com.siyeh.ig.bugs.MismatchedArrayReadWriteInspection
8478:             3             72  com.siyeh.ig.bugs.MismatchedStringBuilderQueryUpdateInspection
8479:             3             72  com.siyeh.ig.bugs.MismatchedStringCaseInspection
8480:             3             72  com.siyeh.ig.bugs.MisspelledEqualsInspection
8481:             3             72  com.siyeh.ig.bugs.NewObjectEqualityInspection
8482:             3             72  com.siyeh.ig.bugs.NewStringBufferWithCharArgumentInspection
8483:             3             72  com.siyeh.ig.bugs.NonShortCircuitBooleanInspection
8484:             3             72  com.siyeh.ig.bugs.NullArgumentToVariableArgMethodInspection
8485:             3             72  com.siyeh.ig.bugs.NumberEqualityInspection
8486:             3             72  com.siyeh.ig.bugs.PrimitiveArrayArgumentToVariableArgMethodInspection
8487:             3             72  com.siyeh.ig.bugs.ReflectionForUnavailableAnnotationInspection
8488:             3             72  com.siyeh.ig.bugs.ReplaceAllDotInspection
8489:             3             72  com.siyeh.ig.bugs.ResultSetIndexZeroInspection
8490:             3             72  com.siyeh.ig.bugs.SortedCollectionWithNonComparableKeysInspection
8491:             3             72  com.siyeh.ig.bugs.StaticCallOnSubclassInspection
8492:             3             72  com.siyeh.ig.bugs.StaticFieldReferenceOnSubclassInspection
8493:             3             72  com.siyeh.ig.bugs.StringConcatenationInFormatCallInspection
8494:             3             72  com.siyeh.ig.bugs.StringConcatenationInMessageFormatCallInspection
8495:             3             72  com.siyeh.ig.bugs.StringEqualityInspection
8496:             3             72  com.siyeh.ig.bugs.StringEqualsCharSequenceInspection
8497:             3             72  com.siyeh.ig.bugs.SuspiciousArrayCastInspection
8498:             3             72  com.siyeh.ig.bugs.SuspiciousComparatorCompareInspection
8499:             3             72  com.siyeh.ig.bugs.SuspiciousDateFormatInspection
8500:             3             72  com.siyeh.ig.bugs.SuspiciousIndentAfterControlStatementInspection
8501:             3             72  com.siyeh.ig.bugs.SuspiciousInvocationHandlerImplementationInspection
8502:             3             72  com.siyeh.ig.bugs.SuspiciousSystemArraycopyInspection
8503:             3             72  com.siyeh.ig.bugs.SuspiciousToArrayCallInspection
8504:             3             72  com.siyeh.ig.bugs.TextLabelInSwitchStatementInspection
8505:             3             72  com.siyeh.ig.bugs.ThrowableNotThrownInspection
8506:             3             72  com.siyeh.ig.bugs.UseOfPropertiesAsHashtableInspection
8507:             3             72  com.siyeh.ig.bugs.VariableNotUsedInsideIfInspection
8508:             3             72  com.siyeh.ig.classlayout.AnonymousInnerClassInspection
8509:             3             72  com.siyeh.ig.classlayout.ClassNameDiffersFromFileNameInspection
8510:             3             72  com.siyeh.ig.classlayout.ClassWithOnlyPrivateConstructorsInspection
8511:             3             72  com.siyeh.ig.classlayout.ConstantDeclaredInAbstractClassInspection
8512:             3             72  com.siyeh.ig.classlayout.ConstantDeclaredInInterfaceInspection
8513:             3             72  com.siyeh.ig.classlayout.FinalClassInspection
8514:             3             72  com.siyeh.ig.classlayout.FinalMethodInFinalClassInspection
8515:             3             72  com.siyeh.ig.classlayout.FinalMethodInspection
8516:             3             72  com.siyeh.ig.classlayout.FinalPrivateMethodInspection
8517:             3             72  com.siyeh.ig.classlayout.FinalStaticMethodInspection
8518:             3             72  com.siyeh.ig.classlayout.InterfaceMayBeAnnotatedFunctionalInspection
8519:             3             72  com.siyeh.ig.classlayout.LimitedScopeInnerClassInspection
8520:             3             72  com.siyeh.ig.classlayout.MarkerInterfaceInspection
8521:             3             72  com.siyeh.ig.classlayout.MethodReturnAlwaysConstantInspection
8522:             3             72  com.siyeh.ig.classlayout.MultipleTopLevelClassesInFileInspection
8523:             3             72  com.siyeh.ig.classlayout.NonFinalFieldInEnumInspection
8524:             3             72  com.siyeh.ig.classlayout.NonFinalUtilityClassInspection
8525:             3             72  com.siyeh.ig.classlayout.NoopMethodInAbstractClassInspection
8526:             3             72  com.siyeh.ig.classlayout.ProtectedMemberInFinalClassInspection
8527:             3             72  com.siyeh.ig.classlayout.PublicConstructorInNonPublicClassInspection
8528:             3             72  com.siyeh.ig.classlayout.PublicConstructorInspection
8529:             3             72  com.siyeh.ig.classlayout.SingletonInspection
8530:             3             72  com.siyeh.ig.classlayout.UtilityClassCanBeEnumInspection
8531:             3             72  com.siyeh.ig.classlayout.UtilityClassWithPublicConstructorInspection
8532:             3             72  com.siyeh.ig.cloneable.CloneCallsConstructorsInspection
8533:             3             72  com.siyeh.ig.cloneable.CloneReturnsClassTypeInspection
8534:             3             72  com.siyeh.ig.cloneable.NonPublicCloneInspection
8535:             3             72  com.siyeh.ig.cloneable.UseOfCloneInspection
8536:             3             72  com.siyeh.ig.controlflow.BooleanExpressionMayBeConditionalInspection
8537:             3             72  com.siyeh.ig.controlflow.BreakStatementInspection
8538:             3             72  com.siyeh.ig.controlflow.BreakStatementWithLabelInspection
8539:             3             72  com.siyeh.ig.controlflow.ConditionCoveredByFurtherConditionInspection
8540:             3             72  com.siyeh.ig.controlflow.ConditionalExpressionWithIdenticalBranchesInspection
8541:             3             72  com.siyeh.ig.controlflow.ConstantConditionalExpressionInspection
8542:             3             72  com.siyeh.ig.controlflow.ContinueStatementInspection
8543:             3             72  com.siyeh.ig.controlflow.ContinueStatementWithLabelInspection
8544:             3             72  com.siyeh.ig.controlflow.DefaultNotLastCaseInSwitchInspection
8545:             3             72  com.siyeh.ig.controlflow.DoubleNegationInspection
8546:             3             72  com.siyeh.ig.controlflow.EnumSwitchStatementWhichMissesCasesInspection
8547:             3             72  com.siyeh.ig.controlflow.ExcessiveRangeCheckInspection
8548:             3             72  com.siyeh.ig.controlflow.FallthruInSwitchStatementInspection
8549:             3             72  com.siyeh.ig.controlflow.IfStatementWithIdenticalBranchesInspection
8550:             3             72  com.siyeh.ig.controlflow.LabeledStatementInspection
8551:             3             72  com.siyeh.ig.controlflow.LoopWithImplicitTerminationConditionInspection
8552:             3             72  com.siyeh.ig.controlflow.NegatedConditionalExpressionInspection
8553:             3             72  com.siyeh.ig.controlflow.NegatedEqualityExpressionInspection
8554:             3             72  com.siyeh.ig.controlflow.NestedConditionalExpressionInspection
8555:             3             72  com.siyeh.ig.controlflow.NestedSwitchStatementInspection
8556:             3             72  com.siyeh.ig.controlflow.PointlessBooleanExpressionInspection$BooleanExpressionKind
8557:             3             72  com.siyeh.ig.controlflow.PointlessIndexOfComparisonInspection
8558:             3             72  com.siyeh.ig.controlflow.PointlessNullCheckInspection
8559:             3             72  com.siyeh.ig.controlflow.SimplifiableBooleanExpressionInspection
8560:             3             72  com.siyeh.ig.controlflow.SimplifiableConditionalExpressionInspection
8561:             3             72  com.siyeh.ig.controlflow.SwitchStatementInspection
8562:             3             72  com.siyeh.ig.controlflow.SwitchStatementWithConfusingDeclarationInspection
8563:             3             72  com.siyeh.ig.controlflow.SwitchStatementsWithoutDefaultInspection
8564:             3             72  com.siyeh.ig.controlflow.UnnecessaryBreakInspection
8565:             3             72  com.siyeh.ig.controlflow.UnnecessaryLabelOnBreakStatementInspection
8566:             3             72  com.siyeh.ig.controlflow.UnnecessaryLabelOnContinueStatementInspection
8567:             3             72  com.siyeh.ig.dataflow.BooleanVariableAlwaysNegatedInspection
8568:             3             72  com.siyeh.ig.dataflow.ConstantValueVariableUseInspection
8569:             3             72  com.siyeh.ig.dataflow.NegativelyNamedBooleanVariableInspection
8570:             3             72  com.siyeh.ig.dataflow.ReuseOfLocalVariableInspection
8571:             3             72  com.siyeh.ig.dependency.CyclicClassDependencyInspection
8572:             3             72  com.siyeh.ig.dependency.CyclicPackageDependencyInspection
8573:             3             72  com.siyeh.ig.encapsulation.PackageVisibleFieldInspection
8574:             3             72  com.siyeh.ig.encapsulation.ProtectedFieldInspection
8575:             3             72  com.siyeh.ig.errorhandling.CatchMayIgnoreExceptionInspection
8576:             3             72  com.siyeh.ig.errorhandling.CaughtExceptionImmediatelyRethrownInspection
8577:             3             72  com.siyeh.ig.errorhandling.CheckedExceptionClassInspection
8578:             3             72  com.siyeh.ig.errorhandling.ContinueOrBreakFromFinallyBlockInspection
8579:             3             72  com.siyeh.ig.errorhandling.EmptyFinallyBlockInspection
8580:             3             72  com.siyeh.ig.errorhandling.EmptyTryBlockInspection
8581:             3             72  com.siyeh.ig.errorhandling.ErrorRethrownInspection
8582:             3             72  com.siyeh.ig.errorhandling.ExtendsThrowableInspection
8583:             3             72  com.siyeh.ig.errorhandling.FinallyBlockCannotCompleteNormallyInspection
8584:             3             72  com.siyeh.ig.errorhandling.InstanceofCatchParameterInspection
8585:             3             72  com.siyeh.ig.errorhandling.NestedTryStatementInspection
8586:             3             72  com.siyeh.ig.errorhandling.NonFinalFieldOfExceptionInspection
8587:             3             72  com.siyeh.ig.errorhandling.NullThrownInspection
8588:             3             72  com.siyeh.ig.errorhandling.ReturnFromFinallyBlockInspection
8589:             3             72  com.siyeh.ig.errorhandling.ThreadDeathRethrownInspection
8590:             3             72  com.siyeh.ig.errorhandling.ThrowsRuntimeExceptionInspection
8591:             3             72  com.siyeh.ig.errorhandling.UncheckedExceptionClassInspection
8592:             3             72  com.siyeh.ig.errorhandling.UnnecessaryInitCauseInspection
8593:             3             72  com.siyeh.ig.exceptions.MultiCatchCanBeSplitInspection
8594:             3             72  com.siyeh.ig.exceptions.TryStatementWithMultipleResourcesInspection
8595:             3             72  com.siyeh.ig.finalization.FinalizeNotProtectedInspection
8596:             3             72  com.siyeh.ig.finalization.NoExplicitFinalizeCallsInspection
8597:             3             72  com.siyeh.ig.imports.JavaLangImportInspection
8598:             3             72  com.siyeh.ig.imports.OnDemandImportInspection
8599:             3             72  com.siyeh.ig.imports.SamePackageImportInspection
8600:             3             72  com.siyeh.ig.imports.SingleClassImportInspection
8601:             3             72  com.siyeh.ig.inheritance.AbstractClassExtendsConcreteClassInspection
8602:             3             72  com.siyeh.ig.inheritance.AbstractClassNeverImplementedInspection
8603:             3             72  com.siyeh.ig.inheritance.AbstractClassWithoutAbstractMethodsInspection
8604:             3             72  com.siyeh.ig.inheritance.AbstractMethodOverridesConcreteMethodInspection
8605:             3             72  com.siyeh.ig.inheritance.AbstractMethodWithMissingImplementationsInspection
8606:             3             72  com.siyeh.ig.inheritance.ExtendsAnnotationInspection
8607:             3             72  com.siyeh.ig.inheritance.ExtendsConcreteCollectionInspection
8608:             3             72  com.siyeh.ig.inheritance.MissingOverrideAnnotationInspection
8609:             3             72  com.siyeh.ig.inheritance.ParameterTypePreventsOverridingInspection
8610:             3             72  com.siyeh.ig.inheritance.ProblematicVarargsMethodOverrideInspection
8611:             3             72  com.siyeh.ig.inheritance.StaticInheritanceInspection
8612:             3             72  com.siyeh.ig.inheritance.TypeParameterExtendsFinalClassInspection
8613:             3             72  com.siyeh.ig.initialization.AbstractMethodCallInConstructorInspection
8614:             3             72  com.siyeh.ig.initialization.DoubleBraceInitializationInspection
8615:             3             72  com.siyeh.ig.initialization.NonFinalStaticVariableUsedInClassInitializationInspection
8616:             3             72  com.siyeh.ig.initialization.NonThreadSafeLazyInitializationInspection
8617:             3             72  com.siyeh.ig.initialization.OverridableMethodCallDuringObjectConstructionInspection
8618:             3             72  com.siyeh.ig.initialization.OverriddenMethodCallDuringObjectConstructionInspection
8619:             3             72  com.siyeh.ig.initialization.ThisEscapedInConstructorInspection
8620:             3             72  com.siyeh.ig.internationalization.AbsoluteAlignmentInUserInterfaceInspection
8621:             3             72  com.siyeh.ig.internationalization.CallToSuspiciousStringMethodInspection
8622:             3             72  com.siyeh.ig.internationalization.CharacterComparisonInspection
8623:             3             72  com.siyeh.ig.internationalization.DateToStringInspection
8624:             3             72  com.siyeh.ig.internationalization.ImplicitDefaultCharsetUsageInspection
8625:             3             72  com.siyeh.ig.internationalization.MagicCharacterInspection
8626:             3             72  com.siyeh.ig.internationalization.NumericToStringInspection
8627:             3             72  com.siyeh.ig.internationalization.SimpleDateFormatWithoutLocaleInspection
8628:             3             72  com.siyeh.ig.internationalization.StringToUpperWithoutLocaleInspection
8629:             3             72  com.siyeh.ig.internationalization.StringTokenizerInspection
8630:             3             72  com.siyeh.ig.internationalization.TimeToStringInspection
8631:             3             72  com.siyeh.ig.internationalization.UnnecessaryUnicodeEscapeInspection
8632:             3             72  com.siyeh.ig.j2me.AbstractClassWithOnlyOneDirectInheritorInspection
8633:             3             72  com.siyeh.ig.j2me.ArrayLengthInLoopConditionInspection
8634:             3             72  com.siyeh.ig.j2me.InterfaceWithOnlyOneDirectInheritorInspection
8635:             3             72  com.siyeh.ig.j2me.PrivateMemberAccessBetweenOuterAndInnerClassInspection
8636:             3             72  com.siyeh.ig.j2me.SingleCharacterStartsWithInspection
8637:             3             72  com.siyeh.ig.javabeans.ClassWithoutConstructorInspection
8638:             3             72  com.siyeh.ig.javabeans.FieldHasSetterButNoGetterInspection
8639:             3             72  com.siyeh.ig.javabeans.PropertyValueSetToItselfInspection
8640:             3             72  com.siyeh.ig.javadoc.DanglingJavadocInspection
8641:             3             72  com.siyeh.ig.javadoc.HtmlTagCanBeJavadocTagInspection
8642:             3             72  com.siyeh.ig.javadoc.MissingPackageInfoInspection
8643:             3             72  com.siyeh.ig.javadoc.PackageDotHtmlMayBePackageInfoInspection
8644:             3             72  com.siyeh.ig.javadoc.PackageInfoWithoutPackageInspection
8645:             3             72  com.siyeh.ig.javadoc.UnnecessaryInheritDocInspection
8646:             3             72  com.siyeh.ig.jdk.AnnotationClassInspection
8647:             3             72  com.siyeh.ig.jdk.AnnotationInspection
8648:             3             72  com.siyeh.ig.jdk.AssertStatementInspection
8649:             3             72  com.siyeh.ig.jdk.AutoUnboxingInspection
8650:             3             72  com.siyeh.ig.jdk.EnumClassInspection
8651:             3             72  com.siyeh.ig.jdk.ForeachStatementInspection
8652:             3             72  com.siyeh.ig.jdk.ForwardCompatibilityInspection
8653:             3             72  com.siyeh.ig.jdk.VarargParameterInspection
8654:             3             72  com.siyeh.ig.junit.AssertEqualsCalledOnArrayInspection
8655:             3             72  com.siyeh.ig.junit.AssertEqualsMayBeAssertSameInspection
8656:             3             72  com.siyeh.ig.junit.BeforeClassOrAfterClassIsPublicStaticVoidNoArgInspection
8657:             3             72  com.siyeh.ig.junit.BeforeOrAfterIsPublicVoidNoArgInspection
8658:             3             72  com.siyeh.ig.junit.ExpectedExceptionNeverThrownInspection
8659:             3             72  com.siyeh.ig.junit.IgnoredJUnitTestInspection
8660:             3             72  com.siyeh.ig.junit.JUnit3StyleTestMethodInJUnit4ClassInspection
8661:             3             72  com.siyeh.ig.junit.JUnit4AnnotatedMethodInJUnit3TestCaseInspection
8662:             3             72  com.siyeh.ig.junit.JUnit5ConverterInspection
8663:             3             72  com.siyeh.ig.junit.JUnit5PlatformInspection
8664:             3             72  com.siyeh.ig.junit.JUnitDatapointInspection
8665:             3             72  com.siyeh.ig.junit.Junit4ConverterInspection
8666:             3             72  com.siyeh.ig.junit.MalformedSetUpTearDownInspection
8667:             3             72  com.siyeh.ig.junit.MultipleExceptionsDeclaredOnTestMethodInspection
8668:             3             72  com.siyeh.ig.junit.ParameterizedParametersStaticCollectionInspection
8669:             3             72  com.siyeh.ig.junit.StaticSuiteInspection
8670:             3             72  com.siyeh.ig.junit.SuperTearDownInFinallyInspection
8671:             3             72  com.siyeh.ig.junit.TestCaseInProductCodeInspection
8672:             3             72  com.siyeh.ig.junit.TestCaseWithConstructorInspection
8673:             3             72  com.siyeh.ig.junit.TestMethodInProductCodeInspection
8674:             3             72  com.siyeh.ig.junit.UnconstructableTestCaseInspection
8675:             3             72  com.siyeh.ig.junit.UseOfObsoleteAssertInspection
8676:             3             72  com.siyeh.ig.logging.LoggingConditionDisagreesWithLogStatementInspection
8677:             3             72  com.siyeh.ig.logging.PlaceholderCountMatchesArgumentCountInspection
8678:             3             72  com.siyeh.ig.maturity.SystemOutErrInspection
8679:             3             72  com.siyeh.ig.maturity.ThreadDumpStackInspection
8680:             3             72  com.siyeh.ig.maturity.ThrowablePrintStackTraceInspection
8681:             3             72  com.siyeh.ig.maturity.ThrowablePrintedToSystemOutInspection
8682:             3             72  com.siyeh.ig.maturity.UseOfObsoleteDateTimeApiInspection
8683:             3             72  com.siyeh.ig.memory.AnonymousInnerClassMayBeStaticInspection
8684:             3             72  com.siyeh.ig.memory.StringBufferFieldInspection
8685:             3             72  com.siyeh.ig.memory.SystemGCInspection
8686:             3             72  com.siyeh.ig.memory.UnnecessaryEmptyArrayUsageInspection
8687:             3             72  com.siyeh.ig.memory.ZeroLengthArrayInitializationInspection
8688:             3             72  com.siyeh.ig.methodmetrics.MethodWithMultipleLoopsInspection
8689:             3             72  com.siyeh.ig.migration.BigDecimalLegacyMethodInspection
8690:             3             72  com.siyeh.ig.migration.CollectionsFieldAccessReplaceableByMethodCallInspection
8691:             3             72  com.siyeh.ig.migration.EnumerationCanBeIterationInspection
8692:             3             72  com.siyeh.ig.migration.IndexOfReplaceableByContainsInspection
8693:             3             72  com.siyeh.ig.migration.StringBufferReplaceableByStringBuilderInspection
8694:             3             72  com.siyeh.ig.migration.TryFinallyCanBeTryWithResourcesInspection
8695:             3             72  com.siyeh.ig.migration.TryWithIdenticalCatchesInspection
8696:             3             72  com.siyeh.ig.migration.WhileCanBeForeachInspection
8697:             3             72  com.siyeh.ig.modularization.ClassIndependentOfModuleInspection
8698:             3             72  com.siyeh.ig.modularization.ClassOnlyUsedInOneModuleInspection
8699:             3             72  com.siyeh.ig.naming.ClassNamePrefixedWithPackageNameInspection
8700:             3             72  com.siyeh.ig.naming.ClassNameSameAsAncestorNameInspection
8701:             3             72  com.siyeh.ig.naming.ConfusingMainMethodInspection
8702:             3             72  com.siyeh.ig.naming.DollarSignInNameInspection
8703:             3             72  com.siyeh.ig.naming.ExceptionNameDoesntEndWithExceptionInspection
8704:             3             72  com.siyeh.ig.naming.LambdaUnfriendlyMethodOverloadInspection
8705:             3             72  com.siyeh.ig.naming.MethodNameSameAsClassNameInspection
8706:             3             72  com.siyeh.ig.naming.MethodNameSameAsParentNameInspection
8707:             3             72  com.siyeh.ig.naming.NonExceptionNameEndsWithExceptionInspection
8708:             3             72  com.siyeh.ig.naming.OverloadedVarargsMethodInspection
8709:             3             72  com.siyeh.ig.naming.UpperCaseFieldNameNotConstantInspection
8710:             3             72  com.siyeh.ig.numeric.BadOddnessInspection
8711:             3             72  com.siyeh.ig.numeric.BigDecimalEqualsInspection
8712:             3             72  com.siyeh.ig.numeric.BigDecimalMethodWithoutRoundingCalledInspection
8713:             3             72  com.siyeh.ig.numeric.CharUsedInArithmeticContextInspection
8714:             3             72  com.siyeh.ig.numeric.ComparisonOfShortAndCharInspection
8715:             3             72  com.siyeh.ig.numeric.ComparisonToNaNInspection
8716:             3             72  com.siyeh.ig.numeric.ConstantMathCallInspection
8717:             3             72  com.siyeh.ig.numeric.DivideByZeroInspection
8718:             3             72  com.siyeh.ig.numeric.DoubleLiteralMayBeFloatLiteralInspection
8719:             3             72  com.siyeh.ig.numeric.FloatingPointEqualityInspection
8720:             3             72  com.siyeh.ig.numeric.IntLiteralMayBeLongLiteralInspection
8721:             3             72  com.siyeh.ig.numeric.IntegerDivisionInFloatingPointContextInspection
8722:             3             72  com.siyeh.ig.numeric.LongLiteralsEndingWithLowercaseLInspection
8723:             3             72  com.siyeh.ig.numeric.NonReproducibleMathCallInspection
8724:             3             72  com.siyeh.ig.numeric.OctalAndDecimalIntegersMixedInspection
8725:             3             72  com.siyeh.ig.numeric.OctalLiteralInspection
8726:             3             72  com.siyeh.ig.numeric.SuspiciousLiteralUnderscoreInspection
8727:             3             72  com.siyeh.ig.numeric.UnnecessaryExplicitNumericCastInspection
8728:             3             72  com.siyeh.ig.numeric.UnnecessaryUnaryMinusInspection
8729:             3             72  com.siyeh.ig.packaging.ClassOnlyUsedInOnePackageInspection
8730:             3             72  com.siyeh.ig.packaging.ClassUnconnectedToPackageInspection
8731:             3             72  com.siyeh.ig.packaging.DisjointPackageInspection
8732:             3             72  com.siyeh.ig.packaging.ExceptionPackageInspection
8733:             3             72  com.siyeh.ig.packaging.PackageInMultipleModulesInspection
8734:             3             72  com.siyeh.ig.performance.ArraysAsListWithZeroOrOneArgumentInspection
8735:             3             72  com.siyeh.ig.performance.BooleanConstructorInspection
8736:             3             72  com.siyeh.ig.performance.BoxingBoxedValueInspection
8737:             3             72  com.siyeh.ig.performance.ClassInitializerMayBeStaticInspection
8738:             3             72  com.siyeh.ig.performance.CollectionContainsUrlInspection
8739:             3             72  com.siyeh.ig.performance.CollectionsMustHaveInitialCapacityInspection$1
8740:             3             72  com.siyeh.ig.performance.DynamicRegexReplaceableByCompiledPatternInspection
8741:             3             72  com.siyeh.ig.performance.EqualsHashCodeCalledOnUrlInspection
8742:             3             72  com.siyeh.ig.performance.FieldMayBeStaticInspection
8743:             3             72  com.siyeh.ig.performance.IfStatementMissingBreakInLoopInspection
8744:             3             72  com.siyeh.ig.performance.InstantiatingObjectToGetClassObjectInspection
8745:             3             72  com.siyeh.ig.performance.KeySetIterationMayUseEntrySetInspection
8746:             3             72  com.siyeh.ig.performance.LengthOneStringInIndexOfInspection
8747:             3             72  com.siyeh.ig.performance.LengthOneStringsInConcatenationInspection
8748:             3             72  com.siyeh.ig.performance.ListRemoveInLoopInspection
8749:             3             72  com.siyeh.ig.performance.ManualArrayCopyInspection
8750:             3             72  com.siyeh.ig.performance.ManualArrayToCollectionCopyInspection
8751:             3             72  com.siyeh.ig.performance.MapReplaceableByEnumMapInspection
8752:             3             72  com.siyeh.ig.performance.ObjectAllocationInLoopInspection
8753:             3             72  com.siyeh.ig.performance.ObjectEqualsCanBeEqualityInspection
8754:             3             72  com.siyeh.ig.performance.ObjectInstantiationInEqualsHashCodeInspection
8755:             3             72  com.siyeh.ig.performance.RandomDoubleForRandomIntegerInspection
8756:             3             72  com.siyeh.ig.performance.RedundantStringFormatCallInspection
8757:             3             72  com.siyeh.ig.performance.SetReplaceableByEnumSetInspection
8758:             3             72  com.siyeh.ig.performance.StringBufferMustHaveInitialCapacityInspection
8759:             3             72  com.siyeh.ig.performance.StringBufferToStringInConcatenationInspection
8760:             3             72  com.siyeh.ig.performance.StringConcatenationInLoopsInspection
8761:             3             72  com.siyeh.ig.performance.StringConcatenationInsideStringBufferAppendInspection
8762:             3             72  com.siyeh.ig.performance.TailRecursionInspection
8763:             3             72  com.siyeh.ig.performance.TrivialStringConcatenationInspection
8764:             3             72  com.siyeh.ig.performance.UnnecessaryTemporaryOnConversionFromStringInspection
8765:             3             72  com.siyeh.ig.performance.UnnecessaryTemporaryOnConversionToStringInspection
8766:             3             72  com.siyeh.ig.portability.HardcodedLineSeparatorsInspection
8767:             3             72  com.siyeh.ig.portability.NativeMethodsInspection
8768:             3             72  com.siyeh.ig.portability.RuntimeExecInspection
8769:             3             72  com.siyeh.ig.portability.SystemGetenvInspection
8770:             3             72  com.siyeh.ig.portability.UseOfAWTPeerClassInspection
8771:             3             72  com.siyeh.ig.portability.UseOfJDBCDriverClassInspection
8772:             3             72  com.siyeh.ig.portability.UseOfProcessBuilderInspection
8773:             3             72  com.siyeh.ig.portability.UseOfSunClassesInspection
8774:             3             72  com.siyeh.ig.psiutils.InconvertibleTypesChecker$LookForMutualSubclass
8775:             3             72  com.siyeh.ig.redundancy.RedundantClassCallInspection
8776:             3             72  com.siyeh.ig.redundancy.RedundantCollectionOperationInspection
8777:             3             72  com.siyeh.ig.redundancy.RedundantOperationOnEmptyContainerInspection
8778:             3             72  com.siyeh.ig.redundancy.RedundantStringOperationInspection
8779:             3             72  com.siyeh.ig.redundancy.UnusedLabelInspection
8780:             3             72  com.siyeh.ig.resources.DriverManagerGetConnectionInspection
8781:             3             72  com.siyeh.ig.security.ClassLoaderInstantiationInspection
8782:             3             72  com.siyeh.ig.security.CloneableClassInSecureContextInspection
8783:             3             72  com.siyeh.ig.security.CustomClassloaderInspection
8784:             3             72  com.siyeh.ig.security.CustomSecurityManagerInspection
8785:             3             72  com.siyeh.ig.security.DesignForExtensionInspection
8786:             3             72  com.siyeh.ig.security.NonFinalCloneInspection
8787:             3             72  com.siyeh.ig.security.NonStaticInnerClassInSecureContextInspection
8788:             3             72  com.siyeh.ig.security.PublicStaticArrayFieldInspection
8789:             3             72  com.siyeh.ig.security.SystemPropertiesInspection
8790:             3             72  com.siyeh.ig.security.SystemSetSecurityManagerInspection
8791:             3             72  com.siyeh.ig.security.UnsecureRandomNumberGenerationInspection
8792:             3             72  com.siyeh.ig.serialization.ComparatorNotSerializableInspection
8793:             3             72  com.siyeh.ig.serialization.ExternalizableWithSerializationMethodsInspection
8794:             3             72  com.siyeh.ig.serialization.ExternalizableWithoutPublicNoArgConstructorInspection
8795:             3             72  com.siyeh.ig.serialization.MissingSerialAnnotationInspection
8796:             3             72  com.siyeh.ig.serialization.NonSerializableObjectBoundToHttpSessionInspection
8797:             3             72  com.siyeh.ig.serialization.NonSerializableObjectPassedToObjectStreamInspection
8798:             3             72  com.siyeh.ig.serialization.NonSerializableWithSerialVersionUIDFieldInspection
8799:             3             72  com.siyeh.ig.serialization.NonSerializableWithSerializationMethodsInspection
8800:             3             72  com.siyeh.ig.serialization.ReadObjectAndWriteObjectPrivateInspection
8801:             3             72  com.siyeh.ig.serialization.ReadObjectInitializationInspection
8802:             3             72  com.siyeh.ig.serialization.ReadResolveAndWriteReplaceProtectedInspection
8803:             3             72  com.siyeh.ig.serialization.SerialAnnotationUsedOnWrongMemberInspection
8804:             3             72  com.siyeh.ig.serialization.SerialPersistentFieldsWithWrongSignatureInspection
8805:             3             72  com.siyeh.ig.serialization.SerialVersionUIDNotStaticFinalInspection
8806:             3             72  com.siyeh.ig.serialization.SerializableRecordContainsIgnoredMembersInspection
8807:             3             72  com.siyeh.ig.serialization.SerializableStoresNonSerializableInspection
8808:             3             72  com.siyeh.ig.serialization.SerializableWithUnconstructableAncestorInspection
8809:             3             72  com.siyeh.ig.serialization.TransientFieldInNonSerializableClassInspection
8810:             3             72  com.siyeh.ig.serialization.TransientFieldNotInitializedInspection
8811:             3             72  com.siyeh.ig.style.ArrayCanBeReplacedWithEnumValuesInspection
8812:             3             72  com.siyeh.ig.style.ArrayCreationWithoutNewKeywordInspection
8813:             3             72  com.siyeh.ig.style.BoundedWildcardInspection
8814:             3             72  com.siyeh.ig.style.CallToStringConcatCanBeReplacedByOperatorInspection
8815:             3             72  com.siyeh.ig.style.ChainedEqualityInspection
8816:             3             72  com.siyeh.ig.style.ConfusingOctalEscapeInspection
8817:             3             72  com.siyeh.ig.style.ConstantExpressionInspection
8818:             3             72  com.siyeh.ig.style.ControlFlowStatementWithoutBracesInspection
8819:             3             72  com.siyeh.ig.style.DiamondCanBeReplacedWithExplicitTypeArgumentsInspection
8820:             3             72  com.siyeh.ig.style.EqualsCalledOnEnumConstantInspection
8821:             3             72  com.siyeh.ig.style.ExtendsObjectInspection
8822:             3             72  com.siyeh.ig.style.FieldMayBeFinalInspection
8823:             3             72  com.siyeh.ig.style.LambdaBodyCanBeCodeBlockInspection
8824:             3             72  com.siyeh.ig.style.LambdaCanBeReplacedWithAnonymousInspection
8825:             3             72  com.siyeh.ig.style.LambdaParameterTypeCanBeSpecifiedInspection
8826:             3             72  com.siyeh.ig.style.ListIndexOfReplaceableByContainsInspection
8827:             3             72  com.siyeh.ig.style.LiteralAsArgToStringEqualsInspection
8828:             3             72  com.siyeh.ig.style.MethodRefCanBeReplacedWithLambdaInspection
8829:             3             72  com.siyeh.ig.style.ObjectsEqualsCanBeSimplifiedInspection
8830:             3             72  com.siyeh.ig.style.OptionalContainsCollectionInspection
8831:             3             72  com.siyeh.ig.style.ReturnThisInspection
8832:             3             72  com.siyeh.ig.style.SimplifiableAnnotationInspection
8833:             3             72  com.siyeh.ig.style.SimplifiableIfStatementInspection
8834:             3             72  com.siyeh.ig.style.SingleStatementInBlockInspection
8835:             3             72  com.siyeh.ig.style.StringBufferReplaceableByStringInspection
8836:             3             72  com.siyeh.ig.style.UnclearBinaryExpressionInspection
8837:             3             72  com.siyeh.ig.style.UnnecessarilyQualifiedStaticallyImportedElementInspection
8838:             3             72  com.siyeh.ig.style.UnnecessaryCallToStringValueOfInspection
8839:             3             72  com.siyeh.ig.style.UnnecessaryConstantArrayCreationExpressionInspection
8840:             3             72  com.siyeh.ig.style.UnnecessaryEnumModifierInspection
8841:             3             72  com.siyeh.ig.style.UnnecessaryInterfaceModifierInspection
8842:             3             72  com.siyeh.ig.style.UnnecessaryQualifierForThisInspection
8843:             3             72  com.siyeh.ig.style.UnnecessarySuperConstructorInspection
8844:             3             72  com.siyeh.ig.style.UnnecessaryToStringCallInspection
8845:             3             72  com.siyeh.ig.style.UnqualifiedFieldAccessInspection
8846:             3             72  com.siyeh.ig.style.UnqualifiedMethodAccessInspection
8847:             3             72  com.siyeh.ig.testFrameworks.AssertBetweenInconvertibleTypesInspection
8848:             3             72  com.siyeh.ig.testFrameworks.AssertWithoutMessageInspection
8849:             3             72  com.siyeh.ig.testFrameworks.ConstantAssertArgumentInspection
8850:             3             72  com.siyeh.ig.testFrameworks.MaskedAssertionInspection
8851:             3             72  com.siyeh.ig.testFrameworks.MisorderedAssertEqualsArgumentsInspection
8852:             3             72  com.siyeh.ig.testFrameworks.SimplifiableAssertionInspection
8853:             3             72  com.siyeh.ig.threading.AtomicFieldUpdaterIssuesInspection
8854:             3             72  com.siyeh.ig.threading.AtomicFieldUpdaterNotStaticFinalInspection
8855:             3             72  com.siyeh.ig.threading.AwaitNotInLoopInspection
8856:             3             72  com.siyeh.ig.threading.AwaitWithoutCorrespondingSignalInspection
8857:             3             72  com.siyeh.ig.threading.BusyWaitInspection
8858:             3             72  com.siyeh.ig.threading.CallToNativeMethodWhileLockedInspection
8859:             3             72  com.siyeh.ig.threading.ConditionSignalInspection
8860:             3             72  com.siyeh.ig.threading.EmptySynchronizedStatementInspection
8861:             3             72  com.siyeh.ig.threading.ExtendsThreadInspection
8862:             3             72  com.siyeh.ig.threading.MethodMayBeSynchronizedInspection
8863:             3             72  com.siyeh.ig.threading.NakedNotifyInspection
8864:             3             72  com.siyeh.ig.threading.NestedSynchronizedStatementInspection
8865:             3             72  com.siyeh.ig.threading.NonAtomicOperationOnVolatileFieldInspection
8866:             3             72  com.siyeh.ig.threading.NonSynchronizedMethodOverridesSynchronizedMethodInspection
8867:             3             72  com.siyeh.ig.threading.NotifyCalledOnConditionInspection
8868:             3             72  com.siyeh.ig.threading.NotifyWithoutCorrespondingWaitInspection
8869:             3             72  com.siyeh.ig.threading.ObjectNotifyInspection
8870:             3             72  com.siyeh.ig.threading.PublicFieldAccessedInSynchronizedContextInspection
8871:             3             72  com.siyeh.ig.threading.SafeLockInspection
8872:             3             72  com.siyeh.ig.threading.SignalWithoutCorrespondingAwaitInspection
8873:             3             72  com.siyeh.ig.threading.SleepWhileHoldingLockInspection
8874:             3             72  com.siyeh.ig.threading.StaticInitializerReferencesSubClassInspection
8875:             3             72  com.siyeh.ig.threading.SynchronizationOnGetClassInspection
8876:             3             72  com.siyeh.ig.threading.SynchronizationOnStaticFieldInspection
8877:             3             72  com.siyeh.ig.threading.SynchronizeOnLockInspection
8878:             3             72  com.siyeh.ig.threading.SynchronizeOnNonFinalFieldInspection
8879:             3             72  com.siyeh.ig.threading.SynchronizeOnThisInspection
8880:             3             72  com.siyeh.ig.threading.SystemRunFinalizersOnExitInspection
8881:             3             72  com.siyeh.ig.threading.ThreadLocalNotStaticFinalInspection
8882:             3             72  com.siyeh.ig.threading.ThreadPriorityInspection
8883:             3             72  com.siyeh.ig.threading.ThreadRunInspection
8884:             3             72  com.siyeh.ig.threading.ThreadStartInConstructionInspection
8885:             3             72  com.siyeh.ig.threading.ThreadStopSuspendResumeInspection
8886:             3             72  com.siyeh.ig.threading.ThreadWithDefaultRunMethodInspection
8887:             3             72  com.siyeh.ig.threading.ThreadYieldInspection
8888:             3             72  com.siyeh.ig.threading.UnconditionalWaitInspection
8889:             3             72  com.siyeh.ig.threading.VolatileArrayFieldInspection
8890:             3             72  com.siyeh.ig.threading.WaitCalledOnConditionInspection
8891:             3             72  com.siyeh.ig.threading.WaitNotInLoopInspection
8892:             3             72  com.siyeh.ig.threading.WaitNotifyNotInSynchronizedContextInspection
8893:             3             72  com.siyeh.ig.threading.WaitOrAwaitWithoutTimeoutInspection
8894:             3             72  com.siyeh.ig.threading.WaitWhileHoldingTwoLocksInspection
8895:             3             72  com.siyeh.ig.threading.WaitWithoutCorrespondingNotifyInspection
8896:             3             72  com.siyeh.ig.visibility.AmbiguousFieldAccessInspection
8897:             3             72  com.siyeh.ig.visibility.AmbiguousMethodCallInspection
8898:             3             72  com.siyeh.ig.visibility.AnonymousClassVariableHidesContainingMethodVariableInspection
8899:             3             72  com.siyeh.ig.visibility.ClassEscapesItsScopeInspection
8900:             3             72  com.siyeh.ig.visibility.MethodOverridesInaccessibleMethodOfSuperInspection
8901:             3             72  com.siyeh.ig.visibility.MethodOverridesStaticMethodInspection
8902:             3             72  com.siyeh.ig.visibility.TypeParameterHidesVisibleTypeInspection
8903:             3             72  com.siyeh.ipp.collections.ImmutableCollectionModelUtils$CollectionType
8904:             1             72  com.sun.tools.jdi.SDE (jdk.jdi@11.0.9.1)
8905:             3             72  com.sun.xml.bind.v2.model.annotation.ClassLocatable
8906:             3             72  com.sun.xml.bind.v2.model.core.ID
8907:             3             72  com.theoryinpractice.testng.inspection.ConvertJavadocInspection
8908:             3             72  com.theoryinpractice.testng.inspection.ConvertOldAnnotationInspection
8909:             3             72  com.theoryinpractice.testng.inspection.DataProviderReturnTypeInspection
8910:             3             72  com.theoryinpractice.testng.inspection.DependsOnGroupsInspection
8911:             3             72  com.theoryinpractice.testng.inspection.DependsOnMethodInspection
8912:             3             72  com.theoryinpractice.testng.inspection.DuplicatedDataProviderNamesInspection
8913:             3             72  com.theoryinpractice.testng.inspection.ExpectedExceptionNeverThrownTestNGInspection
8914:             3             72  com.theoryinpractice.testng.inspection.JUnitConvertTool
8915:             3             72  com.theoryinpractice.testng.inspection.TestNGDataProviderInspection
8916:             3             72  com.theoryinpractice.testng.inspection.UndeclaredTestInspection
8917:             3             72  de.plushnikov.intellij.plugin.inspection.DeprecatedLombokAnnotationInspection
8918:             3             72  de.plushnikov.intellij.plugin.inspection.LombokInspection
8919:             3             72  de.plushnikov.intellij.plugin.inspection.RedundantSlf4jDefinitionInspection
8920:             3             72  de.plushnikov.intellij.plugin.language.psi.LombokConfigElementType
8921:             3             72  git4idea.commands.GitAuthenticationMode
8922:             3             72  git4idea.commands.GitCommand$LockingPolicy
8923:             3             72  git4idea.config.GitIncomingCheckStrategy
8924:             3             72  git4idea.config.GitVcsApplicationSettings$AnnotateDetectMovementsOption
8925:             3             72  gnu.trove.THashMap$EntryView
8926:             3             72  in.oneton.idea.spring.assistant.plugin.suggestion.metadata.json.SpringConfigurationMetadataValueProvider
8927:             3             72  io.netty.bootstrap.ServerBootstrap$ServerBootstrapAcceptor$1
8928:             3             72  io.netty.util.internal.DefaultPriorityQueue
8929:             3             72  java.awt.Dialog$ModalExclusionType (java.desktop@11.0.9.1)
8930:             3             72  java.awt.EventFilter$FilterAction (java.desktop@11.0.9.1)
8931:             3             72  java.awt.GraphicsDevice$WindowTranslucency (java.desktop@11.0.9.1)
8932:             3             72  java.awt.MediaTracker (java.desktop@11.0.9.1)
8933:             3             72  java.awt.Window$Type (java.desktop@11.0.9.1)
8934:             3             72  java.io.ObjectInputFilter$Status (java.base@11.0.9.1)
8935:             3             72  java.lang.ProcessImpl$LaunchMechanism (java.base@11.0.9.1)
8936:             3             72  java.lang.WeakPairMap (java.base@11.0.9.1)
8937:             3             72  java.lang.annotation.RetentionPolicy (java.base@11.0.9.1)
8938:             3             72  java.lang.invoke.MethodHandles$Lookup (java.base@11.0.9.1)
8939:             3             72  java.lang.invoke.StringConcatFactory$Mode (java.base@11.0.9.1)
8940:             3             72  java.net.Proxy$Type (java.base@11.0.9.1)
8941:             3             72  java.net.ServerSocket (java.base@11.0.9.1)
8942:             3             72  java.nio.file.AccessMode (java.base@11.0.9.1)
8943:             3             72  java.nio.file.FileTreeWalker$EventType (java.base@11.0.9.1)
8944:             3             72  java.nio.file.StandardCopyOption (java.base@11.0.9.1)
8945:             3             72  java.security.SecurityPermission (java.base@11.0.9.1)
8946:             3             72  java.time.Instant (java.base@11.0.9.1)
8947:             3             72  java.time.format.ResolverStyle (java.base@11.0.9.1)
8948:             3             72  java.util.Base64$Encoder (java.base@11.0.9.1)
8949:             3             72  java.util.Collections$UnmodifiableSortedSet (java.base@11.0.9.1)
8950:             3             72  java.util.stream.Collector$Characteristics (java.base@11.0.9.1)
8951:             3             72  java.util.stream.MatchOps$MatchKind (java.base@11.0.9.1)
8952:             1             72  javax.swing.BufferStrategyPaintManager (java.desktop@11.0.9.1)
8953:             3             72  javax.swing.DefaultListModel (java.desktop@11.0.9.1)
8954:             3             72  javax.swing.SortOrder (java.desktop@11.0.9.1)
8955:             3             72  javax.swing.text.DefaultEditorKit$DefaultKeyTypedAction (java.desktop@11.0.9.1)
8956:             3             72  javax.xml.bind.annotation.XmlNsForm
8957:             3             72  jdk.internal.math.FloatingDecimal$ExceptionalBinaryToASCIIBuffer (java.base@11.0.9.1)
8958:             3             72  jdk.internal.misc.Signal (java.base@11.0.9.1)
8959:             3             72  kotlin.DeprecationLevel
8960:             3             72  kotlin.DeprecationLevel
8961:             3             72  kotlin.LazyThreadSafetyMode
8962:             3             72  kotlin.LazyThreadSafetyMode
8963:             3             72  kotlin.annotation.AnnotationRetention
8964:             3             72  kotlin.annotation.AnnotationRetention
8965:             3             72  kotlin.coroutines.intrinsics.CoroutineSingletons
8966:             3             72  kotlin.coroutines.intrinsics.CoroutineSingletons
8967:             3             72  kotlin.reflect.KParameter$Kind
8968:             3             72  kotlin.reflect.jvm.internal.KClassImpl$Data$allMembers$2
8969:             3             72  kotlin.reflect.jvm.internal.KClassImpl$Data$allNonStaticMembers$2
8970:             3             72  kotlin.reflect.jvm.internal.KClassImpl$Data$allStaticMembers$2
8971:             3             72  kotlin.reflect.jvm.internal.KClassImpl$Data$annotations$2
8972:             3             72  kotlin.reflect.jvm.internal.KClassImpl$Data$constructors$2
8973:             3             72  kotlin.reflect.jvm.internal.KClassImpl$Data$declaredMembers$2
8974:             3             72  kotlin.reflect.jvm.internal.KClassImpl$Data$declaredNonStaticMembers$2
8975:             3             72  kotlin.reflect.jvm.internal.KClassImpl$Data$declaredStaticMembers$2
8976:             3             72  kotlin.reflect.jvm.internal.KClassImpl$Data$descriptor$2
8977:             3             72  kotlin.reflect.jvm.internal.KClassImpl$Data$inheritedNonStaticMembers$2
8978:             3             72  kotlin.reflect.jvm.internal.KClassImpl$Data$inheritedStaticMembers$2
8979:             3             72  kotlin.reflect.jvm.internal.KClassImpl$Data$nestedClasses$2
8980:             3             72  kotlin.reflect.jvm.internal.KClassImpl$Data$objectInstance$2
8981:             3             72  kotlin.reflect.jvm.internal.KClassImpl$Data$qualifiedName$2
8982:             3             72  kotlin.reflect.jvm.internal.KClassImpl$Data$sealedSubclasses$2
8983:             3             72  kotlin.reflect.jvm.internal.KClassImpl$Data$simpleName$2
8984:             3             72  kotlin.reflect.jvm.internal.KClassImpl$Data$supertypes$2
8985:             3             72  kotlin.reflect.jvm.internal.KClassImpl$Data$typeParameters$2
8986:             3             72  kotlin.reflect.jvm.internal.KDeclarationContainerImpl$Data$moduleData$2
8987:             3             72  kotlin.reflect.jvm.internal.impl.builtins.jvm.JvmBuiltIns$Kind
8988:             3             72  kotlin.reflect.jvm.internal.impl.builtins.jvm.JvmBuiltIns$Kind
8989:             3             72  kotlin.reflect.jvm.internal.impl.descriptors.impl.LazyPackageViewDescriptorImpl$fragments$2
8990:             3             72  kotlin.reflect.jvm.internal.impl.descriptors.impl.LazyPackageViewDescriptorImpl$memberScope$1
8991:             3             72  kotlin.reflect.jvm.internal.impl.descriptors.impl.SubpackagesScope
8992:             3             72  kotlin.reflect.jvm.internal.impl.load.java.BuiltinMethodsWithSpecialGenericSignature$TypeSafeBarrierDescription
8993:             3             72  kotlin.reflect.jvm.internal.impl.load.java.SpecialGenericSignatures$TypeSafeBarrierDescription
8994:             3             72  kotlin.reflect.jvm.internal.impl.load.java.lazy.LazyJavaTypeParameterResolver$resolve$1
8995:             3             72  kotlin.reflect.jvm.internal.impl.load.java.lazy.descriptors.LazyJavaClassDescriptor$LazyJavaClassTypeConstructor$parameters$1
8996:             3             72  kotlin.reflect.jvm.internal.impl.load.java.lazy.descriptors.LazyJavaClassDescriptor$declaredParameters$1
8997:             3             72  kotlin.reflect.jvm.internal.impl.load.java.lazy.descriptors.LazyJavaClassDescriptor$scopeHolder$1
8998:             3             72  kotlin.reflect.jvm.internal.impl.load.java.lazy.types.JavaTypeFlexibility
8999:             3             72  kotlin.reflect.jvm.internal.impl.load.java.lazy.types.JavaTypeFlexibility
9000:             3             72  kotlin.reflect.jvm.internal.impl.load.java.typeEnhancement.NullabilityQualifier
9001:             3             72  kotlin.reflect.jvm.internal.impl.load.java.typeEnhancement.TypeComponentPosition
9002:             3             72  kotlin.reflect.jvm.internal.impl.load.kotlin.AbstractBinaryClassAnnotationAndConstantLoader$PropertyRelatedElement
9003:             3             72  kotlin.reflect.jvm.internal.impl.load.kotlin.AbstractBinaryClassAnnotationAndConstantLoader$Storage
9004:             3             72  kotlin.reflect.jvm.internal.impl.metadata.ProtoBuf$QualifiedNameTable$QualifiedName$Kind
9005:             3             72  kotlin.reflect.jvm.internal.impl.metadata.ProtoBuf$QualifiedNameTable$QualifiedName$Kind
9006:             3             72  kotlin.reflect.jvm.internal.impl.metadata.ProtoBuf$TypeParameter$Variance
9007:             3             72  kotlin.reflect.jvm.internal.impl.metadata.ProtoBuf$TypeParameter$Variance
9008:             3             72  kotlin.reflect.jvm.internal.impl.metadata.jvm.JvmProtoBuf$StringTableTypes$Record$Operation
9009:             3             72  kotlin.reflect.jvm.internal.impl.metadata.jvm.JvmProtoBuf$StringTableTypes$Record$Operation
9010:             3             72  kotlin.reflect.jvm.internal.impl.resolve.ExternalOverridabilityCondition$Contract
9011:             3             72  kotlin.reflect.jvm.internal.impl.resolve.ExternalOverridabilityCondition$Contract
9012:             3             72  kotlin.reflect.jvm.internal.impl.resolve.OverridingUtil$OverrideCompatibilityInfo$Result
9013:             3             72  kotlin.reflect.jvm.internal.impl.resolve.OverridingUtil$OverrideCompatibilityInfo$Result
9014:             3             72  kotlin.reflect.jvm.internal.impl.resolve.scopes.ChainedMemberScope
9015:             3             72  kotlin.reflect.jvm.internal.impl.resolve.scopes.receivers.ExtensionReceiver
9016:             3             72  kotlin.reflect.jvm.internal.impl.serialization.deserialization.ClassDeserializer
9017:             3             72  kotlin.reflect.jvm.internal.impl.serialization.deserialization.ClassDeserializer$classes$1
9018:             3             72  kotlin.reflect.jvm.internal.impl.serialization.deserialization.descriptors.DeserializedContainerAbiStability
9019:             3             72  kotlin.reflect.jvm.internal.impl.serialization.deserialization.descriptors.DeserializedMemberDescriptor$CoroutinesCompatibilityMode
9020:             3             72  kotlin.reflect.jvm.internal.impl.serialization.deserialization.descriptors.DeserializedMemberDescriptor$CoroutinesCompatibilityMode
9021:             3             72  kotlin.reflect.jvm.internal.impl.storage.LockBasedStorageManager$NotValue
9022:             3             72  kotlin.reflect.jvm.internal.impl.storage.LockBasedStorageManager$NotValue
9023:             3             72  kotlin.reflect.jvm.internal.impl.types.AbstractTypeCheckerContext$LowerCapturedTypePolicy
9024:             3             72  kotlin.reflect.jvm.internal.impl.types.TypeSubstitutor$VarianceConflictType
9025:             3             72  kotlin.reflect.jvm.internal.impl.types.model.CaptureStatus
9026:             3             72  kotlin.reflect.jvm.internal.impl.types.model.TypeVariance
9027:             3             72  kotlin.reflect.jvm.internal.impl.utils.JavaTypeEnhancementState$description$2
9028:             3             72  kotlin.reflect.jvm.internal.impl.utils.Jsr305State$description$2
9029:             3             72  kotlin.reflect.jvm.internal.impl.utils.ReportLevel
9030:             3             72  kotlin.reflect.jvm.internal.impl.utils.ReportLevel
9031:             3             72  kotlin.reflect.jvm.internal.pcollections.HashPMap
9032:             3             72  kotlin.reflect.jvm.internal.pcollections.HashPMap
9033:             3             72  kotlinx.coroutines.NodeList
9034:             3             72  kotlinx.coroutines.SupervisorJobImpl
9035:             3             72  net.loomchild.segment.srx.LanguageMap
9036:             3             72  net.loomchild.segment.srx.LanguageRule
9037:             3             72  org.apache.batik.css.engine.value.svg.SVGColorManager
9038:             3             72  org.apache.log4j.helpers.OnlyOnceErrorHandler
9039:             3             72  org.apache.xerces.impl.dv.xs.ListDV$ListData
9040:             3             72  org.apache.xerces.util.XMLGrammarPoolImpl
9041:             3             72  org.editorconfig.language.codeinsight.inspections.EditorConfigCharClassLetterRedundancyInspection
9042:             3             72  org.editorconfig.language.codeinsight.inspections.EditorConfigCharClassRedundancyInspection
9043:             3             72  org.editorconfig.language.codeinsight.inspections.EditorConfigDeprecatedDescriptorInspection
9044:             3             72  org.editorconfig.language.codeinsight.inspections.EditorConfigEmptyHeaderInspection
9045:             3             72  org.editorconfig.language.codeinsight.inspections.EditorConfigEmptySectionInspection
9046:             3             72  org.editorconfig.language.codeinsight.inspections.EditorConfigHeaderUniquenessInspection
9047:             3             72  org.editorconfig.language.codeinsight.inspections.EditorConfigKeyCorrectnessInspection
9048:             3             72  org.editorconfig.language.codeinsight.inspections.EditorConfigListAcceptabilityInspection
9049:             3             72  org.editorconfig.language.codeinsight.inspections.EditorConfigMissingRequiredDeclarationInspection
9050:             3             72  org.editorconfig.language.codeinsight.inspections.EditorConfigNoMatchingFilesInspection
9051:             3             72  org.editorconfig.language.codeinsight.inspections.EditorConfigNumerousWildcardsInspection
9052:             3             72  org.editorconfig.language.codeinsight.inspections.EditorConfigOptionRedundancyInspection
9053:             3             72  org.editorconfig.language.codeinsight.inspections.EditorConfigPairAcceptabilityInspection
9054:             3             72  org.editorconfig.language.codeinsight.inspections.EditorConfigPartialOverrideInspection
9055:             3             72  org.editorconfig.language.codeinsight.inspections.EditorConfigPatternEnumerationRedundancyInspection
9056:             3             72  org.editorconfig.language.codeinsight.inspections.EditorConfigPatternRedundancyInspection
9057:             3             72  org.editorconfig.language.codeinsight.inspections.EditorConfigReferenceCorrectnessInspection
9058:             3             72  org.editorconfig.language.codeinsight.inspections.EditorConfigRootDeclarationCorrectnessInspection
9059:             3             72  org.editorconfig.language.codeinsight.inspections.EditorConfigRootDeclarationUniquenessInspection
9060:             3             72  org.editorconfig.language.codeinsight.inspections.EditorConfigShadowedOptionInspection
9061:             3             72  org.editorconfig.language.codeinsight.inspections.EditorConfigShadowingOptionInspection
9062:             3             72  org.editorconfig.language.codeinsight.inspections.EditorConfigSpaceInHeaderInspection
9063:             3             72  org.editorconfig.language.codeinsight.inspections.EditorConfigUnexpectedCommaInspection
9064:             3             72  org.editorconfig.language.codeinsight.inspections.EditorConfigUnusedDeclarationInspection
9065:             3             72  org.editorconfig.language.codeinsight.inspections.EditorConfigValueCorrectnessInspection
9066:             3             72  org.editorconfig.language.codeinsight.inspections.EditorConfigValueUniquenessInspection
9067:             3             72  org.editorconfig.language.codeinsight.inspections.EditorConfigWildcardRedundancyInspection
9068:             3             72  org.infernus.idea.checkstyle.CheckStyleInspection
9069:             3             72  org.intellij.lang.regexp.inspection.AnonymousGroupInspection
9070:             3             72  org.intellij.lang.regexp.inspection.DuplicateAlternationBranchInspection
9071:             3             72  org.intellij.lang.regexp.inspection.DuplicateCharacterInClassInspection
9072:             3             72  org.intellij.lang.regexp.inspection.EmptyAlternationBranchInspection
9073:             3             72  org.intellij.lang.regexp.inspection.EscapedMetaCharacterInspection
9074:             3             72  org.intellij.lang.regexp.inspection.OctalEscapeInspection
9075:             3             72  org.intellij.lang.regexp.inspection.RedundantEscapeInspection
9076:             3             72  org.intellij.lang.regexp.inspection.RedundantNestedCharacterClassInspection
9077:             3             72  org.intellij.lang.regexp.inspection.RepeatedSpaceInspection
9078:             3             72  org.intellij.lang.regexp.inspection.SingleCharAlternationInspection
9079:             3             72  org.intellij.lang.regexp.inspection.UnexpectedAnchorInspection
9080:             3             72  org.intellij.lang.xpath.context.ContextType
9081:             3             72  org.intellij.lang.xpath.validation.inspections.CheckNodeTest
9082:             3             72  org.intellij.lang.xpath.validation.inspections.HardwiredNamespacePrefix
9083:             3             72  org.intellij.lang.xpath.validation.inspections.IndexZeroPredicate
9084:             3             72  org.intellij.lang.xpath.validation.inspections.RedundantTypeConversion
9085:             3             72  org.intellij.lang.xpath.xslt.impl.XsltChecker$LanguageLevel
9086:             3             72  org.intellij.lang.xpath.xslt.run.XsltRunConfiguration$OutputType
9087:             3             72  org.intellij.lang.xpath.xslt.validation.inspections.TemplateInvocationInspection
9088:             3             72  org.intellij.lang.xpath.xslt.validation.inspections.UnusedElementInspection
9089:             3             72  org.intellij.lang.xpath.xslt.validation.inspections.VariableShadowingInspection
9090:             3             72  org.intellij.lang.xpath.xslt.validation.inspections.XsltDeclarationInspection
9091:             3             72  org.intellij.markdown.ast.impl.ListCompositeNode$loose$2
9092:             3             72  org.intellij.markdown.parser.markerblocks.MarkerBlock$ProcessingResult
9093:             3             72  org.intellij.plugins.intelliLang.Configuration$InstrumentationType
9094:             3             72  org.intellij.plugins.intelliLang.inject.java.validation.InjectionNotApplicable
9095:             3             72  org.intellij.plugins.intelliLang.inject.java.validation.LanguageMismatch
9096:             3             72  org.intellij.plugins.intelliLang.inject.java.validation.UnknownLanguageID
9097:             3             72  org.intellij.plugins.intelliLang.pattern.PatternAnnotationNotApplicable
9098:             3             72  org.intellij.plugins.intelliLang.pattern.PatternOverriddenByNonAnnotatedMethod
9099:             3             72  org.intellij.plugins.intelliLang.pattern.PatternValidator
9100:             3             72  org.intellij.plugins.intelliLang.references.InjectedReferencesInspection
9101:             3             72  org.intellij.plugins.intelliLang.util.StringMatcher$Any
9102:             3             72  org.intellij.plugins.markdown.lang.references.MarkdownUnresolvedFileReferenceInspection
9103:             3             72  org.intellij.plugins.relaxNG.inspections.RngDomInspection
9104:             3             72  org.intellij.plugins.relaxNG.inspections.UnusedDefineInspection
9105:             3             72  org.jetbrains.android.AndroidResolveScopeEnlarger$Companion$getAdditionalResolveScopeForModule$1
9106:             3             72  org.jetbrains.android.dom.inspections.AndroidDomInspection
9107:             3             72  org.jetbrains.android.dom.inspections.AndroidElementNotAllowedInspection
9108:             3             72  org.jetbrains.android.dom.inspections.AndroidUnknownAttributeInspection
9109:             3             72  org.jetbrains.android.dom.inspections.AndroidUnresolvableTagInspection
9110:             3             72  org.jetbrains.android.inspections.AndroidMissingOnClickHandlerInspection
9111:             3             72  org.jetbrains.android.inspections.AndroidNonConstantResIdsInSwitchInspection
9112:             3             72  org.jetbrains.android.inspections.XmlWrongFileTypeInspection
9113:             3             72  org.jetbrains.annotations.Nls$Capitalization
9114:             3             72  org.jetbrains.concurrency.Promise$State
9115:             3             72  org.jetbrains.idea.devkit.inspections.ComponentNotRegisteredInspection
9116:             3             72  org.jetbrains.idea.devkit.inspections.DevKitPropertiesQuotesValidationInspection
9117:             3             72  org.jetbrains.idea.devkit.inspections.InspectionMappingConsistencyInspection
9118:             3             72  org.jetbrains.idea.devkit.inspections.LeakableMapKeyInspection
9119:             3             72  org.jetbrains.idea.devkit.inspections.NonDefaultConstructorInspection
9120:             3             72  org.jetbrains.idea.devkit.inspections.PluginXmlCapitalizationInspection
9121:             3             72  org.jetbrains.idea.devkit.inspections.PluginXmlI18nInspection
9122:             3             72  org.jetbrains.idea.devkit.inspections.PresentationAnnotationInspection
9123:             3             72  org.jetbrains.idea.devkit.inspections.PsiElementConcatenationInspection
9124:             3             72  org.jetbrains.idea.devkit.inspections.QuickFixGetFamilyNameViolationInspection
9125:             3             72  org.jetbrains.idea.devkit.inspections.RegistrationProblemsInspection
9126:             3             72  org.jetbrains.idea.devkit.inspections.StatefulEpInspection
9127:             3             72  org.jetbrains.idea.devkit.inspections.UElementAsPsiInspection
9128:             3             72  org.jetbrains.idea.devkit.inspections.UniqueToolbarIdInspection
9129:             3             72  org.jetbrains.idea.devkit.inspections.UnresolvedPluginConfigReferenceInspection
9130:             3             72  org.jetbrains.idea.devkit.inspections.UseGrayInspection
9131:             3             72  org.jetbrains.idea.devkit.inspections.internal.DontUseNewPairInspection
9132:             3             72  org.jetbrains.idea.devkit.inspections.internal.FileEqualsUsageInspection
9133:             3             72  org.jetbrains.idea.devkit.inspections.internal.SerializableCtorInspection
9134:             3             72  org.jetbrains.idea.devkit.inspections.internal.UndesirableClassUsageInspection
9135:             3             72  org.jetbrains.idea.devkit.inspections.internal.UnsafeReturnStatementVisitorInspection
9136:             3             72  org.jetbrains.idea.devkit.inspections.internal.UnsafeVfsRecursionInspection
9137:             3             72  org.jetbrains.idea.devkit.inspections.internal.UseCoupleInspection
9138:             3             72  org.jetbrains.idea.devkit.inspections.internal.UseDPIAwareEmptyBorderInspection
9139:             3             72  org.jetbrains.idea.devkit.inspections.internal.UseDPIAwareInsetsInspection
9140:             3             72  org.jetbrains.idea.devkit.inspections.internal.UseJBColorInspection
9141:             3             72  org.jetbrains.idea.devkit.inspections.internal.UsePrimitiveTypesInspection
9142:             3             72  org.jetbrains.idea.devkit.inspections.internal.UseVirtualFileEqualsInspection
9143:             3             72  org.jetbrains.idea.maven.dom.MavenModelDocumentationProvider$DescKind
9144:             3             72  org.jetbrains.idea.maven.dom.inspections.MavenDuplicateDependenciesInspection
9145:             3             72  org.jetbrains.idea.maven.dom.inspections.MavenDuplicatePluginInspection
9146:             3             72  org.jetbrains.idea.maven.dom.inspections.MavenModelInspection
9147:             3             72  org.jetbrains.idea.maven.dom.inspections.MavenParentMissedVersionInspection
9148:             3             72  org.jetbrains.idea.maven.dom.inspections.MavenPropertyInParentInspection
9149:             3             72  org.jetbrains.idea.maven.dom.inspections.MavenRedundantGroupIdInspection
9150:             3             72  org.jetbrains.idea.maven.dom.model.MavenDomProjectModel$$EnhancerByJetBrainsMainCglib$$8ae7e121
9151:             1             72  org.jetbrains.idea.maven.execution.MavenResumeAction
9152:             3             72  org.jetbrains.idea.maven.execution.MavenRunConfiguration$MavenSettings
9153:             3             72  org.jetbrains.idea.maven.indices.MavenSearchIndex$Kind
9154:             3             72  org.jetbrains.idea.maven.navigator.MavenProjectsNavigatorState
9155:             3             72  org.jetbrains.idea.maven.navigator.MavenProjectsStructure$DisplayKind
9156:             3             72  org.jetbrains.idea.maven.project.MavenProject$ProcMode
9157:             3             72  org.jetbrains.idea.maven.project.MavenProjectChanges
9158:             3             72  org.jetbrains.idea.maven.project.MavenProjectsManagerState
9159:             3             72  org.jetbrains.java.generate.inspection.FieldNotUsedInToStringInspection
9160:             3             72  org.jetbrains.jps.api.CmdlineRemoteProto$Message$BuilderMessage$BuildEvent$Type
9161:             3             72  org.jetbrains.jps.api.CmdlineRemoteProto$Message$ControllerMessage$ParametersMessage$Type
9162:             3             72  org.jetbrains.jps.api.CmdlineRemoteProto$Message$Type
9163:             3             72  org.jetbrains.kotlin.android.inspection.IllegalIdentifierInspection
9164:             3             72  org.jetbrains.kotlin.android.inspection.TypeParameterFindViewByIdInspection
9165:             3             72  org.jetbrains.kotlin.config.ExplicitApiMode
9166:             3             72  org.jetbrains.kotlin.config.JvmStringConcat
9167:             3             72  org.jetbrains.kotlin.config.KotlinModuleKind
9168:             3             72  org.jetbrains.kotlin.config.KotlinMultiplatformVersion
9169:             3             72  org.jetbrains.kotlin.config.LanguageFeature$Kind
9170:             3             72  org.jetbrains.kotlin.diagnostics.Severity
9171:             3             72  org.jetbrains.kotlin.idea.i18n.inspections.KotlinInvalidBundleOrPropertyInspection
9172:             3             72  org.jetbrains.kotlin.idea.inspections.AddVarianceModifierInspection
9173:             3             72  org.jetbrains.kotlin.idea.inspections.ArrayInDataClassInspection
9174:             3             72  org.jetbrains.kotlin.idea.inspections.BooleanLiteralArgumentInspection
9175:             3             72  org.jetbrains.kotlin.idea.inspections.CanBeParameterInspection
9176:             3             72  org.jetbrains.kotlin.idea.inspections.CanBePrimaryConstructorPropertyInspection
9177:             3             72  org.jetbrains.kotlin.idea.inspections.CanBeValInspection
9178:             3             72  org.jetbrains.kotlin.idea.inspections.CanSealedSubClassBeObjectInspection
9179:             3             72  org.jetbrains.kotlin.idea.inspections.CascadeIfInspection
9180:             3             72  org.jetbrains.kotlin.idea.inspections.ConflictingExtensionPropertyInspection
9181:             3             72  org.jetbrains.kotlin.idea.inspections.ConstantConditionIfInspection
9182:             3             72  org.jetbrains.kotlin.idea.inspections.ControlFlowWithEmptyBodyInspection
9183:             3             72  org.jetbrains.kotlin.idea.inspections.ConvertNaNEqualityInspection
9184:             3             72  org.jetbrains.kotlin.idea.inspections.ConvertPairConstructorToToFunctionInspection
9185:             3             72  org.jetbrains.kotlin.idea.inspections.CopyWithoutNamedArgumentsInspection
9186:             3             72  org.jetbrains.kotlin.idea.inspections.DataClassPrivateConstructorInspection
9187:             3             72  org.jetbrains.kotlin.idea.inspections.DelegationToVarPropertyInspection
9188:             3             72  org.jetbrains.kotlin.idea.inspections.DestructuringWrongNameInspection
9189:             3             72  org.jetbrains.kotlin.idea.inspections.EmptyRangeInspection
9190:             3             72  org.jetbrains.kotlin.idea.inspections.EqualsOrHashCodeInspection
9191:             3             72  org.jetbrains.kotlin.idea.inspections.ExplicitThisInspection
9192:             3             72  org.jetbrains.kotlin.idea.inspections.FakeJvmFieldConstantInspection
9193:             3             72  org.jetbrains.kotlin.idea.inspections.ForEachParameterNotUsedInspection
9194:             3             72  org.jetbrains.kotlin.idea.inspections.FunctionWithLambdaExpressionBodyInspection
9195:             3             72  org.jetbrains.kotlin.idea.inspections.ImplicitThisInspection
9196:             3             72  org.jetbrains.kotlin.idea.inspections.IncompleteDestructuringInspection
9197:             3             72  org.jetbrains.kotlin.idea.inspections.JavaCollectionsStaticMethodInspection
9198:             3             72  org.jetbrains.kotlin.idea.inspections.JavaCollectionsStaticMethodOnImmutableListInspection
9199:             3             72  org.jetbrains.kotlin.idea.inspections.KotlinCleanupInspection
9200:             3             72  org.jetbrains.kotlin.idea.inspections.KotlinCovariantEqualsInspection
9201:             3             72  org.jetbrains.kotlin.idea.inspections.KotlinDoubleNegationInspection
9202:             3             72  org.jetbrains.kotlin.idea.inspections.KotlinEqualsBetweenInconvertibleTypesInspection
9203:             3             72  org.jetbrains.kotlin.idea.inspections.KotlinInternalInJavaInspection
9204:             3             72  org.jetbrains.kotlin.idea.inspections.KotlinRedundantOverrideInspection
9205:             3             72  org.jetbrains.kotlin.idea.inspections.KotlinSealedInheritorsInJavaInspection
9206:             3             72  org.jetbrains.kotlin.idea.inspections.KotlinThrowableNotThrownInspection
9207:             3             72  org.jetbrains.kotlin.idea.inspections.KotlinUnusedImportInspection
9208:             3             72  org.jetbrains.kotlin.idea.inspections.LateinitVarOverridesLateinitVarInspection
9209:             3             72  org.jetbrains.kotlin.idea.inspections.LeakingThisInspection
9210:             3             72  org.jetbrains.kotlin.idea.inspections.LiftReturnOrAssignmentInspection
9211:             3             72  org.jetbrains.kotlin.idea.inspections.MainFunctionReturnUnitInspection
9212:             3             72  org.jetbrains.kotlin.idea.inspections.MapGetWithNotNullAssertionOperatorInspection
9213:             3             72  org.jetbrains.kotlin.idea.inspections.MayBeConstantInspection
9214:             3             72  org.jetbrains.kotlin.idea.inspections.MemberVisibilityCanBePrivateInspection
9215:             3             72  org.jetbrains.kotlin.idea.inspections.MigrateDiagnosticSuppressionInspection
9216:             3             72  org.jetbrains.kotlin.idea.inspections.MoveSuspiciousCallableReferenceIntoParenthesesInspection
9217:             3             72  org.jetbrains.kotlin.idea.inspections.MoveVariableDeclarationIntoWhenInspection
9218:             3             72  org.jetbrains.kotlin.idea.inspections.NestedLambdaShadowedImplicitParameterInspection
9219:             3             72  org.jetbrains.kotlin.idea.inspections.NullChecksToSafeCallInspection
9220:             3             72  org.jetbrains.kotlin.idea.inspections.NullableBooleanElvisInspection
9221:             3             72  org.jetbrains.kotlin.idea.inspections.OptionalExpectationInspection
9222:             3             72  org.jetbrains.kotlin.idea.inspections.OverridingDeprecatedMemberInspection
9223:             3             72  org.jetbrains.kotlin.idea.inspections.PackageNameInspection$namingSettings$1
9224:             3             72  org.jetbrains.kotlin.idea.inspections.ProtectedInFinalInspection
9225:             3             72  org.jetbrains.kotlin.idea.inspections.RecursiveEqualsCallInspection
9226:             3             72  org.jetbrains.kotlin.idea.inspections.RecursivePropertyAccessorInspection
9227:             3             72  org.jetbrains.kotlin.idea.inspections.RedundantCompanionReferenceInspection
9228:             3             72  org.jetbrains.kotlin.idea.inspections.RedundantElseInIfInspection
9229:             3             72  org.jetbrains.kotlin.idea.inspections.RedundantElvisReturnNullInspection
9230:             3             72  org.jetbrains.kotlin.idea.inspections.RedundantEmptyInitializerBlockInspection
9231:             3             72  org.jetbrains.kotlin.idea.inspections.RedundantEnumConstructorInvocationInspection
9232:             3             72  org.jetbrains.kotlin.idea.inspections.RedundantExplicitTypeInspection
9233:             3             72  org.jetbrains.kotlin.idea.inspections.RedundantGetterInspection
9234:             3             72  org.jetbrains.kotlin.idea.inspections.RedundantIfInspection
9235:             3             72  org.jetbrains.kotlin.idea.inspections.RedundantInnerClassModifierInspection
9236:             3             72  org.jetbrains.kotlin.idea.inspections.RedundantLambdaArrowInspection
9237:             3             72  org.jetbrains.kotlin.idea.inspections.RedundantLambdaOrAnonymousFunctionInspection
9238:             3             72  org.jetbrains.kotlin.idea.inspections.RedundantModalityModifierInspection
9239:             3             72  org.jetbrains.kotlin.idea.inspections.RedundantNotNullExtensionReceiverOfInlineInspection
9240:             3             72  org.jetbrains.kotlin.idea.inspections.RedundantNullableReturnTypeInspection
9241:             3             72  org.jetbrains.kotlin.idea.inspections.RedundantObjectTypeCheckInspection
9242:             3             72  org.jetbrains.kotlin.idea.inspections.RedundantRequireNotNullCallInspection
9243:             3             72  org.jetbrains.kotlin.idea.inspections.RedundantReturnLabelInspection
9244:             3             72  org.jetbrains.kotlin.idea.inspections.RedundantSamConstructorInspection
9245:             3             72  org.jetbrains.kotlin.idea.inspections.RedundantSemicolonInspection
9246:             3             72  org.jetbrains.kotlin.idea.inspections.RedundantSetterInspection
9247:             3             72  org.jetbrains.kotlin.idea.inspections.RedundantSuspendModifierInspection
9248:             3             72  org.jetbrains.kotlin.idea.inspections.RedundantUnitExpressionInspection
9249:             3             72  org.jetbrains.kotlin.idea.inspections.RedundantUnitReturnTypeInspection
9250:             3             72  org.jetbrains.kotlin.idea.inspections.RedundantVisibilityModifierInspection
9251:             3             72  org.jetbrains.kotlin.idea.inspections.RedundantWithInspection
9252:             3             72  org.jetbrains.kotlin.idea.inspections.ReformatInspection
9253:             3             72  org.jetbrains.kotlin.idea.inspections.RemoveEmptyParenthesesFromAnnotationEntryInspection
9254:             3             72  org.jetbrains.kotlin.idea.inspections.RemoveRedundantBackticksInspection
9255:             3             72  org.jetbrains.kotlin.idea.inspections.RemoveRedundantQualifierNameInspection
9256:             3             72  org.jetbrains.kotlin.idea.inspections.RemoveRedundantSpreadOperatorInspection
9257:             3             72  org.jetbrains.kotlin.idea.inspections.RemoveSetterParameterTypeInspection
9258:             3             72  org.jetbrains.kotlin.idea.inspections.RemoveToStringInStringTemplateInspection
9259:             3             72  org.jetbrains.kotlin.idea.inspections.ReplaceArrayOfWithLiteralInspection
9260:             3             72  org.jetbrains.kotlin.idea.inspections.ReplaceAssociateFunctionInspection
9261:             3             72  org.jetbrains.kotlin.idea.inspections.ReplaceCollectionCountWithSizeInspection
9262:             3             72  org.jetbrains.kotlin.idea.inspections.ReplaceManualRangeWithIndicesCallsInspection
9263:             3             72  org.jetbrains.kotlin.idea.inspections.ReplaceNegatedIsEmptyWithIsNotEmptyInspection
9264:             3             72  org.jetbrains.kotlin.idea.inspections.ReplaceNotNullAssertionWithElvisReturnInspection
9265:             3             72  org.jetbrains.kotlin.idea.inspections.ReplaceRangeStartEndInclusiveWithFirstLastInspection
9266:             3             72  org.jetbrains.kotlin.idea.inspections.ReplaceRangeToWithUntilInspection
9267:             3             72  org.jetbrains.kotlin.idea.inspections.ReplaceStringFormatWithLiteralInspection
9268:             3             72  org.jetbrains.kotlin.idea.inspections.ReplaceToWithInfixFormInspection
9269:             3             72  org.jetbrains.kotlin.idea.inspections.ReplaceWithEnumMapInspection
9270:             3             72  org.jetbrains.kotlin.idea.inspections.ReplaceWithIgnoreCaseEqualsInspection
9271:             3             72  org.jetbrains.kotlin.idea.inspections.SafeCastWithReturnInspection
9272:             3             72  org.jetbrains.kotlin.idea.inspections.ScopeFunctionConversionInspection
9273:             3             72  org.jetbrains.kotlin.idea.inspections.SelfAssignmentInspection
9274:             3             72  org.jetbrains.kotlin.idea.inspections.SelfReferenceConstructorParameterInspection
9275:             3             72  org.jetbrains.kotlin.idea.inspections.SetterBackingFieldAssignmentInspection
9276:             3             72  org.jetbrains.kotlin.idea.inspections.SimplifyNestedEachInScopeFunctionInspection
9277:             3             72  org.jetbrains.kotlin.idea.inspections.SimplifyWhenWithBooleanConstantConditionInspection
9278:             3             72  org.jetbrains.kotlin.idea.inspections.SuspiciousAsDynamicInspection
9279:             3             72  org.jetbrains.kotlin.idea.inspections.SuspiciousCollectionReassignmentInspection
9280:             3             72  org.jetbrains.kotlin.idea.inspections.SuspiciousEqualsCombination
9281:             3             72  org.jetbrains.kotlin.idea.inspections.SuspiciousVarPropertyInspection
9282:             3             72  org.jetbrains.kotlin.idea.inspections.TrailingCommaInspection
9283:             3             72  org.jetbrains.kotlin.idea.inspections.UnlabeledReturnInsideLambdaInspection
9284:             3             72  org.jetbrains.kotlin.idea.inspections.UnsafeCastFromDynamicInspection
9285:             3             72  org.jetbrains.kotlin.idea.inspections.UnusedDataClassCopyResultInspection
9286:             3             72  org.jetbrains.kotlin.idea.inspections.UnusedEqualsInspection
9287:             3             72  org.jetbrains.kotlin.idea.inspections.UnusedLambdaExpressionBodyInspection
9288:             3             72  org.jetbrains.kotlin.idea.inspections.UnusedMainParameterInspection
9289:             3             72  org.jetbrains.kotlin.idea.inspections.UnusedReceiverParameterInspection
9290:             3             72  org.jetbrains.kotlin.idea.inspections.UnusedSymbolInspection
9291:             3             72  org.jetbrains.kotlin.idea.inspections.UnusedUnaryOperatorInspection
9292:             3             72  org.jetbrains.kotlin.idea.inspections.UseExpressionBodyInspection
9293:             3             72  org.jetbrains.kotlin.idea.inspections.WhenWithOnlyElseInspection
9294:             3             72  org.jetbrains.kotlin.idea.inspections.WrapUnaryOperatorInspection
9295:             3             72  org.jetbrains.kotlin.idea.inspections.api.ProblemsCache
9296:             3             72  org.jetbrains.kotlin.idea.inspections.collections.RedundantAsSequenceInspection
9297:             3             72  org.jetbrains.kotlin.idea.inspections.collections.SimplifiableCallChainInspection
9298:             3             72  org.jetbrains.kotlin.idea.inspections.collections.SimplifiableCallInspection
9299:             3             72  org.jetbrains.kotlin.idea.inspections.coroutines.RedundantAsyncInspection
9300:             3             72  org.jetbrains.kotlin.idea.inspections.coroutines.RedundantRunCatchingInspection
9301:             3             72  org.jetbrains.kotlin.idea.inspections.coroutines.SuspendFunctionOnCoroutineScopeInspection
9302:             3             72  org.jetbrains.kotlin.idea.inspections.gradle.DeprecatedGradleDependencyInspection
9303:             3             72  org.jetbrains.kotlin.idea.inspections.gradle.DifferentKotlinGradleVersionInspection
9304:             3             72  org.jetbrains.kotlin.idea.inspections.gradle.DifferentStdlibGradleVersionInspection
9305:             3             72  org.jetbrains.kotlin.idea.inspections.gradle.GradleKotlinxCoroutinesDeprecationInspection
9306:             3             72  org.jetbrains.kotlin.idea.inspections.jdk2k.ReplaceJavaStaticMethodWithKotlinAnalogInspection
9307:             3             72  org.jetbrains.kotlin.idea.inspections.kdoc.KDocMissingDocumentationInspection
9308:             3             72  org.jetbrains.kotlin.idea.inspections.migration.FromClosedRangeMigrationInspection
9309:             3             72  org.jetbrains.kotlin.idea.inspections.migration.ProhibitJvmOverloadsOnConstructorsOfAnnotationClassesMigrationInspection
9310:             3             72  org.jetbrains.kotlin.idea.inspections.migration.ProhibitRepeatedUseSiteTargetAnnotationsMigrationInspection
9311:             3             72  org.jetbrains.kotlin.idea.inspections.migration.ProhibitTypeParametersForLocalVariablesMigrationInspection
9312:             3             72  org.jetbrains.kotlin.idea.inspections.migration.ProhibitUseSiteTargetAnnotationsOnSuperTypesMigrationInspection
9313:             3             72  org.jetbrains.kotlin.idea.inspections.migration.RedundantLabelMigrationInspection
9314:             3             72  org.jetbrains.kotlin.idea.inspections.migration.RestrictReturnStatementTargetMigrationInspection
9315:             3             72  org.jetbrains.kotlin.idea.inspections.migration.WarningOnMainUnusedParameterMigrationInspection
9316:             3             72  org.jetbrains.kotlin.idea.intentions.loopToCallChain.LoopToCallChainInspection
9317:             3             72  org.jetbrains.kotlin.idea.kdoc.KDocUnresolvedReferenceInspection
9318:             3             72  org.jetbrains.kotlin.idea.maven.inspections.DeprecatedMavenDependencyInspection
9319:             3             72  org.jetbrains.kotlin.idea.maven.inspections.DifferentMavenStdlibVersionInspection
9320:             3             72  org.jetbrains.kotlin.idea.maven.inspections.KotlinMavenPluginPhaseInspection
9321:             3             72  org.jetbrains.kotlin.idea.maven.inspections.KotlinTestJUnitInspection
9322:             3             72  org.jetbrains.kotlin.idea.maven.inspections.MavenCoroutinesDeprecationInspection
9323:             1             72  org.jetbrains.kotlin.idea.refactoring.cutPaste.MoveDeclarationsPassFactory$MyPass
9324:             3             72  org.jetbrains.kotlin.idea.refactoring.move.changePackage.PackageDirectoryMismatchInspection
9325:             3             72  org.jetbrains.kotlin.idea.statistics.ConversionType
9326:             3             72  org.jetbrains.kotlin.idea.vfilefinder.KnownLibraryKindForIndex
9327:             3             72  org.jetbrains.kotlin.load.java.SpecialGenericSignatures$TypeSafeBarrierDescription
9328:             3             72  org.jetbrains.kotlin.name.State
9329:             3             72  org.jetbrains.kotlin.renderer.AnnotationArgumentsRenderingPolicy
9330:             3             72  org.jetbrains.kotlin.renderer.OverrideRenderingPolicy
9331:             3             72  org.jetbrains.kotlin.renderer.ParameterNameRenderingPolicy
9332:             3             72  org.jetbrains.kotlin.renderer.PropertyAccessorRenderingPolicy
9333:             3             72  org.jetbrains.kotlin.scripting.definitions.ScriptDefinition$FromConfigurationsBase$contextClassLoader$2
9334:             3             72  org.jetbrains.kotlin.scripting.definitions.ScriptDefinition$FromConfigurationsBase$filePathPattern$2
9335:             3             72  org.jetbrains.kotlin.scripting.definitions.ScriptDefinition$FromConfigurationsBase$legacyDefinition$2
9336:             3             72  org.jetbrains.kotlin.utils.JavaTypeEnhancementState$description$2
9337:             3             72  org.jetbrains.kotlin.utils.ReportLevel
9338:             3             72  org.jetbrains.lang.manifest.highlighting.MissingFinalNewlineInspection
9339:             3             72  org.jetbrains.mvstore.type.ContiguousByteArrayKeyManager
9340:             3             72  org.jetbrains.plugins.github.util.GithubAuthData$AuthType
9341:             3             72  org.jetbrains.plugins.gradle.codeInspection.MultipleRepositoryUrlsInspection
9342:             3             72  org.jetbrains.plugins.gradle.settings.TestRunner
9343:             3             72  org.jetbrains.plugins.groovy.codeInspection.GroovyUnusedDeclarationInspection
9344:             3             72  org.jetbrains.plugins.groovy.codeInspection.assignment.GroovyAssignabilityCheckInspection
9345:             3             72  org.jetbrains.plugins.groovy.codeInspection.assignment.GroovyAssignmentCanBeOperatorAssignmentInspection
9346:             3             72  org.jetbrains.plugins.groovy.codeInspection.assignment.GroovyAssignmentToForLoopParameterInspection
9347:             3             72  org.jetbrains.plugins.groovy.codeInspection.assignment.GroovyAssignmentToMethodParameterInspection
9348:             3             72  org.jetbrains.plugins.groovy.codeInspection.assignment.GroovyNestedAssignmentInspection
9349:             3             72  org.jetbrains.plugins.groovy.codeInspection.assignment.GroovyResultOfAssignmentUsedInspection
9350:             3             72  org.jetbrains.plugins.groovy.codeInspection.assignment.GroovySillyAssignmentInspection
9351:             3             72  org.jetbrains.plugins.groovy.codeInspection.assignment.GroovyUncheckedAssignmentOfMemberOfRawTypeInspection
9352:             3             72  org.jetbrains.plugins.groovy.codeInspection.bugs.GrAnnotationReferencingUnknownIdentifiers
9353:             3             72  org.jetbrains.plugins.groovy.codeInspection.bugs.GrEqualsBetweenInconvertibleTypesInspection
9354:             3             72  org.jetbrains.plugins.groovy.codeInspection.bugs.GrNamedVariantLabelsInspection
9355:             3             72  org.jetbrains.plugins.groovy.codeInspection.bugs.GroovyAccessibilityInspection
9356:             3             72  org.jetbrains.plugins.groovy.codeInspection.bugs.GroovyConstructorNamedArgumentsInspection
9357:             3             72  org.jetbrains.plugins.groovy.codeInspection.bugs.GroovyDivideByZeroInspection
9358:             3             72  org.jetbrains.plugins.groovy.codeInspection.bugs.GroovyDocCheckInspection
9359:             3             72  org.jetbrains.plugins.groovy.codeInspection.bugs.GroovyInArgumentCheckInspection
9360:             3             72  org.jetbrains.plugins.groovy.codeInspection.bugs.GroovyInfiniteLoopStatementInspection
9361:             3             72  org.jetbrains.plugins.groovy.codeInspection.bugs.GroovyInfiniteRecursionInspection
9362:             3             72  org.jetbrains.plugins.groovy.codeInspection.bugs.GroovyLabeledStatementInspection
9363:             3             72  org.jetbrains.plugins.groovy.codeInspection.bugs.GroovyNonShortCircuitBooleanInspection
9364:             3             72  org.jetbrains.plugins.groovy.codeInspection.bugs.GroovyRangeTypeCheckInspection
9365:             3             72  org.jetbrains.plugins.groovy.codeInspection.bugs.GroovyResultOfObjectAllocationIgnoredInspection
9366:             3             72  org.jetbrains.plugins.groovy.codeInspection.bugs.NewInstanceOfSingletonInspection
9367:             3             72  org.jetbrains.plugins.groovy.codeInspection.changeToMethod.ChangeToMethodInspection
9368:             3             72  org.jetbrains.plugins.groovy.codeInspection.changeToOperator.ChangeToOperatorInspection
9369:             3             72  org.jetbrains.plugins.groovy.codeInspection.confusing.ClashingGettersInspection
9370:             3             72  org.jetbrains.plugins.groovy.codeInspection.confusing.ClashingTraitMethodsInspection
9371:             3             72  org.jetbrains.plugins.groovy.codeInspection.confusing.DelegatesToInspection
9372:             3             72  org.jetbrains.plugins.groovy.codeInspection.confusing.GrDeprecatedAPIUsageInspection
9373:             3             72  org.jetbrains.plugins.groovy.codeInspection.confusing.GrPackageInspection
9374:             3             72  org.jetbrains.plugins.groovy.codeInspection.confusing.GrReassignedInClosureLocalVarInspection
9375:             3             72  org.jetbrains.plugins.groovy.codeInspection.confusing.GrUnusedIncDecInspection
9376:             3             72  org.jetbrains.plugins.groovy.codeInspection.confusing.GroovyConditionalInspection
9377:             3             72  org.jetbrains.plugins.groovy.codeInspection.confusing.GroovyDoubleNegationInspection
9378:             3             72  org.jetbrains.plugins.groovy.codeInspection.confusing.GroovyEmptyStatementBodyInspection
9379:             3             72  org.jetbrains.plugins.groovy.codeInspection.confusing.GroovyGStringKeyInspection
9380:             3             72  org.jetbrains.plugins.groovy.codeInspection.confusing.GroovyNegatedConditionalInspection
9381:             3             72  org.jetbrains.plugins.groovy.codeInspection.confusing.GroovyNegatedIfInspection
9382:             3             72  org.jetbrains.plugins.groovy.codeInspection.confusing.GroovyNestedConditionalInspection
9383:             3             72  org.jetbrains.plugins.groovy.codeInspection.confusing.GroovyNestedSwitchInspection
9384:             3             72  org.jetbrains.plugins.groovy.codeInspection.confusing.GroovyOctalIntegerInspection
9385:             3             72  org.jetbrains.plugins.groovy.codeInspection.confusing.GroovyOverlyComplexArithmeticExpressionInspection
9386:             3             72  org.jetbrains.plugins.groovy.codeInspection.confusing.GroovyOverlyComplexBooleanExpressionInspection
9387:             3             72  org.jetbrains.plugins.groovy.codeInspection.confusing.GroovyPointlessArithmeticInspection
9388:             3             72  org.jetbrains.plugins.groovy.codeInspection.confusing.GroovyPointlessBooleanInspection
9389:             3             72  org.jetbrains.plugins.groovy.codeInspection.confusing.GroovyResultOfIncrementOrDecrementUsedInspection
9390:             3             72  org.jetbrains.plugins.groovy.codeInspection.confusing.UnnecessaryQualifiedReferenceInspection
9391:             3             72  org.jetbrains.plugins.groovy.codeInspection.control.GroovyBreakInspection
9392:             3             72  org.jetbrains.plugins.groovy.codeInspection.control.GroovyConditionalCanBeConditionalCallInspection
9393:             3             72  org.jetbrains.plugins.groovy.codeInspection.control.GroovyConditionalCanBeElvisInspection
9394:             3             72  org.jetbrains.plugins.groovy.codeInspection.control.GroovyConditionalWithIdenticalBranchesInspection
9395:             3             72  org.jetbrains.plugins.groovy.codeInspection.control.GroovyConstantConditionalInspection
9396:             3             72  org.jetbrains.plugins.groovy.codeInspection.control.GroovyConstantIfStatementInspection
9397:             3             72  org.jetbrains.plugins.groovy.codeInspection.control.GroovyContinueInspection
9398:             3             72  org.jetbrains.plugins.groovy.codeInspection.control.GroovyFallthroughInspection
9399:             3             72  org.jetbrains.plugins.groovy.codeInspection.control.GroovyIfStatementWithIdenticalBranchesInspection
9400:             3             72  org.jetbrains.plugins.groovy.codeInspection.control.GroovyIfStatementWithTooManyBranchesInspection
9401:             3             72  org.jetbrains.plugins.groovy.codeInspection.control.GroovyLoopStatementThatDoesntLoopInspection
9402:             3             72  org.jetbrains.plugins.groovy.codeInspection.control.GroovyReturnFromClosureCanBeImplicitInspection
9403:             3             72  org.jetbrains.plugins.groovy.codeInspection.control.GroovySwitchStatementWithNoDefaultInspection
9404:             3             72  org.jetbrains.plugins.groovy.codeInspection.control.GroovyTrivialConditionalInspection
9405:             3             72  org.jetbrains.plugins.groovy.codeInspection.control.GroovyTrivialIfInspection
9406:             3             72  org.jetbrains.plugins.groovy.codeInspection.control.GroovyUnnecessaryContinueInspection
9407:             3             72  org.jetbrains.plugins.groovy.codeInspection.control.GroovyUnnecessaryReturnInspection
9408:             3             72  org.jetbrains.plugins.groovy.codeInspection.control.finalVar.GrFinalVariableAccessInspection
9409:             3             72  org.jetbrains.plugins.groovy.codeInspection.dataflow.GroovyVariableCanBeFinalInspection
9410:             3             72  org.jetbrains.plugins.groovy.codeInspection.declaration.GrMethodMayBeStaticInspection
9411:             3             72  org.jetbrains.plugins.groovy.codeInspection.exception.GroovyContinueOrBreakFromFinallyBlockInspection
9412:             3             72  org.jetbrains.plugins.groovy.codeInspection.exception.GroovyEmptyCatchBlockInspection
9413:             3             72  org.jetbrains.plugins.groovy.codeInspection.exception.GroovyEmptyFinallyBlockInspection
9414:             3             72  org.jetbrains.plugins.groovy.codeInspection.exception.GroovyEmptyTryBlockInspection
9415:             3             72  org.jetbrains.plugins.groovy.codeInspection.exception.GroovyReturnFromFinallyBlockInspection
9416:             3             72  org.jetbrains.plugins.groovy.codeInspection.exception.GroovyThrowFromFinallyBlockInspection
9417:             3             72  org.jetbrains.plugins.groovy.codeInspection.exception.GroovyUnusedCatchParameterInspection
9418:             3             72  org.jetbrains.plugins.groovy.codeInspection.gpath.GroovyListGetCanBeKeyedAccessInspection
9419:             3             72  org.jetbrains.plugins.groovy.codeInspection.gpath.GroovyListSetCanBeKeyedAccessInspection
9420:             3             72  org.jetbrains.plugins.groovy.codeInspection.gpath.GroovyMapGetCanBeKeyedAccessInspection
9421:             3             72  org.jetbrains.plugins.groovy.codeInspection.gpath.GroovyMapPutCanBeKeyedAccessInspection
9422:             3             72  org.jetbrains.plugins.groovy.codeInspection.metrics.GroovyMethodParameterCountInspection
9423:             3             72  org.jetbrains.plugins.groovy.codeInspection.metrics.GroovyMethodWithMoreThanThreeNegationsInspection
9424:             3             72  org.jetbrains.plugins.groovy.codeInspection.metrics.GroovyMultipleReturnPointsPerMethodInspection
9425:             3             72  org.jetbrains.plugins.groovy.codeInspection.metrics.GroovyOverlyComplexMethodInspection
9426:             3             72  org.jetbrains.plugins.groovy.codeInspection.metrics.GroovyOverlyLongMethodInspection
9427:             3             72  org.jetbrains.plugins.groovy.codeInspection.metrics.GroovyOverlyNestedMethodInspection
9428:             3             72  org.jetbrains.plugins.groovy.codeInspection.noReturnMethod.MissingReturnInspection
9429:             3             72  org.jetbrains.plugins.groovy.codeInspection.resources.TypeCustomizerInspection
9430:             3             72  org.jetbrains.plugins.groovy.codeInspection.secondUnsafeCall.SecondUnsafeCallInspection
9431:             3             72  org.jetbrains.plugins.groovy.codeInspection.style.GrUnnecessaryAliasInspection
9432:             3             72  org.jetbrains.plugins.groovy.codeInspection.style.GrUnnecessaryDefModifierInspection
9433:             3             72  org.jetbrains.plugins.groovy.codeInspection.style.GrUnnecessaryPublicModifierInspection
9434:             3             72  org.jetbrains.plugins.groovy.codeInspection.style.GrUnnecessarySemicolonInspection
9435:             3             72  org.jetbrains.plugins.groovy.codeInspection.style.JavaStylePropertiesInvocationInspection
9436:             3             72  org.jetbrains.plugins.groovy.codeInspection.threading.GroovyAccessToStaticFieldLockedOnInstanceInspection
9437:             3             72  org.jetbrains.plugins.groovy.codeInspection.threading.GroovyBusyWaitInspection
9438:             3             72  org.jetbrains.plugins.groovy.codeInspection.threading.GroovyDoubleCheckedLockingInspection
9439:             3             72  org.jetbrains.plugins.groovy.codeInspection.threading.GroovyEmptySyncBlockInspection
9440:             3             72  org.jetbrains.plugins.groovy.codeInspection.threading.GroovyNestedSynchronizedStatementInspection
9441:             3             72  org.jetbrains.plugins.groovy.codeInspection.threading.GroovyNotifyWhileNotSynchronizedInspection
9442:             3             72  org.jetbrains.plugins.groovy.codeInspection.threading.GroovyPublicFieldAccessedInSynchronizedContextInspection
9443:             3             72  org.jetbrains.plugins.groovy.codeInspection.threading.GroovySynchronizationOnNonFinalFieldInspection
9444:             3             72  org.jetbrains.plugins.groovy.codeInspection.threading.GroovySynchronizationOnThisInspection
9445:             3             72  org.jetbrains.plugins.groovy.codeInspection.threading.GroovySynchronizationOnVariableInitializedWithLiteralInspection
9446:             3             72  org.jetbrains.plugins.groovy.codeInspection.threading.GroovySynchronizedMethodInspection
9447:             3             72  org.jetbrains.plugins.groovy.codeInspection.threading.GroovySystemRunFinalizersOnExitInspection
9448:             3             72  org.jetbrains.plugins.groovy.codeInspection.threading.GroovyThreadStopSuspendResumeInspection
9449:             3             72  org.jetbrains.plugins.groovy.codeInspection.threading.GroovyUnconditionalWaitInspection
9450:             3             72  org.jetbrains.plugins.groovy.codeInspection.threading.GroovyUnsynchronizedMethodOverridesSynchronizedMethodInspection
9451:             3             72  org.jetbrains.plugins.groovy.codeInspection.threading.GroovyWaitCallNotInLoopInspection
9452:             3             72  org.jetbrains.plugins.groovy.codeInspection.threading.GroovyWaitWhileNotSynchronizedInspection
9453:             3             72  org.jetbrains.plugins.groovy.codeInspection.threading.GroovyWhileLoopSpinsOnFieldInspection
9454:             3             72  org.jetbrains.plugins.groovy.codeInspection.unassignedVariable.UnassignedVariableAccessInspection
9455:             3             72  org.jetbrains.plugins.groovy.codeInspection.untypedUnresolvedAccess.GrUnresolvedAccessInspection
9456:             3             72  org.jetbrains.plugins.groovy.codeInspection.untypedUnresolvedAccess.GroovyUntypedAccessInspection
9457:             3             72  org.jetbrains.plugins.groovy.codeInspection.unusedDef.UnusedDefInspection
9458:             3             72  org.jetbrains.plugins.groovy.codeInspection.validity.GroovyDuplicateSwitchBranchInspection
9459:             3             72  org.jetbrains.plugins.groovy.codeInspection.validity.GroovyUnreachableStatementInspection
9460:             3             72  org.jetbrains.plugins.groovy.intentions.conversions.ClassNameDiffersFromFileNamePredicate
9461:             3             72  org.jetbrains.plugins.groovy.lang.psi.patterns.GroovyAnnotationArgumentPattern$Capture
9462:             3             72  org.jetbrains.plugins.groovy.transformations.singleton.SingletonConstructorInspection
9463:             3             72  org.jetbrains.plugins.javaFX.fxml.codeInsight.inspections.JavaFxColorRgbInspection
9464:             3             72  org.jetbrains.plugins.javaFX.fxml.codeInsight.inspections.JavaFxDefaultTagInspection
9465:             3             72  org.jetbrains.plugins.javaFX.fxml.codeInsight.inspections.JavaFxEventHandlerInspection
9466:             3             72  org.jetbrains.plugins.javaFX.fxml.codeInsight.inspections.JavaFxRedundantPropertyValueInspection
9467:             3             72  org.jetbrains.plugins.javaFX.fxml.codeInsight.inspections.JavaFxUnresolvedFxIdReferenceInspection
9468:             3             72  org.jetbrains.plugins.javaFX.fxml.codeInsight.inspections.JavaFxUnusedImportsInspection
9469:             3             72  org.jetbrains.plugins.javaFX.resources.JavaFxResourcePropertyValueInspection
9470:             3             72  org.jetbrains.plugins.textmate.Constants$CaptureKey
9471:             3             72  org.jetbrains.settingsRepository.SyncType
9472:             3             72  org.jetbrains.yaml.inspections.YAMLDuplicatedKeysInspection
9473:             3             72  org.jetbrains.yaml.inspections.YAMLRecursiveAliasInspection
9474:             3             72  org.jetbrains.yaml.inspections.YAMLUnresolvedAliasInspection
9475:             3             72  org.jetbrains.yaml.inspections.YAMLUnusedAnchorInspection
9476:             3             72  org.jetbrains.yaml.schema.YamlJsonSchemaDeprecationInspection
9477:             3             72  org.jetbrains.yaml.schema.YamlJsonSchemaHighlightingInspection
9478:             3             72  org.zmlx.hg4idea.provider.update.HgUpdateConfigurationSettings$State
9479:             3             72  org.zmlx.hg4idea.provider.update.HgUpdateType
9480:             3             72  sun.awt.AppContext$State (java.desktop@11.0.9.1)
9481:             1             72  sun.awt.CGraphicsDevice (java.desktop@11.0.9.1)
9482:             3             72  sun.font.CStrike$GlyphAdvanceCache$SparseBitShiftingTwoLayerArray (java.desktop@11.0.9.1)
9483:             3             72  sun.font.CStrike$GlyphInfoCache$SparseBitShiftingTwoLayerArray (java.desktop@11.0.9.1)
9484:             3             72  sun.java2d.cmm.lcms.LCMSProfile$TagCache (java.desktop@11.0.9.1)
9485:             3             72  sun.net.www.protocol.http.HttpURLConnection$TunnelState (java.base@11.0.9.1)
9486:             3             72  sun.reflect.generics.scope.ConstructorScope (java.base@11.0.9.1)
9487:             3             72  sun.security.provider.DSAParameters (java.base@11.0.9.1)
9488:             3             72  sun.security.provider.NativePRNG$Variant (java.base@11.0.9.1)
9489:             3             72  sun.security.provider.certpath.OCSP$RevocationStatus$CertStatus (java.base@11.0.9.1)
9490:             3             72  sun.security.ssl.ClientAuthType (java.base@11.0.9.1)
9491:             3             72  sun.security.ssl.SSLMasterKeyDerivation (java.base@11.0.9.1)
9492:             3             72  sun.swing.SwingUtilities2$LSBCacheEntry (java.desktop@11.0.9.1)
9493:             2             64  [Lcom.android.tools.idea.flags.StudioFlags$DefaultActivityLocatorStrategy;
9494:             1             64  [Lcom.fasterxml.jackson.annotation.JsonFormat$Shape;
9495:             2             64  [Lcom.fasterxml.jackson.annotation.JsonProperty$Access;
9496:             2             64  [Lcom.fasterxml.jackson.databind.annotation.JsonSerialize$Typing;
9497:             2             64  [Lcom.google.wireless.android.sdk.stats.LayoutEditorState$Surfaces;
9498:             2             64  [Lcom.google.wireless.android.sdk.stats.StudioToolWindowActionStats$EventType;
9499:             2             64  [Lcom.ibm.icu.impl.number.PatternStringUtils$PatternSignType;
9500:             1             64  [Lcom.ibm.icu.text.DisplayContext;
9501:             1             64  [Lcom.intellij.codeInsight.daemon.ImplicitUsageProvider;
9502:             1             64  [Lcom.intellij.codeInsight.editorActions.BackspaceHandlerDelegate;
9503:             1             64  [Lcom.intellij.codeInsight.editorActions.moveUpDown.StatementUpDownMover;
9504:             1             64  [Lcom.intellij.codeInspection.ProblemHighlightType;
9505:             1             64  [Lcom.intellij.codeInspection.dataFlow.inliner.CallInliner;
9506:             1             64  [Lcom.intellij.codeInspection.lambdaToExplicit.LambdaAndExplicitMethodPair;
9507:             1             64  [Lcom.intellij.debugger.impl.DebuggerSession$Event;
9508:             1             64  [Lcom.intellij.execution.segmentedRunDebugWidget.RunDebugConfigManager$State;
9509:             2             64  [Lcom.intellij.execution.ui.layout.PlaceInGrid;
9510:             2             64  [Lcom.intellij.formatting.WrapImpl$Type;
9511:             1             64  [Lcom.intellij.ide.IconProvider;
9512:             1             64  [Lcom.intellij.ide.actions.TabNavigationActionBase$NavigationType;
9513:             2             64  [Lcom.intellij.ide.projectView.impl.AbstractProjectViewPane;
9514:             2             64  [Lcom.intellij.ide.ui.AntialiasingType;
9515:             2             64  [Lcom.intellij.ide.ui.ColorBlindness;
9516:             4             64  [Lcom.intellij.ide.ui.ColorBlindnessSupport;
9517:             2             64  [Lcom.intellij.lang.BracePair;
9518:             1             64  [Lcom.intellij.lang.java.parser.ExpressionParser$ExprType;
9519:             1             64  [Lcom.intellij.navigation.GotoRelatedProvider;
9520:             2             64  [Lcom.intellij.notification.impl.NotificationGroupEP$DisplayType;
9521:             1             64  [Lcom.intellij.openapi.actionSystem.ActionPromoter;
9522:             2             64  [Lcom.intellij.openapi.compiler.CompilableFileTypesProvider;
9523:             2             64  [Lcom.intellij.openapi.compiler.CompilerMessageCategory;
9524:             2             64  [Lcom.intellij.openapi.components.RoamingType;
9525:             2             64  [Lcom.intellij.openapi.editor.colors.impl.TextAttributesReader$FontStyle;
9526:             2             64  [Lcom.intellij.openapi.editor.impl.softwrap.SoftWrapAppliancePlaces;
9527:             1             64  [Lcom.intellij.openapi.extensions.KeyedFactoryEPBean;
9528:             2             64  [Lcom.intellij.openapi.externalSystem.autoimport.ExternalSystemProjectTrackerSettings$AutoReloadType;
9529:             1             64  [Lcom.intellij.openapi.fileEditor.impl.EditorTabTitleProvider;
9530:             4             64  [Lcom.intellij.openapi.projectRoots.ProjectJdkTable$Listener;
9531:             2             64  [Lcom.intellij.openapi.roots.ModuleExtension;
9532:             4             64  [Lcom.intellij.openapi.util.ModificationTracker;
9533:             2             64  [Lcom.intellij.openapi.vcs.changes.conflicts.ChangelistConflictResolution;
9534:             2             64  [Lcom.intellij.openapi.wm.ToolWindowType;
9535:             2             64  [Lcom.intellij.openapi.wm.impl.IdeBackgroundUtil$Fill;
9536:             1             64  [Lcom.intellij.psi.codeStyle.LanguageCodeStyleSettingsProvider;
9537:             1             64  [Lcom.intellij.psi.impl.PsiTreeChangeEventImpl$PsiEventType;
9538:             2             64  [Lcom.intellij.psi.impl.PsiTreeChangePreprocessor;
9539:             2             64  [Lcom.intellij.psi.impl.search.PsiSearchHelperImpl$Options;
9540:             1             64  [Lcom.intellij.psi.jsp.JspElementType$Kind;
9541:             2             64  [Lcom.intellij.psi.search.scope.packageSet.CustomScopesProvider;
9542:             1             64  [Lcom.intellij.refactoring.rename.RenameInputValidator;
9543:             2             64  [Lcom.intellij.spellchecker.SpellCheckerManager$DictionaryLevel;
9544:             2             64  [Lcom.intellij.ui.scale.ScaleType;
9545:             2             64  [Lcom.intellij.util.ThreeState;
9546:             2             64  [Lcom.intellij.workspaceModel.storage.bridgeEntities.ModuleDependencyItem$DependencyScope;
9547:             2             64  [Lcom.intellij.xml.util.HTMLControls$TagState;
9548:             2             64  [Lcom.sun.org.apache.xerces.internal.utils.XMLSecurityPropertyManager$State; (java.xml@11.0.9.1)
9549:             2             64  [Ljava.awt.Queue; (java.desktop@11.0.9.1)
9550:             1             64  [Ljava.awt.event.FocusEvent$Cause; (java.desktop@11.0.9.1)
9551:             2             64  [Ljava.lang.ProcessImpl$LaunchMechanism; (java.base@11.0.9.1)
9552:             2             64  [Ljava.lang.annotation.RetentionPolicy; (java.base@11.0.9.1)
9553:             1             64  [Ljava.lang.invoke.MethodHandleImpl$Intrinsic; (java.base@11.0.9.1)
9554:             2             64  [Ljava.lang.module.ModuleDescriptor$Modifier; (java.base@11.0.9.1)
9555:             2             64  [Ljava.lang.module.ModuleDescriptor$Requires$Modifier; (java.base@11.0.9.1)
9556:             2             64  [Ljava.nio.charset.CoderResult; (java.base@11.0.9.1)
9557:             3             64  [Ljava.security.CodeSigner; (java.base@11.0.9.1)
9558:             4             64  [Ljava.util.regex.IntHashSet; (java.base@11.0.9.1)
9559:             2             64  [Ljava.util.stream.Collector$Characteristics; (java.base@11.0.9.1)
9560:             4             64  [Ljavax.swing.MenuElement; (java.desktop@11.0.9.1)
9561:             2             64  [Ljavax.xml.bind.annotation.XmlAccessType;
9562:             2             64  [Ljavax.xml.bind.annotation.XmlNsForm;
9563:             2             64  [Lkotlin.DeprecationLevel;
9564:             2             64  [Lkotlin.DeprecationLevel;
9565:             2             64  [Lkotlin.annotation.AnnotationRetention;
9566:             2             64  [Lkotlin.annotation.AnnotationRetention;
9567:             2             64  [Lkotlin.reflect.jvm.internal.impl.metadata.ProtoBuf$MemberKind;
9568:             2             64  [Lkotlin.reflect.jvm.internal.impl.metadata.ProtoBuf$MemberKind;
9569:             2             64  [Lkotlin.reflect.jvm.internal.impl.metadata.ProtoBuf$Modality;
9570:             2             64  [Lkotlin.reflect.jvm.internal.impl.metadata.ProtoBuf$Modality;
9571:             2             64  [Lkotlin.script.experimental.api.ScriptAcceptedLocation;
9572:             2             64  [Lnet.jpountz.lz4.LZ4FrameOutputStream$FLG$Bits;
9573:             2             64  [Lorg.jetbrains.annotations.Nls$Capitalization;
9574:             2             64  [Lorg.jetbrains.idea.maven.indices.MavenSearchIndex$Kind;
9575:             2             64  [Lorg.jetbrains.mvstore.MVMap;
9576:             2             64  [Lorg.jetbrains.plugins.textmate.Constants$CaptureKey;
9577:             1             64  [Lsun.jvmstat.perfdata.monitor.v2_0.TypeCode; (jdk.internal.jvmstat@11.0.9.1)
9578:             2             64  [Lsun.security.ssl.SSLTrafficKeyDerivation$KeySchedule; (java.base@11.0.9.1)
9579:             2             64  com.android.resources.HighDynamicRange
9580:             2             64  com.android.resources.LayoutDirection
9581:             2             64  com.android.resources.NavigationState
9582:             2             64  com.android.resources.NightMode
9583:             2             64  com.android.resources.ScreenRatio
9584:             2             64  com.android.resources.ScreenRound
9585:             2             64  com.android.resources.WideGamutColor
9586:             4             64  com.android.tools.adtui.ui.DesignSurfaceToolbarUI
9587:             2             64  com.android.tools.adtui.workbench.WorkBench$MyButtonDragListener
9588:             2             64  com.android.tools.idea.common.error.IssuePanel$2
9589:             2             64  com.android.tools.idea.common.error.IssuePanel$3
9590:             2             64  com.android.tools.idea.common.error.IssuePanel$4
9591:             2             64  com.android.tools.idea.common.error.IssuePanel$5
9592:             2             64  com.android.tools.idea.common.model.SelectionModel
9593:             2             64  com.android.tools.idea.databinding.LayoutBindingProjectComponent
9594:             2             64  com.android.tools.idea.databinding.LayoutBindingProjectComponent$1
9595:             2             64  com.android.tools.idea.gradle.project.GradleProjectInfo
9596:             2             64  com.android.tools.idea.gradle.run.MakeBeforeRunTask
9597:             2             64  com.android.tools.idea.gradle.run.MakeBeforeRunTaskProvider
9598:             2             64  com.android.tools.idea.res.AndroidFileChangeListener
9599:             2             64  com.android.tools.idea.res.AndroidFileChangeListener$MyDocumentListener
9600:             2             64  com.android.tools.idea.res.ProjectLightResourceClassService
9601:             2             64  com.android.tools.idea.res.ResourceFolderRegistry
9602:             2             64  com.android.tools.idea.run.DeploymentService
9603:             1             64  com.android.tools.idea.run.deployment.DeviceAndSnapshotComboBoxAction
9604:             2             64  com.android.tools.idea.uibuilder.analytics.NlAnalyticsManager
9605:             2             64  com.android.tools.idea.uibuilder.visual.VisualizationForm$TextLabelAction
9606:             2             64  com.android.tools.idea.uibuilder.visual.VisualizationToolSettings$GlobalState
9607:             1             64  com.apple.laf.AquaFileView$3 (java.desktop@11.0.9.1)
9608:             2             64  com.apple.laf.AquaHighlighter (java.desktop@11.0.9.1)
9609:             4             64  com.apple.laf.AquaImageFactory$IconUIResourceSingleton (java.desktop@11.0.9.1)
9610:             4             64  com.apple.laf.AquaImageFactory$NamedImageSingleton (java.desktop@11.0.9.1)
9611:             2             64  com.fasterxml.jackson.core.sym.CharsToNameCanonicalizer$TableInfo
9612:             2             64  com.fasterxml.jackson.databind.ObjectWriter$GeneratorSettings
9613:             2             64  com.fasterxml.jackson.databind.cfg.DeserializerFactoryConfig
9614:             2             64  com.fasterxml.jackson.databind.deser.std.NumberDeserializers$BooleanDeserializer
9615:             2             64  com.fasterxml.jackson.databind.deser.std.NumberDeserializers$DoubleDeserializer
9616:             2             64  com.fasterxml.jackson.databind.deser.std.NumberDeserializers$LongDeserializer
9617:             2             64  com.fasterxml.jackson.databind.ser.std.NumberSerializers$DoubleSerializer
9618:             2             64  com.fasterxml.jackson.databind.ser.std.NumberSerializers$IntegerSerializer
9619:             2             64  com.fasterxml.jackson.databind.ser.std.NumberSerializers$LongSerializer
9620:             1             64  com.google.common.cache.CacheStats
9621:             2             64  com.google.common.collect.ImmutableMapEntry$NonTerminalImmutableBiMapEntry
9622:             4             64  com.google.common.collect.IndexedImmutableSet$1
9623:             4             64  com.google.common.collect.SingletonImmutableList
9624:             2             64  com.google.common.hash.MessageDigestHashFunction
9625:             1             64  com.google.protobuf.CodedInputStream$ArrayDecoder
9626:             2             64  com.ibm.icu.impl.locale.BaseLocale
9627:             2             64  com.ibm.icu.impl.locale.BaseLocale$Key
9628:             2             64  com.ibm.icu.number.UnlocalizedNumberFormatter
9629:             2             64  com.ibm.icu.text.ListFormatter
9630:             1             64  com.ibm.icu.text.NumberFormatServiceShim$NFService
9631:             2             64  com.ibm.icu.text.NumberingSystem
9632:             2             64  com.intellij.analysis.problemsView.toolWindow.ProjectErrorsCollector
9633:             2             64  com.intellij.application.options.editor.WebEditorOptions
9634:             2             64  com.intellij.codeInsight.CodeInsightWorkspaceSettings
9635:             4             64  com.intellij.codeInsight.completion.StatisticsUpdate$trackStatistics$1
9636:             1             64  com.intellij.codeInsight.completion.actions.CodeCompletionGroup
9637:             4             64  com.intellij.codeInsight.daemon.impl.DaemonCodeAnalyzerImpl$$Lambda$1324/0x0000000800fb7840
9638:             4             64  com.intellij.codeInsight.daemon.impl.DaemonCodeAnalyzerImpl$UpdateRunnable
9639:             2             64  com.intellij.codeInsight.daemon.impl.DaemonListeners
9640:             1             64  com.intellij.codeInsight.daemon.impl.GeneralHighlightingPass$$Lambda$3506/0x00000008020f1840
9641:             2             64  com.intellij.codeInsight.daemon.impl.PsiChangeHandler
9642:             4             64  com.intellij.codeInsight.daemon.impl.StatusBarUpdater$$Lambda$1323/0x0000000800fb0c40
9643:             4             64  com.intellij.codeInsight.daemon.impl.StatusBarUpdater$1
9644:             4             64  com.intellij.codeInsight.daemon.impl.StatusBarUpdater$2
9645:             2             64  com.intellij.codeInsight.daemon.impl.analysis.RefCountHolder
9646:             2             64  com.intellij.codeInsight.daemon.impl.quickfix.RenameToIgnoredFix
9647:             2             64  com.intellij.codeInsight.generation.GenerateGetterAndSetterHandler
9648:             2             64  com.intellij.codeInsight.highlighting.BackgroundHighlightingUtil$$Lambda$3182/0x0000000801e4e840
9649:             2             64  com.intellij.codeInsight.highlighting.BackgroundHighlightingUtil$$Lambda$3184/0x0000000801e4e440
9650:             1             64  com.intellij.codeInsight.hint.HintManagerImpl
9651:             2             64  com.intellij.codeInsight.hints.InlayHintsSettings$State
9652:             4             64  com.intellij.codeInsight.hints.presentation.PresentationFactory$offsetFromTopProvider$1
9653:             4             64  com.intellij.codeInsight.intention.impl.IntentionHintComponent$$Lambda$4645/0x000000080298a040
9654:             2             64  com.intellij.codeInsight.intention.impl.IntentionHintComponent$$Lambda$5975/0x0000000801ac7440
9655:             2             64  com.intellij.codeInsight.intention.impl.IntentionHintComponent$4
9656:             2             64  com.intellij.codeInsight.intention.impl.IntentionHintComponent$7
9657:             2             64  com.intellij.codeInsight.lookup.impl.LookupManagerImpl
9658:             2             64  com.intellij.codeInsight.problems.WolfTheProblemSolverImpl
9659:             2             64  com.intellij.codeInsight.template.postfix.settings.PostfixTemplatesSettings
9660:             4             64  com.intellij.codeInsight.template.postfix.templates.editable.JavaPostfixTemplateExpressionCondition$JavaPostfixTemplateArrayExpressionCondition
9661:             2             64  com.intellij.codeInspection.AnonymousHasLambdaAlternativeInspection$AnonymousLambdaAlternative
9662:             2             64  com.intellij.codeInspection.LocalInspectionToolSession
9663:             4             64  com.intellij.codeInspection.bytecodeAnalysis.AbstractValues$NotNullValue
9664:             2             64  com.intellij.codeInspection.bytecodeAnalysis.ProjectBytecodeAnalysis
9665:             1             64  com.intellij.codeInspection.dataFlow.DataFlowRunner$TimeStats
9666:             4             64  com.intellij.codeInspection.dataFlow.inference.ContractInferenceIndexKt$getIndexedData$map$1
9667:             1             64  com.intellij.codeInspection.dataFlow.instructions.MethodCallInstruction
9668:             2             64  com.intellij.codeInspection.dataFlow.instructions.PushInstruction
9669:             1             64  com.intellij.codeInspection.dataFlow.value.DfaValueFactory
9670:             2             64  com.intellij.codeInspection.ex.InspectionManagerEx
9671:             2             64  com.intellij.codeInspection.ex.InspectionToolRegistrar$registerInspections$1
9672:             2             64  com.intellij.compiler.CompilerConfigurationImpl$State
9673:             2             64  com.intellij.compiler.CompilerConfigurationSettings$State
9674:             4             64  com.intellij.compiler.CompilerManagerImpl$$Lambda$1298/0x0000000800f8f440
9675:             4             64  com.intellij.compiler.impl.ExitStatus
9676:             4             64  com.intellij.concurrency.IdeaForkJoinWorkerThreadFactory$$Lambda$5284/0x0000000802ce2040
9677:             2             64  com.intellij.configurationStore.DefaultProjectStoreImpl
9678:             2             64  com.intellij.configurationStore.ExportSettingsAction
9679:             2             64  com.intellij.configurationStore.ImportSettingsAction
9680:             2             64  com.intellij.configurationStore.ModuleStoreImpl
9681:             2             64  com.intellij.configurationStore.ProjectIdState
9682:             2             64  com.intellij.configurationStore.RestoreDefaultSettingsAction
9683:             2             64  com.intellij.configurationStore.schemeManager.SchemeManagerFactoryBase$ProjectSchemeManagerFactory
9684:             2             64  com.intellij.debugger.impl.AlternativeJreClassFinder
9685:             1             64  com.intellij.diagnostic.ActivityImpl
9686:             2             64  com.intellij.diff.actions.CompareFilesAction
9687:             2             64  com.intellij.dvcs.ignore.IgnoredToExcludedSynchronizer
9688:             2             64  com.intellij.execution.ExecutionTargetManagerImpl
9689:             4             64  com.intellij.execution.ExecutorRegistryImpl$ExecutorAction$$Lambda$843/0x0000000800977440
9690:             2             64  com.intellij.execution.Platform
9691:             2             64  com.intellij.execution.ShortenCommandLine
9692:             4             64  com.intellij.execution.actions.RunContextAction$$Lambda$846/0x0000000800976040
9693:             1             64  com.intellij.execution.dashboard.actions.RunDashboardFilterActionGroup
9694:             2             64  com.intellij.execution.impl.RCInArbitraryFileManager
9695:             2             64  com.intellij.execution.impl.RunConfigurationListManagerHelper
9696:             2             64  com.intellij.execution.impl.TimedIconCache
9697:             4             64  com.intellij.execution.junit.JUnitConfiguration$1
9698:             4             64  com.intellij.execution.junit.JUnitConfiguration$2
9699:             4             64  com.intellij.execution.junit.JUnitConfiguration$3
9700:             2             64  com.intellij.execution.rmi.RemoteProcessSupport$RunningInfo
9701:             1             64  com.intellij.execution.services.AddServiceActionGroup
9702:             1             64  com.intellij.execution.services.OpenInNewTabActionGroup
9703:             2             64  com.intellij.execution.services.ServiceModel
9704:             2             64  com.intellij.framework.detection.impl.DetectedFrameworksData
9705:             2             64  com.intellij.framework.detection.impl.FrameworkDetectionManager$1
9706:             2             64  com.intellij.framework.detection.impl.exclude.DetectionExcludesConfigurationImpl
9707:             2             64  com.intellij.grazie.speller.GrazieSpeller$UserConfig
9708:             2             64  com.intellij.grazie.speller.GrazieSpeller$UserConfig$Dictionaries
9709:             2             64  com.intellij.grazie.speller.GrazieSpeller$UserConfig$Model
9710:             1             64  com.intellij.history.integration.ui.actions.LocalHistoryGroup
9711:             2             64  com.intellij.ide.GeneratedSourceFileChangeTrackerImpl
9712:             1             64  com.intellij.ide.IdeDependentActionGroup
9713:             2             64  com.intellij.ide.actions.CreateDesktopEntryAction
9714:             2             64  com.intellij.ide.actions.CustomizeUIAction
9715:             1             64  com.intellij.ide.actions.EditorPopupNoSelectionGroup
9716:             2             64  com.intellij.ide.actions.NewProjectAction
9717:             2             64  com.intellij.ide.actions.OpenFileAction$OnWelcomeScreen
9718:             2             64  com.intellij.ide.actions.ShowSettingsAction
9719:             2             64  com.intellij.ide.actions.TemplateProjectStructureAction
9720:             2             64  com.intellij.ide.actions.ToggleDistractionFreeModeAction
9721:             1             64  com.intellij.ide.actions.ToolWindowMoveAction$Group
9722:             1             64  com.intellij.ide.actions.ToolWindowViewModeAction$Group
9723:             1             64  com.intellij.ide.actions.toolbar.experimental.ViewToolbarActionsGroup
9724:             1             64  com.intellij.ide.actions.toolbar.experimental.ViewToolbarNewActionGroup
9725:             2             64  com.intellij.ide.browsers.actions.OpenFileInDefaultBrowserAction
9726:             2             64  com.intellij.ide.browsers.chrome.ChromeSettings
9727:             2             64  com.intellij.ide.navigationToolbar.NavBarUpdateQueue$2
9728:             1             64  com.intellij.ide.navigationToolbar.experimental.CenterToolbarGroup
9729:             1             64  com.intellij.ide.navigationToolbar.experimental.LeftToolbarGroup
9730:             1             64  com.intellij.ide.navigationToolbar.experimental.RightToolbarGroup
9731:             4             64  com.intellij.ide.plugins.DynamicPlugins$onPluginUnload$1
9732:             4             64  com.intellij.ide.plugins.PluginFeatureService$FeaturePluginsList
9733:             1             64  com.intellij.ide.projectView.actions.MarkRootGroup
9734:             2             64  com.intellij.ide.projectView.impl.AsyncProjectViewSupport$3
9735:             4             64  com.intellij.ide.projectView.impl.IdeViewForProjectViewPane
9736:             2             64  com.intellij.ide.projectView.impl.ProjectViewImpl$MyAutoScrollFromSourceHandler
9737:             2             64  com.intellij.ide.projectView.impl.ProjectViewPane$ProjectViewPaneTreeStructure
9738:             4             64  com.intellij.ide.scratch.ScratchFileServiceImpl$FilePresentation
9739:             2             64  com.intellij.ide.scratch.ScratchTreeStructureProvider$3
9740:             2             64  com.intellij.ide.scratch.ScratchesNamedScope
9741:             2             64  com.intellij.ide.structureView.impl.StructureViewFactoryImpl
9742:             1             64  com.intellij.ide.todo.TodoPanel$GroupByActionGroup
9743:             2             64  com.intellij.ide.ui.UITheme$PaletteScopeManager
9744:             2             64  com.intellij.ide.ui.laf.UIThemeBasedLookAndFeelInfo
9745:             2             64  com.intellij.ide.util.ProjectPropertiesComponentImpl
9746:             2             64  com.intellij.idea.OutputStreamLogger
9747:             2             64  com.intellij.jarRepository.RepositoryLibrarySynchronizer$1
9748:             1             64  com.intellij.javaee.ExternalResourceManagerExImpl
9749:             2             64  com.intellij.javaee.StandardResourceEP
9750:             2             64  com.intellij.lang.properties.PropertiesReferenceContributor$1
9751:             2             64  com.intellij.notification.EventLog$ProjectTracker
9752:             2             64  com.intellij.notification.LogModel
9753:             4             64  com.intellij.openapi.actionSystem.Anchor
9754:             4             64  com.intellij.openapi.actionSystem.ex.ComboBoxAction$ComboBoxButton$$Lambda$2340/0x0000000801876c40
9755:             2             64  com.intellij.openapi.actionSystem.impl.MacGestureAdapter
9756:             4             64  com.intellij.openapi.command.impl.DocumentReferenceByVirtualFile
9757:             2             64  com.intellij.openapi.components.impl.ModulePathMacroManager
9758:             4             64  com.intellij.openapi.components.impl.ProjectPathMacroManager$$Lambda$1182/0x0000000800e22040
9759:             4             64  com.intellij.openapi.editor.actions.CaretStop
9760:             4             64  com.intellij.openapi.editor.colors.impl.AbstractColorsScheme$$Lambda$686/0x0000000800811840
9761:             1             64  com.intellij.openapi.editor.colors.impl.EmptyColorScheme
9762:             1             64  com.intellij.openapi.externalSystem.action.ExternalSystemRunConfigurationMenu
9763:             1             64  com.intellij.openapi.externalSystem.action.task.ExternalSystemTaskMenu
9764:             1             64  com.intellij.openapi.externalSystem.autoimport.ProjectRefreshActionGroup
9765:             2             64  com.intellij.openapi.externalSystem.autoimport.ProjectSettingsTracker$SettingsFilesStatus
9766:             1             64  com.intellij.openapi.externalSystem.autoimport.ToggleAutoReloadActionGroup
9767:             2             64  com.intellij.openapi.externalSystem.autolink.UnlinkedProjectStartupActivity$NewBuildFilesListener
9768:             2             64  com.intellij.openapi.externalSystem.service.project.manage.ExternalProjectsDataStorage
9769:             2             64  com.intellij.openapi.externalSystem.util.PrefixTreeMap$Node
9770:             2             64  com.intellij.openapi.fileEditor.impl.EditorTabbedContainer
9771:             2             64  com.intellij.openapi.fileEditor.impl.EditorTabbedContainer$MyTransferHandler
9772:             2             64  com.intellij.openapi.fileEditor.impl.EditorWindow
9773:             2             64  com.intellij.openapi.fileEditor.impl.EditorWindow$1
9774:             2             64  com.intellij.openapi.fileEditor.impl.EditorsSplitters$MyFocusWatcher
9775:             2             64  com.intellij.openapi.fileEditor.impl.EditorsSplitters$MyTransferHandler
9776:             1             64  com.intellij.openapi.keymap.impl.IdeKeyEventDispatcher
9777:             1             64  com.intellij.openapi.keymap.impl.keyGestures.KeyboardGestureProcessor
9778:             2             64  com.intellij.openapi.module.ModuleTypeEP
9779:             2             64  com.intellij.openapi.module.impl.ModulePointerManagerImpl
9780:             2             64  com.intellij.openapi.module.impl.scopes.ModuleWithDependentsTestScope
9781:             4             64  com.intellij.openapi.observable.operations.AnonymousParallelOperationTrace
9782:             2             64  com.intellij.openapi.observable.properties.AtomicLazyProperty
9783:             2             64  com.intellij.openapi.project.DumbServiceVfsBatchListener$1
9784:             2             64  com.intellij.openapi.projectRoots.impl.UnknownSdkSnapshot
9785:             2             64  com.intellij.openapi.roots.PersistentOrderRootType
9786:             2             64  com.intellij.openapi.roots.impl.DirectoryIndexImpl
9787:             2             64  com.intellij.openapi.roots.impl.LanguageLevelProjectExtensionImpl
9788:             4             64  com.intellij.openapi.roots.impl.ProjectRootManagerComponent$4
9789:             4             64  com.intellij.openapi.roots.impl.ProjectRootManagerImpl$3
9790:             2             64  com.intellij.openapi.roots.impl.RootIndex$1
9791:             4             64  com.intellij.openapi.roots.ui.configuration.actions.ModuleDeleteProvider
9792:             4             64  com.intellij.openapi.ui.SimpleToolWindowPanel$1
9793:             2             64  com.intellij.openapi.util.WindowStateProjectService
9794:             2             64  com.intellij.openapi.vcs.IssueNavigationConfiguration
9795:             4             64  com.intellij.openapi.vcs.StartedActivated$$Lambda$1449/0x00000008010f3440
9796:             4             64  com.intellij.openapi.vcs.StartedActivated$$Lambda$1450/0x00000008010f3840
9797:             4             64  com.intellij.openapi.vcs.StartedActivated$$Lambda$1451/0x00000008010f3c40
9798:             4             64  com.intellij.openapi.vcs.StartedActivated$$Lambda$1452/0x00000008010f4040
9799:             2             64  com.intellij.openapi.vcs.VcsApplicationSettings
9800:             2             64  com.intellij.openapi.vcs.VcsConfiguration$StandardConfirmation
9801:             1             64  com.intellij.openapi.vcs.actions.VcsGroupsActionGroup
9802:             1             64  com.intellij.openapi.vcs.actions.VcsGroupsWrapper
9803:             1             64  com.intellij.openapi.vcs.actions.VcsMainMenuActionGroup
9804:             1             64  com.intellij.openapi.vcs.actions.VcsQuickListPopupAction$NonVcsAware
9805:             1             64  com.intellij.openapi.vcs.actions.VcsQuickListPopupAction$VcsAware
9806:             2             64  com.intellij.openapi.vcs.changes.ChangeListManagerSerialization$RevisionSide
9807:             2             64  com.intellij.openapi.vcs.changes.ControlledCycle
9808:             2             64  com.intellij.openapi.vcs.changes.ControlledCycle$1
9809:             2             64  com.intellij.openapi.vcs.changes.Modifier
9810:             2             64  com.intellij.openapi.vcs.changes.RemoteRevisionsStateCache
9811:             1             64  com.intellij.openapi.vcs.changes.actions.SelectChangesGroupingActionGroup
9812:             2             64  com.intellij.openapi.vcs.changes.committed.IncomingChangesIndicator
9813:             4             64  com.intellij.openapi.vcs.changes.ignore.lang.IgnoreParserDefinition
9814:             2             64  com.intellij.openapi.vcs.changes.ui.ChangesViewContentManager
9815:             1             64  com.intellij.openapi.vcs.changes.ui.browser.ChangesFilterer$FilterGroup
9816:             2             64  com.intellij.openapi.vcs.impl.FileStatusManagerImpl
9817:             2             64  com.intellij.openapi.vcs.impl.projectlevelman.OptionsAndConfirmations
9818:             2             64  com.intellij.openapi.vfs.impl.FilePartNodeRoot
9819:             2             64  com.intellij.openapi.vfs.impl.local.CanonicalPathMap
9820:             4             64  com.intellij.openapi.wm.impl.DesktopLayout
9821:             1             64  com.intellij.openapi.wm.impl.ProjectWindowActionGroup
9822:             2             64  com.intellij.openapi.wm.impl.status.ColumnSelectionModePanel
9823:             2             64  com.intellij.openapi.wm.impl.status.InfoAndProgressPanel$2
9824:             2             64  com.intellij.openapi.wm.impl.status.InfoAndProgressPanel$MyInlineProgressIndicator$2
9825:             2             64  com.intellij.openapi.wm.impl.status.ProcessPopup
9826:             2             64  com.intellij.openapi.wm.impl.status.ToolWindowsWidget$1
9827:             2             64  com.intellij.openapi.wm.impl.status.widget.StatusBarWidgetProviderToFactoryAdapter
9828:             1             64  com.intellij.openapi.wm.impl.welcomeScreen.MoveProjectToGroupActionGroup
9829:             2             64  com.intellij.packaging.impl.artifacts.ArtifactManagerImpl$ArtifactManagerModel
9830:             2             64  com.intellij.patterns.PsiExpressionPattern$2
9831:             2             64  com.intellij.patterns.StringPattern$6
9832:             2             64  com.intellij.patterns.TreeElementPattern$6
9833:             2             64  com.intellij.profile.codeInspection.ProjectInspectionProfileManagerState
9834:             2             64  com.intellij.psi.PsiRecursiveElementWalkingVisitor$1
9835:             4             64  com.intellij.psi.ReferenceProviderType$CompositePsiReferenceProvider
9836:             2             64  com.intellij.psi.codeStyle.CodeStyleSettings$HtmlTagNewLineStyle
9837:             4             64  com.intellij.psi.codeStyle.ExcludedFiles$State
9838:             4             64  com.intellij.psi.impl.PsiDocumentManagerBase$PriorityEventCollector
9839:             4             64  com.intellij.psi.impl.PsiFileFactoryImpl
9840:             4             64  com.intellij.psi.impl.PsiModificationTrackerImpl$1
9841:             4             64  com.intellij.psi.impl.cache.impl.id.IdIndex$3
9842:             4             64  com.intellij.psi.impl.compiled.ClassFileStubBuilder
9843:             4             64  com.intellij.psi.impl.file.impl.FileManagerImpl$$Lambda$1200/0x0000000800e6c440
9844:             4             64  com.intellij.psi.impl.file.impl.FileManagerImpl$1
9845:             2             64  com.intellij.psi.impl.file.impl.PsiVFSListener
9846:             2             64  com.intellij.psi.impl.file.impl.ResolveScopeManagerImpl
9847:             4             64  com.intellij.psi.impl.java.JavaBinaryPlusExpressionIndex$1
9848:             4             64  com.intellij.psi.impl.java.JavaFunctionalExpressionIndex$4
9849:             2             64  com.intellij.psi.impl.java.stubs.JavaPackageAccessibilityStatementElementType
9850:             2             64  com.intellij.psi.impl.search.HighlightingCaches
9851:             2             64  com.intellij.psi.impl.search.PsiSearchHelperImpl$$Lambda$6179/0x00000008019b7c40
9852:             2             64  com.intellij.psi.impl.search.PsiSearchHelperImpl$$Lambda$6180/0x00000008019b7440
9853:             2             64  com.intellij.psi.impl.search.PsiSearchHelperImpl$$Lambda$6186/0x00000008019b5c40
9854:             2             64  com.intellij.psi.impl.search.PsiSearchHelperImpl$TextIndexQuery
9855:             1             64  com.intellij.psi.impl.source.html.HtmlFileImpl
9856:             4             64  com.intellij.psi.impl.source.resolve.reference.impl.providers.XmlBaseReferenceProvider
9857:             2             64  com.intellij.psi.impl.source.tree.JavaElementType$TypeTextElementType
9858:             2             64  com.intellij.psi.impl.source.tree.injected.ClassMapCachingNulls
9859:             4             64  com.intellij.psi.scope.JavaScopeProcessorEvent
9860:             2             64  com.intellij.psi.search.IndexPattern
9861:             2             64  com.intellij.psi.search.ProjectScopeBuilderImpl$1
9862:             2             64  com.intellij.psi.search.ProjectScopeImpl
9863:             2             64  com.intellij.psi.search.SearchRequestCollector
9864:             2             64  com.intellij.psi.templateLanguages.TemplateDataLanguageMappings
9865:             1             64  com.intellij.refactoring.changeSignature.inplace.ChangeSignaturePassFactory$ChangeSignaturePass
9866:             2             64  com.intellij.refactoring.suggested.SuggestedRefactoringAvailabilityIndicator
9867:             2             64  com.intellij.remoteServer.impl.runtime.ui.RemoteServersDeploymentManager
9868:             1             64  com.intellij.sh.psi.ShFile
9869:             2             64  com.intellij.spellchecker.grazie.GrazieSpellCheckerEngine
9870:             2             64  com.intellij.spellchecker.settings.SpellCheckerSettings
9871:             2             64  com.intellij.spellchecker.state.CachedDictionaryState
9872:             4             64  com.intellij.spellchecker.tokenizer.CommentTokenizer
9873:             4             64  com.intellij.spellchecker.tokenizer.SpellcheckingStrategy$XmlAttributeValueTokenizer
9874:             2             64  com.intellij.structuralsearch.IdeaOpenApiClassFinder
9875:             2             64  com.intellij.task.impl.ProjectTaskManagerImpl
9876:             2             64  com.intellij.uast.UastHintedVisitorAdapter
9877:             2             64  com.intellij.ui.AnimatedIcon$Blinking
9878:             2             64  com.intellij.ui.AnimatedIcon$Default
9879:             2             64  com.intellij.ui.AnimatedIcon$FS
9880:             2             64  com.intellij.ui.mac.MacMainFrameDecorator
9881:             2             64  com.intellij.ui.mac.touchbar.ProjectData
9882:             2             64  com.intellij.ui.mac.touchbar.ProjectData$ToolWindowData$ContentData
9883:             4             64  com.intellij.ui.popup.BalloonPopupBuilderImpl$$Lambda$2708/0x0000000801ae9040
9884:             2             64  com.intellij.ui.popup.WizardPopup$1
9885:             2             64  com.intellij.ui.popup.WizardPopup$2
9886:             2             64  com.intellij.ui.popup.list.ListPopupImpl$1
9887:             2             64  com.intellij.ui.popup.list.ListPopupImpl$2
9888:             2             64  com.intellij.ui.popup.list.ListPopupImpl$3
9889:             2             64  com.intellij.ui.popup.list.ListPopupImpl$4
9890:             2             64  com.intellij.ui.popup.list.ListPopupImpl$MyMouseMotionListener
9891:             2             64  com.intellij.ui.tabs.FileColorsModel
9892:             2             64  com.intellij.ui.tree.ui.ClassicPainter
9893:             2             64  com.intellij.ui.treeStructure.PatchedDefaultMutableTreeNode
9894:             2             64  com.intellij.util.CachedValuesManagerImpl
9895:             4             64  com.intellij.util.ReflectionAssignabilityCache$$Lambda$2171/0x0000000801691840
9896:             2             64  com.intellij.util.UniqueResultsQuery
9897:             4             64  com.intellij.util.containers.ClassMap
9898:             2             64  com.intellij.util.containers.HashSetQueue$1
9899:             4             64  com.intellij.util.indexing.AdditionalIndexableFileSet$$Lambda$1872/0x0000000801419840
9900:             2             64  com.intellij.util.indexing.ProjectIndexableFilesFilter
9901:             1             64  com.intellij.util.indexing.RegisteredIndexes
9902:             2             64  com.intellij.util.indexing.impl.storage.TransientChangeTrackingValueContainer
9903:             1             64  com.intellij.util.io.PagePool
9904:             1             64  com.intellij.util.io.PagePool$1
9905:             1             64  com.intellij.util.io.PagePool$2
9906:             2             64  com.intellij.util.io.UnsyncByteArrayInputStream
9907:             2             64  com.intellij.util.lang.IntObjectHashMap
9908:             2             64  com.intellij.util.text.CharSequenceSubSequence
9909:             1             64  com.intellij.util.ui.JBHtmlEditorKit$StyleSheetCompressionThreshold
9910:             4             64  com.intellij.util.xml.impl.GenericValueReferenceProvider
9911:             2             64  com.intellij.util.xml.impl.VirtualDomParentStrategy
9912:             2             64  com.intellij.vcs.ProgressManagerQueue
9913:             4             64  com.intellij.vcs.log.data.AbstractDataGetter$$Lambda$3153/0x0000000801db6440
9914:             2             64  com.intellij.vcs.log.data.VcsLogProgress
9915:             2             64  com.intellij.vcs.log.data.VcsLogStorageImpl
9916:             4             64  com.intellij.vcs.log.data.VcsUserKeyDescriptor
9917:             2             64  com.intellij.vcs.log.data.index.VcsLogPathsIndex$PathsIndexer
9918:             2             64  com.intellij.vcs.log.graph.GraphColorManagerImpl$HeadsComparator
9919:             2             64  com.intellij.vcs.log.graph.utils.impl.IntTimestampGetter
9920:             2             64  com.intellij.vcs.log.impl.HeavyAwareExecutor
9921:             1             64  com.intellij.vcs.log.ui.actions.DiffPreviewLocationActionGroup
9922:             2             64  com.intellij.workspaceModel.ide.impl.IdeVirtualFileUrlManagerImpl
9923:             2             64  com.intellij.workspaceModel.ide.impl.WorkspaceModelImpl
9924:             2             64  com.intellij.workspaceModel.ide.impl.jps.serialization.JpsLibrariesExternalFileSerializer
9925:             2             64  com.intellij.workspaceModel.ide.impl.jps.serialization.ModuleListSerializerImpl
9926:             2             64  com.intellij.workspaceModel.ide.impl.legacyBridge.facet.FacetModelBridge
9927:             2             64  com.intellij.workspaceModel.ide.impl.legacyBridge.library.ProjectLibraryTableBridgeImpl
9928:             2             64  com.intellij.workspaceModel.ide.impl.legacyBridge.module.CompilerModuleExtensionBridge
9929:             2             64  com.intellij.workspaceModel.ide.impl.legacyBridge.module.roots.ExcludeFolderBridge
9930:             2             64  com.intellij.workspaceModel.ide.impl.legacyBridge.module.roots.ModuleSourceOrderEntryBridge
9931:             2             64  com.intellij.workspaceModel.storage.bridgeEntities.ContentRootEntityData
9932:             2             64  com.intellij.workspaceModel.storage.bridgeEntities.JavaModuleSettingsEntityData
9933:             2             64  com.intellij.workspaceModel.storage.bridgeEntities.JavaResourceRootEntityData
9934:             2             64  com.intellij.workspaceModel.storage.bridgeEntities.ModuleCustomImlDataEntityData
9935:             2             64  com.intellij.workspaceModel.storage.bridgeEntities.ModuleEntityData
9936:             2             64  com.intellij.workspaceModel.storage.impl.StorageSnapshotCache
9937:             2             64  com.intellij.xdebugger.impl.PinToTopManagerState
9938:             2             64  com.intellij.xdebugger.impl.WatchesManagerState
9939:             2             64  com.intellij.xdebugger.impl.XDebuggerWatchesManager
9940:             2             64  com.intellij.xdebugger.impl.breakpoints.XDependentBreakpointManager
9941:             2             64  com.intellij.xdebugger.impl.breakpoints.XLineBreakpointManager
9942:             2             64  com.intellij.xdebugger.impl.evaluate.quick.common.ValueLookupManager
9943:             2             64  com.intellij.xdebugger.impl.ui.XDebugSessionData
9944:             1             64  com.intellij.xml.actions.XmlActionsGroup
9945:             4             64  com.intellij.xml.impl.schema.ComplexTypeDescriptor$$Lambda$2217/0x000000080175b040
9946:             4             64  com.jetbrains.jdi.SocketTransportService
9947:             2             64  com.jetbrains.jsonSchema.impl.JsonSchemaServiceImpl$MyState
9948:             2             64  com.sun.org.apache.xerces.internal.utils.XMLSecurityPropertyManager$Property (java.xml@11.0.9.1)
9949:             4             64  com.sun.proxy.$Proxy114
9950:             4             64  com.sun.proxy.$Proxy116
9951:             4             64  com.sun.proxy.$Proxy137
9952:             4             64  com.sun.proxy.$Proxy149
9953:             4             64  com.sun.proxy.$Proxy177
9954:             4             64  com.sun.proxy.$Proxy183
9955:             4             64  com.sun.proxy.$Proxy56
9956:             4             64  com.sun.proxy.$Proxy62
9957:             4             64  com.sun.proxy.$Proxy63
9958:             4             64  com.sun.proxy.$Proxy74
9959:             4             64  com.sun.xml.bind.v2.model.impl.ModelBuilder$1
9960:             4             64  com.sun.xml.bind.v2.model.impl.TypeInfoSetImpl$1
9961:             4             64  com.sun.xml.bind.v2.runtime.IllegalAnnotationsException$Builder
9962:             4             64  com.theoryinpractice.testng.TestNGReferenceContributor$TestAnnotationFilter
9963:             2             64  de.plushnikov.intellij.plugin.provider.LombokProcessorProvider
9964:             1             64  git4idea.actions.GitFileActionGroup
9965:             1             64  git4idea.actions.GitMainMenuActionGroup
9966:             1             64  git4idea.actions.GitRepositoryStateActionGroup$Merge
9967:             1             64  git4idea.actions.GitRepositoryStateActionGroup$Rebase
9968:             2             64  git4idea.config.GitSetupProjectConfig$ConfigVariables
9969:             2             64  git4idea.log.GitLogProvider
9970:             2             64  git4idea.log.GitRefManager
9971:             2             64  git4idea.repo.GitRepositoryManager
9972:             2             64  git4idea.repo.GitRepositoryReader
9973:             2             64  git4idea.stash.GitStashTracker
9974:             2             64  git4idea.status.GitStagingAreaHolder
9975:             2             64  in.oneton.idea.spring.assistant.plugin.suggestion.service.SuggestionServiceImpl
9976:             2             64  io.netty.buffer.EmptyByteBuf
9977:             1             64  io.netty.buffer.PooledByteBufAllocator
9978:             2             64  io.netty.handler.codec.CodecOutputList$CodecOutputLists
9979:             1             64  io.netty.util.concurrent.GlobalEventExecutor
9980:             2             64  it.unimi.dsi.fastutil.ints.IntLinkedOpenHashSet$SetIterator
9981:             1             64  it.unimi.dsi.fastutil.longs.Long2ObjectOpenHashMap
9982:             1             64  it.unimi.dsi.fastutil.objects.Object2ShortOpenHashMap
9983:             2             64  java.awt.color.ICC_ProfileRGB (java.desktop@11.0.9.1)
9984:             1             64  java.awt.image.ColorConvertOp (java.desktop@11.0.9.1)
9985:             2             64  java.beans.EventHandler (java.desktop@11.0.9.1)
9986:             2             64  java.lang.ClassLoader$NativeLibrary$Unloader (java.base@11.0.9.1)
9987:             1             64  java.lang.invoke.BoundMethodHandle$Species_LLLIILLLL (java.base@11.0.9.1)
9988:             1             64  java.lang.invoke.BoundMethodHandle$Species_LLLLLIIL (java.base@11.0.9.1)
9989:             1             64  java.lang.invoke.BoundMethodHandle$Species_LLLLLIILL (java.base@11.0.9.1)
9990:             2             64  java.lang.ref.ReferenceQueue$Null (java.base@11.0.9.1)
9991:             2             64  java.nio.file.attribute.FileTime (java.base@11.0.9.1)
9992:             2             64  java.time.format.DateTimeFormatterBuilder$TextPrinterParser (java.base@11.0.9.1)
9993:             2             64  java.time.temporal.IsoFields$Unit (java.base@11.0.9.1)
9994:             4             64  java.util.Collections$ReverseComparator2 (java.base@11.0.9.1)
9995:             2             64  java.util.ServiceLoader$ModuleServicesLookupIterator (java.base@11.0.9.1)
9996:             2             64  java.util.concurrent.ScheduledThreadPoolExecutor$DelayedWorkQueue (java.base@11.0.9.1)
9997:             2             64  java.util.concurrent.Semaphore$FairSync (java.base@11.0.9.1)
9998:             1             64  java.util.logging.LogManager$RootLogger (java.logging@11.0.9.1)
9999:             2             64  java.util.stream.FindOps$FindOp (java.base@11.0.9.1)
10000:             2             64  javax.swing.BufferStrategyPaintManager$BufferInfo (java.desktop@11.0.9.1)
10001:             2             64  javax.swing.border.BevelBorder (java.desktop@11.0.9.1)
10002:             1             64  javax.swing.plaf.basic.BasicEditorPaneUI$StyleSheetUIResource (java.desktop@11.0.9.1)
10003:             1             64  javax.swing.plaf.basic.BasicHTML$BasicEditorKit (java.desktop@11.0.9.1)
10004:             2             64  javax.swing.text.DefaultEditorKit$BeginAction (java.desktop@11.0.9.1)
10005:             2             64  javax.swing.text.DefaultEditorKit$EndAction (java.desktop@11.0.9.1)
10006:             2             64  javax.swing.text.DefaultEditorKit$NextWordAction (java.desktop@11.0.9.1)
10007:             2             64  javax.swing.text.DefaultEditorKit$PageAction (java.desktop@11.0.9.1)
10008:             2             64  javax.swing.text.DefaultEditorKit$PreviousWordAction (java.desktop@11.0.9.1)
10009:             4             64  javax.swing.text.StyleConstants (java.desktop@11.0.9.1)
10010:             4             64  javax.swing.text.StyleConstants$FontConstants (java.desktop@11.0.9.1)
10011:             2             64  javax.swing.text.StyledEditorKit (java.desktop@11.0.9.1)
10012:             4             64  javax.swing.text.StyledEditorKit$AttributeTracker (java.desktop@11.0.9.1)
10013:             2             64  javax.swing.text.html.HTMLEditorKit$BeginAction (java.desktop@11.0.9.1)
10014:             2             64  javax.swing.text.html.HTMLEditorKit$LinkController (java.desktop@11.0.9.1)
10015:             2             64  javax.swing.text.html.HTMLEditorKit$NavigateLinkAction (java.desktop@11.0.9.1)
10016:             2             64  jdk.internal.reflect.UnsafeFloatFieldAccessorImpl (java.base@11.0.9.1)
10017:             2             64  jdk.internal.reflect.UnsafeShortFieldAccessorImpl (java.base@11.0.9.1)
10018:             1             64  kotlin.collections.builders.MapBuilder
10019:             1             64  kotlin.reflect.jvm.internal.KMutableProperty0Impl
10020:             2             64  kotlin.reflect.jvm.internal.impl.descriptors.NotFoundClasses
10021:             2             64  kotlin.reflect.jvm.internal.impl.descriptors.NotFoundClasses
10022:             1             64  kotlin.reflect.jvm.internal.impl.descriptors.impl.ClassDescriptorImpl
10023:             2             64  kotlin.reflect.jvm.internal.impl.descriptors.impl.EmptyPackageFragmentDescriptor
10024:             2             64  kotlin.reflect.jvm.internal.impl.descriptors.impl.EmptyPackageFragmentDescriptor
10025:             2             64  kotlin.reflect.jvm.internal.impl.descriptors.impl.ModuleDependenciesImpl
10026:             4             64  kotlin.reflect.jvm.internal.impl.descriptors.runtime.structure.ReflectJavaTypeParameter
10027:             1             64  kotlin.reflect.jvm.internal.impl.metadata.jvm.JvmProtoBuf$StringTableTypes$Record
10028:             2             64  kotlin.reflect.jvm.internal.impl.metadata.jvm.deserialization.JvmBytecodeBinaryVersion
10029:             1             64  kotlin.reflect.jvm.internal.impl.serialization.deserialization.builtins.BuiltInSerializerProtocol
10030:             1             64  kotlin.reflect.jvm.internal.impl.serialization.deserialization.builtins.BuiltInSerializerProtocol
10031:             1             64  kotlin.reflect.jvm.internal.impl.types.ErrorUtils$ErrorClassDescriptor
10032:             1             64  kotlin.reflect.jvm.internal.impl.types.ErrorUtils$ErrorClassDescriptor
10033:             4             64  kotlin.script.experimental.api.RefineEvaluationConfigurationData
10034:             1             64  kotlinx.coroutines.scheduling.CoroutineScheduler
10035:             1             64  kotlinx.coroutines.scheduling.CoroutineScheduler
10036:             2             64  org.apache.batik.css.parser.CSSLexicalUnit$FloatLexicalUnit
10037:             1             64  org.apache.log4j.ConsoleAppender
10038:             2             64  org.apache.log4j.varia.LevelRangeFilter
10039:             1             64  org.apache.xerces.impl.xs.SchemaGrammar$XSAnyType
10040:             2             64  org.apache.xerces.jaxp.SAXParserFactoryImpl
10041:             2             64  org.infernus.idea.checkstyle.csapi.BundledConfig
10042:             2             64  org.infernus.idea.checkstyle.util.ProjectFilePaths
10043:             2             64  org.intellij.plugins.intelliLang.inject.TemporaryPlacesRegistry
10044:             1             64  org.intellij.plugins.markdown.lang.psi.impl.MarkdownFile
10045:             1             64  org.jetbrains.android.AndroidPlugin$1
10046:             1             64  org.jetbrains.android.actions.AndroidToolsActionGroup
10047:             1             64  org.jetbrains.android.actions.CreateResourceFileActionGroup
10048:             4             64  org.jetbrains.android.compiler.AndroidBuildProcessParametersProvider
10049:             1             64  org.jetbrains.idea.maven.dom.generate.MavenGenerateDomActionGroup
10050:             2             64  org.jetbrains.idea.maven.indices.MavenProjectIndicesManager
10051:             2             64  org.jetbrains.idea.maven.navigator.MavenProjectsNavigator
10052:             2             64  org.jetbrains.idea.maven.navigator.MavenProjectsNavigatorPanel$MyTransferHandler
10053:             1             64  org.jetbrains.idea.maven.navigator.actions.MavenBuildMenu
10054:             1             64  org.jetbrains.idea.maven.navigator.actions.MavenRunConfigurationMenu
10055:             2             64  org.jetbrains.idea.maven.project.MavenEmbeddersManager
10056:             2             64  org.jetbrains.idea.maven.project.MavenProject$ConfigFileKind
10057:             1             64  org.jetbrains.idea.maven.project.actions.DownloadActionGroup
10058:             2             64  org.jetbrains.idea.maven.server.MavenServerConnector$RemoteMavenServerDownloadListener
10059:             2             64  org.jetbrains.idea.maven.tasks.MavenTasksManager
10060:             1             64  org.jetbrains.idea.maven.utils.actions.MavenActionGroup
10061:             2             64  org.jetbrains.idea.reposearch.DependencySearchService
10062:             2             64  org.jetbrains.io.BuiltInServer$Companion$configureChildHandler$1
10063:             2             64  org.jetbrains.kotlin.KtNodeType$KtLeftBoundNodeType
10064:             2             64  org.jetbrains.kotlin.idea.PluginStartupService$register$1
10065:             1             64  org.jetbrains.kotlin.idea.actions.KotlinActionGroup
10066:             2             64  org.jetbrains.kotlin.idea.core.script.configuration.CompositeScriptConfigurationManager
10067:             2             64  org.jetbrains.kotlin.idea.core.script.configuration.listener.ScriptChangesNotifier
10068:             2             64  org.jetbrains.kotlin.idea.decompiler.common.KotlinMetadataStubBuilder
10069:             2             64  org.jetbrains.kotlin.idea.findUsages.KotlinFindUsagesHandlerFactory
10070:             2             64  org.jetbrains.kotlin.idea.injection.KotlinLanguageInjector
10071:             2             64  org.jetbrains.kotlin.idea.inspections.collections.SimplifiableCallInspection$Conversion
10072:             2             64  org.jetbrains.kotlin.idea.scripting.gradle.GradleScriptFileChangeListener
10073:             2             64  org.jetbrains.kotlin.idea.scripting.gradle.roots.GradleBuildRootIndex
10074:             2             64  org.jetbrains.kotlin.idea.versions.DeprecatedLibInfo
10075:             4             64  org.jetbrains.kotlin.idea.versions.KotlinMetadataVersionIndexBase$getKeyDescriptor$1
10076:             2             64  org.jetbrains.kotlin.idea.vfilefinder.KotlinMetadataFileIndex
10077:             2             64  org.jetbrains.kotlin.idea.vfilefinder.KotlinMetadataFilePackageIndex
10078:             1             64  org.jetbrains.kotlin.jsr223.ScriptDefinitionForExtensionAndIdeConsoleRoots
10079:             2             64  org.jetbrains.mvstore.FreeSpaceBitSet
10080:             2             64  org.jetbrains.plugins.github.pullrequest.GHPRToolWindowTabsManager
10081:             2             64  org.jetbrains.plugins.github.pullrequest.config.GithubPullRequestsProjectUISettings$SettingsState
10082:             2             64  org.jetbrains.plugins.github.util.GHProjectRepositoriesManager
10083:             4             64  org.jetbrains.plugins.github.util.GHProjectRepositoriesManager$RemoteUrlsListener
10084:             2             64  org.jetbrains.plugins.gradle.config.GradleClassFinder
10085:             2             64  org.jetbrains.plugins.gradle.service.GradleBuildClasspathManager
10086:             2             64  org.jetbrains.plugins.groovy.bundled.BundledGroovyClassFinder
10087:             2             64  org.jetbrains.plugins.groovy.codeInspection.bugs.GrRemoveModifierFix
10088:             1             64  org.jetbrains.plugins.groovy.compiler.CheckResourcesAction$Group
10089:             2             64  org.jetbrains.plugins.groovy.findUsages.GroovyFieldFindUsagesHandlerFactory
10090:             2             64  org.jetbrains.plugins.groovy.gant.GantClassFinder
10091:             1             64  org.jetbrains.plugins.groovy.mvc.MvcActionGroup
10092:             2             64  org.jetbrains.plugins.groovy.mvc.MvcModuleStructureSynchronizer
10093:             1             64  org.jetbrains.plugins.textmate.psi.TextMateFile
10094:             1             64  org.languagetool.language.AustralianEnglish
10095:             1             64  org.languagetool.language.BritishEnglish
10096:             1             64  org.languagetool.language.CanadianEnglish
10097:             1             64  org.languagetool.language.English
10098:             1             64  org.languagetool.language.NewZealandEnglish
10099:             1             64  org.languagetool.language.SouthAfricanEnglish
10100:             1             64  org.languagetool.noop.NoopLanguage
10101:             1             64  org.languagetool.tokenizers.SimpleSentenceTokenizer$AnyLanguage
10102:             4             64  org.roaringbitmap.RoaringBitmap
10103:             1             64  org.zmlx.hg4idea.action.HgMercurialMenu
10104:             2             64  org.zmlx.hg4idea.repo.HgRepositoryManager
10105:             1             64  sun.font.GlyphLayout (java.desktop@11.0.9.1)
10106:             2             64  sun.java2d.ReentrantContextProviderTL$1 (java.desktop@11.0.9.1)
10107:             1             64  sun.java2d.cmm.lcms.LCMSTransform (java.desktop@11.0.9.1)
10108:             1             64  sun.java2d.opengl.OGLContext (java.desktop@11.0.9.1)
10109:             1             64  sun.java2d.pipe.BufferedRenderPipe$BufferedDrawHandler (java.desktop@11.0.9.1)
10110:             1             64  sun.lwawt.macosx.LWCToolkit (java.desktop@11.0.9.1)
10111:             2             64  sun.nio.ch.FileKey (java.base@11.0.9.1)
10112:             2             64  sun.nio.ch.FileLockTable$FileLockReference (java.base@11.0.9.1)
10113:             4             64  sun.nio.ch.SocketDispatcher (java.base@11.0.9.1)
10114:             2             64  sun.rmi.transport.DGCImpl$LeaseInfo (java.rmi@11.0.9.1)
10115:             4             64  sun.rmi.transport.DGCImpl_Stub (java.rmi@11.0.9.1)
10116:             2             64  sun.rmi.transport.GC$LatencyRequest (java.rmi@11.0.9.1)
10117:             2             64  sun.security.provider.FileInputStreamPool$StreamRef (java.base@11.0.9.1)
10118:             2             64  sun.security.provider.certpath.ResponderId$Type (java.base@11.0.9.1)
10119:             2             64  sun.security.ssl.Alert$Level (java.base@11.0.9.1)
10120:             2             64  sun.security.ssl.CertStatusExtension$CertStatusRequestType (java.base@11.0.9.1)
10121:             2             64  sun.security.ssl.EphemeralKeyManager$EphemeralKeyPair (java.base@11.0.9.1)
10122:             2             64  sun.security.ssl.PskKeyExchangeModesExtension$PskKeyExchangeMode (java.base@11.0.9.1)
10123:             4             64  sun.security.ssl.SSLCipher$T11BlockReadCipherGenerator (java.base@11.0.9.1)
10124:             4             64  sun.security.ssl.SSLCipher$T11BlockWriteCipherGenerator (java.base@11.0.9.1)
10125:             2             64  sun.security.ssl.SSLSessionContextImpl (java.base@11.0.9.1)
10126:             2             64  sun.security.ssl.X509TrustManagerImpl (java.base@11.0.9.1)
10127:             2             64  sun.swing.SwingUtilities2$$Lambda$163/0x0000000800269440 (java.desktop@11.0.9.1)
10128:             1             64  sun.text.RuleBasedBreakIterator (java.base@11.0.9.1)
10129:             2             64  sun.util.locale.UnicodeLocaleExtension (java.base@11.0.9.1)
10130:             1             56  [Lcom.fasterxml.jackson.core.JsonGenerator$Feature;
10131:             3             56  [Lcom.fasterxml.jackson.databind.deser.Deserializers;
10132:             1             56  [Lcom.google.gson.stream.JsonToken;
10133:             2             56  [Lcom.ibm.icu.util.BytesTrie$Result;
10134:             1             56  [Lcom.intellij.codeInsight.editorActions.CopyPastePostProcessor;
10135:             1             56  [Lcom.intellij.codeInsight.editorActions.CopyPastePreProcessor;
10136:             1             56  [Lcom.intellij.codeInsight.editorActions.QuoteHandlerEP;
10137:             1             56  [Lcom.intellij.codeInsight.highlighting.HighlightUsagesHandlerFactory;
10138:             1             56  [Lcom.intellij.codeInsight.lookup.CharFilter;
10139:             1             56  [Lcom.intellij.completion.ml.personalization.session.SessionFactorsUtils$SessionFactor$LookupBased;
10140:             1             56  [Lcom.intellij.execution.process.AnsiTerminalEmulator$TerminalFont;
10141:             1             56  [Lcom.intellij.facet.ui.FacetDependentToolWindow;
10142:             1             56  [Lcom.intellij.ide.FileIconProvider;
10143:             1             56  [Lcom.intellij.ide.navigationToolbar.NavBarUpdateQueue$ID;
10144:             1             56  [Lcom.intellij.ide.navigationToolbar.ui.AbstractNavBarUI$ImageType;
10145:             2             56  [Lcom.intellij.lang.jvm.JvmClassKind;
10146:             1             56  [Lcom.intellij.openapi.editor.markup.EffectType;
10147:             2             56  [Lcom.intellij.openapi.fileTypes.ex.FileTypeIdentifiableByVirtualFile;
10148:             2             56  [Lcom.intellij.openapi.roots.OrderRootType;
10149:             1             56  [Lcom.intellij.patterns.compiler.PatternCompilerImpl$State;
10150:             1             56  [Lcom.intellij.psi.codeStyle.CodeStyleSettingsCustomizable$IndentOption;
10151:             1             56  [Lcom.intellij.xdebugger.breakpoints.XBreakpointType;
10152:             1             56  [Lcom.sun.org.apache.xerces.internal.impl.XMLScanner$NameType; (java.xml@11.0.9.1)
10153:             1             56  [Lcom.sun.org.apache.xerces.internal.utils.XMLSecurityManager$Limit; (java.xml@11.0.9.1)
10154:             1             56  [Ljava.lang.Runnable; (java.base@11.0.9.1)
10155:             2             56  [Ljava.nio.file.OpenOption; (java.base@11.0.9.1)
10156:             1             56  [Lkotlin.reflect.jvm.internal.impl.protobuf.WireFormat$JavaType;
10157:             1             56  [Lkotlin.reflect.jvm.internal.impl.protobuf.WireFormat$JavaType;
10158:             1             56  [Lorg.apache.xerces.impl.dv.XSSimpleType;
10159:             1             56  [Lorg.apache.xerces.impl.xs.util.XInt;
10160:             1             56  [Lorg.jetbrains.idea.svn.api.ErrorCategory;
10161:             1             56  [Lorg.jetbrains.kotlin.config.JvmTarget;
10162:             1             56  [Lorg.jetbrains.kotlin.konan.target.Family;
10163:             1             56  [[Lsun.awt.SunHints$Value; (java.desktop@11.0.9.1)
10164:             1             56  apple.security.AppleProvider$ProviderService (java.base@11.0.9.1)
10165:             1             56  com.android.repository.impl.meta.RepositoryPackages
10166:             1             56  com.android.tools.idea.dom.xml.PathsDomFileDescription
10167:             1             56  com.ibm.icu.impl.UCharacterProperty
10168:             1             56  com.intellij.build.output.BuildOutputInstantReaderImpl
10169:             1             56  com.intellij.codeInsight.completion.CompletionInitializationUtil$1
10170:             1             56  com.intellij.codeInsight.daemon.impl.DefaultHighlightVisitor$1
10171:             1             56  com.intellij.codeInsight.daemon.impl.analysis.PostHighlightingVisitor
10172:             1             56  com.intellij.codeInsight.template.postfix.templates.ArgumentPostfixTemplate
10173:             1             56  com.intellij.codeInsight.template.postfix.templates.AssertStatementPostfixTemplate
10174:             1             56  com.intellij.codeInsight.template.postfix.templates.ForAscendingPostfixTemplate
10175:             1             56  com.intellij.codeInsight.template.postfix.templates.ForDescendingPostfixTemplate
10176:             1             56  com.intellij.codeInsight.template.postfix.templates.FormatPostfixTemplate
10177:             1             56  com.intellij.codeInsight.template.postfix.templates.LambdaPostfixTemplate
10178:             1             56  com.intellij.codeInsight.template.postfix.templates.ObjectsRequireNonNullPostfixTemplate
10179:             1             56  com.intellij.codeInsight.template.postfix.templates.OptionalPostfixTemplate
10180:             1             56  com.intellij.codeInsight.template.postfix.templates.ReturnStatementPostfixTemplate
10181:             1             56  com.intellij.codeInsight.template.postfix.templates.SerrPostfixTemplate
10182:             1             56  com.intellij.codeInsight.template.postfix.templates.SoufPostfixTemplate
10183:             1             56  com.intellij.codeInsight.template.postfix.templates.SoutPostfixTemplate
10184:             1             56  com.intellij.codeInsight.template.postfix.templates.SoutvPostfixTemplate
10185:             1             56  com.intellij.codeInsight.template.postfix.templates.SynchronizedStatementPostfixTemplate
10186:             1             56  com.intellij.codeInsight.template.postfix.templates.ThrowExceptionPostfixTemplate
10187:             1             56  com.intellij.codeInsight.template.postfix.templates.WhileStatementPostfixTemplate
10188:             1             56  com.intellij.codeInspection.actions.CodeCleanupAction
10189:             1             56  com.intellij.codeInspection.actions.CodeInspectionAction
10190:             1             56  com.intellij.debugger.actions.ViewAsGroup
10191:             1             56  com.intellij.diagnostic.DialogAppender
10192:             1             56  com.intellij.diagnostic.LogMessageEx
10193:             1             56  com.intellij.diagnostic.PerformanceWatcher
10194:             1             56  com.intellij.execution.process.ColoredOutputTypeRegistry$AnsiConsoleViewContentType
10195:             1             56  com.intellij.execution.testframework.sm.runner.history.actions.ImportTestsGroup
10196:             1             56  com.intellij.grazie.metaphone.Metaphone3
10197:             1             56  com.intellij.ide.actions.ResizeToolWindowAction$Down
10198:             1             56  com.intellij.ide.actions.ResizeToolWindowAction$Left
10199:             1             56  com.intellij.ide.actions.ResizeToolWindowAction$Right
10200:             1             56  com.intellij.ide.actions.ResizeToolWindowAction$Up
10201:             1             56  com.intellij.ide.actions.WeighingNewActionGroup
10202:             1             56  com.intellij.ide.browsers.actions.OpenInBrowserBaseGroupAction$OpenInBrowserEditorContextBarGroupAction
10203:             1             56  com.intellij.ide.browsers.actions.OpenInBrowserBaseGroupAction$OpenInBrowserGroupAction
10204:             1             56  com.intellij.ide.plugins.DescriptorListLoadingContext
10205:             1             56  com.intellij.ide.plugins.PluginLoadingResult
10206:             1             56  com.intellij.ide.plugins.marketplace.MarketplaceRequests
10207:             1             56  com.intellij.ide.ui.UISettings
10208:             1             56  com.intellij.idea.RareLogger$1
10209:             1             56  com.intellij.internal.HidpiInfo
10210:             1             56  com.intellij.openapi.actionSystem.impl.segmentedActionBar.PillActionComponent$group$1
10211:             1             56  com.intellij.openapi.editor.impl.EditorGutterComponentImpl$2
10212:             1             56  com.intellij.openapi.editor.impl.event.EditorEventMulticasterImpl
10213:             1             56  com.intellij.openapi.fileTypes.SyntaxHighlighterLanguageFactory
10214:             1             56  com.intellij.openapi.fileTypes.impl.FileTypeDetectionService
10215:             1             56  com.intellij.openapi.progress.impl.ProgressManagerImpl
10216:             1             56  com.intellij.openapi.vfs.impl.VirtualFilePointerManagerImpl
10217:             1             56  com.intellij.openapi.vfs.impl.http.RemoteFileInfoImpl
10218:             1             56  com.intellij.openapi.vfs.impl.local.LocalFileSystemImpl
10219:             1             56  com.intellij.openapi.vfs.impl.local.NativeFileWatcherImpl
10220:             1             56  com.intellij.openapi.vfs.newvfs.impl.UserDataInterner$1
10221:             1             56  com.intellij.openapi.vfs.newvfs.persistent.FSRecords$DbConnection$2
10222:             1             56  com.intellij.openapi.wm.impl.FocusManagerImpl
10223:             1             56  com.intellij.psi.impl.source.tree.java.ClassInitializerElement
10224:             1             56  com.intellij.psi.impl.source.tree.java.TypeParameterElement
10225:             1             56  com.intellij.psi.impl.source.xml.XmlAttlistDeclImpl
10226:             1             56  com.intellij.psi.impl.source.xml.XmlAttributeDeclImpl
10227:             1             56  com.intellij.psi.impl.source.xml.XmlDoctypeImpl
10228:             1             56  com.intellij.psi.impl.source.xml.XmlMarkupDeclImpl
10229:             1             56  com.intellij.tools.ExternalToolsGroup
10230:             1             56  com.intellij.uiDesigner.actions.SurroundActionGroup
10231:             1             56  com.intellij.util.PausesStat
10232:             1             56  com.intellij.util.indexing.ChangedFilesCollector
10233:             1             56  com.intellij.util.io.StorageLock
10234:             1             56  com.intellij.util.io.StorageLock$1
10235:             1             56  com.intellij.util.lang.ClassPath
10236:             1             56  com.intellij.util.proxy.CommonProxy$CommonAuthenticator
10237:             1             56  com.intellij.util.xml.NanoXmlUtil$ParserStoppedXmlException
10238:             1             56  com.intellij.util.xml.tree.actions.AddDomElementActionGroup
10239:             1             56  git4idea.actions.GitAbortOperationAction$CherryPick
10240:             1             56  git4idea.actions.GitAbortOperationAction$Merge
10241:             1             56  git4idea.actions.GitAbortOperationAction$Revert
10242:             1             56  git4idea.ignore.actions.GitIgnoreFileActionGroup
10243:             1             56  java.awt.MenuBar (java.desktop@11.0.9.1)
10244:             1             56  java.lang.invoke.BoundMethodHandle$Specializer (java.base@11.0.9.1)
10245:             1             56  java.lang.invoke.BoundMethodHandle$Species_LLLIIL (java.base@11.0.9.1)
10246:             1             56  java.lang.invoke.BoundMethodHandle$Species_LLLIILL (java.base@11.0.9.1)
10247:             1             56  java.lang.invoke.BoundMethodHandle$Species_LLLLLII (java.base@11.0.9.1)
10248:             1             56  java.nio.StringCharBuffer (java.base@11.0.9.1)
10249:             1             56  java.security.cert.PKIXBuilderParameters (java.base@11.0.9.1)
10250:             1             56  java.util.logging.LogManager (java.logging@11.0.9.1)
10251:             1             56  jdk.internal.ref.CleanerImpl$SoftCleanableRef (java.base@11.0.9.1)
10252:             1             56  kotlin.reflect.jvm.internal.impl.builtins.ReflectionTypes
10253:             1             56  kotlin.reflect.jvm.internal.impl.metadata.ProtoBuf$Package
10254:             1             56  kotlin.reflect.jvm.internal.impl.metadata.ProtoBuf$Package
10255:             1             56  kotlin.reflect.jvm.internal.impl.metadata.ProtoBuf$PackageFragment
10256:             1             56  kotlin.reflect.jvm.internal.impl.metadata.ProtoBuf$PackageFragment
10257:             1             56  org.apache.commons.logging.impl.WeakHashtable
10258:             1             56  org.apache.xerces.impl.xpath.regex.RegularExpression$Context
10259:             1             56  org.eclipse.aether.internal.impl.DefaultRepositorySystem
10260:             1             56  org.intellij.plugins.markdown.lang.MarkdownFileViewProvider
10261:             1             56  org.jetbrains.android.actions.CreateMultiRootResourceFileAction
10262:             1             56  org.jetbrains.android.actions.CreateResourceFileActionGroup$1
10263:             1             56  org.jetbrains.android.actions.CreateResourceFileActionGroup$2
10264:             1             56  org.jetbrains.android.actions.CreateResourceFileActionGroup$3
10265:             1             56  org.jetbrains.android.actions.CreateResourceFileActionGroup$4
10266:             1             56  org.jetbrains.android.actions.CreateResourceFileActionGroup$5
10267:             1             56  org.jetbrains.android.actions.CreateResourceFileActionGroup$6
10268:             1             56  org.jetbrains.android.actions.CreateResourceFileActionGroup$7
10269:             1             56  org.jetbrains.android.dom.animation.fileDescriptions.GridLayoutAnimationControllerDomFileDescription
10270:             1             56  org.jetbrains.android.dom.animation.fileDescriptions.InterpolatorDomFileDescription
10271:             1             56  org.jetbrains.android.dom.animation.fileDescriptions.LayoutAnimationControllerDomFileDescription
10272:             1             56  org.jetbrains.android.dom.animation.fileDescriptions.TweenAlphaFileDescription
10273:             1             56  org.jetbrains.android.dom.animation.fileDescriptions.TweenRotateFileDescription
10274:             1             56  org.jetbrains.android.dom.animation.fileDescriptions.TweenScaleFileDescription
10275:             1             56  org.jetbrains.android.dom.animation.fileDescriptions.TweenSetFileDescription
10276:             1             56  org.jetbrains.android.dom.animation.fileDescriptions.TweenTranslateFileDescription
10277:             1             56  org.jetbrains.android.dom.animator.fileDescriptions.AnimatorDomFileDescription
10278:             1             56  org.jetbrains.android.dom.animator.fileDescriptions.AnimatorSetDomFileDescription
10279:             1             56  org.jetbrains.android.dom.animator.fileDescriptions.AnimatorStateListDomFileDescription
10280:             1             56  org.jetbrains.android.dom.animator.fileDescriptions.ObjectAnimatorDomFileDescription
10281:             1             56  org.jetbrains.android.dom.color.fileDescriptions.ColorGradientDomFileDescription
10282:             1             56  org.jetbrains.android.dom.color.fileDescriptions.ColorStateListDomFileDescription
10283:             1             56  org.jetbrains.android.dom.drawable.fileDescriptions.AdaptiveIconDomFileDescription
10284:             1             56  org.jetbrains.android.dom.drawable.fileDescriptions.AnimatedRotateDomFileDescription
10285:             1             56  org.jetbrains.android.dom.drawable.fileDescriptions.AnimatedStateListDomFileDescription
10286:             1             56  org.jetbrains.android.dom.drawable.fileDescriptions.AnimatedVectorDomFileDescription
10287:             1             56  org.jetbrains.android.dom.drawable.fileDescriptions.AnimationListDomFileDescription
10288:             1             56  org.jetbrains.android.dom.drawable.fileDescriptions.BitmapDomFileDescription
10289:             1             56  org.jetbrains.android.dom.drawable.fileDescriptions.ClipDomFileDescription
10290:             1             56  org.jetbrains.android.dom.drawable.fileDescriptions.ColorDrawableDomFileDescription
10291:             1             56  org.jetbrains.android.dom.drawable.fileDescriptions.CustomDrawableDomFileDescription
10292:             1             56  org.jetbrains.android.dom.drawable.fileDescriptions.DrawableStateListDomFileDescription
10293:             1             56  org.jetbrains.android.dom.drawable.fileDescriptions.InsetDomFileDescription
10294:             1             56  org.jetbrains.android.dom.drawable.fileDescriptions.LayerListDomFileDescription
10295:             1             56  org.jetbrains.android.dom.drawable.fileDescriptions.LevelListDomFileDescription
10296:             1             56  org.jetbrains.android.dom.drawable.fileDescriptions.NinePatchDomFileDescription
10297:             1             56  org.jetbrains.android.dom.drawable.fileDescriptions.RippleDomFileDescription
10298:             1             56  org.jetbrains.android.dom.drawable.fileDescriptions.RotateDomFileDescription
10299:             1             56  org.jetbrains.android.dom.drawable.fileDescriptions.ScaleDomFileDescription
10300:             1             56  org.jetbrains.android.dom.drawable.fileDescriptions.ShapeDomFileDescription
10301:             1             56  org.jetbrains.android.dom.drawable.fileDescriptions.VectorDomFileDescription
10302:             1             56  org.jetbrains.android.dom.font.FontFamilyDomFileDescription
10303:             1             56  org.jetbrains.android.dom.layout.DataBindingDomFileDescription
10304:             1             56  org.jetbrains.android.dom.layout.FragmentLayoutDomFileDescription
10305:             1             56  org.jetbrains.android.dom.layout.ViewLayoutDomFileDescription
10306:             1             56  org.jetbrains.android.dom.menu.MenuDomFileDescription
10307:             1             56  org.jetbrains.android.dom.motion.MotionDomFileDescription
10308:             1             56  org.jetbrains.android.dom.navigation.NavigationDomFileDescription
10309:             1             56  org.jetbrains.android.dom.raw.RawDomFileDescription
10310:             1             56  org.jetbrains.android.dom.transition.TransitionDomFileDescription
10311:             1             56  org.jetbrains.android.dom.transitionManager.TransitionManagerDomFileDescription
10312:             1             56  org.jetbrains.android.dom.xml.XmlResourceDomFileDescription
10313:             1             56  org.jetbrains.idea.maven.indices.MavenIndicesManager
10314:             1             56  org.jetbrains.jps.api.CmdlineRemoteProto$Message
10315:             1             56  org.jetbrains.jps.api.CmdlineRemoteProto$Message$BuilderMessage$BuildEvent
10316:             1             56  org.jetbrains.jps.api.CmdlineRemoteProto$Message$ControllerMessage$ParametersMessage
10317:             1             56  org.jetbrains.plugins.textmate.TextMateServiceImpl
10318:             1             56  org.jetbrains.settingsRepository.IcsManager
10319:             1             56  org.zmlx.hg4idea.ignore.actions.HgIgnoreFileActionGroup
10320:             1             56  sun.awt.AppContext (java.desktop@11.0.9.1)
10321:             1             56  sun.awt.im.ExecutableInputMethodManager (java.desktop@11.0.9.1)
10322:             1             56  sun.awt.image.MultiResolutionToolkitImage (java.desktop@11.0.9.1)
10323:             1             56  sun.java2d.NullSurfaceData (java.desktop@11.0.9.1)
10324:             1             56  sun.java2d.opengl.CGLGraphicsConfig (java.desktop@11.0.9.1)
10325:             1             56  sun.java2d.opengl.OGLGeneralTransformedBlit (java.desktop@11.0.9.1)
10326:             1             56  sun.jvmstat.perfdata.monitor.protocol.local.LocalVmManager (jdk.internal.jvmstat@11.0.9.1)
10327:             1             56  sun.security.provider.certpath.ldap.JdkLDAP$ProviderService (java.naming@11.0.9.1)
10328:             1             56  sun.security.smartcardio.SunPCSC$ProviderService (java.smartcardio@11.0.9.1)
10329:             1             56  sun.security.validator.PKIXValidator (java.base@11.0.9.1)
10330:             1             48  [Lcom.android.resources.UiMode;
10331:             2             48  [Lcom.android.tools.idea.projectsystem.AndroidProjectSystemProvider;
10332:             2             48  [Lcom.android.tools.idea.run.editor.DeployTargetProvider;
10333:             2             48  [Lcom.android.tools.lint.detector.api.Platform;
10334:             1             48  [Lcom.fasterxml.jackson.annotation.JsonFormat$Feature;
10335:             1             48  [Lcom.fasterxml.jackson.annotation.PropertyAccessor;
10336:             1             48  [Lcom.google.protobuf.GeneratedMessageLite$MethodToInvoke;
10337:             1             48  [Lcom.ibm.icu.number.NumberFormatter$SignDisplay;
10338:             1             48  [Lcom.ibm.icu.number.NumberFormatter$UnitWidth;
10339:             2             48  [Lcom.intellij.codeInsight.InferredAnnotationProvider;
10340:             2             48  [Lcom.intellij.codeInsight.breadcrumbs.FileBreadcrumbsCollector;
10341:             1             48  [Lcom.intellij.codeInsight.daemon.impl.quickfix.WrapWithAdapterMethodCallFix$Wrapper;
10342:             2             48  [Lcom.intellij.codeInsight.folding.impl.ElementSignatureProvider;
10343:             2             48  [Lcom.intellij.codeInsight.generation.PsiElementClassMember;
10344:             2             48  [Lcom.intellij.codeInspection.blockingCallsDetection.BlockingMethodChecker;
10345:             2             48  [Lcom.intellij.codeInspection.blockingCallsDetection.NonBlockingContextChecker;
10346:             1             48  [Lcom.intellij.codeInspection.bytecodeAnalysis.Value;
10347:             1             48  [Lcom.intellij.codeInspection.dataFlow.instructions.Instruction;
10348:             1             48  [Lcom.intellij.codeInspection.dataFlow.value.RelationType;
10349:             1             48  [Lcom.intellij.codeInspection.reference.EntryPoint;
10350:             2             48  [Lcom.intellij.compiler.CompileTaskBean$CompileTaskExecutionPhase;
10351:             2             48  [Lcom.intellij.compiler.impl.javaCompiler.BackendCompiler;
10352:             2             48  [Lcom.intellij.configurationStore.StreamProviderFactory;
10353:             1             48  [Lcom.intellij.diagnostic.LoadingState;
10354:             1             48  [Lcom.intellij.execution.filters.ConsoleFilterProvider;
10355:             2             48  [Lcom.intellij.execution.impl.RunConfigurationTemplateProvider;
10356:             2             48  [Lcom.intellij.formatting.Alignment$Anchor;
10357:             1             48  [Lcom.intellij.ide.actions.ToolWindowMoveAction$Anchor;
10358:             1             48  [Lcom.intellij.ide.favoritesTreeView.FavoriteNodeProvider;
10359:             1             48  [Lcom.intellij.ide.macro.Macro;
10360:             1             48  [Lcom.intellij.internal.statistic.collectors.fus.fileTypes.FileTypeUsageCounterCollector$FileTypeUsageSchemaDescriptorEP;
10361:             1             48  [Lcom.intellij.internal.statistic.utils.PluginType;
10362:             1             48  [Lcom.intellij.lang.documentation.DocumentationProvider;
10363:             2             48  [Lcom.intellij.lang.injection.ConcatenationAwareInjector;
10364:             1             48  [Lcom.intellij.openapi.application.PathMacroFilter;
10365:             2             48  [Lcom.intellij.openapi.compiler.Compiler;
10366:             1             48  [Lcom.intellij.openapi.editor.StripTrailingSpacesFilterFactory;
10367:             1             48  [Lcom.intellij.openapi.externalSystem.service.project.manage.ExternalSystemTaskActivator$Phase;
10368:             1             48  [Lcom.intellij.openapi.options.FontSize;
10369:             2             48  [Lcom.intellij.openapi.roots.ProjectExtension;
10370:             2             48  [Lcom.intellij.openapi.roots.impl.DirectoryIndexExcludePolicy;
10371:             1             48  [Lcom.intellij.openapi.roots.ui.configuration.ModuleSourceRootEditHandler;
10372:             2             48  [Lcom.intellij.openapi.vcs.changes.VcsIgnoredFilesHolder$Provider;
10373:             2             48  [Lcom.intellij.openapi.vcs.impl.FileStatusProvider;
10374:             1             48  [Lcom.intellij.openapi.vcs.impl.VcsStartupActivity;
10375:             2             48  [Lcom.intellij.openapi.wm.IdeRootPaneNorthExtension;
10376:             2             48  [Lcom.intellij.psi.PsiExpression;
10377:             1             48  [Lcom.intellij.psi.PsiPrimitiveType;
10378:             2             48  [Lcom.intellij.psi.PsiTreeChangeListener;
10379:             1             48  [Lcom.intellij.psi.ResolveScopeEnlarger;
10380:             1             48  [Lcom.intellij.psi.ResolveScopeProvider;
10381:             1             48  [Lcom.intellij.psi.codeStyle.CodeStyleSettingsProvider;
10382:             1             48  [Lcom.intellij.psi.controlFlow.ControlFlowOptions;
10383:             2             48  [Lcom.intellij.psi.search.ScopeOptimizer;
10384:             1             48  [Lcom.intellij.psi.search.UseScopeEnlarger;
10385:             1             48  [Lcom.intellij.psi.stubs.StubElementTypeHolderEP;
10386:             1             48  [Lcom.intellij.psi.xml.XmlEntityDecl$EntityContextType;
10387:             1             48  [Lcom.intellij.testIntegration.TestIntegrationUtils$MethodKind;
10388:             1             48  [Lcom.intellij.ui.breadcrumbs.BreadcrumbsProvider;
10389:             2             48  [Lcom.intellij.ui.paint.LinePainter2D$Align;
10390:             1             48  [Lcom.intellij.util.diff.DiffTree$ThreeElementMatchResult;
10391:             1             48  [Lcom.intellij.util.xml.reflect.DomExtenderEP;
10392:             2             48  [Lcom.intellij.util.xmlb.annotations.Property$Style;
10393:             2             48  [Lcom.intellij.util.xmlb.annotations.XCollection$Style;
10394:             2             48  [Lcom.intellij.vcs.log.VcsLogProvider;
10395:             1             48  [Lcom.sun.beans.introspect.PropertyInfo$Name; (java.desktop@11.0.9.1)
10396:             1             48  [Lcom.sun.xml.bind.v2.model.impl.ClassInfoImpl$PropertyGroup;
10397:             1             48  [Lcom.theoryinpractice.testng.model.TestType;
10398:             1             48  [Lgit4idea.config.GitVersion$Type;
10399:             2             48  [Lin.oneton.idea.spring.assistant.plugin.suggestion.metadata.json.SpringConfigurationMetadataDeprecationLevel;
10400:             1             48  [Lin.oneton.idea.spring.assistant.plugin.suggestion.metadata.json.SpringConfigurationMetadataValueProviderType;
10401:             2             48  [Lio.netty.buffer.PoolArena;
10402:             2             48  [Ljava.awt.color.ICC_Profile; (java.desktop@11.0.9.1)
10403:             2             48  [Ljava.awt.image.VolatileImage; (java.desktop@11.0.9.1)
10404:             1             48  [Ljava.beans.WeakIdentityMap$Entry; (java.desktop@11.0.9.1)
10405:             1             48  [Ljava.lang.management.MemoryPoolMXBean; (java.management@11.0.9.1)
10406:             2             48  [Ljava.lang.module.ModuleDescriptor$Exports$Modifier; (java.base@11.0.9.1)
10407:             2             48  [Ljava.lang.module.ModuleDescriptor$Opens$Modifier; (java.base@11.0.9.1)
10408:             1             48  [Ljava.math.RoundingMode; (java.base@11.0.9.1)
10409:             2             48  [Ljava.net.InterfaceAddress; (java.base@11.0.9.1)
10410:             2             48  [Ljava.nio.file.FileVisitOption; (java.base@11.0.9.1)
10411:             2             48  [Ljava.util.Enumeration; (java.base@11.0.9.1)
10412:             2             48  [Ljava.util.Locale$Category; (java.base@11.0.9.1)
10413:             1             48  [Ljava.util.UUID; (java.base@11.0.9.1)
10414:             1             48  [Ljava.util.concurrent.TimeUnit; (java.base@11.0.9.1)
10415:             3             48  [Ljava.util.prefs.NodeChangeListener; (java.prefs@11.0.9.1)
10416:             3             48  [Ljava.util.prefs.PreferenceChangeListener; (java.prefs@11.0.9.1)
10417:             1             48  [Ljavax.swing.DropMode; (java.desktop@11.0.9.1)
10418:             2             48  [Ljavax.swing.text.DefaultStyledDocument$ElementBuffer$ElemChanges; (java.desktop@11.0.9.1)
10419:             1             48  [Lkotlin.reflect.jvm.internal.impl.builtins.jvm.JavaToKotlinClassMap$PlatformMutabilityMapping;
10420:             1             48  [Lkotlin.reflect.jvm.internal.impl.builtins.jvm.JavaToKotlinClassMap$PlatformMutabilityMapping;
10421:             1             48  [Lkotlin.reflect.jvm.internal.impl.resolve.jvm.JvmPrimitiveType;
10422:             1             48  [Lkotlin.reflect.jvm.internal.impl.resolve.jvm.JvmPrimitiveType;
10423:             2             48  [Lkotlin.script.experimental.intellij.ScriptDefinitionsProvider;
10424:             1             48  [Lnet.sf.cglib.proxy.CallbackInfo;
10425:             1             48  [Lorg.intellij.plugins.intelliLang.inject.LanguageInjectionConfigBean;
10426:             1             48  [Lorg.jdom.output.LineSeparator;
10427:             1             48  [Lorg.jetbrains.jps.api.CmdlineRemoteProto$Message$BuilderMessage$CompileMessage$Kind;
10428:             2             48  [Lorg.jetbrains.jps.model.java.impl.JdkVendorDetector$PropertyPattern;
10429:             1             48  [Lorg.jetbrains.jps.model.java.impl.JdkVendorDetector$VendorCase;
10430:             1             48  [Lorg.jetbrains.kotlin.builtins.jvm.JavaToKotlinClassMap$PlatformMutabilityMapping;
10431:             1             48  [Lorg.jetbrains.kotlin.config.LanguageVersion;
10432:             2             48  [Lorg.jetbrains.kotlin.idea.core.script.configuration.ScriptingSupport;
10433:             2             48  [Lorg.jetbrains.kotlin.idea.core.script.configuration.listener.ScriptChangeListener;
10434:             1             48  [Lorg.jetbrains.kotlin.konan.target.Architecture;
10435:             1             48  [Lorg.jetbrains.kotlin.resolve.jvm.JvmPrimitiveType;
10436:             1             48  [Lorg.jetbrains.plugins.textmate.plist.PlistValueType;
10437:             1             48  [Lorg.zmlx.hg4idea.provider.HgChangeProvider$HgChangeProcessor;
10438:             1             48  [Lsun.font.FontStrike; (java.desktop@11.0.9.1)
10439:             1             48  [Lsun.jvmstat.monitor.Units; (jdk.internal.jvmstat@11.0.9.1)
10440:             2             48  [Lsun.security.validator.CADistrustPolicy; (java.base@11.0.9.1)
10441:             1             48  [Lsun.security.x509.NetscapeCertTypeExtension$MapEntry; (java.base@11.0.9.1)
10442:             1             48  com.android.ide.common.repository.GradleVersion
10443:             1             48  com.android.sdklib.repository.AndroidSdkHandler
10444:             2             48  com.android.tools.adtui.workbench.Side
10445:             2             48  com.android.tools.deployer.tasks.TaskRunner
10446:             2             48  com.android.tools.idea.apk.debugging.DexSourceFiles
10447:             2             48  com.android.tools.idea.common.analytics.DesignerAnalyticsManager
10448:             2             48  com.android.tools.idea.compose.preview.ComposeNewPreviewNotificationManager
10449:             2             48  com.android.tools.idea.compose.preview.ComposeNewPreviewNotificationManager$updateNotificationQueue$2
10450:             2             48  com.android.tools.idea.compose.preview.ComposeNewPreviewNotificationProvider
10451:             2             48  com.android.tools.idea.databinding.DataBindingModuleComponent
10452:             2             48  com.android.tools.idea.databinding.LayoutBindingProjectComponent$2
10453:             2             48  com.android.tools.idea.databinding.LayoutBindingProjectComponent$3
10454:             2             48  com.android.tools.idea.databinding.cache.BrShortNamesCache
10455:             2             48  com.android.tools.idea.databinding.cache.LayoutBindingShortNamesCache$1
10456:             2             48  com.android.tools.idea.databinding.cache.LayoutBindingShortNamesCache$2
10457:             2             48  com.android.tools.idea.databinding.cache.LayoutBindingShortNamesCache$3
10458:             2             48  com.android.tools.idea.databinding.cache.LayoutBindingShortNamesCache$4
10459:             2             48  com.android.tools.idea.databinding.cache.LayoutBindingShortNamesCache$5
10460:             2             48  com.android.tools.idea.databinding.finders.BindingClassFinder
10461:             2             48  com.android.tools.idea.databinding.finders.BindingClassFinder$1
10462:             2             48  com.android.tools.idea.databinding.finders.BindingClassFinder$2
10463:             2             48  com.android.tools.idea.databinding.finders.BindingClassFinder$3
10464:             2             48  com.android.tools.idea.databinding.finders.BrClassFinder
10465:             2             48  com.android.tools.idea.databinding.finders.DataBindingComponentClassFinder
10466:             2             48  com.android.tools.idea.databinding.finders.DataBindingComponentClassFinder$1
10467:             2             48  com.android.tools.idea.databinding.finders.LayoutBindingPackageFinder
10468:             1             48  com.android.tools.idea.debug.BitmapDrawableRenderer
10469:             1             48  com.android.tools.idea.debug.BitmapRenderer
10470:             2             48  com.android.tools.idea.gradle.notification.ProjectSyncStatusNotificationProvider
10471:             2             48  com.android.tools.idea.gradle.project.sync.GradleFiles$1
10472:             2             48  com.android.tools.idea.lang.multiDexKeep.psi.MultiDexKeepElementType
10473:             2             48  com.android.tools.idea.lang.multiDexKeep.psi.MultiDexKeepTokenType
10474:             3             48  com.android.tools.idea.mlkit.MlModelFileIndex$2
10475:             2             48  com.android.tools.idea.navigator.AndroidProjectViewPane$1
10476:             2             48  com.android.tools.idea.project.DefaultProjectSystem
10477:             2             48  com.android.tools.idea.projectsystem.ProjectSystemService
10478:             2             48  com.android.tools.idea.projectsystem.SourceProviderManagerComponent
10479:             2             48  com.android.tools.idea.projectsystem.SourceProviderManagerComponent$1
10480:             2             48  com.android.tools.idea.projectsystem.gradle.GradleProjectSystemProvider
10481:             2             48  com.android.tools.idea.projectsystem.gradle.GradleProjectSystemProvider$projectSystem$2
10482:             2             48  com.android.tools.idea.res.AndroidInternalRClassFinder
10483:             2             48  com.android.tools.idea.res.AndroidManifestShortNamesCache
10484:             2             48  com.android.tools.idea.res.AndroidResourcesShortNamesCache
10485:             2             48  com.android.tools.idea.res.ResourceNotificationManager$ProjectBuildObserver
10486:             2             48  com.android.tools.idea.run.editor.AndroidDebuggerContext
10487:             2             48  com.android.tools.idea.run.editor.DeployTargetContext
10488:             2             48  com.android.tools.idea.run.editor.ProfilerState
10489:             1             48  com.android.tools.idea.run.ui.ApplyChangesAction
10490:             1             48  com.android.tools.idea.run.ui.CodeSwapAction
10491:             2             48  com.android.tools.idea.run.util.SwapInfo$SwapType
10492:             1             48  com.android.tools.idea.sdk.AndroidAuthenticator
10493:             2             48  com.android.tools.idea.startup.ClearResourceCacheStartupActivity$runActivity$1
10494:             2             48  com.android.tools.idea.stats.ProjectSizeUsageTracker$runActivity$1
10495:             2             48  com.android.tools.idea.stats.ToolWindowTrackerService
10496:             2             48  com.android.tools.idea.uibuilder.surface.AccessoryPanel$Type
10497:             1             48  com.android.tools.idea.uibuilder.surface.GridSurfaceLayoutManager$getRequiredSize$1
10498:             1             48  com.android.tools.idea.uibuilder.surface.SceneMode$1
10499:             1             48  com.android.tools.idea.uibuilder.surface.SceneMode$2
10500:             1             48  com.android.tools.idea.uibuilder.surface.SceneMode$3
10501:             1             48  com.android.tools.idea.uibuilder.surface.SceneMode$4
10502:             1             48  com.android.tools.idea.uibuilder.surface.SceneMode$7
10503:             1             48  com.android.tools.idea.uibuilder.surface.SceneMode$8
10504:             2             48  com.android.tools.idea.uibuilder.visual.VisualizationInteractionHandler
10505:             2             48  com.android.tools.idea.uibuilder.visual.VisualizationManager$1
10506:             2             48  com.android.tools.lint.detector.api.Platform
10507:             2             48  com.apple.eawt.QuitStrategy (java.desktop@11.0.9.1)
10508:             3             48  com.apple.laf.AquaButtonLabeledUI$RecyclableSizingIcon (java.desktop@11.0.9.1)
10509:             3             48  com.apple.laf.AquaMenuPainter$RecyclableBorder (java.desktop@11.0.9.1)
10510:             2             48  com.fasterxml.jackson.core.util.DefaultIndenter
10511:             2             48  com.fasterxml.jackson.databind.AnnotationIntrospector$ReferenceProperty$Type
10512:             1             48  com.fasterxml.jackson.databind.cfg.ConfigOverride$Empty
10513:             2             48  com.fasterxml.jackson.databind.cfg.SerializerFactoryConfig
10514:             2             48  com.fasterxml.jackson.databind.deser.DeserializerCache
10515:             2             48  com.fasterxml.jackson.databind.deser.impl.NullsConstantProvider
10516:             2             48  com.fasterxml.jackson.databind.introspect.SimpleMixInResolver
10517:             2             48  com.fasterxml.jackson.databind.ser.SerializerCache
10518:             2             48  com.fasterxml.jackson.databind.ser.std.BooleanSerializer
10519:             1             48  com.fasterxml.jackson.databind.util.StdDateFormat
10520:             2             48  com.fasterxml.jackson.module.kotlin.SingletonSupport
10521:             2             48  com.github.benmanes.caffeine.cache.Caffeine$Strength
10522:             2             48  com.google.common.base.Suppliers$NonSerializableMemoizingSupplier
10523:             3             48  com.google.common.collect.AbstractMultiset$EntrySet
10524:             1             48  com.google.common.collect.EmptyImmutableListMultimap
10525:             2             48  com.google.common.collect.ImmutableMapEntrySet$RegularEntrySet
10526:             2             48  com.google.common.collect.ImmutableSortedMap$1EntrySet
10527:             3             48  com.google.common.collect.RegularImmutableBiMap$Inverse$InverseEntrySet$1
10528:             2             48  com.google.gson.internal.bind.TypeAdapters$35
10529:             2             48  com.google.gson.reflect.TypeToken
10530:             2             48  com.google.protobuf.ProtoSyntax
10531:             2             48  com.google.protobuf.Writer$FieldOrder
10532:             1             48  com.google.wireless.android.play.playlog.proto.ClientAnalytics$LogEvent
10533:             2             48  com.ibm.icu.impl.CacheValue$Strength
10534:             2             48  com.ibm.icu.impl.CurrencyData$CurrencySpacingInfo
10535:             1             48  com.ibm.icu.impl.ICUCurrencyDisplayInfoProvider$ICUCurrencyDisplayInfo
10536:             2             48  com.ibm.icu.impl.Trie2$ValueWidth
10537:             1             48  com.ibm.icu.number.LocalizedNumberFormatter
10538:             2             48  com.ibm.icu.number.NumberFormatter$DecimalSeparatorDisplay
10539:             2             48  com.ibm.icu.number.Precision$CurrencyRounderImpl
10540:             2             48  com.ibm.icu.text.ListFormatter$StaticHandler
10541:             2             48  com.ibm.icu.text.PluralRules
10542:             2             48  com.ibm.icu.text.PluralRules$PluralType
10543:             2             48  com.ibm.icu.text.PluralRules$RuleList
10544:             2             48  com.ibm.icu.text.PluralRules$SampleType
10545:             2             48  com.ibm.icu.util.Currency$CurrencyUsage
10546:             2             48  com.ibm.icu.util.ULocale$Category
10547:             3             48  com.intellij.analysis.BaseAnalysisAction$$Lambda$895/0x0000000800a21c40
10548:             3             48  com.intellij.analysis.BaseAnalysisAction$$Lambda$896/0x0000000800a21040
10549:             2             48  com.intellij.analysis.problemsView.toolWindow.HighlightingErrorsProvider
10550:             1             48  com.intellij.analysis.problemsView.toolWindow.SeverityFiltersActionGroup
10551:             2             48  com.intellij.application.options.codeStyle.cache.CodeStyleCachingServiceImpl
10552:             1             48  com.intellij.application.options.editor.EditorOptionsPanelKt$caretInsideTabs$1
10553:             1             48  com.intellij.application.options.editor.EditorOptionsPanelKt$caretInsideTabs$2
10554:             1             48  com.intellij.application.options.editor.EditorOptionsPanelKt$enableDnD$1
10555:             1             48  com.intellij.application.options.editor.EditorOptionsPanelKt$enableDnD$2
10556:             1             48  com.intellij.application.options.editor.EditorOptionsPanelKt$enableWheelFontChange$1
10557:             1             48  com.intellij.application.options.editor.EditorOptionsPanelKt$enableWheelFontChange$2
10558:             1             48  com.intellij.application.options.editor.EditorOptionsPanelKt$preselectCheckBox$1
10559:             1             48  com.intellij.application.options.editor.EditorOptionsPanelKt$preselectCheckBox$2
10560:             1             48  com.intellij.application.options.editor.EditorOptionsPanelKt$renameLocalVariablesInplace$1
10561:             1             48  com.intellij.application.options.editor.EditorOptionsPanelKt$renameLocalVariablesInplace$2
10562:             1             48  com.intellij.application.options.editor.EditorOptionsPanelKt$showInlineDialogForCheckBox$1
10563:             1             48  com.intellij.application.options.editor.EditorOptionsPanelKt$showInlineDialogForCheckBox$2
10564:             1             48  com.intellij.application.options.editor.EditorOptionsPanelKt$virtualPageAtBottom$1
10565:             1             48  com.intellij.application.options.editor.EditorOptionsPanelKt$virtualPageAtBottom$2
10566:             1             48  com.intellij.application.options.editor.EditorOptionsPanelKt$virtualSpace$1
10567:             1             48  com.intellij.application.options.editor.EditorOptionsPanelKt$virtualSpace$2
10568:             1             48  com.intellij.application.options.editor.EditorSmartKeysConfigurableKt$myCbCamelWords$1
10569:             1             48  com.intellij.application.options.editor.EditorSmartKeysConfigurableKt$myCbCamelWords$2
10570:             1             48  com.intellij.application.options.editor.EditorSmartKeysConfigurableKt$myCbEnableAddingCaretsOnDoubleCtrlArrows$1
10571:             1             48  com.intellij.application.options.editor.EditorSmartKeysConfigurableKt$myCbEnableAddingCaretsOnDoubleCtrlArrows$2
10572:             1             48  com.intellij.application.options.editor.EditorSmartKeysConfigurableKt$myCbSmartHome$1
10573:             1             48  com.intellij.application.options.editor.EditorSmartKeysConfigurableKt$myCbSmartHome$2
10574:             1             48  com.intellij.application.options.editor.WebSmartKeysConfigurableKt$myAddQuotasForAttributeValue$1
10575:             1             48  com.intellij.application.options.editor.WebSmartKeysConfigurableKt$myAddQuotasForAttributeValue$2
10576:             1             48  com.intellij.application.options.editor.WebSmartKeysConfigurableKt$myAutoCloseTagCheckBox$1
10577:             1             48  com.intellij.application.options.editor.WebSmartKeysConfigurableKt$myAutoCloseTagCheckBox$2
10578:             1             48  com.intellij.application.options.editor.WebSmartKeysConfigurableKt$myAutomaticallyInsertClosingTagCheckBox$1
10579:             1             48  com.intellij.application.options.editor.WebSmartKeysConfigurableKt$myAutomaticallyInsertClosingTagCheckBox$2
10580:             1             48  com.intellij.application.options.editor.WebSmartKeysConfigurableKt$myAutomaticallyInsertRequiredAttributesCheckBox$1
10581:             1             48  com.intellij.application.options.editor.WebSmartKeysConfigurableKt$myAutomaticallyInsertRequiredAttributesCheckBox$2
10582:             1             48  com.intellij.application.options.editor.WebSmartKeysConfigurableKt$myAutomaticallyInsertRequiredSubTagsCheckBox$1
10583:             1             48  com.intellij.application.options.editor.WebSmartKeysConfigurableKt$myAutomaticallyInsertRequiredSubTagsCheckBox$2
10584:             1             48  com.intellij.application.options.editor.WebSmartKeysConfigurableKt$myAutomaticallyStartAttributeAfterCheckBox$1
10585:             1             48  com.intellij.application.options.editor.WebSmartKeysConfigurableKt$myAutomaticallyStartAttributeAfterCheckBox$2
10586:             1             48  com.intellij.application.options.editor.WebSmartKeysConfigurableKt$mySelectWholeCssIdentifierOnDoubleClick$1
10587:             1             48  com.intellij.application.options.editor.WebSmartKeysConfigurableKt$mySelectWholeCssIdentifierOnDoubleClick$2
10588:             1             48  com.intellij.application.options.editor.WebSmartKeysConfigurableKt$mySyncTagEditing$1
10589:             1             48  com.intellij.application.options.editor.WebSmartKeysConfigurableKt$mySyncTagEditing$2
10590:             2             48  com.intellij.build.BuildContentManagerImpl
10591:             2             48  com.intellij.build.BuildContentManagerImpl$1
10592:             2             48  com.intellij.build.BuildViewProblemsService
10593:             3             48  com.intellij.build.MultipleBuildsView$$Lambda$2037/0x000000080156a040
10594:             3             48  com.intellij.build.MultipleBuildsView$1
10595:             3             48  com.intellij.build.MultipleBuildsView$2
10596:             3             48  com.intellij.build.MultipleBuildsView$3
10597:             3             48  com.intellij.build.events.impl.MessageEventImpl$1
10598:             3             48  com.intellij.codeInsight.AnnotationTargetUtil$$Lambda$5490/0x0000000802e08c40
10599:             2             48  com.intellij.codeInsight.DefaultInferredAnnotationProvider
10600:             2             48  com.intellij.codeInsight.ExternalAnnotationsManagerImpl$MyDocumentListener
10601:             3             48  com.intellij.codeInsight.TestFrameworks$$Lambda$3568/0x000000080214d040
10602:             3             48  com.intellij.codeInsight.TestFrameworks$$Lambda$4873/0x0000000802a86c40
10603:             2             48  com.intellij.codeInsight.completion.AsyncCompletion$$Lambda$4458/0x00000008028a2440
10604:             2             48  com.intellij.codeInsight.completion.AsyncCompletion$$Lambda$4459/0x00000008028a2840
10605:             2             48  com.intellij.codeInsight.completion.CompletionPhase$BgCalculation
10606:             2             48  com.intellij.codeInsight.completion.CompletionPhase$BgCalculation$2
10607:             2             48  com.intellij.codeInsight.completion.DeclarativeInsertHandler
10608:             2             48  com.intellij.codeInsight.completion.JavaCompletionSorting$2
10609:             1             48  com.intellij.codeInsight.completion.LimitedAccessibleClassPreprocessor
10610:             2             48  com.intellij.codeInsight.completion.OffsetTranslator
10611:             2             48  com.intellij.codeInsight.completion.OffsetTranslator$1
10612:             2             48  com.intellij.codeInsight.daemon.JavaRainbowVisitor
10613:             1             48  com.intellij.codeInsight.daemon.LineMarkerProviders
10614:             1             48  com.intellij.codeInsight.daemon.impl.AnnotationHolderImpl
10615:             2             48  com.intellij.codeInsight.daemon.impl.DaemonListeners$13
10616:             2             48  com.intellij.codeInsight.daemon.impl.DaemonListeners$9
10617:             2             48  com.intellij.codeInsight.daemon.impl.DaemonListeners$MyAnActionListener
10618:             2             48  com.intellij.codeInsight.daemon.impl.ErrorStripeUpdateManager
10619:             2             48  com.intellij.codeInsight.daemon.impl.ErrorStripeUpdateManager$$Lambda$2297/0x0000000801813040
10620:             3             48  com.intellij.codeInsight.daemon.impl.GeneralHighlightingPass$$Lambda$3365/0x000000080200e040
10621:             1             48  com.intellij.codeInsight.daemon.impl.GeneralHighlightingPass$1
10622:             1             48  com.intellij.codeInsight.daemon.impl.HighlightingSessionImpl$1
10623:             2             48  com.intellij.codeInsight.daemon.impl.HintRenderer$Companion$MyFontMetrics
10624:             2             48  com.intellij.codeInsight.daemon.impl.IntentionsUIImpl
10625:             3             48  com.intellij.codeInsight.daemon.impl.SeverityRegistrar$$Lambda$1197/0x0000000800e6c840
10626:             2             48  com.intellij.codeInsight.daemon.impl.UnusedSymbolUtil$$Lambda$3673/0x00000008021cc840
10627:             2             48  com.intellij.codeInsight.daemon.impl.actions.GotoElementUnderCaretUsageBase$Direction
10628:             2             48  com.intellij.codeInsight.daemon.impl.analysis.HighlightVisitorImpl$1
10629:             2             48  com.intellij.codeInsight.daemon.impl.analysis.HighlightingSettingsPerFile
10630:             2             48  com.intellij.codeInsight.daemon.impl.quickfix.StaticMembersProcessor$SearchMode
10631:             2             48  com.intellij.codeInsight.documentation.render.DocRenderItem$IconVisibilityController
10632:             2             48  com.intellij.codeInsight.documentation.render.DocRenderItem$MyVisibleAreaListener
10633:             2             48  com.intellij.codeInsight.documentation.render.DocRenderMouseEventBridge
10634:             2             48  com.intellij.codeInsight.documentation.render.DocRenderSelectionManager
10635:             2             48  com.intellij.codeInsight.editorActions.JavaMethodOverloadSwitchHandler
10636:             1             48  com.intellij.codeInsight.editorActions.LanguageBackspaceModeOverride
10637:             3             48  com.intellij.codeInsight.editorActions.ReferenceTransferableData
10638:             2             48  com.intellij.codeInsight.editorActions.moveLeftRight.MoveElementLeftRightActionHandler
10639:             2             48  com.intellij.codeInsight.editorActions.moveUpDown.MoveLineHandler
10640:             2             48  com.intellij.codeInsight.editorActions.moveUpDown.MoveStatementHandler
10641:             2             48  com.intellij.codeInsight.folding.CodeFoldingSettingsImpl
10642:             2             48  com.intellij.codeInsight.folding.impl.CodeFoldingManagerImpl
10643:             2             48  com.intellij.codeInsight.folding.impl.CodeFoldingManagerImpl$1
10644:             2             48  com.intellij.codeInsight.folding.impl.FoldingHintMouseMotionListener
10645:             2             48  com.intellij.codeInsight.folding.impl.JavaCodeFoldingSettingsImpl
10646:             2             48  com.intellij.codeInsight.highlighting.BackgroundHighlighter$$Lambda$1897/0x0000000801439440
10647:             2             48  com.intellij.codeInsight.highlighting.BackgroundHighlighter$$Lambda$2840/0x0000000801bda040
10648:             2             48  com.intellij.codeInsight.highlighting.BackgroundHighlighter$1
10649:             2             48  com.intellij.codeInsight.highlighting.BackgroundHighlighter$2
10650:             2             48  com.intellij.codeInsight.highlighting.BackgroundHighlighter$3
10651:             2             48  com.intellij.codeInsight.highlighting.BackgroundHighlighter$4
10652:             1             48  com.intellij.codeInsight.hint.LineTooltipRenderer$$Lambda$4885/0x0000000802aad440
10653:             1             48  com.intellij.codeInsight.hint.LineTooltipRenderer$ReloadHintAction
10654:             2             48  com.intellij.codeInsight.hint.ParameterInfoController$1
10655:             2             48  com.intellij.codeInsight.hint.PrevNextParameterHandler
10656:             1             48  com.intellij.codeInsight.hints.InlayHintsProviderExtension
10657:             1             48  com.intellij.codeInsight.hints.InlayParameterHintsExtension
10658:             1             48  com.intellij.codeInsight.hints.JavaInlayParameterHintsProvider
10659:             2             48  com.intellij.codeInsight.intention.impl.IntentionHintComponent$5
10660:             2             48  com.intellij.codeInsight.javadoc.JavaDocInfoGenerator$SignaturePlace
10661:             3             48  com.intellij.codeInsight.lookup.impl.AsyncRendering
10662:             2             48  com.intellij.codeInsight.lookup.impl.LookupActionHandler$UpDownInEditorHandler
10663:             3             48  com.intellij.codeInsight.lookup.impl.LookupCellRenderer$$Lambda$4427/0x000000080285cc40
10664:             2             48  com.intellij.codeInsight.lookup.impl.LookupImpl$$Lambda$4428/0x000000080285c040
10665:             2             48  com.intellij.codeInsight.lookup.impl.LookupManagerImpl$5
10666:             2             48  com.intellij.codeInsight.lookup.impl.LookupManagerImpl$6
10667:             3             48  com.intellij.codeInsight.lookup.impl.LookupUi$$Lambda$4551/0x0000000802925040
10668:             3             48  com.intellij.codeInsight.lookup.impl.LookupUi$2
10669:             3             48  com.intellij.codeInsight.lookup.impl.LookupUi$LookupBottomLayout
10670:             1             48  com.intellij.codeInsight.navigation.impl.GtduKt$gotoDeclarationOrUsages$1
10671:             2             48  com.intellij.codeInsight.template.emmet.EmmetAbbreviationBalloon$EmmetContextHelp
10672:             3             48  com.intellij.codeInsight.template.impl.LiveTemplateCompletionContributor$2
10673:             1             48  com.intellij.codeInsight.template.impl.TemplateSettings
10674:             2             48  com.intellij.codeInsight.template.impl.TemplateSettings$State
10675:             2             48  com.intellij.codeInsight.template.impl.editorActions.ExpandLiveTemplateCustomAction$1
10676:             1             48  com.intellij.codeInsight.template.postfix.templates.ElseStatementPostfixTemplate
10677:             1             48  com.intellij.codeInsight.template.postfix.templates.IfStatementPostfixTemplate
10678:             1             48  com.intellij.codeInsight.template.postfix.templates.IsNullCheckPostfixTemplate
10679:             1             48  com.intellij.codeInsight.template.postfix.templates.LanguagePostfixTemplate
10680:             1             48  com.intellij.codeInsight.template.postfix.templates.ParenthesizedExpressionPostfixTemplate
10681:             1             48  com.intellij.codeInsight.template.postfix.templates.SwitchStatementPostfixTemplate
10682:             1             48  com.intellij.codeInspection.LanguageInspectionSuppressors
10683:             2             48  com.intellij.codeInspection.SimplifyOptionalCallChainsInspection$OrElseType
10684:             2             48  com.intellij.codeInspection.SimplifyOptionalCallChainsInspection$RewrappingCase
10685:             2             48  com.intellij.codeInspection.SimplifyOptionalCallChainsInspection$RewrappingCase$Type
10686:             2             48  com.intellij.codeInspection.SimplifyStreamApiCallChainsInspection$ReplaceCollectionStreamFix
10687:             2             48  com.intellij.codeInspection.bytecodeAnalysis.ProjectBytecodeAnalysis$IndexedEquationProvider
10688:             2             48  com.intellij.codeInspection.dataFlow.ContractReturnValue$BooleanReturnValue
10689:             2             48  com.intellij.codeInspection.dataFlow.ContractValue$IndependentValue
10690:             1             48  com.intellij.codeInspection.dataFlow.ControlFlowAnalyzer
10691:             1             48  com.intellij.codeInspection.dataFlow.DfaMemoryStateImpl
10692:             1             48  com.intellij.codeInspection.dataFlow.DfaMemoryStateImpl$MyIdMap
10693:             2             48  com.intellij.codeInspection.dataFlow.TypeConstraints$ArraySuperInterface
10694:             2             48  com.intellij.codeInspection.dataFlow.inference.ExpressionRange
10695:             2             48  com.intellij.codeInspection.dataFlow.inference.JavaSourceInference$$Lambda$5510/0x0000000802e0b440
10696:             2             48  com.intellij.codeInspection.dataFlow.inference.MethodData$methodBody$1
10697:             1             48  com.intellij.codeInspection.dataFlow.inference.MethodReturnInferenceResult$FromDelegate$getMutability$2
10698:             2             48  com.intellij.codeInspection.dataFlow.rangeSet.LongRangeSet$Point
10699:             3             48  com.intellij.codeInspection.dataFlow.value.DfaCondition$Exact
10700:             3             48  com.intellij.codeInspection.dataFlow.value.DfaValueFactory$FieldChecker$$Lambda$3933/0x000000080266dc40
10701:             2             48  com.intellij.codeInspection.ex.EntryPointsManagerBase$$Lambda$3569/0x000000080214d440
10702:             2             48  com.intellij.codeInspection.ex.InspectionManagerEx$2
10703:             2             48  com.intellij.codeInspection.ex.InspectionProfileWrapper
10704:             1             48  com.intellij.codeInspection.inferNullity.InferNullityAnnotationsAction
10705:             2             48  com.intellij.codeInspection.java18StreamApi.PseudoLambdaReplaceTemplate$LambdaRole
10706:             3             48  com.intellij.codeInspection.java18StreamApi.StaticPseudoFunctionalStyleMethodOptions
10707:             3             48  com.intellij.codeInspection.localCanBeFinal.LocalCanBeFinal$AcceptSuggested
10708:             3             48  com.intellij.codeInspection.redundantCast.RedundantCastInspection$AcceptSuggested
10709:             1             48  com.intellij.codeInspection.ui.actions.QuickFixesViewActionGroup
10710:             1             48  com.intellij.codeInspection.ui.actions.suppress.SuppressActionWrapper
10711:             2             48  com.intellij.codeWithMe.ClientId$AbsenceBehavior
10712:             2             48  com.intellij.compiler.CompileTaskBean$CompileTaskExecutionPhase
10713:             2             48  com.intellij.compiler.CompilerConfigurationImpl$2
10714:             2             48  com.intellij.compiler.CompilerManagerImpl$$Lambda$1309/0x0000000800f8b840
10715:             2             48  com.intellij.compiler.ExternalCompilerConfigurationStorage
10716:             2             48  com.intellij.compiler.ModuleSourceSet$Type
10717:             2             48  com.intellij.compiler.backwardRefs.CompilerReferenceServiceBase$IndexOpenReason
10718:             2             48  com.intellij.compiler.backwardRefs.CompilerReferenceServiceImpl$2$$Lambda$4979/0x0000000802b0f440
10719:             2             48  com.intellij.compiler.impl.CompilerCacheManager
10720:             2             48  com.intellij.compiler.impl.CompilerDriverUnknownSdkTracker$Outcome
10721:             2             48  com.intellij.compiler.impl.javaCompiler.javac.JavacConfiguration
10722:             2             48  com.intellij.compiler.server.BuildManager$BuildManagerStartupActivity$3
10723:             2             48  com.intellij.compiler.server.impl.BuildProcessCustomPluginsConfiguration
10724:             3             48  com.intellij.compiler.server.impl.BuildProcessCustomPluginsConfiguration$BuildProcessPluginsState
10725:             3             48  com.intellij.completion.ml.personalization.session.SessionPrefixTracker
10726:             2             48  com.intellij.completion.ml.settings.CompletionMLRankingSettings$State
10727:             2             48  com.intellij.concurrency.JobLauncherImpl$VoidForkJoinTask$Status
10728:             2             48  com.intellij.configurationScript.ConfigurationFileManager
10729:             2             48  com.intellij.configurationScript.ConfigurationFileManager$yamlData$1
10730:             2             48  com.intellij.configurationScript.IntellijConfigurationJsonSchemaProviderFactory$MyJsonSchemaFileProvider
10731:             2             48  com.intellij.configurationScript.IntellijConfigurationJsonSchemaProviderFactory$MyJsonSchemaFileProvider$schemeFile$1
10732:             2             48  com.intellij.configurationScript.inspection.ExternallyConfigurableProjectInspectionProfileManager$profileFromFile$1
10733:             2             48  com.intellij.configurationScript.providers.MyRunConfigurationTemplateProvider
10734:             2             48  com.intellij.configurationScript.providers.MyRunConfigurationTemplateProvider$map$1
10735:             2             48  com.intellij.configurationScript.providers.ReadOnlyStorage
10736:             2             48  com.intellij.configurationScript.providers.ReadOnlyStorage$getState$1
10737:             2             48  com.intellij.configurationScript.providers.UpdateSettingsProviderKt$dataKey$1$data$1
10738:             1             48  com.intellij.configurationStore.ApplicationStorageManager
10739:             2             48  com.intellij.configurationStore.DataWriterFilter$Companion$requireAttribute$1
10740:             2             48  com.intellij.configurationStore.DataWriterFilter$ElementLevel
10741:             1             48  com.intellij.configurationStore.SaveAndSyncHandlerImpl
10742:             2             48  com.intellij.configurationStore.StorageJpsConfigurationReader
10743:             2             48  com.intellij.coverage.CoverageDataManagerImpl$3
10744:             2             48  com.intellij.coverage.CoverageDataManagerImpl$7
10745:             2             48  com.intellij.coverage.view.CoverageViewSuiteListener
10746:             1             48  com.intellij.cyclicDependencies.actions.CyclicDependenciesAction
10747:             2             48  com.intellij.debugger.DebuggerInvocationUtil$$Lambda$5047/0x0000000802b57840
10748:             2             48  com.intellij.debugger.engine.evaluation.CodeFragmentKind
10749:             2             48  com.intellij.debugger.impl.DebuggerManagerImpl$MyDebuggerStateManager
10750:             1             48  com.intellij.debugger.settings.NodeRendererSettings
10751:             3             48  com.intellij.debugger.settings.NodeRendererSettings$$Lambda$5027/0x0000000802b37040
10752:             1             48  com.intellij.debugger.settings.NodeRendererSettings$ListObjectRenderer
10753:             2             48  com.intellij.debugger.settings.NodeRendererSettings$MapEntryLabelRenderer$MyCachedEvaluator
10754:             2             48  com.intellij.debugger.settings.ViewsGeneralSettings
10755:             2             48  com.intellij.debugger.ui.HotSwapUIImpl$HotSwapDebuggerManagerListener
10756:             2             48  com.intellij.debugger.ui.breakpoints.AnyExceptionBreakpoint
10757:             2             48  com.intellij.debugger.ui.breakpoints.BreakpointManager
10758:             2             48  com.intellij.debugger.ui.breakpoints.BreakpointManager$1
10759:             2             48  com.intellij.debugger.ui.tree.render.EnumerationChildrenRenderer$ChildInfo
10760:             2             48  com.intellij.diagnostic.DebugLogManager$DebugLogLevel
10761:             2             48  com.intellij.diagnostic.IdeMessagePanel$1
10762:             1             48  com.intellij.diagnostic.startUpPerformanceReporter.IdeaFormatWriter$writeServiceEvents$comparator$1
10763:             2             48  com.intellij.diff.util.Side
10764:             1             48  com.intellij.dvcs.ignore.IgnoredToExcludedSynchronizer$processIgnored$ignoredDirs$1
10765:             1             48  com.intellij.dvcs.ignore.IgnoredToExcludedSynchronizer$processIgnored$ignoredDirs$3
10766:             2             48  com.intellij.execution.AlternativeJrePathConverter
10767:             3             48  com.intellij.execution.RunConfigurationProducerService$State
10768:             2             48  com.intellij.execution.TestStateStorage
10769:             1             48  com.intellij.execution.actions.RunConfigurationsComboBoxAction
10770:             2             48  com.intellij.execution.configurations.RunConfigurationModule
10771:             2             48  com.intellij.execution.dashboard.PanelContentUI
10772:             2             48  com.intellij.execution.dashboard.RunDashboardManagerImpl$2
10773:             2             48  com.intellij.execution.filters.Filter$NextAction
10774:             1             48  com.intellij.execution.impl.DefaultJavaProgramRunner$AttachDebuggerAction
10775:             1             48  com.intellij.execution.impl.DefaultJavaProgramRunner$ControlBreakAction
10776:             2             48  com.intellij.execution.impl.InProgressEntry
10777:             1             48  com.intellij.execution.impl.RunConfigurationFeatureCollector$runActivity$1
10778:             1             48  com.intellij.execution.impl.RunConfigurationFeatureCollector$runActivity$2
10779:             2             48  com.intellij.execution.impl.RunManagerImpl$idToType$1
10780:             2             48  com.intellij.execution.impl.RunManagerImpl$stringIdToBeforeRunProvider$1
10781:             2             48  com.intellij.execution.impl.TemplateDifferenceHelper
10782:             2             48  com.intellij.execution.junit.JUnitConfigurationType$1
10783:             3             48  com.intellij.execution.process.AnsiStreamingLexer$AnsiElementType
10784:             2             48  com.intellij.execution.rmi.RemoteProcessSupport$2
10785:             1             48  com.intellij.execution.runners.RunContentBuilder
10786:             1             48  com.intellij.execution.segmentedRunDebugWidget.RDCBarAction
10787:             1             48  com.intellij.execution.segmentedVcsWidget.SegmentedVcsControlAction
10788:             1             48  com.intellij.execution.services.ServiceViewActionProvider$ItemPopupActionGroup
10789:             1             48  com.intellij.execution.services.ServiceViewActionProvider$ItemToolbarActionGroup
10790:             3             48  com.intellij.execution.startup.ProjectStartupLocalConfiguration
10791:             3             48  com.intellij.execution.startup.ProjectStartupSharedConfiguration
10792:             2             48  com.intellij.execution.startup.ProjectStartupTaskManager
10793:             2             48  com.intellij.execution.target.TargetPlatform$Arch
10794:             2             48  com.intellij.execution.testDiscovery.TestDiscoveryIndex
10795:             1             48  com.intellij.execution.testframework.export.ExportTestResultsAction
10796:             2             48  com.intellij.execution.ui.RunContentManagerImpl
10797:             2             48  com.intellij.externalDependencies.impl.ExternalDependenciesManagerImpl
10798:             1             48  com.intellij.facet.FacetTypeFeatureCollector$runActivity$1
10799:             1             48  com.intellij.facet.FacetTypeFeatureCollector$runActivity$2
10800:             2             48  com.intellij.facet.impl.FacetEventsPublisher
10801:             2             48  com.intellij.facet.impl.ProjectFacetManagerImpl
10802:             3             48  com.intellij.facet.impl.ProjectFacetManagerImpl$ProjectFacetManagerState
10803:             2             48  com.intellij.facet.impl.pointers.FacetPointersManagerImpl
10804:             1             48  com.intellij.featureStatistics.FeatureStatisticsBundle$ProvidersBundles
10805:             2             48  com.intellij.find.findUsages.FindUsagesManager
10806:             2             48  com.intellij.find.findUsages.FindUsagesOptions
10807:             2             48  com.intellij.find.findUsages.JavaFindUsagesHelper$5
10808:             1             48  com.intellij.find.impl.ShowRecentFindUsagesGroup
10809:             2             48  com.intellij.formatting.Alignment$Anchor
10810:             2             48  com.intellij.formatting.ChildAttributes
10811:             2             48  com.intellij.formatting.DependentSpacingRule$Anchor
10812:             2             48  com.intellij.formatting.DependentSpacingRule$Trigger
10813:             2             48  com.intellij.formatting.FormattingProgressCallback$EventType
10814:             3             48  com.intellij.formatting.RangesAssert
10815:             2             48  com.intellij.framework.detection.FileContentPattern
10816:             2             48  com.intellij.framework.detection.impl.exclude.old.OldFacetDetectionExcludesConfiguration
10817:             2             48  com.intellij.grazie.GrazieConfig$Version
10818:             1             48  com.intellij.grazie.ide.inspection.detection.LanguageDetectionInspection$Companion$available$2
10819:             1             48  com.intellij.grazie.ide.inspection.detection.LanguageDetectionInspection$Companion$disabled$2
10820:             1             48  com.intellij.grazie.ide.inspection.detection.LanguageDetectionInspection$Companion$disabledStrategiesIDs$2
10821:             1             48  com.intellij.grazie.ide.inspection.detection.LanguageDetectionInspection$Companion$enabledStrategiesIDs$2
10822:             1             48  com.intellij.grazie.ide.inspection.grammar.GrazieInspection$Companion$checking$2
10823:             1             48  com.intellij.grazie.ide.inspection.grammar.GrazieInspection$Companion$disabledStrategiesIDs$2
10824:             1             48  com.intellij.grazie.ide.inspection.grammar.GrazieInspection$Companion$enabledStrategiesIDs$2
10825:             1             48  com.intellij.grazie.ide.inspection.grammar.GrazieInspection$Companion$suppression$2
10826:             1             48  com.intellij.grazie.ide.language.LanguageGrammarChecking
10827:             2             48  com.intellij.grazie.speller.GrazieSplittingSpeller
10828:             2             48  com.intellij.grazie.speller.GrazieSplittingSpeller$UserConfig
10829:             2             48  com.intellij.grazie.speller.lists.MetadataWordList$Default
10830:             2             48  com.intellij.grazie.speller.suggestion.filter.feature.CasingSuggestionFilter
10831:             2             48  com.intellij.history.core.LocalHistoryFacade$3
10832:             1             48  com.intellij.html.embedding.BaseHtmlEmbeddedContentProvider$myNamesEqual$1
10833:             2             48  com.intellij.ide.CopyPasteDelegator
10834:             2             48  com.intellij.ide.GeneralSettings$$Lambda$941/0x0000000800acfc40
10835:             1             48  com.intellij.ide.GeneralSettingsConfigurableKt$myChkAutoSaveIfInactive$1
10836:             1             48  com.intellij.ide.GeneralSettingsConfigurableKt$myChkAutoSaveIfInactive$2
10837:             1             48  com.intellij.ide.GeneralSettingsConfigurableKt$myChkReopenLastProject$1
10838:             1             48  com.intellij.ide.GeneralSettingsConfigurableKt$myChkReopenLastProject$2
10839:             1             48  com.intellij.ide.GeneralSettingsConfigurableKt$myChkSaveOnFrameDeactivation$1
10840:             1             48  com.intellij.ide.GeneralSettingsConfigurableKt$myChkSaveOnFrameDeactivation$2
10841:             1             48  com.intellij.ide.GeneralSettingsConfigurableKt$myChkSyncOnFrameActivation$1
10842:             1             48  com.intellij.ide.GeneralSettingsConfigurableKt$myChkSyncOnFrameActivation$2
10843:             1             48  com.intellij.ide.GeneralSettingsConfigurableKt$myChkUseSafeWrite$1
10844:             1             48  com.intellij.ide.GeneralSettingsConfigurableKt$myChkUseSafeWrite$2
10845:             1             48  com.intellij.ide.GeneralSettingsConfigurableKt$myConfirmExit$1
10846:             1             48  com.intellij.ide.GeneralSettingsConfigurableKt$myConfirmExit$2
10847:             2             48  com.intellij.ide.HoverService$ComponentPoint
10848:             2             48  com.intellij.ide.IdeEventQueue$BlockMode
10849:             1             48  com.intellij.ide.RecentProjectManagerState
10850:             1             48  com.intellij.ide.RecentProjectsManagerBase
10851:             2             48  com.intellij.ide.SelectInManager
10852:             1             48  com.intellij.ide.actionMacro.ActionMacroManager
10853:             1             48  com.intellij.ide.actionMacro.actions.MacrosGroup
10854:             3             48  com.intellij.ide.actions.CreateTemplateInPackageAction$$Lambda$988/0x0000000800b52c40
10855:             1             48  com.intellij.ide.actions.NewActionGroup
10856:             1             48  com.intellij.ide.actions.QuickChangeLookAndFeel
10857:             1             48  com.intellij.ide.actions.RecentProjectsGroup
10858:             1             48  com.intellij.ide.actions.SelectAllAction
10859:             1             48  com.intellij.ide.actions.ToolWindowsGroup
10860:             2             48  com.intellij.ide.actions.runAnything.activity.RunAnythingNotifiableProvider$1
10861:             2             48  com.intellij.ide.actions.runAnything.activity.RunAnythingNotifiableProvider$ExecutionStatus
10862:             2             48  com.intellij.ide.bookmarks.BookmarkManager$$Lambda$1896/0x0000000801439040
10863:             2             48  com.intellij.ide.bookmarks.actions.GotoBookmarkActionBase$1
10864:             1             48  com.intellij.ide.favoritesTreeView.actions.AddAllToFavoritesActionGroup
10865:             1             48  com.intellij.ide.favoritesTreeView.actions.AddToFavoritesActionGroup
10866:             1             48  com.intellij.ide.favoritesTreeView.actions.SendToFavoritesGroup
10867:             1             48  com.intellij.ide.fileTemplates.actions.CreateFromTemplateGroup
10868:             1             48  com.intellij.ide.fileTemplates.actions.FileTemplateSeparator
10869:             2             48  com.intellij.ide.fileTemplates.impl.FileTemplateManagerImpl$1
10870:             2             48  com.intellij.ide.gdpr.Version
10871:             1             48  com.intellij.ide.hierarchy.LanguageCallHierarchy
10872:             1             48  com.intellij.ide.hierarchy.LanguageMethodHierarchy
10873:             1             48  com.intellij.ide.hierarchy.LanguageTypeHierarchy
10874:             2             48  com.intellij.ide.impl.PackagesPaneSelectInTarget
10875:             2             48  com.intellij.ide.impl.ProjectPaneSelectInTarget
10876:             3             48  com.intellij.ide.impl.PsiElementDataValidator
10877:             2             48  com.intellij.ide.lightEdit.LightEditConfiguration
10878:             2             48  com.intellij.ide.navigationToolbar.NavBarListener
10879:             1             48  com.intellij.ide.plugins.InstalledPluginsState
10880:             1             48  com.intellij.ide.plugins.MainRunner$1
10881:             1             48  com.intellij.ide.projectView.actions.MarkSourceRootActionGroup
10882:             2             48  com.intellij.ide.projectView.impl.AbstractProjectViewPSIPane$2
10883:             2             48  com.intellij.ide.projectView.impl.AbstractProjectViewPane$4
10884:             2             48  com.intellij.ide.projectView.impl.AbstractProjectViewPane$5
10885:             2             48  com.intellij.ide.projectView.impl.AsyncProjectViewSupport
10886:             2             48  com.intellij.ide.projectView.impl.AsyncProjectViewSupport$$Lambda$2401/0x0000000801974040
10887:             3             48  com.intellij.ide.projectView.impl.CompoundProjectViewNodeDecorator
10888:             2             48  com.intellij.ide.projectView.impl.GroupByTypeComparator
10889:             2             48  com.intellij.ide.projectView.impl.JavaProjectViewDirectoryHelper
10890:             1             48  com.intellij.ide.projectView.impl.MoveModuleToGroupTopLevel
10891:             2             48  com.intellij.ide.projectView.impl.ProjectViewImpl$1
10892:             2             48  com.intellij.ide.projectView.impl.ProjectViewImpl$10
10893:             2             48  com.intellij.ide.projectView.impl.ProjectViewImpl$11
10894:             2             48  com.intellij.ide.projectView.impl.ProjectViewImpl$12
10895:             2             48  com.intellij.ide.projectView.impl.ProjectViewImpl$13
10896:             2             48  com.intellij.ide.projectView.impl.ProjectViewImpl$14
10897:             2             48  com.intellij.ide.projectView.impl.ProjectViewImpl$15
10898:             2             48  com.intellij.ide.projectView.impl.ProjectViewImpl$16
10899:             2             48  com.intellij.ide.projectView.impl.ProjectViewImpl$17
10900:             2             48  com.intellij.ide.projectView.impl.ProjectViewImpl$2
10901:             2             48  com.intellij.ide.projectView.impl.ProjectViewImpl$3
10902:             2             48  com.intellij.ide.projectView.impl.ProjectViewImpl$4
10903:             2             48  com.intellij.ide.projectView.impl.ProjectViewImpl$5
10904:             2             48  com.intellij.ide.projectView.impl.ProjectViewImpl$6
10905:             2             48  com.intellij.ide.projectView.impl.ProjectViewImpl$7
10906:             2             48  com.intellij.ide.projectView.impl.ProjectViewImpl$8
10907:             2             48  com.intellij.ide.projectView.impl.ProjectViewImpl$9
10908:             2             48  com.intellij.ide.projectView.impl.ProjectViewImpl$MyPanel$$Lambda$1353/0x0000000800fefc40
10909:             2             48  com.intellij.ide.scopeView.ScopePaneSelectInTarget
10910:             2             48  com.intellij.ide.scopeView.ScopeViewPane$1
10911:             2             48  com.intellij.ide.scratch.ScratchTreeStructureProvider$$Lambda$2413/0x0000000801988040
10912:             2             48  com.intellij.ide.scratch.ScratchTreeStructureProvider$1
10913:             2             48  com.intellij.ide.scratch.ScratchesNamedScope$1
10914:             2             48  com.intellij.ide.scratch.ScratchesSearchScope
10915:             1             48  com.intellij.ide.ui.NotRoamableUiOptions
10916:             2             48  com.intellij.ide.ui.UITheme$1
10917:             2             48  com.intellij.ide.ui.UIThemeProvider
10918:             1             48  com.intellij.ide.ui.laf.darcula.DarculaLaf
10919:             2             48  com.intellij.ide.ui.laf.darcula.DarculaTableSelectedCellHighlightBorder
10920:             1             48  com.intellij.ide.ui.laf.darcula.ui.DarculaEditorPaneUI
10921:             3             48  com.intellij.ide.ui.laf.darcula.ui.DarculaTextBorder
10922:             2             48  com.intellij.ide.util.projectWizard.importSources.ProjectStructureDetector$DirectoryProcessingResult
10923:             2             48  com.intellij.ide.util.treeView.TreeState$Match
10924:             2             48  com.intellij.internal.ml.CategoricalFeature$OtherCategoryMapper
10925:             2             48  com.intellij.internal.performance.LatencyDistributionRecord
10926:             2             48  com.intellij.internal.performance.LatencyDistributionRecordKey
10927:             1             48  com.intellij.java.ift.JavaLangSupport
10928:             2             48  com.intellij.javadoc.JavadocGenerationManager
10929:             1             48  com.intellij.javadoc.actions.GenerateJavadocAction
10930:             2             48  com.intellij.javaee.ExternalResourceManagerEx$XMLSchemaVersion
10931:             3             48  com.intellij.javaee.ExternalResourceManagerExImpl$$Lambda$2187/0x00000008016d3040
10932:             3             48  com.intellij.javaee.ExternalResourceManagerExImpl$$Lambda$2188/0x00000008016d3440
10933:             3             48  com.intellij.javaee.ExternalResourceManagerExImpl$$Lambda$2189/0x00000008016d2840
10934:             3             48  com.intellij.javaee.ExternalResourceManagerExImpl$$Lambda$2190/0x00000008016d2c40
10935:             2             48  com.intellij.json.editor.JsonEditorOptions
10936:             2             48  com.intellij.json.highlighting.JsonRainbowVisitor
10937:             2             48  com.intellij.json.navigation.JsonQualifiedNameKind
10938:             1             48  com.intellij.lang.ExternalLanguageAnnotators
10939:             1             48  com.intellij.lang.LanguageASTFactory
10940:             1             48  com.intellij.lang.LanguageAnnotators
10941:             1             48  com.intellij.lang.LanguageBraceMatching
10942:             1             48  com.intellij.lang.LanguageCommenters
10943:             1             48  com.intellij.lang.LanguageDocumentation
10944:             1             48  com.intellij.lang.LanguageFormatting
10945:             1             48  com.intellij.lang.LanguageNamesValidation
10946:             1             48  com.intellij.lang.LanguageParserDefinitions
10947:             1             48  com.intellij.lang.LanguageRefactoringSupport
10948:             1             48  com.intellij.lang.LanguageStructureViewBuilder
10949:             1             48  com.intellij.lang.LanguageTokenSeparatorGenerators
10950:             2             48  com.intellij.lang.annotation.AnnotationSession
10951:             1             48  com.intellij.lang.ant.config.actions.AntBuildGroup
10952:             2             48  com.intellij.lang.ant.config.impl.AntConfigurationImpl$2
10953:             2             48  com.intellij.lang.ant.config.impl.AntConfigurationImpl$3
10954:             1             48  com.intellij.lang.ant.dom.AntDomFileDescription
10955:             1             48  com.intellij.lang.findUsages.LanguageFindUsages$1
10956:             1             48  com.intellij.lang.folding.LanguageFolding
10957:             2             48  com.intellij.lang.java.parser.StatementParser$BraceMode
10958:             2             48  com.intellij.lang.jvm.facade.JvmFacadeImpl
10959:             1             48  com.intellij.lang.parameterInfo.LanguageParameterInfo
10960:             2             48  com.intellij.lang.properties.UastPropertiesReferenceProvider
10961:             3             48  com.intellij.lang.properties.xml.XmlPropertiesFileImpl$$Lambda$1769/0x000000080133ec40
10962:             3             48  com.intellij.lang.xml.XmlFormattingModelBuilder
10963:             2             48  com.intellij.largeFilesEditor.encoding.LargeFileEncodingWidget$1
10964:             3             48  com.intellij.lexer.XmlHighlightingLexer
10965:             2             48  com.intellij.model.psi.impl.LanguageReferenceProviders
10966:             2             48  com.intellij.notification.Notification$CollapseActionsDirection
10967:             1             48  com.intellij.openapi.actionSystem.ActionGroup$1
10968:             2             48  com.intellij.openapi.actionSystem.KeyboardGestureAction$ModifierType
10969:             2             48  com.intellij.openapi.actionSystem.KeyboardModifierGestureShortcut$DblClick
10970:             3             48  com.intellij.openapi.application.constraints.ExpirableConstrainedExecution$Companion$RunOnce
10971:             2             48  com.intellij.openapi.application.impl.ExecutionThread
10972:             2             48  com.intellij.openapi.compiler.options.ExcludedEntriesConfiguration
10973:             2             48  com.intellij.openapi.components.Service$Level
10974:             2             48  com.intellij.openapi.components.StateStorageOperation
10975:             2             48  com.intellij.openapi.components.StorageScheme
10976:             1             48  com.intellij.openapi.diagnostic.FrequentEventDetector
10977:             1             48  com.intellij.openapi.editor.EditorMouseHoverPopupManager
10978:             1             48  com.intellij.openapi.editor.actions.BackspaceAction
10979:             2             48  com.intellij.openapi.editor.actions.BackwardParagraphAction$Handler
10980:             2             48  com.intellij.openapi.editor.actions.CaretStopOptions
10981:             2             48  com.intellij.openapi.editor.actions.CloneCaretActionHandler
10982:             2             48  com.intellij.openapi.editor.actions.ConvertIndentsActionBase$Handler
10983:             1             48  com.intellij.openapi.editor.actions.CopyAction
10984:             1             48  com.intellij.openapi.editor.actions.CutAction
10985:             2             48  com.intellij.openapi.editor.actions.CutLineActionHandler
10986:             1             48  com.intellij.openapi.editor.actions.CutLineBackwardAction
10987:             1             48  com.intellij.openapi.editor.actions.CutLineEndAction
10988:             1             48  com.intellij.openapi.editor.actions.DeleteLineAction
10989:             1             48  com.intellij.openapi.editor.actions.DeleteToWordEndAction
10990:             1             48  com.intellij.openapi.editor.actions.DeleteToWordEndInDifferentHumpsModeAction
10991:             1             48  com.intellij.openapi.editor.actions.DeleteToWordStartAction
10992:             1             48  com.intellij.openapi.editor.actions.DeleteToWordStartInDifferentHumpsModeAction
10993:             2             48  com.intellij.openapi.editor.actions.ForwardParagraphAction$Handler
10994:             1             48  com.intellij.openapi.editor.actions.HungryBackspaceAction
10995:             2             48  com.intellij.openapi.editor.actions.IncrementalFindAction$Handler
10996:             2             48  com.intellij.openapi.editor.actions.IndentSelectionAction$Handler
10997:             1             48  com.intellij.openapi.editor.actions.JoinLinesAction
10998:             1             48  com.intellij.openapi.editor.actions.KillRegionAction
10999:             1             48  com.intellij.openapi.editor.actions.KillRingSaveAction
11000:             2             48  com.intellij.openapi.editor.actions.KillRingSaveAction$Handler
11001:             1             48  com.intellij.openapi.editor.actions.KillToWordEndAction
11002:             1             48  com.intellij.openapi.editor.actions.KillToWordStartAction
11003:             1             48  com.intellij.openapi.editor.actions.LanguageWordBoundaryFilter
11004:             1             48  com.intellij.openapi.editor.actions.LineEndAction
11005:             1             48  com.intellij.openapi.editor.actions.LineEndWithSelectionAction
11006:             1             48  com.intellij.openapi.editor.actions.LineStartAction
11007:             1             48  com.intellij.openapi.editor.actions.LineStartWithSelectionAction
11008:             2             48  com.intellij.openapi.editor.actions.MoveCaretLeftOrRightHandler
11009:             2             48  com.intellij.openapi.editor.actions.MoveCaretLeftOrRightHandler$Direction
11010:             2             48  com.intellij.openapi.editor.actions.MoveCaretLeftOrRightWithSelectionHandler
11011:             1             48  com.intellij.openapi.editor.actions.NextWordAction
11012:             1             48  com.intellij.openapi.editor.actions.NextWordInDifferentHumpsModeAction
11013:             1             48  com.intellij.openapi.editor.actions.NextWordInDifferentHumpsModeWithSelectionAction
11014:             1             48  com.intellij.openapi.editor.actions.NextWordWithSelectionAction
11015:             1             48  com.intellij.openapi.editor.actions.PasteAction
11016:             1             48  com.intellij.openapi.editor.actions.PreviousWordAction
11017:             1             48  com.intellij.openapi.editor.actions.PreviousWordInDifferentHumpsModeAction
11018:             1             48  com.intellij.openapi.editor.actions.PreviousWordInDifferentHumpsModeWithSelectionAction
11019:             1             48  com.intellij.openapi.editor.actions.PreviousWordWithSelectionAction
11020:             1             48  com.intellij.openapi.editor.actions.SelectLineAction
11021:             1             48  com.intellij.openapi.editor.actions.SelectWordAtCaretAction
11022:             1             48  com.intellij.openapi.editor.actions.TextEndAction
11023:             1             48  com.intellij.openapi.editor.actions.TextEndWithSelectionAction
11024:             1             48  com.intellij.openapi.editor.actions.TextStartAction
11025:             1             48  com.intellij.openapi.editor.actions.TextStartWithSelectionAction
11026:             1             48  com.intellij.openapi.editor.actions.ToggleCaseAction
11027:             2             48  com.intellij.openapi.editor.colors.impl.EditorColorsManagerImpl$State
11028:             2             48  com.intellij.openapi.editor.impl.DocumentMarkupModelManager
11029:             2             48  com.intellij.openapi.editor.impl.DocumentMarkupModelManager$$Lambda$1556/0x00000008011ad840
11030:             2             48  com.intellij.openapi.editor.impl.EditorComponentImpl$AccessibleEditorComponentImpl$1
11031:             2             48  com.intellij.openapi.editor.impl.EditorImpl$NullEditorHighlighter
11032:             3             48  com.intellij.openapi.editor.impl.EditorMarkupModelImpl$$Lambda$2617/0x0000000801a5ec40
11033:             2             48  com.intellij.openapi.editor.impl.TextRangeInterval
11034:             2             48  com.intellij.openapi.editor.impl.softwrap.SoftWrapDrawingType
11035:             2             48  com.intellij.openapi.editor.markup.HighlighterTargetArea
11036:             2             48  com.intellij.openapi.editor.richcopy.settings.RichCopySettings
11037:             2             48  com.intellij.openapi.externalSystem.autoimport.AutoImportProjectTracker$10
11038:             2             48  com.intellij.openapi.externalSystem.autoimport.AutoImportProjectTracker$11
11039:             2             48  com.intellij.openapi.externalSystem.autoimport.AutoImportProjectTracker$2
11040:             2             48  com.intellij.openapi.externalSystem.autoimport.AutoImportProjectTracker$3
11041:             2             48  com.intellij.openapi.externalSystem.autoimport.AutoImportProjectTracker$6
11042:             2             48  com.intellij.openapi.externalSystem.autoimport.AutoImportProjectTracker$7
11043:             2             48  com.intellij.openapi.externalSystem.autoimport.AutoImportProjectTracker$9
11044:             2             48  com.intellij.openapi.externalSystem.autoimport.AutoImportProjectTracker$createProjectChangesListener$1
11045:             2             48  com.intellij.openapi.externalSystem.autoimport.AutoImportProjectTracker$createProjectRefreshListener$1
11046:             1             48  com.intellij.openapi.externalSystem.autoimport.AutoImportProjectTracker$getModificationType$2
11047:             2             48  com.intellij.openapi.externalSystem.autoimport.AutoImportProjectTracker$register$1
11048:             2             48  com.intellij.openapi.externalSystem.autoimport.AutoImportProjectTracker$register$2
11049:             2             48  com.intellij.openapi.externalSystem.autoimport.AutoImportProjectTracker$register$3
11050:             2             48  com.intellij.openapi.externalSystem.autoimport.AutoImportProjectTracker$register$4
11051:             2             48  com.intellij.openapi.externalSystem.autoimport.AutoImportProjectTrackerSettings
11052:             2             48  com.intellij.openapi.externalSystem.autoimport.ExternalSystemProjectId
11053:             2             48  com.intellij.openapi.externalSystem.autoimport.ExternalSystemProjectTracker$register$1
11054:             2             48  com.intellij.openapi.externalSystem.autoimport.ProjectNotificationAware
11055:             2             48  com.intellij.openapi.externalSystem.autoimport.ProjectSettingsTracker$ProjectSettingsListener
11056:             2             48  com.intellij.openapi.externalSystem.autoimport.ProjectStatus$ModificationType
11057:             1             48  com.intellij.openapi.externalSystem.autoimport.ProjectStatus$update$newState$1$1
11058:             1             48  com.intellij.openapi.externalSystem.autoimport.ProjectStatus$update$newState$1$11
11059:             1             48  com.intellij.openapi.externalSystem.autoimport.ProjectStatus$update$newState$1$14
11060:             1             48  com.intellij.openapi.externalSystem.autoimport.ProjectStatus$update$newState$1$4
11061:             2             48  com.intellij.openapi.externalSystem.autoimport.changes.DocumentsChangesProvider
11062:             2             48  com.intellij.openapi.externalSystem.autoimport.changes.DocumentsChangesProvider$1
11063:             2             48  com.intellij.openapi.externalSystem.autoimport.changes.DocumentsChangesProvider$2
11064:             2             48  com.intellij.openapi.externalSystem.autolink.UnlinkedProjectStartupActivity$showNotificationWhenBuildToolPluginEnabled$1
11065:             2             48  com.intellij.openapi.externalSystem.autolink.UnlinkedProjectStartupActivity$showNotificationWhenNonEmptyProjectUnlinked$2
11066:             1             48  com.intellij.openapi.externalSystem.configurationStore.ExternalModuleStorage
11067:             3             48  com.intellij.openapi.externalSystem.service.project.manage.ExternalProjectsDataStorage$State
11068:             2             48  com.intellij.openapi.externalSystem.service.project.manage.ExternalSystemRunManagerListener
11069:             2             48  com.intellij.openapi.externalSystem.service.project.manage.ExternalSystemShortcutsManager
11070:             2             48  com.intellij.openapi.externalSystem.service.project.manage.ExternalSystemTaskActivator
11071:             2             48  com.intellij.openapi.externalSystem.service.ui.ExternalToolWindowManager$1
11072:             2             48  com.intellij.openapi.externalSystem.util.PathPrefixTreeMap
11073:             2             48  com.intellij.openapi.file.exclude.EnforcedPlainTextFileTypeManager$1$$Lambda$1461/0x00000008010f6440
11074:             2             48  com.intellij.openapi.fileEditor.FileDocumentManager$WriteAccessStatus
11075:             2             48  com.intellij.openapi.fileEditor.impl.DockableEditorContainerFactory
11076:             2             48  com.intellij.openapi.fileEditor.impl.EditorHistoryManager
11077:             2             48  com.intellij.openapi.fileEditor.impl.EditorTabbedContainer$MyDragOutDelegate
11078:             2             48  com.intellij.openapi.fileEditor.impl.EditorTabbedContainer$TabMouseListener
11079:             2             48  com.intellij.openapi.fileEditor.impl.FileEditorManagerImpl$3
11080:             3             48  com.intellij.openapi.fileEditor.impl.FocusBasedCurrentEditorProvider
11081:             3             48  com.intellij.openapi.fileEditor.impl.IdeDocumentHistoryImpl$RecentlyChangedFilesState
11082:             2             48  com.intellij.openapi.fileEditor.impl.LoadTextUtil$AutoDetectionReason
11083:             3             48  com.intellij.openapi.fileEditor.impl.text.PsiAwareTextEditorProvider
11084:             2             48  com.intellij.openapi.fileEditor.impl.text.TextEditorProvider$$Lambda$1731/0x00000008012c8c40
11085:             1             48  com.intellij.openapi.fileTypes.LanguageSyntaxHighlighters
11086:             2             48  com.intellij.openapi.fileTypes.WildcardFileNameMatcher
11087:             2             48  com.intellij.openapi.fileTypes.impl.associate.OSFileAssociationPreferences
11088:             1             48  com.intellij.openapi.keymap.impl.KeymapImpl$getActionIds$2
11089:             1             48  com.intellij.openapi.keymap.impl.KeymapImpl$getActionIds$4
11090:             1             48  com.intellij.openapi.keymap.impl.keyGestures.StateContext
11091:             2             48  com.intellij.openapi.module.impl.ExternalModuleListStorageImpl
11092:             2             48  com.intellij.openapi.module.impl.ModulePointerImpl
11093:             2             48  com.intellij.openapi.module.impl.ModulePointerManagerImpl$registerPointer$1
11094:             3             48  com.intellij.openapi.module.impl.UnloadedModulesListStorage
11095:             2             48  com.intellij.openapi.module.impl.scopes.ModuleScopeProviderImpl
11096:             2             48  com.intellij.openapi.options.DslConfigurableBase$panel$1
11097:             2             48  com.intellij.openapi.progress.impl.ProgressResult
11098:             2             48  com.intellij.openapi.progress.impl.ProgressRunner$ThreadToUse
11099:             2             48  com.intellij.openapi.project.DumbServiceBalloon
11100:             2             48  com.intellij.openapi.project.DumbServiceGuiTaskQueue
11101:             2             48  com.intellij.openapi.project.DumbServiceHeavyActivities
11102:             2             48  com.intellij.openapi.project.DumbServiceMergingTaskQueue
11103:             2             48  com.intellij.openapi.project.DumbServiceSyncTaskQueue
11104:             2             48  com.intellij.openapi.project.TrackedEdtActivityService
11105:             2             48  com.intellij.openapi.project.impl.ProjectExImpl$componentStoreValue$1
11106:             2             48  com.intellij.openapi.projectRoots.impl.UnknownSdkEditorNotification
11107:             2             48  com.intellij.openapi.projectRoots.impl.UnknownSdkStartupChecker$runActivity$1
11108:             2             48  com.intellij.openapi.projectRoots.impl.UnknownSdkStartupChecker$runActivity$3
11109:             2             48  com.intellij.openapi.projectRoots.impl.UnknownSdkStartupChecker$runActivity$4
11110:             2             48  com.intellij.openapi.projectRoots.impl.UnknownSdkTracker
11111:             2             48  com.intellij.openapi.projectRoots.impl.UnknownSdkTracker$2
11112:             2             48  com.intellij.openapi.projectRoots.impl.jdkDownloader.JdkUpdatesCollector$schedule$2
11113:             2             48  com.intellij.openapi.roots.impl.CompilerProjectExtensionImpl
11114:             2             48  com.intellij.openapi.roots.impl.ModuleFileIndexImpl
11115:             3             48  com.intellij.openapi.roots.impl.NonProjectDirectoryInfo
11116:             2             48  com.intellij.openapi.roots.impl.OrderEnumeratorBase$ProcessEntryAction
11117:             2             48  com.intellij.openapi.roots.impl.ProjectFileIndexFacade
11118:             2             48  com.intellij.openapi.roots.impl.ProjectFileIndexImpl
11119:             2             48  com.intellij.openapi.roots.impl.PushedFilePropertiesUpdaterImpl
11120:             2             48  com.intellij.openapi.roots.impl.PushedFilePropertiesUpdaterImpl$1
11121:             2             48  com.intellij.openapi.ui.popup.Balloon$Layer
11122:             2             48  com.intellij.openapi.updateSettings.impl.UpdateChannel$Licensing
11123:             2             48  com.intellij.openapi.updateSettings.impl.pluginsAdvertisement.UnknownFeaturesCollector
11124:             2             48  com.intellij.openapi.util.ActionCallback$ExecutedExecutionCallback
11125:             2             48  com.intellij.openapi.util.ActionCallback$IgnoreExecutionCallback
11126:             2             48  com.intellij.openapi.util.Bitness
11127:             2             48  com.intellij.openapi.util.BusyObject$Impl$Simple
11128:             1             48  com.intellij.openapi.util.IconLoader$2
11129:             2             48  com.intellij.openapi.util.LowMemoryWatcher$LowMemoryWatcherType
11130:             3             48  com.intellij.openapi.util.ThreadLocalCachedByteArray
11131:             3             48  com.intellij.openapi.util.ThreadLocalCachedIntArray
11132:             3             48  com.intellij.openapi.util.UserDataHolderBase
11133:             1             48  com.intellij.openapi.vcs.ExternallyAddedFilesProcessorImpl$filesChanged$externallyAddedFiles$2
11134:             2             48  com.intellij.openapi.vcs.RemoteDifferenceStrategy
11135:             3             48  com.intellij.openapi.vcs.VcsConfiguration$AddRemoveInBackgroundOption
11136:             3             48  com.intellij.openapi.vcs.VcsConfiguration$CheckoutInBackgroundOption
11137:             3             48  com.intellij.openapi.vcs.VcsConfiguration$CommitInBackgroundOption
11138:             3             48  com.intellij.openapi.vcs.VcsConfiguration$EditInBackgroundOption
11139:             3             48  com.intellij.openapi.vcs.VcsConfiguration$RollbackInBackgroundOption
11140:             3             48  com.intellij.openapi.vcs.VcsConfiguration$UpdateInBackgroundOption
11141:             2             48  com.intellij.openapi.vcs.VcsDirectoryMapping
11142:             2             48  com.intellij.openapi.vcs.VcsFileListenerContextHelper
11143:             1             48  com.intellij.openapi.vcs.actions.ShowAnnotateOperationsPopup$Group
11144:             1             48  com.intellij.openapi.vcs.actions.VcsQuickListPopupAction$Providers
11145:             1             48  com.intellij.openapi.vcs.actions.VcsQuickListPopupAction$VcsNameSeparator
11146:             2             48  com.intellij.openapi.vcs.changes.ChangeListManagerImpl$Scheduler
11147:             2             48  com.intellij.openapi.vcs.changes.ChangeListsIndexes
11148:             2             48  com.intellij.openapi.vcs.changes.ChangesViewManager
11149:             2             48  com.intellij.openapi.vcs.changes.DelayedNotificator
11150:             2             48  com.intellij.openapi.vcs.changes.RemoteRevisionsCache$$Lambda$2255/0x00000008017dd040
11151:             2             48  com.intellij.openapi.vcs.changes.VcsDirtyScopeVfsListener$$Lambda$2008/0x0000000801540040
11152:             2             48  com.intellij.openapi.vcs.changes.VcsIgnoreFilesChecker$projectOpened$1
11153:             2             48  com.intellij.openapi.vcs.changes.VcsIgnoreManagerImpl
11154:             1             48  com.intellij.openapi.vcs.changes.actions.ScheduleForAdditionWithIgnoredFilesConfirmationAction$collectPathsFromChanges$2
11155:             1             48  com.intellij.openapi.vcs.changes.actions.ScheduleForAdditionWithIgnoredFilesConfirmationAction$collectPathsFromFiles$2
11156:             2             48  com.intellij.openapi.vcs.changes.committed.CachesHolder
11157:             2             48  com.intellij.openapi.vcs.changes.committed.IncomingChangesIndicator$$special$$inlined$observable$1
11158:             2             48  com.intellij.openapi.vcs.changes.committed.RepositoryLocationCache
11159:             2             48  com.intellij.openapi.vcs.changes.conflicts.ChangelistConflictTracker$1
11160:             2             48  com.intellij.openapi.vcs.changes.conflicts.ChangelistConflictTracker$Options
11161:             2             48  com.intellij.openapi.vcs.changes.ignore.IgnoredFileGeneratorImpl
11162:             3             48  com.intellij.openapi.vcs.changes.ignore.IgnoredFileGeneratorImpl$IgnoredFileRootStore$State
11163:             2             48  com.intellij.openapi.vcs.changes.shelf.ShelveChangesManager$2
11164:             2             48  com.intellij.openapi.vcs.changes.ui.ChangesViewContentManager$$special$$inlined$observable$1
11165:             2             48  com.intellij.openapi.vcs.changes.ui.RemoteStatusChangeNodeDecorator
11166:             2             48  com.intellij.openapi.vcs.history.VcsHistoryCache
11167:             2             48  com.intellij.openapi.vcs.impl.ActiveChangeListTrackerImpl
11168:             2             48  com.intellij.openapi.vcs.impl.ContentRevisionCache$UniqueType
11169:             2             48  com.intellij.openapi.vcs.impl.ModuleVcsDetector
11170:             2             48  com.intellij.openapi.vcs.impl.ModuleVcsDetector$MyModulesListener
11171:             2             48  com.intellij.openapi.vcs.impl.PartialLineStatusTrackerManagerState
11172:             2             48  com.intellij.openapi.vcs.impl.VcsCacheManager
11173:             2             48  com.intellij.openapi.vcs.impl.projectlevelman.FilePathMapping
11174:             2             48  com.intellij.openapi.vcs.impl.projectlevelman.FileWatchRequestsManager
11175:             2             48  com.intellij.openapi.vcs.impl.projectlevelman.NewMappings$MappedRoot
11176:             2             48  com.intellij.openapi.vcs.impl.projectlevelman.NewMappings$RootMapping
11177:             2             48  com.intellij.openapi.vcs.readOnlyHandler.ReadonlyStatusHandlerImpl
11178:             3             48  com.intellij.openapi.vcs.readOnlyHandler.ReadonlyStatusHandlerImpl$State
11179:             2             48  com.intellij.openapi.vcs.roots.VcsRootDetectorImpl
11180:             2             48  com.intellij.openapi.vcs.roots.VcsRootDetectorImpl$DetectedVcsRoot
11181:             2             48  com.intellij.openapi.vcs.roots.VcsRootScanner
11182:             1             48  com.intellij.openapi.vcs.update.CommonIntegrateFileOrDirectoryAction
11183:             1             48  com.intellij.openapi.vcs.update.CommonIntegrateProjectAction
11184:             1             48  com.intellij.openapi.vcs.update.CommonStatusFileOrDirectoryAction
11185:             1             48  com.intellij.openapi.vcs.update.CommonUpdateFileOrDirectoryAction
11186:             1             48  com.intellij.openapi.vcs.update.CommonUpdateProjectAction
11187:             2             48  com.intellij.openapi.vfs.VirtualFileVisitor$Result
11188:             2             48  com.intellij.openapi.vfs.encoding.EncodingManagerImpl$State
11189:             3             48  com.intellij.openapi.vfs.encoding.EncodingReference
11190:             1             48  com.intellij.openapi.vfs.impl.local.WatchRootsManager
11191:             3             48  com.intellij.openapi.vfs.newvfs.ArchiveFileSystem$$Lambda$1383/0x000000080105f840
11192:             3             48  com.intellij.openapi.vfs.newvfs.ArchiveFileSystem$$Lambda$1385/0x000000080105f040
11193:             3             48  com.intellij.openapi.vfs.newvfs.ArchiveFileSystem$$Lambda$1386/0x000000080105f440
11194:             2             48  com.intellij.openapi.wm.impl.ActiveStack
11195:             2             48  com.intellij.openapi.wm.impl.FocusTask
11196:             2             48  com.intellij.openapi.wm.impl.IdeBackgroundUtil$1
11197:             2             48  com.intellij.openapi.wm.impl.LibraryDependentToolWindowManager$1
11198:             2             48  com.intellij.openapi.wm.impl.LibraryDependentToolWindowManager$2
11199:             2             48  com.intellij.openapi.wm.impl.ProjectFrameBounds
11200:             2             48  com.intellij.openapi.wm.impl.ProjectFrameHelper$2
11201:             2             48  com.intellij.openapi.wm.impl.content.ComboContentLayout
11202:             2             48  com.intellij.openapi.wm.impl.content.ContentComboLabel$1
11203:             2             48  com.intellij.openapi.wm.impl.simpleTitleParts.VMOOption
11204:             3             48  com.intellij.openapi.wm.impl.status.InfoAndProgressPanel$$Lambda$1242/0x0000000800f0f040
11205:             3             48  com.intellij.openapi.wm.impl.status.InfoAndProgressPanel$$Lambda$2710/0x0000000801b10040
11206:             2             48  com.intellij.openapi.wm.impl.status.InfoAndProgressPanel$1
11207:             2             48  com.intellij.openapi.wm.impl.status.InfoAndProgressPanel$InlineProgressPanel$2
11208:             2             48  com.intellij.openapi.wm.impl.status.ProcessBalloon
11209:             2             48  com.intellij.openapi.wm.impl.status.StatusPanel$2
11210:             2             48  com.intellij.openapi.wm.impl.status.widget.StatusBarWidgetWrapper$MultipleTextValues$1
11211:             1             48  com.intellij.openapi.wm.impl.status.widget.StatusBarWidgetsActionGroup
11212:             2             48  com.intellij.packageDependencies.DefaultScopesProvider
11213:             1             48  com.intellij.packageDependencies.actions.AnalyzeDependenciesAction
11214:             1             48  com.intellij.packageDependencies.actions.BackwardDependenciesAction
11215:             2             48  com.intellij.packaging.impl.artifacts.ArtifactPointerManagerImpl
11216:             1             48  com.intellij.packaging.impl.artifacts.ArtifactTypeFeatureCollector$runActivity$1
11217:             1             48  com.intellij.packaging.impl.artifacts.ArtifactTypeFeatureCollector$runActivity$2
11218:             2             48  com.intellij.packaging.impl.artifacts.ArtifactVirtualFileListener
11219:             2             48  com.intellij.packaging.impl.artifacts.ArtifactVirtualFileListener$$Lambda$1225/0x0000000800ebdc40
11220:             2             48  com.intellij.packaging.impl.artifacts.DefaultPackagingElementResolvingContext
11221:             2             48  com.intellij.packaging.impl.run.BuildArtifactsBeforeRunTaskProvider
11222:             2             48  com.intellij.packaging.impl.run.BuildArtifactsBeforeRunTaskProviderBase$MyArtifactListener
11223:             2             48  com.intellij.patterns.CollectionPattern$3
11224:             2             48  com.intellij.patterns.CollectionPattern$8
11225:             2             48  com.intellij.patterns.PsiJavaElementPattern
11226:             2             48  com.intellij.patterns.PsiMemberPattern$Capture
11227:             2             48  com.intellij.patterns.PsiNameValuePairPattern
11228:             2             48  com.intellij.patterns.StringPattern$4
11229:             2             48  com.intellij.patterns.XmlAttributeValuePattern$3
11230:             2             48  com.intellij.patterns.uast.UCallExpressionPattern$constructor$2
11231:             2             48  com.intellij.patterns.uast.UElementPattern$sourcePsiFilter$1
11232:             2             48  com.intellij.profile.codeInspection.ProjectInspectionProfileManager$schemeManager$1
11233:             1             48  com.intellij.psi.LanguageFileViewProviders
11234:             1             48  com.intellij.psi.LanguageSubstitutors
11235:             3             48  com.intellij.psi.SyntaxTraverser$Api$1
11236:             3             48  com.intellij.psi.SyntaxTraverser$Api$2
11237:             3             48  com.intellij.psi.SyntaxTraverser$Api$3
11238:             3             48  com.intellij.psi.SyntaxTraverser$ApiEx$1
11239:             3             48  com.intellij.psi.codeStyle.CodeStyleSettingsManager$$Lambda$1256/0x0000000800f25840
11240:             3             48  com.intellij.psi.codeStyle.CodeStyleSettingsManager$1
11241:             1             48  com.intellij.psi.codeStyle.ReferenceAdjuster$Extension
11242:             2             48  com.intellij.psi.codeStyle.statusbar.CodeStyleStatusBarWidget$$Lambda$1500/0x0000000801136c40
11243:             1             48  com.intellij.psi.formatter.LanguageWhiteSpaceFormattingStrategy
11244:             3             48  com.intellij.psi.formatter.StaticSymbolWhiteSpaceDefinitionStrategy
11245:             1             48  com.intellij.psi.impl.LanguageConstantExpressionEvaluator
11246:             2             48  com.intellij.psi.impl.PackagePrefixElementFinder
11247:             2             48  com.intellij.psi.impl.PackagePrefixIndex
11248:             3             48  com.intellij.psi.impl.PsiConstantEvaluationHelperImpl
11249:             2             48  com.intellij.psi.impl.PsiElementFactoryImpl
11250:             2             48  com.intellij.psi.impl.PsiElementFinderImpl
11251:             2             48  com.intellij.psi.impl.file.impl.JavaFileManagerImpl
11252:             2             48  com.intellij.psi.impl.file.impl.PsiVFSListener$MyFileDocumentManagerListener
11253:             2             48  com.intellij.psi.impl.file.impl.PsiVFSListener$MyModuleRootListener
11254:             2             48  com.intellij.psi.impl.file.impl.PsiVFSListener$MyStartUpActivity$1
11255:             2             48  com.intellij.psi.impl.file.impl.PsiVFSListener$MyStartUpActivity$2
11256:             3             48  com.intellij.psi.impl.include.FileIncludeIndex$2
11257:             2             48  com.intellij.psi.impl.migration.PsiMigrationManager
11258:             2             48  com.intellij.psi.impl.search.JavaClassInheritorsSearcher$$Lambda$5533/0x0000000802e2bc40
11259:             3             48  com.intellij.psi.impl.search.JavaNullMethodArgumentIndex$1
11260:             2             48  com.intellij.psi.impl.search.PsiSearchHelperImpl
11261:             2             48  com.intellij.psi.impl.search.PsiSearchHelperImpl$$Lambda$6175/0x00000008019b8840
11262:             2             48  com.intellij.psi.impl.source.PostprocessReformattingAspect
11263:             1             48  com.intellij.psi.impl.source.codeStyle.CodeStyleSchemeImpl
11264:             2             48  com.intellij.psi.impl.source.resolve.JavaResolveCache
11265:             2             48  com.intellij.psi.impl.source.resolve.ResolveCache
11266:             3             48  com.intellij.psi.impl.source.resolve.reference.ArbitraryPlaceUrlReferenceProvider
11267:             2             48  com.intellij.psi.impl.source.resolve.reference.UrlReferenceContributor$1
11268:             2             48  com.intellij.psi.impl.source.resolve.reference.impl.providers.JavaClassListReferenceProvider
11269:             2             48  com.intellij.psi.impl.source.resolve.reference.impl.providers.JavaReferenceContributor$1
11270:             2             48  com.intellij.psi.search.FileTypeKeyDescriptor$1
11271:             2             48  com.intellij.psi.search.SearchRequestQuery
11272:             2             48  com.intellij.psi.search.SearchSession
11273:             2             48  com.intellij.psi.search.TodoAttributes
11274:             2             48  com.intellij.psi.search.TodoPattern
11275:             2             48  com.intellij.psi.stubs.SerializedStubTreeDataExternalizer
11276:             1             48  com.intellij.psi.stubs.StubSerializationHelper
11277:             3             48  com.intellij.psi.templateLanguages.TemplateDataLanguagePusher
11278:             2             48  com.intellij.psi.tree.IStubFileElementType
11279:             2             48  com.intellij.psi.util.PsiCacheKey
11280:             2             48  com.intellij.psi.xml.XmlElementType$XmlTagElementType
11281:             1             48  com.intellij.refactoring.changeSignature.inplace.LanguageChangeSignatureDetectors
11282:             1             48  com.intellij.refactoring.lang.LanguageExtractInclude
11283:             3             48  com.intellij.refactoring.rename.inplace.MemberInplaceRenameHandler
11284:             2             48  com.intellij.refactoring.suggested.NewIdentifierWatcher
11285:             2             48  com.intellij.refactoring.suggested.SuggestedRefactoringChangeCollector
11286:             2             48  com.intellij.refactoring.suggested.SuggestedRefactoringChangeListener$MyDocumentListener
11287:             2             48  com.intellij.refactoring.suggested.SuggestedRefactoringProviderImpl
11288:             1             48  com.intellij.refactoring.suggested.SuggestedRefactoringSupport$Companion
11289:             2             48  com.intellij.remoteServer.impl.runtime.ui.RemoteServersDeploymentManager$1
11290:             1             48  com.intellij.remoteServer.impl.runtime.ui.tree.actions.AddCloudConnectionActionGroup
11291:             1             48  com.intellij.slicer.LanguageSlicing
11292:             2             48  com.intellij.spellchecker.SpellCheckerManager$CustomDictFileListener
11293:             2             48  com.intellij.spellchecker.dictionary.ProjectDictionary
11294:             2             48  com.intellij.spellchecker.grazie.GrazieSpellCheckerEngine$mySpeller$1
11295:             2             48  com.intellij.spellchecker.grazie.async.GrazieAsyncSpeller
11296:             2             48  com.intellij.spellchecker.grazie.async.WordListLoader
11297:             2             48  com.intellij.spellchecker.grazie.dictionary.EditableAggregatedWordList
11298:             2             48  com.intellij.spellchecker.grazie.dictionary.WordListAdapter
11299:             1             48  com.intellij.spellchecker.tokenizer.LanguageSpellchecking
11300:             2             48  com.intellij.tasks.config.TaskSettings
11301:             2             48  com.intellij.tasks.context.WorkingContextManager
11302:             1             48  com.intellij.testIntegration.GenerateFromTestCreatorsGroup
11303:             2             48  com.intellij.testIntegration.TestFailedLineManager
11304:             2             48  com.intellij.ui.AutoScrollToSourceHandler$1
11305:             2             48  com.intellij.ui.AutoScrollToSourceHandler$2
11306:             2             48  com.intellij.ui.AutoScrollToSourceHandler$3
11307:             2             48  com.intellij.ui.EditorNotificationsImpl
11308:             2             48  com.intellij.ui.ExpandedItemRendererComponentWrapper$1
11309:             3             48  com.intellij.ui.OffsetIcon$$Lambda$1682/0x0000000801299440
11310:             2             48  com.intellij.ui.components.MacScrollBarUI$Style
11311:             3             48  com.intellij.ui.components.SelectionAwareListCellRenderer
11312:             3             48  com.intellij.ui.components.breadcrumbs.Breadcrumbs$$Lambda$2309/0x000000080183fc40
11313:             3             48  com.intellij.ui.components.breadcrumbs.Breadcrumbs$$Lambda$2310/0x000000080183f440
11314:             3             48  com.intellij.ui.components.breadcrumbs.Breadcrumbs$MouseHandler
11315:             2             48  com.intellij.ui.content.TabGroupId
11316:             2             48  com.intellij.ui.docking.impl.DockManagerImpl$1
11317:             2             48  com.intellij.ui.docking.impl.DockManagerImpl$3
11318:             2             48  com.intellij.ui.mac.MacMainFrameDecorator$2
11319:             2             48  com.intellij.ui.mac.MacMainFrameDecorator$FullScreenQueue
11320:             2             48  com.intellij.ui.mac.MacWinTabsHandler
11321:             2             48  com.intellij.ui.mac.touchbar.ProjectData$1
11322:             2             48  com.intellij.ui.mac.touchbar.TouchBar$$Lambda$6084/0x0000000801df6040
11323:             2             48  com.intellij.ui.paint.LinePainter2D$Align
11324:             2             48  com.intellij.ui.paint.PaintUtil$ParityMode
11325:             2             48  com.intellij.ui.popup.AbstractPopup$$Lambda$1008/0x0000000800bf1440
11326:             2             48  com.intellij.ui.popup.AbstractPopup$6
11327:             2             48  com.intellij.ui.popup.AbstractPopup$Canceller
11328:             2             48  com.intellij.ui.popup.HintUpdateSupply$3
11329:             2             48  com.intellij.ui.popup.WizardPopup$3
11330:             2             48  com.intellij.ui.stripe.ErrorStripePainter$SingleValue
11331:             2             48  com.intellij.ui.tabs.FileColorManagerImpl
11332:             2             48  com.intellij.ui.tabs.FileColorManagerImpl$$Lambda$1691/0x000000080129bc40
11333:             2             48  com.intellij.ui.tabs.impl.EditorTabPainterAdapter
11334:             3             48  com.intellij.ui.tabs.impl.JBEditorTabPainter
11335:             2             48  com.intellij.ui.tabs.impl.JBEditorTabsBorder
11336:             3             48  com.intellij.ui.tabs.impl.themes.EditorTabTheme
11337:             1             48  com.intellij.uiDesigner.actions.ChooseLocaleAction
11338:             2             48  com.intellij.util.AbstractQuery$$Lambda$3478/0x00000008020ce840
11339:             2             48  com.intellij.util.ComponentTreeEventDispatcher
11340:             2             48  com.intellij.util.ComponentTreeEventDispatcher$$Lambda$495/0x0000000800588040
11341:             2             48  com.intellij.util.ExecutorsQuery
11342:             2             48  com.intellij.util.IconUtil$IconSizeWrapper
11343:             2             48  com.intellij.util.JdkBundle
11344:             2             48  com.intellij.util.LazyInitializer$MutableNotNullValue
11345:             2             48  com.intellij.util.MergeQuery
11346:             2             48  com.intellij.util.PathUtilRt$Platform
11347:             2             48  com.intellij.util.PathUtilRt$Platform
11348:             3             48  com.intellij.util.SofterReference
11349:             2             48  com.intellij.util.UniqueResultsQuery$MyProcessor
11350:             2             48  com.intellij.util.concurrency.QueueProcessor$ThreadToUse
11351:             2             48  com.intellij.util.config.ExternalizablePropertyContainer
11352:             2             48  com.intellij.util.config.ValueProperty
11353:             2             48  com.intellij.util.containers.FilteredTraverserBase$Cond
11354:             2             48  com.intellij.util.containers.MultiMap$2
11355:             2             48  com.intellij.util.containers.SoftValueHashMap
11356:             1             48  com.intellij.util.containers.SoftValueHashMap$MySoftReference
11357:             2             48  com.intellij.util.gist.PsiFileGistImpl
11358:             2             48  com.intellij.util.indexing.DumbModeAccessType
11359:             3             48  com.intellij.util.indexing.IndexId
11360:             2             48  com.intellij.util.indexing.impl.storage.TransientChangesIndexStorage$1
11361:             2             48  com.intellij.util.indexing.roots.DefaultProjectIndexableFilesContributor$getOwnFilePredicate$1
11362:             2             48  com.intellij.util.indexing.snapshot.CompositeHashIdEnumerator
11363:             1             48  com.intellij.util.io.CompressedAppendableFile$FileChunkReadCache
11364:             2             48  com.intellij.util.messages.impl.MessageListenerList
11365:             1             48  com.intellij.util.net.IdeaWideAuthenticator
11366:             1             48  com.intellij.util.net.ssl.ConfirmingTrustManager$MutableTrustManager
11367:             2             48  com.intellij.util.net.ssl.UntrustedCertificateStrategy
11368:             3             48  com.intellij.util.proxy.PropertiesEncryptionSupport
11369:             3             48  com.intellij.util.ui.Advertiser$AdvertiserLayout
11370:             3             48  com.intellij.util.ui.Animator$1
11371:             2             48  com.intellij.util.ui.NSScrollerHelper$ClickBehavior
11372:             2             48  com.intellij.util.ui.NSScrollerHelper$Style
11373:             2             48  com.intellij.util.ui.UIUtil$FontColor
11374:             2             48  com.intellij.util.ui.WatermarkIcon
11375:             2             48  com.intellij.util.xml.highlighting.DomElementAnnotationsManagerImpl
11376:             1             48  com.intellij.util.xml.impl.DomApplicationComponent
11377:             2             48  com.intellij.util.xml.impl.DomManagerImpl$1
11378:             3             48  com.intellij.util.xml.impl.DomServiceImpl$$Lambda$2068/0x000000080159ac40
11379:             2             48  com.intellij.util.xml.impl.ImplementationClassCache
11380:             2             48  com.intellij.util.xml.impl.SofterCache
11381:             2             48  com.intellij.util.xmlb.TextBinding
11382:             2             48  com.intellij.util.xmlb.annotations.Property$Style
11383:             2             48  com.intellij.util.xmlb.annotations.XCollection$Style
11384:             2             48  com.intellij.vcs.changes.ChangeListScope$$Lambda$2266/0x00000008017dac40
11385:             3             48  com.intellij.vcs.commit.message.CommitMessageInspectionProfile$CommitMessageInspectionToolSupplier
11386:             2             48  com.intellij.vcs.log.data.CompressedRefs
11387:             2             48  com.intellij.vcs.log.data.CurrentBranchConditionCache
11388:             2             48  com.intellij.vcs.log.data.CurrentBranchConditionCache$ConditionHolder
11389:             2             48  com.intellij.vcs.log.data.TopCommitsCache
11390:             2             48  com.intellij.vcs.log.data.VcsLogProgress$$Lambda$3167/0x0000000801db2040
11391:             2             48  com.intellij.vcs.log.data.VcsLogRefresherImpl$$Lambda$3157/0x0000000801db5440
11392:             2             48  com.intellij.vcs.log.data.VcsLogStatusBarProgress$alarm$1
11393:             2             48  com.intellij.vcs.log.data.VcsLogStatusBarProgress$statusBar$2
11394:             2             48  com.intellij.vcs.log.data.VcsLogStorageImpl$MyCommitIdKeyDescriptor
11395:             2             48  com.intellij.vcs.log.data.VcsLogStorageImpl$VcsRefKeyDescriptor
11396:             2             48  com.intellij.vcs.log.data.VcsUserRegistryImpl
11397:             2             48  com.intellij.vcs.log.data.index.VcsLogBigRepositoriesList$State
11398:             2             48  com.intellij.vcs.log.data.index.VcsLogPathsIndex$$Lambda$3136/0x0000000801d72440
11399:             2             48  com.intellij.vcs.log.data.index.VcsLogPathsIndex$LightFilePathKeyDescriptor
11400:             2             48  com.intellij.vcs.log.data.index.VcsLogUserIndex$$Lambda$3133/0x0000000801d72840
11401:             2             48  com.intellij.vcs.log.data.index.VcsLogUserIndex$UserIndexer
11402:             2             48  com.intellij.vcs.log.graph.GraphColorManagerImpl
11403:             2             48  com.intellij.vcs.log.graph.actions.GraphAction$GraphActionImpl
11404:             2             48  com.intellij.vcs.log.graph.impl.facade.ReachableNodes
11405:             2             48  com.intellij.vcs.log.graph.impl.permanent.GraphLayoutImpl
11406:             2             48  com.intellij.vcs.log.graph.impl.permanent.PermanentCommitsInfoImpl
11407:             2             48  com.intellij.vcs.log.graph.impl.permanent.PermanentCommitsInfoImpl$3
11408:             2             48  com.intellij.vcs.log.graph.impl.permanent.PermanentLinearGraphImpl
11409:             2             48  com.intellij.vcs.log.impl.PostponableLogRefresher
11410:             2             48  com.intellij.vcs.log.impl.VcsLogManager$MyFatalErrorsHandler
11411:             2             48  com.intellij.vcs.log.impl.VcsLogProjectTabsProperties
11412:             3             48  com.intellij.vcs.log.impl.VcsLogSharedSettings$State
11413:             2             48  com.intellij.vcs.log.impl.VcsLogTabsManager
11414:             2             48  com.intellij.vcs.log.impl.VcsLogTabsManager$1
11415:             2             48  com.intellij.vcs.log.impl.VcsProjectLog$LazyVcsLogManager
11416:             2             48  com.intellij.vcs.log.impl.VcsProjectLog$MyDynamicPluginUnloader
11417:             2             48  com.intellij.vcs.log.statistics.VcsLogIndexCollector
11418:             2             48  com.intellij.vcs.log.ui.VcsLogColorManagerImpl
11419:             1             48  com.intellij.vcs.log.ui.actions.CollapseGraphAction
11420:             1             48  com.intellij.vcs.log.ui.actions.ExpandGraphAction
11421:             1             48  com.intellij.vcs.log.ui.actions.HighlightersActionGroup
11422:             1             48  com.intellij.vcs.log.ui.actions.ToggleLogColumnsActionGroup
11423:             2             48  com.intellij.workspaceModel.ide.JpsFileEntitySource$ExactFile
11424:             2             48  com.intellij.workspaceModel.ide.JpsImportedEntitySource
11425:             2             48  com.intellij.workspaceModel.ide.WorkspaceModelTopics
11426:             2             48  com.intellij.workspaceModel.ide.impl.jps.serialization.JpsExternalStorageMappingImpl
11427:             2             48  com.intellij.workspaceModel.ide.impl.legacyBridge.facet.FacetManagerBridge
11428:             2             48  com.intellij.workspaceModel.ide.impl.legacyBridge.filePointer.RootsChangeWatcher
11429:             2             48  com.intellij.workspaceModel.ide.impl.legacyBridge.module.ModuleManagerComponentBridge$2
11430:             2             48  com.intellij.workspaceModel.ide.impl.legacyBridge.module.ModuleManagerComponentBridge$sortedModulesValue$1
11431:             2             48  com.intellij.workspaceModel.ide.impl.legacyBridge.module.roots.ModuleRootComponentBridge$modelValue$1
11432:             2             48  com.intellij.workspaceModel.ide.impl.legacyBridge.module.roots.ModuleRootComponentBridge$modelValue$2
11433:             2             48  com.intellij.workspaceModel.ide.impl.legacyBridge.module.roots.RootModelBridgeImpl$compilerModuleExtension$2
11434:             2             48  com.intellij.workspaceModel.ide.impl.legacyBridge.module.roots.RootModelBridgeImpl$contentEntities$2
11435:             2             48  com.intellij.workspaceModel.ide.impl.legacyBridge.project.ProjectRootManagerBridge$GlobalLibraryTableListener
11436:             2             48  com.intellij.workspaceModel.ide.impl.legacyBridge.project.ProjectRootManagerBridge$JdkChangeListener
11437:             2             48  com.intellij.workspaceModel.storage.bridgeEntities.ModuleDependencyItem$SdkDependency
11438:             2             48  com.intellij.workspaceModel.storage.bridgeEntities.SourceRootOrderEntityData
11439:             2             48  com.intellij.workspaceModel.storage.impl.DisposableCachedValue
11440:             3             48  com.intellij.workspaceModel.storage.impl.ImmutableEntitiesBarrel
11441:             2             48  com.intellij.workspaceModel.storage.impl.ValuesCache
11442:             2             48  com.intellij.workspaceModel.storage.impl.VersionedEntityStorageImpl
11443:             2             48  com.intellij.workspaceModel.storage.impl.VersionedEntityStorageImpl$Current
11444:             3             48  com.intellij.workspaceModel.storage.impl.indices.MultimapStorageIndex
11445:             2             48  com.intellij.workspaceModel.storage.impl.references.OneToMany
11446:             2             48  com.intellij.workspaceModel.storage.impl.references.OneToOneChild$NotNull
11447:             2             48  com.intellij.xdebugger.evaluation.EvaluationMode
11448:             2             48  com.intellij.xdebugger.impl.XDebuggerManagerImpl$DebuggerEditorListener
11449:             1             48  com.intellij.xdebugger.impl.actions.AttachToProcessAction
11450:             2             48  com.intellij.xdebugger.impl.inline.DebuggerInlayListener
11451:             2             48  com.intellij.xdebugger.memory.component.InstancesTracker
11452:             2             48  com.intellij.xml.breadcrumbs.BreadcrumbsInitializingActivity$1
11453:             3             48  com.intellij.xml.breadcrumbs.BreadcrumbsPanel$$Lambda$2311/0x000000080183e840
11454:             3             48  com.intellij.xml.breadcrumbs.BreadcrumbsPanel$$Lambda$2312/0x000000080183ec40
11455:             3             48  com.intellij.xml.breadcrumbs.BreadcrumbsPanel$$Lambda$2314/0x000000080183d840
11456:             3             48  com.intellij.xml.breadcrumbs.BreadcrumbsPanel$$Lambda$2316/0x000000080183d040
11457:             3             48  com.intellij.xml.breadcrumbs.BreadcrumbsPanel$$Lambda$2317/0x000000080183d440
11458:             3             48  com.intellij.xml.breadcrumbs.BreadcrumbsPanel$2
11459:             3             48  com.intellij.xml.breadcrumbs.BreadcrumbsPanel$3
11460:             3             48  com.intellij.xml.breadcrumbs.BreadcrumbsPanel$5
11461:             2             48  com.intellij.xml.impl.NamedReferenceProviders$ByHostClass
11462:             3             48  com.intellij.xml.index.SchemaTypeInheritanceIndex$2
11463:             2             48  com.intellij.xml.index.XmlIndex$2
11464:             3             48  com.intellij.xml.index.XmlNamespaceIndex$3
11465:             3             48  com.intellij.xml.util.XmlRefCountHolder$1$$Lambda$5295/0x0000000802cf7440
11466:             1             48  com.jetbrains.jdi.EventSetImpl
11467:             1             48  com.jetbrains.jdi.EventSetImpl$ThreadStartEventImpl
11468:             2             48  com.jetbrains.jsonSchema.JsonSchemaCatalogProjectConfiguration
11469:             3             48  com.jetbrains.jsonSchema.JsonSchemaCatalogProjectConfiguration$MyState
11470:             2             48  com.jetbrains.jsonSchema.JsonSchemaMappingsProjectConfiguration
11471:             3             48  com.jetbrains.jsonSchema.JsonSchemaMappingsProjectConfiguration$MyState
11472:             2             48  com.jetbrains.jsonSchema.JsonSchemaVfsListener
11473:             2             48  com.jetbrains.jsonSchema.JsonSchemaVfsListener$2
11474:             2             48  com.jetbrains.jsonSchema.JsonSchemaVfsListener$MyUpdater$$Lambda$2480/0x00000008019d5440
11475:             2             48  com.jetbrains.jsonSchema.impl.JsonSchemaServiceImpl$1
11476:             2             48  com.jetbrains.jsonSchema.impl.JsonSchemaServiceImpl$MyState$1
11477:             2             48  com.jetbrains.jsonSchema.remote.JsonSchemaRemoteContentProvider
11478:             2             48  com.jetbrains.jsonSchema.widget.JsonSchemaStatusWidget$$Lambda$1447/0x00000008010f2c40
11479:             2             48  com.jetbrains.jsonSchema.widget.JsonSchemaStatusWidget$1Listener
11480:             1             48  com.maddyhome.idea.copyright.actions.UpdateCopyrightAction
11481:             2             48  com.siyeh.ig.callMatcher.CallMatcher$2
11482:             2             48  com.siyeh.ig.psiutils.EquivalenceChecker$Match
11483:             3             48  com.sun.proxy.$Proxy143
11484:             3             48  com.sun.proxy.$Proxy148
11485:             3             48  com.sun.proxy.$Proxy155
11486:             1             48  de.plushnikov.intellij.plugin.extension.postfix.LombokValPostfixTemplate
11487:             1             48  de.plushnikov.intellij.plugin.extension.postfix.LombokVarPostfixTemplate
11488:             2             48  de.plushnikov.intellij.plugin.inspection.modifiers.LombokRedundantModifierInspection$LombokRedundantModifiersVisitor
11489:             3             48  de.plushnikov.intellij.plugin.lombokconfig.LombokConfigIndex$3
11490:             2             48  git4idea.GitUserRegistry
11491:             1             48  git4idea.actions.GitCheckoutActionGroup
11492:             2             48  git4idea.branch.GitBranchType
11493:             2             48  git4idea.config.GitVcsApplicationSettings$State
11494:             2             48  git4idea.config.GitVcsPanelKt$cdAutoUpdateOnPush$1
11495:             2             48  git4idea.config.GitVcsPanelKt$cdAutoUpdateOnPush$2
11496:             2             48  git4idea.config.GitVcsPanelKt$cdWarnAboutCrlf$1
11497:             2             48  git4idea.config.GitVcsPanelKt$cdWarnAboutCrlf$2
11498:             2             48  git4idea.config.GitVcsPanelKt$cdWarnAboutDetachedHead$1
11499:             2             48  git4idea.config.GitVcsPanelKt$cdWarnAboutDetachedHead$2
11500:             2             48  git4idea.history.GitLogParser$NameStatus
11501:             2             48  git4idea.ignore.GitIgnoreInStoreDirGenerator
11502:             2             48  git4idea.ignore.GitIgnoredFileContentProvider
11503:             2             48  git4idea.ignore.GitIgnoredFilesHolder$Provider
11504:             2             48  git4idea.log.GitLogProvider$$Lambda$3163/0x0000000801db3040
11505:             2             48  git4idea.repo.GitRepositoryImpl$MyRepositoryIgnoredHolderUpdateListener
11506:             2             48  git4idea.stash.ui.GitStashStartupActivity$runActivity$1
11507:             2             48  git4idea.status.GitChangeProvider
11508:             2             48  git4idea.ui.branch.GitBranchManager
11509:             1             48  git4idea.ui.branch.GitLogBranchOperationsActionGroup
11510:             1             48  gnu.trove.TIntIntHashMap
11511:             1             48  gnu.trove.TLongHashSet
11512:             2             48  in.oneton.idea.spring.assistant.plugin.suggestion.component.BootstrapImpl
11513:             2             48  in.oneton.idea.spring.assistant.plugin.suggestion.component.BootstrapImpl$1
11514:             2             48  in.oneton.idea.spring.assistant.plugin.suggestion.component.MavenReIndexingDependencyChangeSubscriberImpl
11515:             2             48  in.oneton.idea.spring.assistant.plugin.suggestion.component.MavenReIndexingDependencyChangeSubscriberImpl$$Lambda$1480/0x000000080110d840
11516:             2             48  in.oneton.idea.spring.assistant.plugin.suggestion.metadata.json.SpringConfigurationMetadataDeprecationLevel
11517:             3             48  info.debatty.java.stringsimilarity.Cosine
11518:             2             48  io.netty.buffer.PoolArena$SizeClass
11519:             2             48  io.netty.channel.ChannelMetadata
11520:             2             48  io.netty.channel.nio.SelectedSelectionKeySet
11521:             2             48  io.netty.channel.nio.SelectedSelectionKeySetSelector
11522:             1             48  io.netty.util.ResourceLeakDetector$TraceRecord
11523:             3             48  io.netty.util.concurrent.PromiseTask$SentinelRunnable
11524:             2             48  io.netty.util.internal.ThreadExecutorMap$1
11525:             2             48  io.netty.util.internal.ThreadExecutorMap$2
11526:             2             48  it.unimi.dsi.fastutil.longs.LongArrayList
11527:             2             48  java.awt.BufferCapabilities (java.desktop@11.0.9.1)
11528:             3             48  java.awt.ComponentOrientation (java.desktop@11.0.9.1)
11529:             2             48  java.io.File$PathStatus (java.base@11.0.9.1)
11530:             2             48  java.io.FilePermissionCollection (java.base@11.0.9.1)
11531:             2             48  java.lang.CompoundEnumeration (java.base@11.0.9.1)
11532:             1             48  java.lang.invoke.BoundMethodHandle$Specializer$Factory (java.base@11.0.9.1)
11533:             1             48  java.lang.invoke.BoundMethodHandle$Species_LLLLL (java.base@11.0.9.1)
11534:             2             48  java.lang.management.ManagementPermission (java.management@11.0.9.1)
11535:             2             48  java.lang.management.MemoryType (java.management@11.0.9.1)
11536:             2             48  java.lang.module.ModuleDescriptor$Exports$Modifier (java.base@11.0.9.1)
11537:             2             48  java.lang.module.ModuleDescriptor$Opens$Modifier (java.base@11.0.9.1)
11538:             2             48  java.lang.reflect.ReflectPermission (java.base@11.0.9.1)
11539:             2             48  java.net.InterfaceAddress (java.base@11.0.9.1)
11540:             2             48  java.net.SocketPermissionCollection (java.base@11.0.9.1)
11541:             2             48  java.net.StandardProtocolFamily (java.base@11.0.9.1)
11542:             1             48  java.nio.HeapByteBufferR (java.base@11.0.9.1)
11543:             3             48  java.nio.charset.CodingErrorAction (java.base@11.0.9.1)
11544:             2             48  java.security.AllPermissionCollection (java.base@11.0.9.1)
11545:             2             48  java.security.Timestamp (java.base@11.0.9.1)
11546:             3             48  java.text.AttributedCharacterIterator$Attribute (java.base@11.0.9.1)
11547:             1             48  java.text.AttributedString$AttributedStringIterator (java.base@11.0.9.1)
11548:             2             48  java.time.Clock$SystemClock (java.base@11.0.9.1)
11549:             2             48  java.time.format.DateTimeFormatterBuilder$1 (java.base@11.0.9.1)
11550:             2             48  java.time.format.DateTimeFormatterBuilder$ZoneIdPrinterParser (java.base@11.0.9.1)
11551:             2             48  java.time.format.DateTimeTextProvider$LocaleStore (java.base@11.0.9.1)
11552:             3             48  java.util.Base64$Decoder (java.base@11.0.9.1)
11553:             2             48  java.util.Collections$UnmodifiableList (java.base@11.0.9.1)
11554:             3             48  java.util.ResourceBundle$NoFallbackControl (java.base@11.0.9.1)
11555:             2             48  java.util.ServiceLoader$2 (java.base@11.0.9.1)
11556:             1             48  java.util.TreeMap$AscendingSubMap (java.base@11.0.9.1)
11557:             2             48  java.util.concurrent.ConcurrentSkipListMap$Index (java.base@11.0.9.1)
11558:             3             48  java.util.concurrent.CountDownLatch (java.base@11.0.9.1)
11559:             2             48  java.util.concurrent.Executors$DefaultThreadFactory (java.base@11.0.9.1)
11560:             2             48  java.util.logging.Logger$LoggerBundle (java.logging@11.0.9.1)
11561:             2             48  java.util.logging.LoggingPermission (java.logging@11.0.9.1)
11562:             2             48  java.util.regex.Pattern$BackRef (java.base@11.0.9.1)
11563:             2             48  java.util.regex.Pattern$CharPredicate$$Lambda$2131/0x000000080167a440 (java.base@11.0.9.1)
11564:             2             48  javax.crypto.CryptoPermissions (java.base@11.0.9.1)
11565:             2             48  javax.swing.KeyboardManager$ComponentKeyStrokePair (java.desktop@11.0.9.1)
11566:             1             48  javax.swing.TransferHandler$DropHandler (java.desktop@11.0.9.1)
11567:             3             48  javax.swing.TransferHandler$TransferAction (java.desktop@11.0.9.1)
11568:             1             48  javax.swing.UIDefaults$TextAndMnemonicHashMap (java.desktop@11.0.9.1)
11569:             1             48  javax.swing.UIManager$LAFState (java.desktop@11.0.9.1)
11570:             2             48  javax.swing.border.LineBorder (java.desktop@11.0.9.1)
11571:             3             48  javax.swing.event.DocumentEvent$EventType (java.desktop@11.0.9.1)
11572:             3             48  javax.swing.event.HyperlinkEvent$EventType (java.desktop@11.0.9.1)
11573:             2             48  javax.swing.event.RowSorterEvent$Type (java.desktop@11.0.9.1)
11574:             3             48  javax.swing.plaf.basic.BasicBorders$MarginBorder (java.desktop@11.0.9.1)
11575:             1             48  javax.swing.plaf.basic.BasicPopupMenuUI$MenuKeyboardHelper (java.desktop@11.0.9.1)
11576:             3             48  javax.swing.plaf.basic.BasicRootPaneUI$Actions (java.desktop@11.0.9.1)
11577:             1             48  javax.swing.plaf.basic.BasicTextUI$TextTransferHandler (java.desktop@11.0.9.1)
11578:             2             48  javax.swing.text.DefaultEditorKit$DeleteWordAction (java.desktop@11.0.9.1)
11579:             3             48  javax.swing.text.DefaultStyledDocument$StyleChangeHandler (java.desktop@11.0.9.1)
11580:             3             48  javax.swing.text.DefaultStyledDocument$StyleContextChangeHandler (java.desktop@11.0.9.1)
11581:             1             48  javax.swing.text.html.HTMLEditorKit$InsertHRAction (java.desktop@11.0.9.1)
11582:             2             48  javax.swing.text.html.StyleSheet$BoxPainter$HorizontalMargin (java.desktop@11.0.9.1)
11583:             2             48  javax.xml.bind.annotation.XmlAccessOrder
11584:             1             48  jdk.internal.jimage.ImageHeader (java.base@11.0.9.1)
11585:             2             48  jdk.internal.misc.Signal$NativeHandler (java.base@11.0.9.1)
11586:             3             48  jdk.internal.module.ServicesCatalog (java.base@11.0.9.1)
11587:             1             48  jdk.internal.ref.CleanerImpl$WeakCleanableRef (java.base@11.0.9.1)
11588:             2             48  kotlin.comparisons.ComparisonsKt__ComparisonsKt$then$1
11589:             2             48  kotlin.reflect.jvm.internal.KDeclarationContainerImpl$MemberBelonginess
11590:             2             48  kotlin.reflect.jvm.internal.KDeclarationContainerImpl$MemberBelonginess
11591:             2             48  kotlin.reflect.jvm.internal.impl.builtins.functions.BuiltInFictitiousFunctionClassFactory
11592:             2             48  kotlin.reflect.jvm.internal.impl.builtins.functions.BuiltInFictitiousFunctionClassFactory
11593:             2             48  kotlin.reflect.jvm.internal.impl.descriptors.NotFoundClasses$classes$1
11594:             2             48  kotlin.reflect.jvm.internal.impl.descriptors.NotFoundClasses$classes$1
11595:             2             48  kotlin.reflect.jvm.internal.impl.descriptors.NotFoundClasses$packageFragments$1
11596:             2             48  kotlin.reflect.jvm.internal.impl.descriptors.NotFoundClasses$packageFragments$1
11597:             3             48  kotlin.reflect.jvm.internal.impl.descriptors.impl.CompositePackageFragmentProvider
11598:             2             48  kotlin.reflect.jvm.internal.impl.descriptors.impl.ModuleDependenciesImpl
11599:             2             48  kotlin.reflect.jvm.internal.impl.descriptors.impl.ModuleDescriptorImpl$packages$1
11600:             2             48  kotlin.reflect.jvm.internal.impl.descriptors.impl.ModuleDescriptorImpl$packages$1
11601:             2             48  kotlin.reflect.jvm.internal.impl.descriptors.runtime.components.ReflectKotlinClassFinder
11602:             3             48  kotlin.reflect.jvm.internal.impl.descriptors.runtime.components.RuntimeSourceElementFactory$RuntimeSourceElement
11603:             3             48  kotlin.reflect.jvm.internal.impl.descriptors.runtime.structure.ReflectJavaClass
11604:             1             48  kotlin.reflect.jvm.internal.impl.descriptors.runtime.structure.ReflectJavaClass$fields$1
11605:             1             48  kotlin.reflect.jvm.internal.impl.descriptors.runtime.structure.ReflectJavaClass$fields$1
11606:             1             48  kotlin.reflect.jvm.internal.impl.descriptors.runtime.structure.ReflectJavaClass$fields$2
11607:             1             48  kotlin.reflect.jvm.internal.impl.descriptors.runtime.structure.ReflectJavaClass$fields$2
11608:             1             48  kotlin.reflect.jvm.internal.impl.descriptors.runtime.structure.ReflectJavaClass$methods$2
11609:             1             48  kotlin.reflect.jvm.internal.impl.descriptors.runtime.structure.ReflectJavaClass$methods$2
11610:             1             48  kotlin.reflect.jvm.internal.impl.load.java.AnnotationTypeQualifierResolver$resolvedNicknames$1
11611:             2             48  kotlin.reflect.jvm.internal.impl.load.java.components.TypeUsage
11612:             2             48  kotlin.reflect.jvm.internal.impl.load.java.components.TypeUsage
11613:             2             48  kotlin.reflect.jvm.internal.impl.load.java.lazy.descriptors.ClassDeclaredMemberIndex$methodFilter$1
11614:             2             48  kotlin.reflect.jvm.internal.impl.load.java.structure.LightClassOriginKind
11615:             2             48  kotlin.reflect.jvm.internal.impl.load.java.structure.LightClassOriginKind
11616:             2             48  kotlin.reflect.jvm.internal.impl.load.java.typeEnhancement.MutabilityQualifier
11617:             1             48  kotlin.reflect.jvm.internal.impl.metadata.jvm.JvmProtoBuf$JvmPropertySignature
11618:             3             48  kotlin.reflect.jvm.internal.impl.protobuf.ExtensionRegistryLite
11619:             3             48  kotlin.reflect.jvm.internal.impl.protobuf.ExtensionRegistryLite
11620:             2             48  kotlin.reflect.jvm.internal.impl.resolve.OverridingUtil
11621:             2             48  kotlin.reflect.jvm.internal.impl.resolve.OverridingUtil
11622:             2             48  kotlin.reflect.jvm.internal.impl.resolve.calls.inference.CapturedTypeConstructorKt$createCapturedIfNeeded$1
11623:             1             48  kotlin.reflect.jvm.internal.impl.resolve.descriptorUtil.DescriptorUtilsKt$declaresOrInheritsDefaultValue$2
11624:             2             48  kotlin.reflect.jvm.internal.impl.resolve.sam.SamConversionResolverImpl
11625:             2             48  kotlin.reflect.jvm.internal.impl.serialization.deserialization.AnnotationAndConstantLoaderImpl
11626:             2             48  kotlin.reflect.jvm.internal.impl.serialization.deserialization.AnnotationAndConstantLoaderImpl
11627:             2             48  kotlin.reflect.jvm.internal.impl.serialization.deserialization.ClassDeserializer
11628:             2             48  kotlin.reflect.jvm.internal.impl.serialization.deserialization.ClassDeserializer$classes$1
11629:             1             48  kotlin.reflect.jvm.internal.impl.serialization.deserialization.TypeDeserializer$typeConstructor$1$classNestingLevel$1
11630:             3             48  kotlin.reflect.jvm.internal.impl.serialization.deserialization.builtins.BuiltInsResourceLoader
11631:             2             48  kotlin.reflect.jvm.internal.impl.serialization.deserialization.descriptors.DeserializedClassDescriptor$annotations$1
11632:             2             48  kotlin.reflect.jvm.internal.impl.storage.LockBasedStorageManager
11633:             2             48  kotlin.reflect.jvm.internal.impl.storage.LockBasedStorageManager
11634:             2             48  kotlin.reflect.jvm.internal.impl.storage.LockBasedStorageManager$CacheWithNotNullValuesBasedOnMemoizedFunction
11635:             2             48  kotlin.reflect.jvm.internal.impl.storage.LockBasedStorageManager$CacheWithNullableValuesBasedOnMemoizedFunction
11636:             2             48  kotlin.reflect.jvm.internal.impl.types.NullableSimpleType
11637:             2             48  kotlin.reflect.jvm.internal.impl.types.StarProjectionImpl
11638:             2             48  kotlin.reflect.jvm.internal.impl.types.StarProjectionImpl$_type$2
11639:             2             48  kotlin.reflect.jvm.internal.impl.types.TypeUtils$SpecialType
11640:             2             48  kotlin.reflect.jvm.internal.impl.types.TypeUtils$SpecialType
11641:             2             48  kotlin.reflect.jvm.internal.impl.utils.SmartList
11642:             3             48  kotlin.reflect.jvm.internal.pcollections.IntTreePMap
11643:             3             48  kotlin.reflect.jvm.internal.pcollections.IntTreePMap
11644:             2             48  kotlin.script.experimental.api.RefineConfigurationOnAnnotationsData
11645:             2             48  kotlin.script.experimental.host.ScriptDefinition
11646:             2             48  kotlin.script.experimental.util.PropertiesCollection$PropertyKeyCopyDelegate
11647:             1             48  kotlin.sequences.SequencesKt___SequencesKt$flatMap$2
11648:             1             48  kotlin.sequences.SequencesKt___SequencesKt$flatMap$2
11649:             1             48  kotlinx.coroutines.DefaultExecutor
11650:             2             48  kotlinx.coroutines.JobImpl
11651:             3             48  kotlinx.coroutines.internal.Removed
11652:             2             48  net.sf.cglib.core.AbstractClassGenerator$Source
11653:             2             48  one.util.streamex.StreamContext
11654:             3             48  org.apache.batik.css.engine.value.svg.MarkerManager
11655:             2             48  org.apache.batik.css.engine.value.svg.SVGPaintManager
11656:             1             48  org.apache.commons.logging.impl.LogFactoryImpl
11657:             1             48  org.apache.log4j.Hierarchy
11658:             1             48  org.apache.log4j.Hierarchy
11659:             1             48  org.apache.log4j.helpers.PatternParser
11660:             2             48  org.apache.maven.model.building.DefaultModelProcessor
11661:             3             48  org.apache.maven.model.path.DefaultPathTranslator
11662:             3             48  org.apache.xerces.impl.dv.dtd.ListDatatypeValidator
11663:             1             48  org.apache.xerces.util.URI
11664:             1             48  org.eclipse.aether.internal.impl.DefaultArtifactResolver
11665:             1             48  org.eclipse.aether.internal.impl.DefaultDeployer
11666:             3             48  org.editorconfig.language.index.EditorConfigIdentifierIndex$getValueExternalizer$1
11667:             2             48  org.infernus.idea.checkstyle.StaticScanner
11668:             2             48  org.infernus.idea.checkstyle.config.PluginConfigurationManager
11669:             2             48  org.infernus.idea.checkstyle.config.ProjectConfigurationState
11670:             3             48  org.infernus.idea.checkstyle.config.ProjectConfigurationState$ProjectSettings
11671:             1             48  org.ini4j.Config
11672:             2             48  org.intellij.lang.xpath.XPathFileType
11673:             2             48  org.intellij.lang.xpath.context.XPathVersion
11674:             1             48  org.intellij.lang.xpath.xslt.associations.impl.AssociationsGroup
11675:             2             48  org.intellij.lang.xpath.xslt.run.XsltRunConfiguration$JdkChoice
11676:             3             48  org.intellij.markdown.flavours.commonmark.CommonMarkFlavourDescriptor$sequentialParserManager$1
11677:             2             48  org.intellij.markdown.parser.markerblocks.MarkerBlock$EventAction
11678:             1             48  org.intellij.plugins.intelliLang.Configuration$AdvancedConfiguration
11679:             1             48  org.intellij.plugins.intelliLang.Configuration$App
11680:             2             48  org.intellij.plugins.intelliLang.inject.java.InjectionCache
11681:             2             48  org.intellij.plugins.intelliLang.inject.java.InjectionCache$$Lambda$3630/0x00000008021b8840
11682:             2             48  org.intellij.plugins.intelliLang.inject.xml.XmlLanguageInjector
11683:             2             48  org.intellij.plugins.intelliLang.util.AbstractAnnotationNotApplicableInspection$1
11684:             2             48  org.jetbrains.android.AndroidProjectComponent$AndroidProjectStartupActivity$1
11685:             2             48  org.jetbrains.android.AndroidPropertyFilesUpdater
11686:             1             48  org.jetbrains.android.actions.CreateResourceFileAction
11687:             2             48  org.jetbrains.android.compose.AndroidComposeAutoDocumentation
11688:             1             48  org.jetbrains.android.dom.lint.LintSettingsFileDescription
11689:             1             48  org.jetbrains.android.dom.manifest.ManifestDomFileDescription
11690:             1             48  org.jetbrains.android.dom.resources.ResourcesDomFileDescription
11691:             2             48  org.jetbrains.builtInWebServer.BuiltInServerOptions
11692:             1             48  org.jetbrains.idea.devkit.dom.impl.PluginDescriptorDomFileDescription
11693:             3             48  org.jetbrains.idea.devkit.inspections.PluginXmlDomInspection$$Lambda$3909/0x0000000802573440
11694:             2             48  org.jetbrains.idea.devkit.inspections.missingApi.update.IdeExternalAnnotationsUpdateStartupActivity$subscribeToJdkChanges$1
11695:             2             48  org.jetbrains.idea.kpmsearch.DefaultPackageServiceConfig$PackageSearchEndpointUrls
11696:             2             48  org.jetbrains.idea.kpmsearch.PackageSearchService
11697:             3             48  org.jetbrains.idea.maven.MavenDisposable
11698:             1             48  org.jetbrains.idea.maven.buildtool.MavenBuildEventProcessor
11699:             2             48  org.jetbrains.idea.maven.dom.MavenDomElementDescriptorHolder
11700:             2             48  org.jetbrains.idea.maven.dom.MavenDomElementDescriptorHolder$$Lambda$2186/0x00000008016d3c40
11701:             1             48  org.jetbrains.idea.maven.dom.MavenDomPluginModelDescription
11702:             1             48  org.jetbrains.idea.maven.dom.MavenDomProjectModelDescription
11703:             1             48  org.jetbrains.idea.maven.dom.MavenDomSettingsModelDescription
11704:             2             48  org.jetbrains.idea.maven.dom.model.MavenDomProfiles$$EnhancerByJetBrainsMainCglib$$fdbb257b
11705:             2             48  org.jetbrains.idea.maven.dom.model.MavenDomProperties$$EnhancerByJetBrainsMainCglib$$e50756c4
11706:             1             48  org.jetbrains.idea.maven.execution.MavenRunConfiguration$JavaCommandLineStateImpl
11707:             1             48  org.jetbrains.idea.maven.execution.MavenRunConfiguration$MavenHandlerFilterSpyWrapper
11708:             2             48  org.jetbrains.idea.maven.execution.MavenRunner
11709:             3             48  org.jetbrains.idea.maven.importing.MavenPomPathModuleService$MavenPomPathState
11710:             2             48  org.jetbrains.idea.maven.model.MavenRemoteRepository$Policy
11711:             2             48  org.jetbrains.idea.maven.navigator.MavenProjectsNavigator$5
11712:             2             48  org.jetbrains.idea.maven.navigator.MavenProjectsNavigatorPanel$1
11713:             2             48  org.jetbrains.idea.maven.navigator.MavenProjectsNavigatorPanel$2
11714:             1             48  org.jetbrains.idea.maven.navigator.MavenProjectsStructure
11715:             2             48  org.jetbrains.idea.maven.navigator.MavenProjectsStructure$ErrorLevel
11716:             2             48  org.jetbrains.idea.maven.project.MavenGeneralSettingsWatcher
11717:             2             48  org.jetbrains.idea.maven.project.MavenGeneralSettingsWatcher$1
11718:             2             48  org.jetbrains.idea.maven.project.MavenGeneralSettingsWatcher$VirtualFileSettingsListener
11719:             2             48  org.jetbrains.idea.maven.project.MavenModificationTracker
11720:             2             48  org.jetbrains.idea.maven.project.MavenProject
11721:             2             48  org.jetbrains.idea.maven.project.MavenProjectResolver
11722:             2             48  org.jetbrains.idea.maven.project.MavenProjectsManager$$Lambda$3738/0x0000000802222c40
11723:             2             48  org.jetbrains.idea.maven.project.MavenUnlinkedProjectAware$ProjectsTreeListener
11724:             2             48  org.jetbrains.idea.maven.project.MavenWorkspaceSettingsComponent
11725:             2             48  org.jetbrains.idea.maven.server.MavenDistribution
11726:             2             48  org.jetbrains.idea.maven.server.MavenServerConnector$RemoteMavenServerLogger
11727:             2             48  org.jetbrains.idea.maven.server.MavenServerProgressIndicator$ResolveType
11728:             2             48  org.jetbrains.idea.maven.server.MavenServerSettings$UpdatePolicy
11729:             2             48  org.jetbrains.idea.maven.tasks.MavenShortcutsManager
11730:             2             48  org.jetbrains.idea.maven.tasks.MavenShortcutsManager$MyProjectsTreeListener
11731:             2             48  org.jetbrains.idea.maven.utils.MavenMergingUpdateQueue$3
11732:             3             48  org.jetbrains.idea.maven.utils.Path
11733:             2             48  org.jetbrains.io.BuiltInServer
11734:             1             48  org.jetbrains.jps.api.CmdlineRemoteProto$Message$BuilderMessage
11735:             1             48  org.jetbrains.jps.api.CmdlineRemoteProto$Message$BuilderMessage$BuildEvent$CustomBuilderMessage
11736:             1             48  org.jetbrains.jps.api.CmdlineRemoteProto$Message$ControllerMessage
11737:             1             48  org.jetbrains.jps.api.CmdlineRemoteProto$Message$ControllerMessage$FSEvent
11738:             1             48  org.jetbrains.jps.api.CmdlineRemoteProto$Message$UUID
11739:             2             48  org.jetbrains.jps.builders.java.JavaModuleBuildTargetType
11740:             2             48  org.jetbrains.jps.incremental.groovy.GreclipseSettings
11741:             3             48  org.jetbrains.jps.model.ex.JpsElementChildRoleBase
11742:             2             48  org.jetbrains.jps.model.java.JavaResourceRootType
11743:             2             48  org.jetbrains.jps.model.java.JavaSourceRootType
11744:             2             48  org.jetbrains.kotlin.android.synthetic.idea.AndroidPsiTreeChangePreprocessor
11745:             2             48  org.jetbrains.kotlin.asJava.finder.JavaElementFinder
11746:             3             48  org.jetbrains.kotlin.backend.common.serialization.metadata.impl.KlibMetadataDeserializedPackageFragmentsFactoryImpl
11747:             2             48  org.jetbrains.kotlin.config.ConstraintSystemForOverloadResolutionMode
11748:             2             48  org.jetbrains.kotlin.console.ConsoleScriptDefinitionContributor
11749:             3             48  org.jetbrains.kotlin.descriptors.konan.impl.KlibModuleDescriptorFactoryImpl
11750:             2             48  org.jetbrains.kotlin.ide.konan.KotlinNativeABICompatibilityCheckerService
11751:             1             48  org.jetbrains.kotlin.ide.konan.NativePlatformKindResolution$Companion$metadataFactories$1
11752:             2             48  org.jetbrains.kotlin.idea.PluginStartupActivity$1
11753:             1             48  org.jetbrains.kotlin.idea.actions.NewKotlinScriptAction
11754:             1             48  org.jetbrains.kotlin.idea.actions.NewKotlinWorksheetAction
11755:             1             48  org.jetbrains.kotlin.idea.actions.generate.KotlinGenerateTestSupportActionBase$Data
11756:             1             48  org.jetbrains.kotlin.idea.actions.generate.KotlinGenerateTestSupportActionBase$SetUp
11757:             1             48  org.jetbrains.kotlin.idea.actions.generate.KotlinGenerateTestSupportActionBase$TearDown
11758:             1             48  org.jetbrains.kotlin.idea.actions.generate.KotlinGenerateTestSupportActionBase$Test
11759:             2             48  org.jetbrains.kotlin.idea.caches.ImplicitPackagePrefixCache
11760:             2             48  org.jetbrains.kotlin.idea.caches.KotlinShortNamesCache
11761:             2             48  org.jetbrains.kotlin.idea.caches.project.ModuleInfosFromIdeaModelKt$getIdeaModelInfosCache$1
11762:             2             48  org.jetbrains.kotlin.idea.caches.project.MultiplatformUtilKt$implementingModules$1
11763:             2             48  org.jetbrains.kotlin.idea.caches.project.SourceType
11764:             2             48  org.jetbrains.kotlin.idea.caches.resolve.IDEKotlinAsJavaSupport
11765:             2             48  org.jetbrains.kotlin.idea.caches.trackers.KotlinCodeBlockModificationListener$1
11766:             2             48  org.jetbrains.kotlin.idea.compiler.configuration.Kotlin2JvmCompilerArgumentsHolder
11767:             2             48  org.jetbrains.kotlin.idea.compiler.configuration.KotlinCommonCompilerArgumentsHolder
11768:             2             48  org.jetbrains.kotlin.idea.compiler.configuration.KotlinCompilerSettings
11769:             3             48  org.jetbrains.kotlin.idea.compiler.configuration.KotlinCompilerWorkspaceSettings
11770:             2             48  org.jetbrains.kotlin.idea.configuration.ui.KotlinConfigurationCheckerService
11771:             1             48  org.jetbrains.kotlin.idea.core.platform.impl.CommonIdePlatformKindTooling$getLibraryVersionProvider$1
11772:             1             48  org.jetbrains.kotlin.idea.core.platform.impl.JvmIdePlatformKindTooling$getLibraryVersionProvider$1
11773:             2             48  org.jetbrains.kotlin.idea.core.script.ScriptDefinitionSourceFromContributor
11774:             2             48  org.jetbrains.kotlin.idea.core.script.ScriptDependenciesModificationTracker
11775:             2             48  org.jetbrains.kotlin.idea.core.script.StandardScriptDefinitionContributor
11776:             2             48  org.jetbrains.kotlin.idea.core.script.configuration.DefaultScriptingSupport$createCache$1
11777:             2             48  org.jetbrains.kotlin.idea.core.script.configuration.DefaultScriptingSupport$loadingContext$1
11778:             2             48  org.jetbrains.kotlin.idea.core.script.settings.KotlinScriptingSettings
11779:             1             48  org.jetbrains.kotlin.idea.core.util.FileAttributeProperty$cache$1
11780:             2             48  org.jetbrains.kotlin.idea.debugger.KotlinDebuggerSettings
11781:             2             48  org.jetbrains.kotlin.idea.debugger.coroutine.CoroutineDebuggerListener
11782:             2             48  org.jetbrains.kotlin.idea.highlighter.KotlinRainbowVisitor
11783:             1             48  org.jetbrains.kotlin.idea.inspections.jdk2k.ReplaceJavaStaticMethodWithKotlinAnalogInspection$Companion$JAVA_IO$1
11784:             1             48  org.jetbrains.kotlin.idea.inspections.jdk2k.ReplaceJavaStaticMethodWithKotlinAnalogInspection$Companion$JAVA_IO$2
11785:             1             48  org.jetbrains.kotlin.idea.klib.KlibMetadataDecompiler$metadataStubBuilder$1
11786:             1             48  org.jetbrains.kotlin.idea.migration.CodeMigrationAction
11787:             2             48  org.jetbrains.kotlin.idea.project.KotlinLibraryToSourceAnalysisStateComponent
11788:             2             48  org.jetbrains.kotlin.idea.project.KotlinMultiplatformAnalysisModeComponent$Mode
11789:             2             48  org.jetbrains.kotlin.idea.project.KotlinMultiplatformAnalysisModeComponent$containsImportedHmppModules$1
11790:             3             48  org.jetbrains.kotlin.idea.refactoring.rename.KotlinVariableInplaceRenameHandler
11791:             2             48  org.jetbrains.kotlin.idea.scratch.ScratchFileModuleInfoProvider$runActivity$1
11792:             2             48  org.jetbrains.kotlin.idea.script.BridgeScriptDefinitionsContributor
11793:             1             48  org.jetbrains.kotlin.idea.script.BridgeScriptDefinitionsContributor$definitions$1$discoveredDefinitions$1
11794:             2             48  org.jetbrains.kotlin.idea.script.ScriptTemplatesFromCompilerSettingsProvider
11795:             2             48  org.jetbrains.kotlin.idea.scripting.gradle.ErrorScriptDependenciesResolver
11796:             2             48  org.jetbrains.kotlin.idea.scripting.gradle.GradleScriptDefinitionsContributor
11797:             2             48  org.jetbrains.kotlin.idea.scripting.gradle.GradleScriptListener
11798:             2             48  org.jetbrains.kotlin.idea.scripting.gradle.roots.GradleBuildRootIndex$standaloneScriptRoots$2
11799:             2             48  org.jetbrains.kotlin.idea.stubindex.SubpackagesIndexService
11800:             2             48  org.jetbrains.kotlin.idea.versions.KotlinJsMetadataVersionIndex
11801:             2             48  org.jetbrains.kotlin.idea.versions.KotlinJvmMetadataVersionIndex
11802:             2             48  org.jetbrains.kotlin.idea.versions.UnsupportedAbiVersionNotificationPanelProvider
11803:             2             48  org.jetbrains.kotlin.idea.vfilefinder.KlibMetaFileIndex
11804:             2             48  org.jetbrains.kotlin.idea.vfilefinder.KotlinClassFileIndex
11805:             2             48  org.jetbrains.kotlin.idea.vfilefinder.KotlinJavaScriptMetaFileIndex
11806:             1             48  org.jetbrains.kotlin.idea.vfilefinder.KotlinMetadataFileIndex$1
11807:             1             48  org.jetbrains.kotlin.idea.vfilefinder.KotlinMetadataFilePackageIndex$1
11808:             1             48  org.jetbrains.kotlin.mainKts.MainKtsEvaluationConfiguration$1$1
11809:             1             48  org.jetbrains.kotlin.mainKts.MainKtsEvaluationConfiguration$1$1
11810:             1             48  org.jetbrains.kotlin.mainKts.MainKtsEvaluationConfiguration$1$2
11811:             1             48  org.jetbrains.kotlin.mainKts.MainKtsEvaluationConfiguration$1$2
11812:             1             48  org.jetbrains.kotlin.mainKts.MainKtsScriptDefinition$1$2$1
11813:             1             48  org.jetbrains.kotlin.mainKts.MainKtsScriptDefinition$1$2$1
11814:             1             48  org.jetbrains.kotlin.psi.CreateByPatternKt$SUPPORTED_ARGUMENT_TYPES$2
11815:             2             48  org.jetbrains.kotlin.psi.NotNullableUserDataProperty
11816:             2             48  org.jetbrains.kotlin.psi.PlainTextArgumentType
11817:             2             48  org.jetbrains.kotlin.psi.PsiElementArgumentType
11818:             2             48  org.jetbrains.kotlin.scripting.definitions.KotlinScriptDefinitionAdapterFromNewAPIBase$acceptedAnnotations$2
11819:             2             48  org.jetbrains.kotlin.scripting.definitions.KotlinScriptDefinitionAdapterFromNewAPIBase$baseClass$2
11820:             2             48  org.jetbrains.kotlin.scripting.definitions.KotlinScriptDefinitionAdapterFromNewAPIBase$dependencyResolver$2
11821:             2             48  org.jetbrains.kotlin.scripting.definitions.KotlinScriptDefinitionAdapterFromNewAPIBase$implicitReceivers$2
11822:             2             48  org.jetbrains.kotlin.scripting.definitions.KotlinScriptDefinitionAdapterFromNewAPIBase$providedProperties$2
11823:             2             48  org.jetbrains.kotlin.scripting.definitions.KotlinScriptDefinitionAdapterFromNewAPIBase$scriptingClassGetter$2
11824:             3             48  org.jetbrains.kotlin.serialization.konan.impl.KlibResolvedModuleDescriptorsFactoryImpl
11825:             2             48  org.jetbrains.mvstore.MVMap$Builder
11826:             2             48  org.jetbrains.mvstore.MVStore$TxCounter
11827:             1             48  org.jetbrains.plugins.github.GHOpenInBrowserActionGroup
11828:             1             48  org.jetbrains.plugins.github.GithubCreatePullRequestAction
11829:             1             48  org.jetbrains.plugins.github.GithubRebaseAction
11830:             1             48  org.jetbrains.plugins.github.GithubViewPullRequestsAction
11831:             2             48  org.jetbrains.plugins.github.api.GHRepositoryCoordinates
11832:             2             48  org.jetbrains.plugins.github.api.GHRepositoryPath
11833:             2             48  org.jetbrains.plugins.github.authentication.accounts.GithubAccount
11834:             2             48  org.jetbrains.plugins.github.pullrequest.GHPRToolWindowTabsManager$$special$$inlined$observable$1
11835:             2             48  org.jetbrains.plugins.github.pullrequest.GHPRToolWindowTabsManager$1
11836:             2             48  org.jetbrains.plugins.github.pullrequest.GHPRToolWindowTabsManager$tabDisposalListener$1
11837:             2             48  org.jetbrains.plugins.github.util.GHGitRepositoryMapping
11838:             2             48  org.jetbrains.plugins.github.util.GitRemoteUrlCoordinates
11839:             2             48  org.jetbrains.plugins.github.util.GithubUtil$Delegates$observableField$1
11840:             2             48  org.jetbrains.plugins.gradle.GradleManager$1
11841:             2             48  org.jetbrains.plugins.gradle.compiler.GradleBuildProcessParametersProvider
11842:             2             48  org.jetbrains.plugins.gradle.config.GradleResourceCompilerConfigurationGenerator
11843:             2             48  org.jetbrains.plugins.gradle.execution.GradleBeforeRunTaskProvider
11844:             2             48  org.jetbrains.plugins.gradle.integrations.maven.MavenRepositoriesHolder
11845:             2             48  org.jetbrains.plugins.gradle.settings.GradleLocalSettings
11846:             2             48  org.jetbrains.plugins.groovy.annotator.intentions.dynamic.DynamicManagerImpl
11847:             3             48  org.jetbrains.plugins.groovy.annotator.intentions.dynamic.elements.DRootElement
11848:             1             48  org.jetbrains.plugins.groovy.bundled.BundledGroovy$bundledGroovyFile$2
11849:             1             48  org.jetbrains.plugins.groovy.bundled.BundledGroovy$bundledGroovyJarRoot$2
11850:             1             48  org.jetbrains.plugins.groovy.bundled.BundledGroovy$bundledGroovyVersion$2
11851:             3             48  org.jetbrains.plugins.groovy.codeInspection.gpath.GroovyMapPutCanBeKeyedAccessInspection$ReplaceWithPropertyAccessFix
11852:             2             48  org.jetbrains.plugins.groovy.console.GroovyConsoleStateService
11853:             2             48  org.jetbrains.plugins.groovy.debugger.GroovyDebuggerSettings
11854:             2             48  org.jetbrains.plugins.groovy.findUsages.MethodLateBoundReferencesSearcher$1
11855:             2             48  org.jetbrains.plugins.groovy.gant.GantSettings
11856:             1             48  org.jetbrains.plugins.groovy.intentions.annotations.AddAnnotationValueIntention$Companion$1
11857:             3             48  org.jetbrains.plugins.groovy.intentions.declaration.GrChangeMemberVisibilityModifierBase$1
11858:             2             48  org.jetbrains.plugins.groovy.lang.psi.impl.synthetic.GrGdkMethodImpl$$Lambda$5645/0x0000000800f23440
11859:             2             48  org.jetbrains.plugins.groovy.mvc.MvcFramework$$Lambda$2779/0x0000000801b58040
11860:             2             48  org.jetbrains.plugins.groovy.mvc.MvcModuleStructureSynchronizer$4
11861:             1             48  org.jetbrains.plugins.groovy.shell.GroovyShellAction
11862:             2             48  org.jetbrains.plugins.javaFX.fxml.refs.FxmlReferencesContributor$MyJavaClassReferenceProvider
11863:             2             48  org.jetbrains.plugins.javaFX.fxml.refs.JavaFxReferencesContributor$3
11864:             3             48  org.jetbrains.plugins.javaFX.indexing.JavaFxControllerClassIndex$MyInputFilter
11865:             1             48  org.jetbrains.uast.UastContextKt$getFirstUElement$parentSequence$1
11866:             1             48  org.jetbrains.uast.java.JavaConverter$convertExpression$2$1
11867:             1             48  org.jetbrains.uast.java.JavaConverter$convertExpression$2$11
11868:             1             48  org.jetbrains.uast.java.JavaConverter$convertExpression$2$15
11869:             1             48  org.jetbrains.uast.java.JavaConverter$convertExpression$2$16
11870:             1             48  org.jetbrains.uast.java.JavaConverter$convertExpression$2$17
11871:             1             48  org.jetbrains.uast.java.JavaConverter$convertExpression$2$21
11872:             1             48  org.jetbrains.uast.java.JavaConverter$convertExpression$2$4
11873:             1             48  org.jetbrains.uast.java.JavaConverter$convertExpression$2$6
11874:             1             48  org.jetbrains.uast.java.JavaConverter$convertExpression$2$7
11875:             1             48  org.jetbrains.uast.java.JavaConverter$convertExpression$2$8
11876:             1             48  org.jetbrains.uast.java.JavaConverter$convertPsiElement$2$1
11877:             1             48  org.jetbrains.uast.java.JavaConverter$convertPsiElement$2$11
11878:             1             48  org.jetbrains.uast.java.JavaConverter$convertPsiElement$2$13
11879:             1             48  org.jetbrains.uast.java.JavaConverter$convertPsiElement$2$2
11880:             1             48  org.jetbrains.uast.java.JavaConverter$convertPsiElement$2$5
11881:             1             48  org.jetbrains.uast.java.JavaConverter$convertPsiElement$2$7
11882:             1             48  org.jetbrains.uast.java.JavaConverter$convertStatement$2$10
11883:             1             48  org.jetbrains.uast.java.JavaConverter$convertStatement$2$14
11884:             1             48  org.jetbrains.uast.java.JavaConverter$convertStatement$2$16
11885:             1             48  org.jetbrains.uast.java.JavaConverter$convertStatement$2$18
11886:             1             48  org.jetbrains.uast.java.JavaConverter$convertStatement$2$3
11887:             1             48  org.jetbrains.uast.java.JavaConverter$convertStatement$2$5
11888:             1             48  org.jetbrains.uast.java.JavaConverter$convertStatement$2$7
11889:             1             48  org.jetbrains.uast.java.JavaUastLanguagePlugin$convertDeclaration$2$11
11890:             1             48  org.jetbrains.uast.java.JavaUastLanguagePlugin$convertDeclaration$2$7
11891:             1             48  org.jetbrains.uast.java.JavaUastLanguagePlugin$convertDeclaration$2$8
11892:             3             48  org.jetbrains.yaml.navigation.YAMLKeysIndex$2
11893:             2             48  org.zmlx.hg4idea.HgProjectSettings
11894:             2             48  org.zmlx.hg4idea.branch.HgBranchManager
11895:             2             48  org.zmlx.hg4idea.branch.HgBranchType
11896:             2             48  org.zmlx.hg4idea.log.HgLogProvider
11897:             2             48  org.zmlx.hg4idea.log.HgRefManager
11898:             2             48  org.zmlx.hg4idea.provider.HgChangeProvider
11899:             2             48  org.zmlx.hg4idea.provider.HgCommittedChangesProvider
11900:             2             48  org.zmlx.hg4idea.provider.HgIgnoredFileHolder$Provider
11901:             2             48  org.zmlx.hg4idea.provider.commit.HgCheckinEnvironment
11902:             2             48  org.zmlx.hg4idea.provider.update.HgUpdateEnvironment
11903:             2             48  sun.awt.MostRecentKeyValue (java.desktop@11.0.9.1)
11904:             2             48  sun.awt.util.IdentityArrayList (java.desktop@11.0.9.1)
11905:             1             48  sun.font.ScriptRun (java.desktop@11.0.9.1)
11906:             1             48  sun.java2d.SurfaceData$PixelToPgramLoopConverter (java.desktop@11.0.9.1)
11907:             1             48  sun.java2d.loops.DrawGlyphListColor (java.desktop@11.0.9.1)
11908:             1             48  sun.java2d.loops.OpaqueCopyAnyToArgb (java.desktop@11.0.9.1)
11909:             1             48  sun.java2d.loops.OpaqueCopyArgbToAny (java.desktop@11.0.9.1)
11910:             1             48  sun.java2d.loops.SetDrawLineANY (java.desktop@11.0.9.1)
11911:             1             48  sun.java2d.loops.SetDrawPathANY (java.desktop@11.0.9.1)
11912:             1             48  sun.java2d.loops.SetDrawPolygonsANY (java.desktop@11.0.9.1)
11913:             1             48  sun.java2d.loops.SetDrawRectANY (java.desktop@11.0.9.1)
11914:             1             48  sun.java2d.loops.SetFillPathANY (java.desktop@11.0.9.1)
11915:             1             48  sun.java2d.loops.SetFillRectANY (java.desktop@11.0.9.1)
11916:             1             48  sun.java2d.loops.SetFillSpansANY (java.desktop@11.0.9.1)
11917:             1             48  sun.java2d.loops.TransformBlit (java.desktop@11.0.9.1)
11918:             1             48  sun.java2d.opengl.OGLRTTSurfaceToSurfaceBlit (java.desktop@11.0.9.1)
11919:             1             48  sun.java2d.opengl.OGLRTTSurfaceToSurfaceScale (java.desktop@11.0.9.1)
11920:             1             48  sun.java2d.opengl.OGLRTTSurfaceToSurfaceTransform (java.desktop@11.0.9.1)
11921:             1             48  sun.java2d.opengl.OGLSurfaceToSurfaceBlit (java.desktop@11.0.9.1)
11922:             1             48  sun.java2d.opengl.OGLSurfaceToSurfaceScale (java.desktop@11.0.9.1)
11923:             1             48  sun.java2d.opengl.OGLSurfaceToSurfaceTransform (java.desktop@11.0.9.1)
11924:             1             48  sun.java2d.opengl.OGLTextureToSurfaceBlit (java.desktop@11.0.9.1)
11925:             1             48  sun.java2d.opengl.OGLTextureToSurfaceScale (java.desktop@11.0.9.1)
11926:             1             48  sun.java2d.opengl.OGLTextureToSurfaceTransform (java.desktop@11.0.9.1)
11927:             1             48  sun.java2d.pipe.RenderBuffer (java.desktop@11.0.9.1)
11928:             3             48  sun.java2d.pipe.SpanClipRenderer (java.desktop@11.0.9.1)
11929:             1             48  sun.lwawt.macosx.CClipboard (java.desktop@11.0.9.1)
11930:             2             48  sun.lwawt.macosx.CDropTarget (java.desktop@11.0.9.1)
11931:             1             48  sun.net.www.http.KeepAliveCache (java.base@11.0.9.1)
11932:             2             48  sun.nio.ch.FileLockTable (java.base@11.0.9.1)
11933:             2             48  sun.nio.ch.KQueuePort$Event (java.base@11.0.9.1)
11934:             1             48  sun.rmi.runtime.Log$InternalStreamHandler (java.rmi@11.0.9.1)
11935:             3             48  sun.rmi.transport.DGCClient$EndpointEntry$RenewCleanThread (java.rmi@11.0.9.1)
11936:             3             48  sun.rmi.transport.tcp.TCPChannel$1 (java.rmi@11.0.9.1)
11937:             2             48  sun.security.jca.ProviderList (java.base@11.0.9.1)
11938:             2             48  sun.security.jca.ProviderList$3 (java.base@11.0.9.1)
11939:             1             48  sun.security.pkcs12.PKCS12KeyStore (java.base@11.0.9.1)
11940:             2             48  sun.security.rsa.RSAUtil$KeyType (java.base@11.0.9.1)
11941:             2             48  sun.security.ssl.SSLAlgorithmConstraints (java.base@11.0.9.1)
11942:             3             48  sun.security.ssl.SSLCipher$StreamReadCipherGenerator (java.base@11.0.9.1)
11943:             3             48  sun.security.ssl.SSLCipher$StreamWriteCipherGenerator (java.base@11.0.9.1)
11944:             1             48  sun.security.ssl.SSLContextImpl$TLSContext (java.base@11.0.9.1)
11945:             2             48  sun.security.ssl.SSLKeyExchange (java.base@11.0.9.1)
11946:             3             48  sun.security.util.AlgorithmDecomposer (java.base@11.0.9.1)
11947:             2             48  sun.security.util.DisabledAlgorithmConstraints$UsageConstraint (java.base@11.0.9.1)
11948:             2             48  sun.security.util.DisabledAlgorithmConstraints$jdkCAConstraint (java.base@11.0.9.1)
11949:             3             48  sun.security.x509.RFC822Name (java.base@11.0.9.1)
11950:             1             48  sun.text.normalizer.CharTrie (java.base@11.0.9.1)
11951:             2             48  sun.text.normalizer.Norm2AllModes (java.base@11.0.9.1)
11952:             2             48  sun.text.normalizer.Norm2AllModes$ComposeNormalizer2 (java.base@11.0.9.1)
11953:             2             48  sun.text.normalizer.Norm2AllModes$Norm2AllModesSingleton (java.base@11.0.9.1)
11954:             1             48  sun.text.normalizer.UCharacterProperty (java.base@11.0.9.1)
11955:             3             48  sun.text.normalizer.VersionInfo (java.base@11.0.9.1)
11956:             2             48  sun.util.locale.LocaleExtensions (java.base@11.0.9.1)
11957:             2             48  sun.util.locale.provider.CurrencyNameProviderImpl (java.base@11.0.9.1)
11958:             2             48  sun.util.locale.provider.DateFormatProviderImpl (java.base@11.0.9.1)
11959:             2             48  sun.util.locale.provider.DateFormatSymbolsProviderImpl (java.base@11.0.9.1)
11960:             2             48  sun.util.locale.provider.DecimalFormatSymbolsProviderImpl (java.base@11.0.9.1)
11961:             2             48  sun.util.locale.provider.LocaleNameProviderImpl (java.base@11.0.9.1)
11962:             2             48  sun.util.locale.provider.NumberFormatProviderImpl (java.base@11.0.9.1)
11963:             3             48  sun.util.resources.LocaleData (java.base@11.0.9.1)
11964:             2             48  training.lang.LangManager$State
11965:             1             40  [Lcom.android.prefs.AndroidLocation$Global;
11966:             1             40  [Lcom.android.sdklib.devices.Storage$Unit;
11967:             1             40  [Lcom.android.tools.adtui.actions.ZoomType;
11968:             1             40  [Lcom.android.tools.idea.run.TargetSelectionMode;
11969:             1             40  [Lcom.android.tools.lint.detector.api.Severity;
11970:             1             40  [Lcom.fasterxml.jackson.annotation.JsonAutoDetect$Visibility;
11971:             1             40  [Lcom.fasterxml.jackson.annotation.Nulls;
11972:             1             40  [Lcom.fasterxml.jackson.core.JsonEncoding;
11973:             1             40  [Lcom.fasterxml.jackson.core.JsonParser$NumberType;
11974:             2             40  [Lcom.fasterxml.jackson.databind.deser.ValueInstantiators;
11975:             2             40  [Lcom.fasterxml.jackson.databind.ser.Serializers;
11976:             1             40  [Lcom.github.benmanes.caffeine.cache.RemovalCause;
11977:             1             40  [Lcom.google.common.cache.RemovalCause;
11978:             1             40  [Lcom.google.gson.FieldNamingPolicy;
11979:             1             40  [Lcom.ibm.icu.impl.ICUCurrencyDisplayInfoProvider$ICUCurrencyDisplayInfo$CurrencySink$EntrypointTable;
11980:             1             40  [Lcom.ibm.icu.text.ListFormatter$Style;
11981:             1             40  [Lcom.ibm.icu.text.MeasureFormat$FormatWidth;
11982:             1             40  [Lcom.ibm.icu.util.MeasureUnit;
11983:             1             40  [Lcom.intellij.application.options.editor.EditorSmartKeysConfigurableEP;
11984:             1             40  [Lcom.intellij.build.events.MessageEvent$Kind;
11985:             1             40  [Lcom.intellij.codeInsight.completion.JavaCompletionSorting$ExpectedTypeMatching;
11986:             1             40  [Lcom.intellij.codeInsight.daemon.ChangeLocalityDetector;
11987:             1             40  [Lcom.intellij.codeInsight.daemon.impl.IntentionActionFilter;
11988:             1             40  [Lcom.intellij.codeInsight.daemon.impl.quickfix.CreateClassKind;
11989:             1             40  [Lcom.intellij.codeInsight.daemon.quickFix.ExternalLibraryResolver;
11990:             1             40  [Lcom.intellij.codeInsight.editorActions.enter.EnterHandlerDelegate$Result;
11991:             1             40  [Lcom.intellij.codeInsight.highlighting.ReadWriteAccessDetector;
11992:             1             40  [Lcom.intellij.codeInsight.intention.impl.IntentionGroup;
11993:             1             40  [Lcom.intellij.codeInsight.lookup.LookupActionProvider;
11994:             1             40  [Lcom.intellij.codeInsight.lookup.impl.LookupUsageTracker$CompletionChar;
11995:             1             40  [Lcom.intellij.codeInsight.template.impl.TemplateOptionalProcessor;
11996:             1             40  [Lcom.intellij.codeInspection.bytecodeAnalysis.Direction;
11997:             1             40  [Lcom.intellij.codeInspection.dataFlow.DataFlowInspectionBase$ConstantResult;
11998:             1             40  [Lcom.intellij.codeInspection.dataFlow.DfaNullability;
11999:             1             40  [Lcom.intellij.codeInspection.dataFlow.RunnerResult;
12000:             1             40  [Lcom.intellij.completion.ml.common.PrefixMatchingType;
12001:             1             40  [Lcom.intellij.completion.ml.personalization.session.SessionFactorsUtils$SessionFactor$LookupElementBased;
12002:             1             40  [Lcom.intellij.debugger.engine.JavaBreakpointHandlerFactory;
12003:             1             40  [Lcom.intellij.debugger.impl.DebuggerSession$State;
12004:             1             40  [Lcom.intellij.diagnostic.VMOptions$MemoryKind;
12005:             1             40  [Lcom.intellij.dvcs.repo.Repository$State;
12006:             1             40  [Lcom.intellij.find.FindModel$SearchContext;
12007:             1             40  [Lcom.intellij.formatting.BlockAlignmentProcessor$Result;
12008:             1             40  [Lcom.intellij.grazie.grammar.strategy.GrammarCheckingStrategy$TextDomain;
12009:             1             40  [Lcom.intellij.ide.actions.QualifiedNameProvider;
12010:             1             40  [Lcom.intellij.ide.actions.ToolWindowViewModeAction$ViewMode;
12011:             1             40  [Lcom.intellij.ide.actions.runAnything.activity.RunAnythingProvider;
12012:             1             40  [Lcom.intellij.ide.fileTemplates.CreateFromTemplateHandler;
12013:             1             40  [Lcom.intellij.ide.navigationToolbar.NavBarModelExtension;
12014:             1             40  [Lcom.intellij.ide.plugins.IdeaPluginDescriptorImpl$OS;
12015:             1             40  [Lcom.intellij.ide.scratch.RootType;
12016:             1             40  [Lcom.intellij.ide.ui.OptionsSearchTopHitProvider$ProjectLevelProvider;
12017:             1             40  [Lcom.intellij.ide.util.projectWizard.importSources.ProjectStructureDetector;
12018:             1             40  [Lcom.intellij.lang.annotation.HighlightSeverity;
12019:             1             40  [Lcom.intellij.lang.java.parser.DeclarationParser$ListType;
12020:             1             40  [Lcom.intellij.openapi.application.ImportOldConfigsUsagesCollector$ImportOldConfigType;
12021:             1             40  [Lcom.intellij.openapi.components.ServiceDescriptor$PreloadMode;
12022:             1             40  [Lcom.intellij.openapi.editor.EditorKind;
12023:             1             40  [Lcom.intellij.openapi.editor.ScrollType;
12024:             1             40  [Lcom.intellij.openapi.editor.impl.DisplayedFoldingAnchor$Type;
12025:             1             40  [Lcom.intellij.openapi.keymap.impl.KeyState;
12026:             1             40  [Lcom.intellij.openapi.project.DumbServiceImpl$State;
12027:             1             40  [Lcom.intellij.openapi.projectRoots.SdkType;
12028:             1             40  [Lcom.intellij.openapi.roots.PersistentOrderRootType;
12029:             1             40  [Lcom.intellij.openapi.vcs.VcsConfiguration$StandardOption;
12030:             1             40  [Lcom.intellij.openapi.vcs.changes.InvokeAfterUpdateMode;
12031:             1             40  [Lcom.intellij.openapi.vcs.impl.VcsBackgroundableActions;
12032:             1             40  [Lcom.intellij.openapi.vcs.impl.VcsInitObject;
12033:             1             40  [Lcom.intellij.openapi.vfs.AsyncFileListener;
12034:             1             40  [Lcom.intellij.openapi.vfs.encoding.EncodingUtil$FailReason;
12035:             1             40  [Lcom.intellij.openapi.wm.impl.IdeMenuBar$State;
12036:             1             40  [Lcom.intellij.openapi.wm.impl.welcomeScreen.WelcomeScreenEventCollector$TabType;
12037:             1             40  [Lcom.intellij.pom.PomDeclarationSearcher;
12038:             1             40  [Lcom.intellij.psi.PsiReferenceList$Role;
12039:             2             40  [Lcom.intellij.psi.PsiStatement;
12040:             1             40  [Lcom.intellij.psi.codeStyle.LanguageCodeStyleSettingsProvider$SettingsType;
12041:             1             40  [Lcom.intellij.psi.codeStyle.VariableKind;
12042:             1             40  [Lcom.intellij.psi.codeStyle.autodetect.LineIndentInfo$LineType;
12043:             1             40  [Lcom.intellij.psi.compiled.ClassFileDecompilers$Decompiler;
12044:             1             40  [Lcom.intellij.psi.impl.source.PsiJavaCodeReferenceElementImpl$Kind;
12045:             1             40  [Lcom.intellij.psi.impl.source.codeStyle.PostFormatProcessor;
12046:             1             40  [Lcom.intellij.psi.impl.source.resolve.reference.impl.providers.TypeOrElementOrAttributeReference$ReferenceType;
12047:             1             40  [Lcom.intellij.psi.meta.MetaDataContributor;
12048:             1             40  [Lcom.intellij.psi.scope.ElementClassHint$DeclarationKind;
12049:             1             40  [Lcom.intellij.refactoring.copy.CopyHandlerDelegate;
12050:             1             40  [Lcom.intellij.refactoring.ui.TypeSelector$PsiTypeItem;
12051:             1             40  [Lcom.intellij.serviceContainer.ComponentManagerImpl$ContainerState;
12052:             1             40  [Lcom.intellij.task.ProjectTaskRunner;
12053:             1             40  [Lcom.intellij.testIntegration.TestFramework;
12054:             1             40  [Lcom.intellij.ui.CommonActionsPanel$Buttons;
12055:             1             40  [Lcom.intellij.ui.JBColor;
12056:             1             40  [Lcom.intellij.ui.mac.touchbar.BarType;
12057:             1             40  [Lcom.intellij.ui.paint.EffectPainter2D;
12058:             1             40  [Lcom.intellij.ui.paint.EffectPainter;
12059:             1             40  [Lcom.intellij.ui.popup.AbstractPopup$State;
12060:             1             40  [Lcom.intellij.ui.tree.AbstractTreeWalker$State;
12061:             1             40  [Lcom.intellij.util.ui.UIUtilities$LSBCacheEntry;
12062:             1             40  [Lcom.intellij.vcs.log.graph.api.EdgeFilter;
12063:             1             40  [Lcom.intellij.vcs.log.graph.api.elements.GraphEdgeType;
12064:             1             40  [Lcom.intellij.xdebugger.impl.frame.XDebugView$SessionEvent;
12065:             1             40  [Lcom.intellij.xml.XmlElementsGroup$Type;
12066:             1             40  [Lcom.jetbrains.jsonSchema.extension.JsonSchemaProviderFactory;
12067:             1             40  [Lcom.sun.xml.bind.v2.model.core.PropertyKind;
12068:             1             40  [Lde.plushnikov.intellij.plugin.extension.LombokHighlightErrorFilter$LombokHighlightFilter;
12069:             1             40  [Lde.plushnikov.intellij.plugin.inspection.modifiers.RedundantModifiersInfoType;
12070:             1             40  [Lde.plushnikov.intellij.plugin.processor.LombokPsiElementUsage;
12071:             1             40  [Lde.plushnikov.intellij.plugin.processor.clazz.log.AbstractLogProcessor$LoggerInitializerParameter;
12072:             1             40  [Ljava.lang.Thread$State; (java.base@11.0.9.1)
12073:             1             40  [Ljava.lang.invoke.StringConcatFactory$Strategy; (java.base@11.0.9.1)
12074:             1             40  [Ljava.lang.invoke.VarHandle$AccessType; (java.base@11.0.9.1)
12075:             1             40  [Ljava.nio.charset.Charset; (java.base@11.0.9.1)
12076:             1             40  [Ljava.time.format.SignStyle; (java.base@11.0.9.1)
12077:             1             40  [Ljava.time.format.TextStyle; (java.base@11.0.9.1)
12078:             1             40  [Ljava.util.stream.StreamOpFlag; (java.base@11.0.9.1)
12079:             1             40  [Ljavax.net.ssl.SSLEngineResult$HandshakeStatus; (java.base@11.0.9.1)
12080:             1             40  [Ljavax.swing.AbstractAction; (java.desktop@11.0.9.1)
12081:             1             40  [Ljavax.swing.plaf.FontUIResource; (java.desktop@11.0.9.1)
12082:             1             40  [Lkotlin.reflect.jvm.internal.impl.descriptors.ClassKind;
12083:             1             40  [Lkotlin.reflect.jvm.internal.impl.descriptors.ClassKind;
12084:             1             40  [Lkotlin.reflect.jvm.internal.impl.load.kotlin.header.KotlinClassHeader$Kind;
12085:             1             40  [Lkotlin.reflect.jvm.internal.impl.load.kotlin.header.KotlinClassHeader$Kind;
12086:             1             40  [Lkotlin.script.experimental.api.ScriptDiagnostic$Severity;
12087:             1             40  [Lkotlinx.coroutines.scheduling.CoroutineScheduler$WorkerState;
12088:             1             40  [Lorg.apache.batik.css.engine.value.Value;
12089:             1             40  [Lorg.cef.CefApp$CefAppState; (jcef@11.0.9.1)
12090:             1             40  [Lorg.imgscalr.Scalr$Method;
12091:             1             40  [Lorg.ini4j.spi.UnicodeInputStreamReader$Bom;
12092:             1             40  [Lorg.intellij.lang.xpath.xslt.impl.XsltChecker$State;
12093:             1             40  [Lorg.jetbrains.idea.devkit.inspections.RegistrationCheckerUtil$RegistrationType;
12094:             1             40  [Lorg.jetbrains.idea.maven.execution.MavenExecutionOptions$LoggingLevel;
12095:             1             40  [Lorg.jetbrains.idea.maven.model.MavenProjectProblem$ProblemType;
12096:             1             40  [Lorg.jetbrains.kotlin.config.JvmDefaultMode;
12097:             1             40  [Lorg.jetbrains.kotlin.idea.inspections.PropertyNameInspectionBase$PropertyKind;
12098:             1             40  [Lorg.jetbrains.kotlin.idea.util.KotlinBinaryExtension;
12099:             1             40  [Lorg.jetbrains.kotlin.psi.ArgumentType;
12100:             1             40  [Lorg.jetbrains.plugins.groovy.mvc.MvcModuleStructureSynchronizer$SyncAction;
12101:             1             40  [Lsun.awt.OSInfo$OSType; (java.desktop@11.0.9.1)
12102:             1             40  [Lsun.font.FontDesignMetrics; (java.desktop@11.0.9.1)
12103:             1             40  [Lsun.java2d.loops.RenderLoops; (java.desktop@11.0.9.1)
12104:             1             40  [Lsun.java2d.loops.SurfaceType; (java.desktop@11.0.9.1)
12105:             1             40  [Lsun.lwawt.LWWindowPeer$PeerType; (java.desktop@11.0.9.1)
12106:             1             40  [Lsun.security.ssl.CipherSuite$MacAlg; (java.base@11.0.9.1)
12107:             1             40  [Lsun.security.ssl.ContentType; (java.base@11.0.9.1)
12108:             1             40  [Lsun.security.ssl.SSLKeyExchange$T12KeyAgreement; (java.base@11.0.9.1)
12109:             1             40  [Lsun.security.ssl.X509Authentication; (java.base@11.0.9.1)
12110:             1             40  [Lsun.security.util.DisabledAlgorithmConstraints$Constraint$Operator; (java.base@11.0.9.1)
12111:             1             40  [Lsun.swing.SwingUtilities2$LSBCacheEntry; (java.desktop@11.0.9.1)
12112:             1             40  [Lsun.util.locale.provider.LocaleProviderAdapter$Type; (java.base@11.0.9.1)
12113:             1             40  [[Ljava.lang.invoke.LambdaForm$Name; (java.base@11.0.9.1)
12114:             1             40  [[[I (java.base@11.0.9.1)
12115:             1             40  [[[Lsun.awt.FontDescriptor; (java.desktop@11.0.9.1)
12116:             1             40  [[[S (java.base@11.0.9.1)
12117:             1             40  com.android.repository.api.SimpleRepositorySource
12118:             1             40  com.android.tools.adtui.actions.ZoomActualAction
12119:             1             40  com.android.tools.adtui.actions.ZoomInAction
12120:             1             40  com.android.tools.adtui.actions.ZoomOutAction
12121:             1             40  com.android.tools.adtui.actions.ZoomResetAction
12122:             1             40  com.android.tools.adtui.actions.ZoomToFitAction
12123:             1             40  com.android.tools.analytics.AnalyticsSettingsData
12124:             1             40  com.android.tools.idea.actions.annotations.InferSupportAnnotationsAction
12125:             1             40  com.android.tools.idea.common.actions.RestoreDefaultWindowLayoutAction
12126:             1             40  com.android.tools.idea.common.actions.StoreDefaultWindowLayoutAction
12127:             1             40  com.android.tools.idea.compose.preview.ComposeFileEditorProvider$1
12128:             1             40  com.android.tools.idea.compose.preview.ComposeNewPreviewNotificationProvider$1
12129:             1             40  com.android.tools.idea.debug.AndroidxSupportArrayMapRenderer
12130:             1             40  com.android.tools.idea.debug.ArrayMapRenderer
12131:             1             40  com.android.tools.idea.debug.SupportArrayMapRenderer
12132:             1             40  com.android.tools.idea.gradle.actions.RefreshLinkedCppProjectsAction
12133:             1             40  com.android.tools.idea.gradle.actions.SyncProjectAction
12134:             1             40  com.android.tools.idea.run.deployment.RunOnMultipleDevicesAction
12135:             1             40  com.apple.eawt._AppEventHandler$_OpenAppDispatcher (java.desktop@11.0.9.1)
12136:             1             40  com.apple.eawt._AppEventHandler$_OpenFileDispatcher (java.desktop@11.0.9.1)
12137:             1             40  com.apple.eawt._AppEventHandler$_OpenURIDispatcher (java.desktop@11.0.9.1)
12138:             1             40  com.apple.eawt._AppEventHandler$_PrintFileDispatcher (java.desktop@11.0.9.1)
12139:             1             40  com.apple.laf.AquaFileChooserUI$DirectoryComboBoxModel (java.desktop@11.0.9.1)
12140:             1             40  com.apple.laf.AquaPainter$1 (java.desktop@11.0.9.1)
12141:             1             40  com.fasterxml.jackson.annotation.JsonFormat$Value
12142:             1             40  com.fasterxml.jackson.core.util.DefaultPrettyPrinter
12143:             1             40  com.fasterxml.jackson.databind.ObjectWriter
12144:             1             40  com.fasterxml.jackson.module.kotlin.ReflectionCache
12145:             1             40  com.google.common.collect.AbstractMapBasedMultimap$AsMap
12146:             1             40  com.google.common.collect.Synchronized$SynchronizedListMultimap
12147:             1             40  com.google.gson.internal.Excluder
12148:             1             40  com.google.wireless.android.sdk.stats.StudioToolWindowActionStats
12149:             1             40  com.ibm.icu.impl.FormattedStringBuilder
12150:             1             40  com.ibm.icu.impl.UCharacterProperty$14
12151:             1             40  com.ibm.icu.impl.UCharacterProperty$15
12152:             1             40  com.ibm.icu.impl.UCharacterProperty$17
12153:             1             40  com.ibm.icu.impl.UCharacterProperty$18
12154:             1             40  com.ibm.icu.impl.UCharacterProperty$22
12155:             1             40  com.ibm.icu.impl.UCharacterProperty$23
12156:             1             40  com.ibm.icu.impl.UCharacterProperty$24
12157:             1             40  com.ibm.icu.text.CurrencyMetaInfo$CurrencyFilter
12158:             1             40  com.intellij.analysis.problemsView.toolWindow.AutoscrollToSource
12159:             1             40  com.intellij.analysis.problemsView.toolWindow.HighlightingWatcher
12160:             1             40  com.intellij.analysis.problemsView.toolWindow.ShowPreview
12161:             1             40  com.intellij.analysis.problemsView.toolWindow.SortByName
12162:             1             40  com.intellij.analysis.problemsView.toolWindow.SortBySeverity
12163:             1             40  com.intellij.analysis.problemsView.toolWindow.SortFoldersFirst
12164:             1             40  com.intellij.codeInsight.ExpectedTypeInfoImpl
12165:             1             40  com.intellij.codeInsight.actions.GenerateDTDAction
12166:             1             40  com.intellij.codeInsight.completion.CompletionData$1
12167:             1             40  com.intellij.codeInsight.completion.NextPrevParameterAction$Next
12168:             1             40  com.intellij.codeInsight.completion.NextPrevParameterAction$Prev
12169:             1             40  com.intellij.codeInsight.completion.actions.HippieBackwardCompletionAction
12170:             1             40  com.intellij.codeInsight.completion.actions.HippieCompletionAction
12171:             1             40  com.intellij.codeInsight.daemon.impl.HighlightingSessionImpl
12172:             1             40  com.intellij.codeInsight.daemon.impl.JavaLineMarkerProvider
12173:             1             40  com.intellij.codeInsight.daemon.impl.actions.GotoNextElementUnderCaretUsageAction
12174:             1             40  com.intellij.codeInsight.daemon.impl.actions.GotoNextErrorAction
12175:             1             40  com.intellij.codeInsight.daemon.impl.actions.GotoPrevElementUnderCaretUsageAction
12176:             1             40  com.intellij.codeInsight.daemon.impl.actions.GotoPreviousErrorAction
12177:             1             40  com.intellij.codeInsight.daemon.impl.actions.ShowErrorDescriptionAction
12178:             1             40  com.intellij.codeInsight.daemon.impl.analysis.HighlightVisitorImpl$$Lambda$3510/0x00000008020f7440
12179:             1             40  com.intellij.codeInsight.documentation.actions.ShowQuickDocInfoAction
12180:             1             40  com.intellij.codeInsight.documentation.render.ToggleRenderedDocPresentationAction
12181:             1             40  com.intellij.codeInsight.editorActions.BraceOrQuoteOutAction
12182:             1             40  com.intellij.codeInsight.editorActions.CodeBlockEndAction
12183:             1             40  com.intellij.codeInsight.editorActions.CodeBlockEndWithSelectionAction
12184:             1             40  com.intellij.codeInsight.editorActions.CodeBlockStartAction
12185:             1             40  com.intellij.codeInsight.editorActions.CodeBlockStartWithSelectionAction
12186:             1             40  com.intellij.codeInsight.editorActions.EmacsStyleIndentAction
12187:             1             40  com.intellij.codeInsight.editorActions.FixDocCommentAction
12188:             1             40  com.intellij.codeInsight.editorActions.JavaMethodOverloadSwitchDownAction
12189:             1             40  com.intellij.codeInsight.editorActions.JavaMethodOverloadSwitchUpAction
12190:             1             40  com.intellij.codeInsight.editorActions.MatchBraceAction
12191:             1             40  com.intellij.codeInsight.editorActions.fillParagraph.FillParagraphAction
12192:             1             40  com.intellij.codeInsight.editorActions.moveLeftRight.MoveElementLeftAction
12193:             1             40  com.intellij.codeInsight.editorActions.moveLeftRight.MoveElementRightAction
12194:             1             40  com.intellij.codeInsight.editorActions.moveUpDown.MoveLineDownAction
12195:             1             40  com.intellij.codeInsight.editorActions.moveUpDown.MoveLineUpAction
12196:             1             40  com.intellij.codeInsight.editorActions.moveUpDown.MoveStatementDownAction
12197:             1             40  com.intellij.codeInsight.editorActions.moveUpDown.MoveStatementUpAction
12198:             1             40  com.intellij.codeInsight.editorActions.smartEnter.SmartEnterAction
12199:             1             40  com.intellij.codeInsight.folding.impl.actions.CollapseAllRegionsAction
12200:             1             40  com.intellij.codeInsight.folding.impl.actions.CollapseBlockAction
12201:             1             40  com.intellij.codeInsight.folding.impl.actions.CollapseDocCommentsAction
12202:             1             40  com.intellij.codeInsight.folding.impl.actions.CollapseRegionAction
12203:             1             40  com.intellij.codeInsight.folding.impl.actions.CollapseRegionRecursivelyAction
12204:             1             40  com.intellij.codeInsight.folding.impl.actions.CollapseSelectionAction
12205:             1             40  com.intellij.codeInsight.folding.impl.actions.ExpandAllRegionsAction
12206:             1             40  com.intellij.codeInsight.folding.impl.actions.ExpandAllToLevel1Action
12207:             1             40  com.intellij.codeInsight.folding.impl.actions.ExpandAllToLevel2Action
12208:             1             40  com.intellij.codeInsight.folding.impl.actions.ExpandAllToLevel3Action
12209:             1             40  com.intellij.codeInsight.folding.impl.actions.ExpandAllToLevel4Action
12210:             1             40  com.intellij.codeInsight.folding.impl.actions.ExpandAllToLevel5Action
12211:             1             40  com.intellij.codeInsight.folding.impl.actions.ExpandDocCommentsAction
12212:             1             40  com.intellij.codeInsight.folding.impl.actions.ExpandRegionAction
12213:             1             40  com.intellij.codeInsight.folding.impl.actions.ExpandRegionRecursivelyAction
12214:             1             40  com.intellij.codeInsight.folding.impl.actions.ExpandToLevel1Action
12215:             1             40  com.intellij.codeInsight.folding.impl.actions.ExpandToLevel2Action
12216:             1             40  com.intellij.codeInsight.folding.impl.actions.ExpandToLevel3Action
12217:             1             40  com.intellij.codeInsight.folding.impl.actions.ExpandToLevel4Action
12218:             1             40  com.intellij.codeInsight.folding.impl.actions.ExpandToLevel5Action
12219:             1             40  com.intellij.codeInsight.generation.actions.AutoIndentLinesAction
12220:             1             40  com.intellij.codeInsight.generation.actions.DelegateMethodsAction
12221:             1             40  com.intellij.codeInsight.generation.actions.GenerateConstructorAction
12222:             1             40  com.intellij.codeInsight.generation.actions.GenerateCreateUIAction
12223:             1             40  com.intellij.codeInsight.generation.actions.GenerateEqualsAction
12224:             1             40  com.intellij.codeInsight.generation.actions.GenerateGetterAction
12225:             1             40  com.intellij.codeInsight.generation.actions.GenerateGetterAndSetterAction
12226:             1             40  com.intellij.codeInsight.generation.actions.GenerateSetterAction
12227:             1             40  com.intellij.codeInsight.generation.actions.GenerateSuperMethodCallAction
12228:             1             40  com.intellij.codeInsight.generation.actions.ImplementMethodsAction
12229:             1             40  com.intellij.codeInsight.generation.actions.OverrideMethodsAction
12230:             1             40  com.intellij.codeInsight.generation.actions.SurroundWithAction
12231:             1             40  com.intellij.codeInsight.highlighting.FileTypeBraceMatcher
12232:             1             40  com.intellij.codeInsight.hint.actions.NextParameterAction
12233:             1             40  com.intellij.codeInsight.hint.actions.PrevParameterAction
12234:             1             40  com.intellij.codeInsight.hint.actions.QuickPreviewAction
12235:             1             40  com.intellij.codeInsight.hint.actions.ShowContainerInfoAction
12236:             1             40  com.intellij.codeInsight.hint.actions.ShowExpressionTypeAction
12237:             1             40  com.intellij.codeInsight.hint.actions.ShowImplementationsAction
12238:             1             40  com.intellij.codeInsight.hint.actions.ShowParameterInfoAction
12239:             1             40  com.intellij.codeInsight.hint.actions.ShowSiblingsAction
12240:             1             40  com.intellij.codeInsight.hint.actions.ShowTypeDefinitionAction
12241:             1             40  com.intellij.codeInsight.hints.AnnotationInlayProvider$getCollectorFor$1
12242:             1             40  com.intellij.codeInsight.hints.MethodChainsInlayProvider$getCollectorFor$1
12243:             1             40  com.intellij.codeInsight.intention.actions.ShowIntentionActionsAction
12244:             1             40  com.intellij.codeInsight.lookup.impl.LookupActionHandler$DownAction
12245:             1             40  com.intellij.codeInsight.lookup.impl.LookupActionHandler$UpAction
12246:             1             40  com.intellij.codeInsight.lookup.impl.actions.ChooseItemAction$ChooseWithDot
12247:             1             40  com.intellij.codeInsight.lookup.impl.actions.ChooseItemAction$CompletingStatement
12248:             1             40  com.intellij.codeInsight.lookup.impl.actions.ChooseItemAction$FocusedOnly
12249:             1             40  com.intellij.codeInsight.lookup.impl.actions.ChooseItemAction$Replacing
12250:             1             40  com.intellij.codeInsight.navigation.actions.GotoDeclarationAction
12251:             1             40  com.intellij.codeInsight.navigation.actions.GotoDeclarationOnlyAction
12252:             1             40  com.intellij.codeInsight.navigation.actions.GotoImplementationAction
12253:             1             40  com.intellij.codeInsight.navigation.actions.GotoSuperAction
12254:             1             40  com.intellij.codeInsight.navigation.actions.GotoTypeDeclarationAction
12255:             1             40  com.intellij.codeInsight.navigation.actions.MethodDownAction
12256:             1             40  com.intellij.codeInsight.navigation.actions.MethodUpAction
12257:             1             40  com.intellij.codeInsight.template.emmet.EmmetPreviewAction
12258:             1             40  com.intellij.codeInsight.template.emmet.EmmetUpdateTagAction
12259:             1             40  com.intellij.codeInsight.template.emmet.SurroundWithEmmetAction
12260:             1             40  com.intellij.codeInsight.template.emmet.actions.GoToEditPointAction$Backward
12261:             1             40  com.intellij.codeInsight.template.emmet.actions.GoToEditPointAction$Forward
12262:             1             40  com.intellij.codeInsight.template.impl.actions.ListTemplatesAction
12263:             1             40  com.intellij.codeInsight.template.impl.actions.NextVariableAction
12264:             1             40  com.intellij.codeInsight.template.impl.actions.PreviousVariableAction
12265:             1             40  com.intellij.codeInsight.template.impl.actions.SurroundWithTemplateAction
12266:             1             40  com.intellij.codeInsight.template.impl.editorActions.ExpandLiveTemplateByTabAction
12267:             1             40  com.intellij.codeInsight.template.impl.editorActions.ExpandLiveTemplateCustomAction
12268:             1             40  com.intellij.codeInsight.template.postfix.settings.PostfixTemplateMetaData
12269:             1             40  com.intellij.codeInsight.template.postfix.settings.PostfixTemplateStorage
12270:             1             40  com.intellij.codeInsight.template.postfix.templates.CastExpressionPostfixTemplate
12271:             1             40  com.intellij.codeInsight.template.postfix.templates.CastVarPostfixTemplate
12272:             1             40  com.intellij.codeInsight.template.postfix.templates.IntroduceFieldPostfixTemplate
12273:             1             40  com.intellij.codeInsight.template.postfix.templates.IntroduceVariablePostfixTemplate
12274:             1             40  com.intellij.codeInsight.template.postfix.templates.NewExpressionPostfixTemplate
12275:             1             40  com.intellij.codeInsight.template.postfix.templates.StreamPostfixTemplate
12276:             1             40  com.intellij.codeInsight.template.postfix.templates.TryStatementPostfixTemplate
12277:             1             40  com.intellij.codeInsight.template.postfix.templates.TryWithResourcesPostfixTemplate
12278:             1             40  com.intellij.codeInsight.unwrap.UnwrapAction
12279:             1             40  com.intellij.codeInspection.actions.RunInspectionAction
12280:             1             40  com.intellij.codeInspection.dataFlow.DataFlowRunner
12281:             1             40  com.intellij.codeInspection.dataFlow.SpecialField$3
12282:             1             40  com.intellij.codeInspection.dataFlow.SpecialField$4
12283:             1             40  com.intellij.codeInspection.dataFlow.value.DfaVariableValue
12284:             1             40  com.intellij.codeInspection.lambdaToExplicit.LambdaAndExplicitMethodPair$1
12285:             1             40  com.intellij.codeInspection.ui.actions.ActivateInspectionResultsToolWindowAction
12286:             1             40  com.intellij.codeInspection.uncheckedWarnings.UncheckedWarningLocalInspection$6
12287:             1             40  com.intellij.codeStyle.ConvertToMacLineSeparatorsAction
12288:             1             40  com.intellij.codeStyle.ConvertToUnixLineSeparatorsAction
12289:             1             40  com.intellij.codeStyle.ConvertToWindowsLineSeparatorsAction
12290:             1             40  com.intellij.compiler.actions.CompileAction
12291:             1             40  com.intellij.compiler.actions.CompileFileAction
12292:             1             40  com.intellij.debugger.actions.ReloadFileAction
12293:             1             40  com.intellij.debugger.actions.ShowTypesAction
12294:             1             40  com.intellij.debugger.memory.action.CalculateRetainedSizeAction
12295:             1             40  com.intellij.debugger.streams.action.ChainResolver$ChainsSearchResult
12296:             1             40  com.intellij.debugger.streams.action.TraceStreamAction
12297:             1             40  com.intellij.debugger.ui.tree.render.ArrayRenderer
12298:             1             40  com.intellij.execution.actions.ActivateDebugToolWindowAction
12299:             1             40  com.intellij.execution.actions.ActivateRunToolWindowAction
12300:             1             40  com.intellij.execution.actions.StopAction
12301:             1             40  com.intellij.execution.compound.CompoundRunConfigurationType
12302:             1             40  com.intellij.execution.configurations.UnknownConfigurationType
12303:             1             40  com.intellij.execution.impl.DefaultJavaProgramRunner$SoftExitAction
12304:             1             40  com.intellij.execution.jar.JarApplicationConfigurationType
12305:             1             40  com.intellij.execution.remote.RemoteConfigurationType
12306:             1             40  com.intellij.execution.scratch.JavaScratchConfigurationType
12307:             1             40  com.intellij.execution.segmentedRunDebugWidget.DebuggingRDCLabelAction
12308:             1             40  com.intellij.execution.segmentedRunDebugWidget.ProfilingRDCLabelAction
12309:             1             40  com.intellij.execution.segmentedRunDebugWidget.RunningRDCLabelAction
12310:             1             40  com.intellij.execution.segmentedRunDebugWidget.SegmentedRDCAction
12311:             1             40  com.intellij.execution.testframework.sm.runner.history.actions.ImportTestsFromFileAction
12312:             1             40  com.intellij.execution.ui.actions.FocusOnStartAction
12313:             1             40  com.intellij.featureStatistics.CompletionStatistics
12314:             1             40  com.intellij.featureStatistics.CumulativeStatistics
12315:             1             40  com.intellij.featureStatistics.FeatureUsageTrackerImpl
12316:             1             40  com.intellij.featureStatistics.fusCollectors.EventsIdentityThrottle
12317:             1             40  com.intellij.featureStatistics.fusCollectors.EventsRateThrottle
12318:             1             40  com.intellij.find.actions.ActivateFindToolWindowAction
12319:             1             40  com.intellij.find.editorHeaderActions.ShowMoreOptions
12320:             1             40  com.intellij.framework.detection.impl.FrameworkDetectorRegistryImpl
12321:             1             40  com.intellij.grazie.speller.lists.frequency.PackedFrequencyWordList
12322:             1             40  com.intellij.history.core.LocalHistoryStorage
12323:             1             40  com.intellij.history.integration.LocalHistoryImpl
12324:             1             40  com.intellij.ide.actions.CollapseAllAction
12325:             1             40  com.intellij.ide.actions.ContextHelpAction
12326:             1             40  com.intellij.ide.actions.CreateClassAction
12327:             1             40  com.intellij.ide.actions.EditSourceNotInEditorAction
12328:             1             40  com.intellij.ide.actions.ExpandAllAction
12329:             1             40  com.intellij.ide.actions.JetBrainsTvAction
12330:             1             40  com.intellij.ide.actions.MaximizeActiveDialogAction
12331:             1             40  com.intellij.ide.actions.MoveTabDownAction
12332:             1             40  com.intellij.ide.actions.MoveTabRightAction
12333:             1             40  com.intellij.ide.actions.NextTabAction
12334:             1             40  com.intellij.ide.actions.OpenModuleSettingsAction
12335:             1             40  com.intellij.ide.actions.PreviousTabAction
12336:             1             40  com.intellij.ide.actions.ProjectViewEditSourceAction
12337:             1             40  com.intellij.ide.actions.QuickChangeCodeStyleSchemeAction
12338:             1             40  com.intellij.ide.actions.QuickChangeColorSchemeAction
12339:             1             40  com.intellij.ide.actions.QuickChangeInspectionProfileAction
12340:             1             40  com.intellij.ide.actions.QuickChangeKeymapAction
12341:             1             40  com.intellij.ide.actions.QuickChangeSchemesAction
12342:             1             40  com.intellij.ide.actions.QuickChangeViewModeAction
12343:             1             40  com.intellij.ide.actions.RedoAction
12344:             1             40  com.intellij.ide.actions.SearchAgainAction
12345:             1             40  com.intellij.ide.actions.SearchBackAction
12346:             1             40  com.intellij.ide.actions.SplitHorizontallyAction
12347:             1             40  com.intellij.ide.actions.SplitVerticallyAction
12348:             1             40  com.intellij.ide.actions.StretchSplitAction$StretchToBottom
12349:             1             40  com.intellij.ide.actions.StretchSplitAction$StretchToLeft
12350:             1             40  com.intellij.ide.actions.StretchSplitAction$StretchToRight
12351:             1             40  com.intellij.ide.actions.StretchSplitAction$StretchToTop
12352:             1             40  com.intellij.ide.actions.TabNavigationActionBase$GoToLastTabAction
12353:             1             40  com.intellij.ide.actions.TabNavigationActionBase$GoToTab1Action
12354:             1             40  com.intellij.ide.actions.TabNavigationActionBase$GoToTab2Action
12355:             1             40  com.intellij.ide.actions.TabNavigationActionBase$GoToTab3Action
12356:             1             40  com.intellij.ide.actions.TabNavigationActionBase$GoToTab4Action
12357:             1             40  com.intellij.ide.actions.TabNavigationActionBase$GoToTab5Action
12358:             1             40  com.intellij.ide.actions.TabNavigationActionBase$GoToTab6Action
12359:             1             40  com.intellij.ide.actions.TabNavigationActionBase$GoToTab7Action
12360:             1             40  com.intellij.ide.actions.TabNavigationActionBase$GoToTab8Action
12361:             1             40  com.intellij.ide.actions.TabNavigationActionBase$GoToTab9Action
12362:             1             40  com.intellij.ide.actions.ToggleZenModeAction
12363:             1             40  com.intellij.ide.actions.ToolWindowDockPinnedAction
12364:             1             40  com.intellij.ide.actions.ToolWindowDockUnpinnedAction
12365:             1             40  com.intellij.ide.actions.ToolWindowFloatAction
12366:             1             40  com.intellij.ide.actions.ToolWindowUndockAction
12367:             1             40  com.intellij.ide.actions.ToolWindowWindowAction
12368:             1             40  com.intellij.ide.actions.UndoAction
12369:             1             40  com.intellij.ide.actions.ViewSourceAction
12370:             1             40  com.intellij.ide.actions.WindowAction$DecrementHeight
12371:             1             40  com.intellij.ide.actions.WindowAction$DecrementWidth
12372:             1             40  com.intellij.ide.actions.WindowAction$IncrementHeight
12373:             1             40  com.intellij.ide.actions.WindowAction$IncrementWidth
12374:             1             40  com.intellij.ide.actions.exclusion.ExcludeTreeNodeAction
12375:             1             40  com.intellij.ide.actions.exclusion.IncludeTreeNodeAction
12376:             1             40  com.intellij.ide.actions.runAnything.RunAnythingAction
12377:             1             40  com.intellij.ide.bookmarks.actions.BookmarksAction
12378:             1             40  com.intellij.ide.bookmarks.actions.GoToMnemonicBookmarkActionBase$GotoBookmark0Action
12379:             1             40  com.intellij.ide.bookmarks.actions.GoToMnemonicBookmarkActionBase$GotoBookmark1Action
12380:             1             40  com.intellij.ide.bookmarks.actions.GoToMnemonicBookmarkActionBase$GotoBookmark2Action
12381:             1             40  com.intellij.ide.bookmarks.actions.GoToMnemonicBookmarkActionBase$GotoBookmark3Action
12382:             1             40  com.intellij.ide.bookmarks.actions.GoToMnemonicBookmarkActionBase$GotoBookmark4Action
12383:             1             40  com.intellij.ide.bookmarks.actions.GoToMnemonicBookmarkActionBase$GotoBookmark5Action
12384:             1             40  com.intellij.ide.bookmarks.actions.GoToMnemonicBookmarkActionBase$GotoBookmark6Action
12385:             1             40  com.intellij.ide.bookmarks.actions.GoToMnemonicBookmarkActionBase$GotoBookmark7Action
12386:             1             40  com.intellij.ide.bookmarks.actions.GoToMnemonicBookmarkActionBase$GotoBookmark8Action
12387:             1             40  com.intellij.ide.bookmarks.actions.GoToMnemonicBookmarkActionBase$GotoBookmark9Action
12388:             1             40  com.intellij.ide.bookmarks.actions.NextBookmarkAction
12389:             1             40  com.intellij.ide.bookmarks.actions.PreviousBookmarkAction
12390:             1             40  com.intellij.ide.bookmarks.actions.ToggleBookmarkAction
12391:             1             40  com.intellij.ide.bookmarks.actions.ToggleBookmarkWithMnemonicAction
12392:             1             40  com.intellij.ide.bookmarks.actions.ToggleNumberedBookmarkActionBase$ToggleBookmark0Action
12393:             1             40  com.intellij.ide.bookmarks.actions.ToggleNumberedBookmarkActionBase$ToggleBookmark1Action
12394:             1             40  com.intellij.ide.bookmarks.actions.ToggleNumberedBookmarkActionBase$ToggleBookmark2Action
12395:             1             40  com.intellij.ide.bookmarks.actions.ToggleNumberedBookmarkActionBase$ToggleBookmark3Action
12396:             1             40  com.intellij.ide.bookmarks.actions.ToggleNumberedBookmarkActionBase$ToggleBookmark4Action
12397:             1             40  com.intellij.ide.bookmarks.actions.ToggleNumberedBookmarkActionBase$ToggleBookmark5Action
12398:             1             40  com.intellij.ide.bookmarks.actions.ToggleNumberedBookmarkActionBase$ToggleBookmark6Action
12399:             1             40  com.intellij.ide.bookmarks.actions.ToggleNumberedBookmarkActionBase$ToggleBookmark7Action
12400:             1             40  com.intellij.ide.bookmarks.actions.ToggleNumberedBookmarkActionBase$ToggleBookmark8Action
12401:             1             40  com.intellij.ide.bookmarks.actions.ToggleNumberedBookmarkActionBase$ToggleBookmark9Action
12402:             1             40  com.intellij.ide.browsers.BrowserFamily$1
12403:             1             40  com.intellij.ide.browsers.BrowserFamily$2
12404:             1             40  com.intellij.ide.browsers.WebBrowserManager
12405:             1             40  com.intellij.ide.cds.CDSPaths
12406:             1             40  com.intellij.ide.favoritesTreeView.FavoritesManager
12407:             1             40  com.intellij.ide.favoritesTreeView.actions.AddToFavoritesPopupAction
12408:             1             40  com.intellij.ide.hierarchy.CallHierarchyBrowserBase$BaseOnThisMethodAction
12409:             1             40  com.intellij.ide.hierarchy.MethodHierarchyBrowserBase$BaseOnThisMethodAction
12410:             1             40  com.intellij.ide.hierarchy.TypeHierarchyBrowserBase$BaseOnThisTypeAction
12411:             1             40  com.intellij.ide.hierarchy.actions.ActivateHierarchyToolWindowAction
12412:             1             40  com.intellij.ide.hierarchy.actions.BrowseCallHierarchyAction
12413:             1             40  com.intellij.ide.hierarchy.actions.BrowseMethodHierarchyAction
12414:             1             40  com.intellij.ide.hierarchy.actions.BrowseTypeHierarchyAction
12415:             1             40  com.intellij.ide.macro.IdePathMacros
12416:             1             40  com.intellij.ide.navigationToolbar.JavaNavBarExtension
12417:             1             40  com.intellij.ide.projectView.impl.ProjectViewImpl$Action$AbbreviatePackageNames
12418:             1             40  com.intellij.ide.projectView.impl.ProjectViewImpl$Action$AutoscrollFromSource
12419:             1             40  com.intellij.ide.projectView.impl.ProjectViewImpl$Action$AutoscrollToSource
12420:             1             40  com.intellij.ide.projectView.impl.ProjectViewImpl$Action$CompactDirectories
12421:             1             40  com.intellij.ide.projectView.impl.ProjectViewImpl$Action$FlattenModules
12422:             1             40  com.intellij.ide.projectView.impl.ProjectViewImpl$Action$FlattenPackages
12423:             1             40  com.intellij.ide.projectView.impl.ProjectViewImpl$Action$FoldersAlwaysOnTop
12424:             1             40  com.intellij.ide.projectView.impl.ProjectViewImpl$Action$HideEmptyMiddlePackages
12425:             1             40  com.intellij.ide.projectView.impl.ProjectViewImpl$Action$ManualOrder
12426:             1             40  com.intellij.ide.projectView.impl.ProjectViewImpl$Action$OpenInPreviewTab
12427:             1             40  com.intellij.ide.projectView.impl.ProjectViewImpl$Action$ShowExcludedFiles
12428:             1             40  com.intellij.ide.projectView.impl.ProjectViewImpl$Action$ShowLibraryContents
12429:             1             40  com.intellij.ide.projectView.impl.ProjectViewImpl$Action$ShowMembers
12430:             1             40  com.intellij.ide.projectView.impl.ProjectViewImpl$Action$ShowModules
12431:             1             40  com.intellij.ide.projectView.impl.ProjectViewImpl$Action$ShowVisibilityIcons
12432:             1             40  com.intellij.ide.projectView.impl.ProjectViewImpl$Action$SortByType
12433:             1             40  com.intellij.ide.scratch.ScratchFileActions$NewFileAction
12434:             1             40  com.intellij.ide.ui.DaemonCodeAnalyzerOptionDescription
12435:             1             40  com.intellij.ide.ui.customization.CustomActionsSchema
12436:             1             40  com.intellij.ide.util.treeView.AbstractTreeUpdater
12437:             1             40  com.intellij.internal.ml.FeaturesInfo
12438:             1             40  com.intellij.internal.statistic.eventLog.fus.FeatureUsageEventLoggerProvider
12439:             1             40  com.intellij.internal.statistic.utils.EventsRateWindowThrottle
12440:             1             40  com.intellij.lang.ant.config.actions.ActivateAntToolWindowAction
12441:             1             40  com.intellij.lang.ant.config.execution.AntRunConfigurationType
12442:             1             40  com.intellij.lang.dtd.DTDLanguage
12443:             1             40  com.intellij.lang.html.HTMLLanguage
12444:             1             40  com.intellij.lang.java.parser.JavaParser
12445:             1             40  com.intellij.lang.properties.editor.ChooseSubsequentPropertyValueEditorAction$Next
12446:             1             40  com.intellij.lang.properties.editor.ChooseSubsequentPropertyValueEditorAction$Prev
12447:             1             40  com.intellij.lang.properties.editor.NewPropertyAction
12448:             1             40  com.intellij.lang.properties.psi.impl.PropertyStubImpl
12449:             1             40  com.intellij.lang.xhtml.XHTMLLanguage
12450:             1             40  com.intellij.lang.xml.XMLLanguage
12451:             1             40  com.intellij.model.psi.impl.TargetsKt$declaredReferencedData$withMinimalRanges$1
12452:             1             40  com.intellij.navigation.ItemPresentationProviders
12453:             1             40  com.intellij.openapi.application.ApplicationNamesInfo
12454:             1             40  com.intellij.openapi.application.impl.ReadMostlyRWLock
12455:             1             40  com.intellij.openapi.editor.actions.AddCaretPerSelectedLineAction
12456:             1             40  com.intellij.openapi.editor.actions.BackwardParagraphAction
12457:             1             40  com.intellij.openapi.editor.actions.BackwardParagraphWithSelectionAction
12458:             1             40  com.intellij.openapi.editor.actions.ChangeEditorFontSizeAction$DecreaseEditorFontSize
12459:             1             40  com.intellij.openapi.editor.actions.ChangeEditorFontSizeAction$IncreaseEditorFontSize
12460:             1             40  com.intellij.openapi.editor.actions.CloneCaretAbove
12461:             1             40  com.intellij.openapi.editor.actions.CloneCaretBelow
12462:             1             40  com.intellij.openapi.editor.actions.ConvertIndentsToSpacesAction
12463:             1             40  com.intellij.openapi.editor.actions.ConvertIndentsToTabsAction
12464:             1             40  com.intellij.openapi.editor.actions.DeleteAction
12465:             1             40  com.intellij.openapi.editor.actions.DeleteToLineEndAction
12466:             1             40  com.intellij.openapi.editor.actions.DeleteToLineStartAction
12467:             1             40  com.intellij.openapi.editor.actions.DuplicateAction
12468:             1             40  com.intellij.openapi.editor.actions.DuplicateLinesAction
12469:             1             40  com.intellij.openapi.editor.actions.EnterAction
12470:             1             40  com.intellij.openapi.editor.actions.EscapeAction
12471:             1             40  com.intellij.openapi.editor.actions.FindAction
12472:             1             40  com.intellij.openapi.editor.actions.FindWordAtCaretAction
12473:             1             40  com.intellij.openapi.editor.actions.FocusGutterAction
12474:             1             40  com.intellij.openapi.editor.actions.ForwardParagraphAction
12475:             1             40  com.intellij.openapi.editor.actions.ForwardParagraphWithSelectionAction
12476:             1             40  com.intellij.openapi.editor.actions.IncrementalFindAction
12477:             1             40  com.intellij.openapi.editor.actions.IndentLineOrSelectionAction
12478:             1             40  com.intellij.openapi.editor.actions.LangIndentSelectionAction
12479:             1             40  com.intellij.openapi.editor.actions.MoveCaretDownAction
12480:             1             40  com.intellij.openapi.editor.actions.MoveCaretDownWithSelectionAction
12481:             1             40  com.intellij.openapi.editor.actions.MoveCaretLeftAction
12482:             1             40  com.intellij.openapi.editor.actions.MoveCaretLeftWithSelectionAction
12483:             1             40  com.intellij.openapi.editor.actions.MoveCaretRightAction
12484:             1             40  com.intellij.openapi.editor.actions.MoveCaretRightWithSelectionAction
12485:             1             40  com.intellij.openapi.editor.actions.MoveCaretUpAction
12486:             1             40  com.intellij.openapi.editor.actions.MoveCaretUpWithSelectionAction
12487:             1             40  com.intellij.openapi.editor.actions.MoveDownAndScrollAction
12488:             1             40  com.intellij.openapi.editor.actions.MoveDownWithSelectionAndScrollAction
12489:             1             40  com.intellij.openapi.editor.actions.MoveUpAndScrollAction
12490:             1             40  com.intellij.openapi.editor.actions.MoveUpWithSelectionAndScrollAction
12491:             1             40  com.intellij.openapi.editor.actions.PageBottomAction
12492:             1             40  com.intellij.openapi.editor.actions.PageBottomWithSelectionAction
12493:             1             40  com.intellij.openapi.editor.actions.PageDownAction
12494:             1             40  com.intellij.openapi.editor.actions.PageDownWithSelectionAction
12495:             1             40  com.intellij.openapi.editor.actions.PageTopAction
12496:             1             40  com.intellij.openapi.editor.actions.PageTopWithSelectionAction
12497:             1             40  com.intellij.openapi.editor.actions.PageUpAction
12498:             1             40  com.intellij.openapi.editor.actions.PageUpWithSelectionAction
12499:             1             40  com.intellij.openapi.editor.actions.PasteFromX11Action
12500:             1             40  com.intellij.openapi.editor.actions.ReplaceAction
12501:             1             40  com.intellij.openapi.editor.actions.ResetFontSizeAction
12502:             1             40  com.intellij.openapi.editor.actions.ReverseLinesAction
12503:             1             40  com.intellij.openapi.editor.actions.ScrollDownAction
12504:             1             40  com.intellij.openapi.editor.actions.ScrollDownAndMoveAction
12505:             1             40  com.intellij.openapi.editor.actions.ScrollLeftAction
12506:             1             40  com.intellij.openapi.editor.actions.ScrollRightAction
12507:             1             40  com.intellij.openapi.editor.actions.ScrollToBottomAction
12508:             1             40  com.intellij.openapi.editor.actions.ScrollToCenterAction
12509:             1             40  com.intellij.openapi.editor.actions.ScrollToTopAction
12510:             1             40  com.intellij.openapi.editor.actions.ScrollUpAction
12511:             1             40  com.intellij.openapi.editor.actions.ScrollUpAndMoveAction
12512:             1             40  com.intellij.openapi.editor.actions.SelectAllOccurrencesAction
12513:             1             40  com.intellij.openapi.editor.actions.SelectNextOccurrenceAction
12514:             1             40  com.intellij.openapi.editor.actions.SetEditorBidiTextDirectionAction$ContentBased
12515:             1             40  com.intellij.openapi.editor.actions.SetEditorBidiTextDirectionAction$Ltr
12516:             1             40  com.intellij.openapi.editor.actions.SetEditorBidiTextDirectionAction$Rtl
12517:             1             40  com.intellij.openapi.editor.actions.ShowFontsUsedByEditorAction
12518:             1             40  com.intellij.openapi.editor.actions.ShowGutterIconTooltipAction
12519:             1             40  com.intellij.openapi.editor.actions.SimplePasteAction
12520:             1             40  com.intellij.openapi.editor.actions.SortLinesAction
12521:             1             40  com.intellij.openapi.editor.actions.SplitLineAction
12522:             1             40  com.intellij.openapi.editor.actions.StartNewLineAction
12523:             1             40  com.intellij.openapi.editor.actions.StartNewLineBeforeAction
12524:             1             40  com.intellij.openapi.editor.actions.SwapSelectionBoundariesAction
12525:             1             40  com.intellij.openapi.editor.actions.TabAction
12526:             1             40  com.intellij.openapi.editor.actions.ToggleInsertStateAction
12527:             1             40  com.intellij.openapi.editor.actions.ToggleStickySelectionModeAction
12528:             1             40  com.intellij.openapi.editor.actions.ToggleUseSoftWrapsMenuAction
12529:             1             40  com.intellij.openapi.editor.actions.TransposeAction
12530:             1             40  com.intellij.openapi.editor.actions.UnindentSelectionAction
12531:             1             40  com.intellij.openapi.editor.actions.UnselectPreviousOccurrenceAction
12532:             1             40  com.intellij.openapi.editor.actions.UnselectWordAtCaretAction
12533:             1             40  com.intellij.openapi.editor.colors.impl.AppEditorFontOptions$PersistentFontPreferences
12534:             1             40  com.intellij.openapi.editor.ex.EditorSettingsExternalizable
12535:             1             40  com.intellij.openapi.editor.richcopy.CopyAsPlainTextAction
12536:             1             40  com.intellij.openapi.extensions.ExtensionNotApplicableException
12537:             1             40  com.intellij.openapi.externalSystem.action.DetachExternalProjectAction
12538:             1             40  com.intellij.openapi.externalSystem.action.OpenExternalConfigAction
12539:             1             40  com.intellij.openapi.externalSystem.action.OpenTasksActivationManagerAction
12540:             1             40  com.intellij.openapi.externalSystem.action.RefreshExternalProjectAction
12541:             1             40  com.intellij.openapi.externalSystem.action.task.AssignShortcutAction
12542:             1             40  com.intellij.openapi.externalSystem.action.task.GroupModulesAction
12543:             1             40  com.intellij.openapi.externalSystem.action.task.GroupTasksAction
12544:             1             40  com.intellij.openapi.externalSystem.action.task.RunExternalSystemTaskAction
12545:             1             40  com.intellij.openapi.externalSystem.action.task.ShowIgnoredAction
12546:             1             40  com.intellij.openapi.externalSystem.action.task.ShowInheritedTasksAction
12547:             1             40  com.intellij.openapi.externalSystem.action.task.ToggleAfterCompileTasksAction
12548:             1             40  com.intellij.openapi.externalSystem.action.task.ToggleAfterRebuildTasksAction
12549:             1             40  com.intellij.openapi.externalSystem.action.task.ToggleAfterSyncTaskAction
12550:             1             40  com.intellij.openapi.externalSystem.action.task.ToggleBeforeCompileTasksAction
12551:             1             40  com.intellij.openapi.externalSystem.action.task.ToggleBeforeRebuildTasksAction
12552:             1             40  com.intellij.openapi.externalSystem.action.task.ToggleBeforeRunTaskAction
12553:             1             40  com.intellij.openapi.externalSystem.action.task.ToggleBeforeSyncTaskAction
12554:             1             40  com.intellij.openapi.externalSystem.autoimport.UseAllAutoReloadTypeAction
12555:             1             40  com.intellij.openapi.externalSystem.autoimport.UseNoneAutoReloadTypeAction
12556:             1             40  com.intellij.openapi.externalSystem.autoimport.UseSelectiveAutoReloadTypeAction
12557:             1             40  com.intellij.openapi.externalSystem.service.ExternalSystemFacadeManager
12558:             1             40  com.intellij.openapi.fileChooser.actions.GotoDesktopDirAction
12559:             1             40  com.intellij.openapi.fileEditor.impl.FileDocumentManagerImpl
12560:             1             40  com.intellij.openapi.fileTypes.FileTypeEditorHighlighterProviders
12561:             1             40  com.intellij.openapi.keymap.impl.IdeMouseEventDispatcher
12562:             1             40  com.intellij.openapi.keymap.impl.KeyProcessorContext
12563:             1             40  com.intellij.openapi.keymap.impl.SystemShortcuts
12564:             1             40  com.intellij.openapi.project.IndexNotReadyException
12565:             1             40  com.intellij.openapi.project.impl.DefaultProject$1
12566:             1             40  com.intellij.openapi.project.impl.ProjectManagerExImpl
12567:             1             40  com.intellij.openapi.roots.impl.libraries.LibraryTableBase$LibraryModel
12568:             1             40  com.intellij.openapi.util.DimensionService
12569:             1             40  com.intellij.openapi.util.TimeoutCachedValue
12570:             1             40  com.intellij.openapi.util.registry.ShowRegistryAction
12571:             1             40  com.intellij.openapi.vcs.actions.VcsQuickListPopupAction
12572:             1             40  com.intellij.openapi.vcs.changes.actions.CreatePatchFromChangesAction$Clipboard
12573:             1             40  com.intellij.openapi.vcs.changes.actions.CreatePatchFromChangesAction$Dialog
12574:             1             40  com.intellij.openapi.vcs.changes.actions.RemoveChangeListAction
12575:             1             40  com.intellij.openapi.vcs.changes.actions.RevertChangeListAction
12576:             1             40  com.intellij.openapi.vcs.changes.actions.RevertSelectedChangesAction$Apply
12577:             1             40  com.intellij.openapi.vcs.changes.actions.RevertSelectedChangesAction$Revert
12578:             1             40  com.intellij.openapi.vcs.changes.committed.EditSourceFromChangesBrowserAction
12579:             1             40  com.intellij.openapi.vcs.changes.ignore.lang.IgnoreLanguage
12580:             1             40  com.intellij.openapi.vcs.history.actions.ShowDiffAfterWithLocalAction
12581:             1             40  com.intellij.openapi.vcs.history.actions.ShowDiffBeforeWithLocalAction
12582:             1             40  com.intellij.openapi.vfs.PlatformVirtualFileManager
12583:             1             40  com.intellij.openapi.vfs.encoding.ChangeFileEncodingAction
12584:             1             40  com.intellij.openapi.vfs.ex.temp.TempFileSystem
12585:             1             40  com.intellij.openapi.vfs.ex.temp.TempFileSystem$FSDir
12586:             1             40  com.intellij.openapi.vfs.impl.http.RemoteFileManagerImpl
12587:             1             40  com.intellij.openapi.vfs.impl.jar.JarFileSystemImpl
12588:             1             40  com.intellij.openapi.vfs.impl.jrt.JrtFileSystemImpl
12589:             1             40  com.intellij.openapi.vfs.impl.jrt.JrtHandler
12590:             1             40  com.intellij.openapi.vfs.impl.local.FileWatcher
12591:             1             40  com.intellij.openapi.vfs.newvfs.RefreshQueueImpl
12592:             1             40  com.intellij.openapi.vfs.newvfs.persistent.FSRecords$DbConnection$1
12593:             1             40  com.intellij.openapi.vfs.newvfs.persistent.PersistentFSImpl
12594:             1             40  com.intellij.openapi.wm.impl.ToolWindowImpl$ToggleContentUiTypeAction
12595:             1             40  com.intellij.openapi.wm.impl.WindowManagerImpl
12596:             1             40  com.intellij.psi.ElementManipulators
12597:             1             40  com.intellij.psi.FileTypeFileViewProviders
12598:             1             40  com.intellij.psi.ReferenceProviderType$1
12599:             1             40  com.intellij.psi.impl.cache.impl.id.IdIndexers
12600:             1             40  com.intellij.psi.impl.cache.impl.todo.TodoIndexers
12601:             1             40  com.intellij.psi.search.LocalSearchScope
12602:             1             40  com.intellij.psi.stubs.BinaryFileStubBuilders
12603:             1             40  com.intellij.psi.stubs.SerializationManagerImpl
12604:             1             40  com.intellij.psi.stubs.StubIndexImpl
12605:             1             40  com.intellij.psi.templateLanguages.TemplateDataElementType
12606:             1             40  com.intellij.psi.util.MethodSignatureHandMade
12607:             1             40  com.intellij.refactoring.actions.ChangeSignatureAction
12608:             1             40  com.intellij.refactoring.actions.ExtractClassAction
12609:             1             40  com.intellij.refactoring.actions.ExtractIncludeAction
12610:             1             40  com.intellij.refactoring.actions.ExtractInterfaceAction
12611:             1             40  com.intellij.refactoring.actions.ExtractMethodAction
12612:             1             40  com.intellij.refactoring.actions.ExtractModuleAction
12613:             1             40  com.intellij.refactoring.actions.ExtractSuperclassAction
12614:             1             40  com.intellij.refactoring.actions.InlineAction
12615:             1             40  com.intellij.refactoring.actions.IntroduceConstantAction
12616:             1             40  com.intellij.refactoring.actions.IntroduceFieldAction
12617:             1             40  com.intellij.refactoring.actions.IntroduceFunctionalParameterAction
12618:             1             40  com.intellij.refactoring.actions.IntroduceFunctionalVariableAction
12619:             1             40  com.intellij.refactoring.actions.IntroduceParameterAction
12620:             1             40  com.intellij.refactoring.actions.IntroduceVariableAction
12621:             1             40  com.intellij.refactoring.actions.PullUpAction
12622:             1             40  com.intellij.refactoring.actions.PushDownAction
12623:             1             40  com.intellij.refactoring.actions.RefactoringQuickListPopupAction
12624:             1             40  com.intellij.refactoring.rename.inplace.SelectVirtualTemplateElement
12625:             1             40  com.intellij.sh.run.ShConfigurationType
12626:             1             40  com.intellij.spellchecker.JavaSpellcheckingStrategy
12627:             1             40  com.intellij.tasks.actions.GotoTaskAction
12628:             1             40  com.intellij.tasks.actions.SwitchTaskAction
12629:             1             40  com.intellij.testIntegration.GenerateAfterClassMethodAction
12630:             1             40  com.intellij.testIntegration.GenerateBeforeClassMethodAction
12631:             1             40  com.intellij.testIntegration.GenerateDataMethodAction
12632:             1             40  com.intellij.testIntegration.GenerateSetUpMethodAction
12633:             1             40  com.intellij.testIntegration.GenerateTearDownMethodAction
12634:             1             40  com.intellij.testIntegration.GenerateTestMethodAction
12635:             1             40  com.intellij.testIntegration.GotoTestOrCodeAction
12636:             1             40  com.intellij.uast.UastMetaLanguage
12637:             1             40  com.intellij.ui.AppIcon$MacAppIcon
12638:             1             40  com.intellij.ui.ExpandableActions$Collapse
12639:             1             40  com.intellij.ui.ExpandableActions$Expand
12640:             1             40  com.intellij.ui.ListActions$Down
12641:             1             40  com.intellij.ui.ListActions$End
12642:             1             40  com.intellij.ui.ListActions$Home
12643:             1             40  com.intellij.ui.ListActions$Left
12644:             1             40  com.intellij.ui.ListActions$PageDown
12645:             1             40  com.intellij.ui.ListActions$PageUp
12646:             1             40  com.intellij.ui.ListActions$Right
12647:             1             40  com.intellij.ui.ListActions$ShiftDown
12648:             1             40  com.intellij.ui.ListActions$ShiftEnd
12649:             1             40  com.intellij.ui.ListActions$ShiftHome
12650:             1             40  com.intellij.ui.ListActions$ShiftLeft
12651:             1             40  com.intellij.ui.ListActions$ShiftPageDown
12652:             1             40  com.intellij.ui.ListActions$ShiftPageUp
12653:             1             40  com.intellij.ui.ListActions$ShiftRight
12654:             1             40  com.intellij.ui.ListActions$ShiftUp
12655:             1             40  com.intellij.ui.ListActions$Up
12656:             1             40  com.intellij.ui.ScrollPaneActions$Down
12657:             1             40  com.intellij.ui.ScrollPaneActions$End
12658:             1             40  com.intellij.ui.ScrollPaneActions$Home
12659:             1             40  com.intellij.ui.ScrollPaneActions$Left
12660:             1             40  com.intellij.ui.ScrollPaneActions$PageDown
12661:             1             40  com.intellij.ui.ScrollPaneActions$PageLeft
12662:             1             40  com.intellij.ui.ScrollPaneActions$PageRight
12663:             1             40  com.intellij.ui.ScrollPaneActions$PageUp
12664:             1             40  com.intellij.ui.ScrollPaneActions$Right
12665:             1             40  com.intellij.ui.ScrollPaneActions$Up
12666:             1             40  com.intellij.ui.TableActions$CtrlEnd
12667:             1             40  com.intellij.ui.TableActions$CtrlHome
12668:             1             40  com.intellij.ui.TableActions$CtrlShiftEnd
12669:             1             40  com.intellij.ui.TableActions$CtrlShiftHome
12670:             1             40  com.intellij.ui.TableActions$Down
12671:             1             40  com.intellij.ui.TableActions$Left
12672:             1             40  com.intellij.ui.TableActions$PageDown
12673:             1             40  com.intellij.ui.TableActions$PageUp
12674:             1             40  com.intellij.ui.TableActions$Right
12675:             1             40  com.intellij.ui.TableActions$ShiftDown
12676:             1             40  com.intellij.ui.TableActions$ShiftLeft
12677:             1             40  com.intellij.ui.TableActions$ShiftPageDown
12678:             1             40  com.intellij.ui.TableActions$ShiftPageUp
12679:             1             40  com.intellij.ui.TableActions$ShiftRight
12680:             1             40  com.intellij.ui.TableActions$ShiftUp
12681:             1             40  com.intellij.ui.TableActions$Up
12682:             1             40  com.intellij.ui.TreeActions$Down
12683:             1             40  com.intellij.ui.TreeActions$End
12684:             1             40  com.intellij.ui.TreeActions$Home
12685:             1             40  com.intellij.ui.TreeActions$Left
12686:             1             40  com.intellij.ui.TreeActions$NextSibling
12687:             1             40  com.intellij.ui.TreeActions$PageDown
12688:             1             40  com.intellij.ui.TreeActions$PageUp
12689:             1             40  com.intellij.ui.TreeActions$PreviousSibling
12690:             1             40  com.intellij.ui.TreeActions$Right
12691:             1             40  com.intellij.ui.TreeActions$ShiftDown
12692:             1             40  com.intellij.ui.TreeActions$ShiftEnd
12693:             1             40  com.intellij.ui.TreeActions$ShiftHome
12694:             1             40  com.intellij.ui.TreeActions$ShiftLeft
12695:             1             40  com.intellij.ui.TreeActions$ShiftPageDown
12696:             1             40  com.intellij.ui.TreeActions$ShiftPageUp
12697:             1             40  com.intellij.ui.TreeActions$ShiftRight
12698:             1             40  com.intellij.ui.TreeActions$ShiftUp
12699:             1             40  com.intellij.ui.TreeActions$Up
12700:             1             40  com.intellij.ui.debugger.ShowUiDebuggerAction
12701:             1             40  com.intellij.ui.messages.NativeMacMessageManager
12702:             1             40  com.intellij.uiDesigner.actions.AddTabAction
12703:             1             40  com.intellij.uiDesigner.actions.CreateComponentAction
12704:             1             40  com.intellij.uiDesigner.actions.CreateDialogAction
12705:             1             40  com.intellij.uiDesigner.actions.CreateFormAction
12706:             1             40  com.intellij.uiDesigner.actions.CreateListenerAction
12707:             1             40  com.intellij.uiDesigner.actions.DecreaseIndentAction
12708:             1             40  com.intellij.uiDesigner.actions.DuplicateComponentsAction
12709:             1             40  com.intellij.uiDesigner.actions.FlattenAction
12710:             1             40  com.intellij.uiDesigner.actions.GroupButtonsAction
12711:             1             40  com.intellij.uiDesigner.actions.IncreaseIndentAction
12712:             1             40  com.intellij.uiDesigner.actions.MorphAction
12713:             1             40  com.intellij.uiDesigner.actions.NavigateToListenerAction
12714:             1             40  com.intellij.uiDesigner.actions.PackAction
12715:             1             40  com.intellij.uiDesigner.actions.ResetValueAction
12716:             1             40  com.intellij.uiDesigner.actions.ShowFormSourceAction
12717:             1             40  com.intellij.uiDesigner.actions.SurroundPopupAction
12718:             1             40  com.intellij.uiDesigner.actions.UngroupButtonsAction
12719:             1             40  com.intellij.unscramble.AnnotateStackTraceAction
12720:             1             40  com.intellij.util.concurrency.AppDelayQueue
12721:             1             40  com.intellij.util.concurrency.AppScheduledExecutorService
12722:             1             40  com.intellij.util.descriptors.ConfigFileMetaData
12723:             1             40  com.intellij.util.indexing.ChangedFilesCollector$1
12724:             1             40  com.intellij.util.ui.EmptyIcon$EmptyIconUIResource
12725:             1             40  com.intellij.util.xml.highlighting.DomElementsProblemsHolderImpl
12726:             1             40  com.intellij.util.xml.tree.actions.AddElementInCollectionAction
12727:             1             40  com.intellij.util.xml.tree.actions.DeleteDomElement
12728:             1             40  com.intellij.util.xml.tree.actions.GotoDomElementDeclarationAction
12729:             1             40  com.intellij.vcs.commit.ToggleChangesViewCommitUiAction
12730:             1             40  com.intellij.vcs.log.ui.actions.GoToChildRowAction
12731:             1             40  com.intellij.vcs.log.ui.actions.GoToParentRowAction
12732:             1             40  com.intellij.workspaceModel.storage.bridgeEntities.BridgeModelEntitiesKt$asCustomSourceRoot$1
12733:             1             40  com.intellij.workspaceModel.storage.bridgeEntities.BridgeModelEntitiesKt$asJavaResourceRoot$1
12734:             1             40  com.intellij.workspaceModel.storage.bridgeEntities.BridgeModelEntitiesKt$asJavaSourceRoot$1
12735:             1             40  com.intellij.workspaceModel.storage.bridgeEntities.BridgeModelEntitiesKt$externalSystemOptions$1
12736:             1             40  com.intellij.workspaceModel.storage.bridgeEntities.BridgeModelEntitiesKt$facets$1
12737:             1             40  com.intellij.workspaceModel.storage.bridgeEntities.BridgeModelEntitiesKt$getCustomProperties$1
12738:             1             40  com.intellij.workspaceModel.storage.bridgeEntities.BridgeModelEntitiesKt$getSourceRootOrder$1
12739:             1             40  com.intellij.xdebugger.impl.actions.AddToWatchesAction
12740:             1             40  com.intellij.xdebugger.impl.actions.EditBreakpointAction
12741:             1             40  com.intellij.xdebugger.impl.actions.EvaluateAction
12742:             1             40  com.intellij.xdebugger.impl.actions.EvaluateInConsoleAction
12743:             1             40  com.intellij.xdebugger.impl.actions.FocusOnBreakpointAction
12744:             1             40  com.intellij.xdebugger.impl.actions.ForceRunToCursorAction
12745:             1             40  com.intellij.xdebugger.impl.actions.ForceStepIntoAction
12746:             1             40  com.intellij.xdebugger.impl.actions.ForceStepOverAction
12747:             1             40  com.intellij.xdebugger.impl.actions.MarkObjectAction
12748:             1             40  com.intellij.xdebugger.impl.actions.PauseAction
12749:             1             40  com.intellij.xdebugger.impl.actions.QuickEvaluateAction
12750:             1             40  com.intellij.xdebugger.impl.actions.ResumeAction
12751:             1             40  com.intellij.xdebugger.impl.actions.RunToCursorAction
12752:             1             40  com.intellij.xdebugger.impl.actions.ShowExecutionPointAction
12753:             1             40  com.intellij.xdebugger.impl.actions.ShowLibraryFramesAction
12754:             1             40  com.intellij.xdebugger.impl.actions.SmartStepIntoAction
12755:             1             40  com.intellij.xdebugger.impl.actions.StepIntoAction
12756:             1             40  com.intellij.xdebugger.impl.actions.StepOutAction
12757:             1             40  com.intellij.xdebugger.impl.actions.StepOverAction
12758:             1             40  com.intellij.xdebugger.impl.actions.ToggleLineBreakpointAction
12759:             1             40  com.intellij.xdebugger.impl.actions.ToggleTemporaryLineBreakpointAction
12760:             1             40  com.intellij.xdebugger.impl.actions.ViewBreakpointsAction
12761:             1             40  com.intellij.xdebugger.impl.inline.AddInlineWatchAction
12762:             1             40  com.intellij.xml.actions.EscapeEntitiesAction
12763:             1             40  com.intellij.xml.breadcrumbs.ToggleBreadcrumbsSettingsAction$HideBoth
12764:             1             40  com.intellij.xml.breadcrumbs.ToggleBreadcrumbsSettingsAction$ShowAbove
12765:             1             40  com.intellij.xml.breadcrumbs.ToggleBreadcrumbsSettingsAction$ShowBelow
12766:             1             40  com.intellij.xml.impl.schema.XmlNSDescriptorImpl
12767:             1             40  com.jetbrains.changeReminder.changes.ChangeReminderCheckAction
12768:             1             40  com.jetbrains.jdi.ConnectorImpl$BooleanArgumentImpl
12769:             1             40  com.jetbrains.jdi.SunCommandLineLauncher
12770:             1             40  com.jetbrains.jdi.VirtualMachineManagerImpl
12771:             1             40  com.sun.beans.finder.MethodFinder$1 (java.desktop@11.0.9.1)
12772:             1             40  com.sun.beans.introspect.ClassInfo$1 (java.desktop@11.0.9.1)
12773:             1             40  com.sun.management.internal.DiagnosticCommandImpl (jdk.management@11.0.9.1)
12774:             1             40  com.sun.org.apache.xerces.internal.impl.XMLEntityScanner$1 (java.xml@11.0.9.1)
12775:             1             40  com.sun.org.apache.xerces.internal.utils.XMLSecurityManager (java.xml@11.0.9.1)
12776:             1             40  com.sun.xml.internal.stream.util.BufferAllocator (java.xml@11.0.9.1)
12777:             1             40  com.theoryinpractice.testng.configuration.TestNGConfigurationType
12778:             1             40  de.plushnikov.intellij.plugin.action.delombok.DelombokBuilderAction
12779:             1             40  de.plushnikov.intellij.plugin.action.delombok.DelombokConstructorAction
12780:             1             40  de.plushnikov.intellij.plugin.action.delombok.DelombokDataAction
12781:             1             40  de.plushnikov.intellij.plugin.action.delombok.DelombokDelegateAction
12782:             1             40  de.plushnikov.intellij.plugin.action.delombok.DelombokEqualsAndHashCodeAction
12783:             1             40  de.plushnikov.intellij.plugin.action.delombok.DelombokEverythingAction
12784:             1             40  de.plushnikov.intellij.plugin.action.delombok.DelombokFieldNameConstantsAction
12785:             1             40  de.plushnikov.intellij.plugin.action.delombok.DelombokGetterAction
12786:             1             40  de.plushnikov.intellij.plugin.action.delombok.DelombokLoggerAction
12787:             1             40  de.plushnikov.intellij.plugin.action.delombok.DelombokSetterAction
12788:             1             40  de.plushnikov.intellij.plugin.action.delombok.DelombokSuperBuilderAction
12789:             1             40  de.plushnikov.intellij.plugin.action.delombok.DelombokToStringAction
12790:             1             40  de.plushnikov.intellij.plugin.action.delombok.DelombokUtilityClassAction
12791:             1             40  de.plushnikov.intellij.plugin.action.delombok.DelombokValueAction
12792:             1             40  de.plushnikov.intellij.plugin.action.delombok.DelombokWitherAction
12793:             1             40  de.plushnikov.intellij.plugin.action.lombok.LombokDataAction
12794:             1             40  de.plushnikov.intellij.plugin.action.lombok.LombokEqualsAndHashcodeAction
12795:             1             40  de.plushnikov.intellij.plugin.action.lombok.LombokGetterAction
12796:             1             40  de.plushnikov.intellij.plugin.action.lombok.LombokLoggerAction
12797:             1             40  de.plushnikov.intellij.plugin.action.lombok.LombokSetterAction
12798:             1             40  de.plushnikov.intellij.plugin.action.lombok.LombokToStringAction
12799:             1             40  de.plushnikov.intellij.plugin.extension.LombokHighlightErrorFilter$LombokHighlightFilter$6
12800:             1             40  de.plushnikov.intellij.plugin.processor.clazz.log.CommonsLogProcessor
12801:             1             40  de.plushnikov.intellij.plugin.processor.clazz.log.JBossLogProcessor
12802:             1             40  de.plushnikov.intellij.plugin.processor.clazz.log.Log4j2Processor
12803:             1             40  de.plushnikov.intellij.plugin.processor.clazz.log.Log4jProcessor
12804:             1             40  de.plushnikov.intellij.plugin.processor.clazz.log.LogProcessor
12805:             1             40  de.plushnikov.intellij.plugin.processor.clazz.log.Slf4jProcessor
12806:             1             40  de.plushnikov.intellij.plugin.processor.clazz.log.XSlf4jProcessor
12807:             1             40  git4idea.actions.GitBranchesComboBoxAction
12808:             1             40  git4idea.actions.GitCommitAndPushExecutorAction
12809:             1             40  git4idea.actions.GitRebaseAbort
12810:             1             40  git4idea.actions.GitRebaseContinue
12811:             1             40  git4idea.actions.GitRebaseSkip
12812:             1             40  git4idea.commands.GitHttpAuthServiceImpl
12813:             1             40  git4idea.ignore.lang.GitExcludeLanguage
12814:             1             40  git4idea.ignore.lang.GitIgnoreLanguage
12815:             1             40  git4idea.index.actions.GitAcceptTheirsAction
12816:             1             40  git4idea.index.actions.GitAcceptYoursAction
12817:             1             40  git4idea.index.actions.GitAddAction
12818:             1             40  git4idea.index.actions.GitResetAction
12819:             1             40  git4idea.index.actions.GitRevertAction
12820:             1             40  git4idea.index.actions.GitStageAllAction
12821:             1             40  git4idea.index.actions.GitStageTrackedAction
12822:             1             40  git4idea.rebase.GitCommitFixupBySubjectAction
12823:             1             40  git4idea.rebase.GitCommitSquashBySubjectAction
12824:             1             40  git4idea.rebase.GitInteractiveRebaseAction
12825:             1             40  git4idea.rebase.GitRewordAction
12826:             1             40  git4idea.rebase.log.drop.GitDropLogAction
12827:             1             40  git4idea.rebase.log.squash.GitSquashLogAction
12828:             1             40  git4idea.reset.GitUncommitAction
12829:             1             40  git4idea.ui.branch.dashboard.BranchesDashboardActions$CheckoutSelectedBranchAction
12830:             1             40  git4idea.ui.branch.dashboard.BranchesDashboardActions$RenameLocalBranch
12831:             1             40  java.awt.datatransfer.SystemFlavorMap (java.datatransfer@11.0.9.1)
12832:             1             40  java.beans.WeakIdentityMap$Entry (java.desktop@11.0.9.1)
12833:             1             40  java.lang.ArithmeticException (java.base@11.0.9.1)
12834:             1             40  java.lang.Exception (java.base@11.0.9.1)
12835:             1             40  java.lang.NullPointerException (java.base@11.0.9.1)
12836:             1             40  java.lang.UnsupportedOperationException (java.base@11.0.9.1)
12837:             1             40  java.lang.invoke.MethodHandleImpl$IntrinsicMethodHandle (java.base@11.0.9.1)
12838:             1             40  java.lang.invoke.VarHandleObjects$FieldStaticReadWrite (java.base@11.0.9.1)
12839:             1             40  java.time.format.DateTimeFormatterBuilder (java.base@11.0.9.1)
12840:             1             40  java.time.zone.ZoneRules (java.base@11.0.9.1)
12841:             1             40  java.util.HashMap$EntryIterator (java.base@11.0.9.1)
12842:             1             40  java.util.IdentityHashMap$KeyIterator (java.base@11.0.9.1)
12843:             1             40  java.util.ResourceBundle$2 (java.base@11.0.9.1)
12844:             1             40  java.util.TreeMap$NavigableSubMap$SubMapKeyIterator (java.base@11.0.9.1)
12845:             1             40  java.util.concurrent.CancellationException (java.base@11.0.9.1)
12846:             1             40  javax.crypto.CryptoAllPermission (java.base@11.0.9.1)
12847:             1             40  javax.swing.plaf.basic.BasicTextUI$BasicCursor (java.desktop@11.0.9.1)
12848:             1             40  javax.swing.text.JTextComponent$4 (java.desktop@11.0.9.1)
12849:             1             40  jdk.internal.ref.CleanerImpl$CleanerCleanable (java.base@11.0.9.1)
12850:             1             40  kotlin.reflect.jvm.internal.impl.builtins.jvm.JvmBuiltIns
12851:             1             40  kotlin.reflect.jvm.internal.impl.builtins.jvm.JvmBuiltInsCustomizer
12852:             1             40  kotlin.reflect.jvm.internal.impl.metadata.jvm.JvmProtoBuf$JvmFieldSignature
12853:             1             40  kotlin.reflect.jvm.internal.impl.metadata.jvm.JvmProtoBuf$JvmMethodSignature
12854:             1             40  kotlin.reflect.jvm.internal.impl.metadata.jvm.JvmProtoBuf$StringTableTypes
12855:             1             40  kotlinx.coroutines.JobCancellationException
12856:             1             40  kotlinx.coroutines.scheduling.DefaultScheduler
12857:             1             40  kotlinx.coroutines.scheduling.DefaultScheduler
12858:             1             40  kotlinx.coroutines.scheduling.LimitingDispatcher
12859:             1             40  kotlinx.coroutines.scheduling.LimitingDispatcher
12860:             1             40  net.jpountz.lz4.LZ4Factory
12861:             1             40  net.sf.cglib.core.ClassNameReader$EarlyExitException
12862:             1             40  org.apache.log4j.Logger
12863:             1             40  org.apache.log4j.helpers.CountingQuietWriter
12864:             1             40  org.apache.log4j.helpers.PatternParser$CategoryPatternConverter
12865:             1             40  org.apache.log4j.helpers.PatternParser$DatePatternConverter
12866:             1             40  org.apache.log4j.spi.RootLogger
12867:             1             40  org.apache.log4j.spi.RootLogger
12868:             1             40  org.apache.maven.repository.internal.DefaultArtifactDescriptorReader
12869:             1             40  org.apache.xerces.impl.XMLEntityScanner$1
12870:             1             40  org.codehaus.plexus.interpolation.StringSearchInterpolator
12871:             1             40  org.eclipse.aether.internal.impl.DefaultMetadataResolver
12872:             1             40  org.intellij.images.editor.actions.ChangeBackgroundAction
12873:             1             40  org.intellij.images.fileTypes.impl.SvgLanguage
12874:             1             40  org.intellij.plugins.markdown.ui.actions.editorLayout.CyclicSplitLayoutChangeAction
12875:             1             40  org.intellij.plugins.markdown.ui.actions.editorLayout.EditorAndPreviewLayoutChangeAction
12876:             1             40  org.intellij.plugins.markdown.ui.actions.editorLayout.EditorOnlyLayoutChangeAction
12877:             1             40  org.intellij.plugins.markdown.ui.actions.editorLayout.PreviewOnlyLayoutChangeAction
12878:             1             40  org.jetbrains.android.actions.AndroidConnectDebuggerAction
12879:             1             40  org.jetbrains.android.actions.CreateResourceDirectoryAction
12880:             1             40  org.jetbrains.android.actions.RunAndroidAvdManagerAction
12881:             1             40  org.jetbrains.android.refactoring.AndroidExtractAsIncludeAction
12882:             1             40  org.jetbrains.android.refactoring.AndroidExtractStyleAction
12883:             1             40  org.jetbrains.android.refactoring.AndroidFindStyleApplicationsAction
12884:             1             40  org.jetbrains.android.refactoring.AndroidInlineIncludeAction
12885:             1             40  org.jetbrains.android.refactoring.AndroidInlineStyleReferenceAction
12886:             1             40  org.jetbrains.concurrency.AsyncPromiseKt$CANCELED$1
12887:             1             40  org.jetbrains.concurrency.MessageError
12888:             1             40  org.jetbrains.git4idea.ssh.GitXmlRpcNativeSshService
12889:             1             40  org.jetbrains.idea.devkit.actions.NewActionAction
12890:             1             40  org.jetbrains.idea.devkit.actions.NewThemeAction
12891:             1             40  org.jetbrains.idea.devkit.actions.updateFromSources.UpdateIdeFromSourcesAction
12892:             1             40  org.jetbrains.idea.devkit.actions.updateFromSources.UpdateIdeFromSourcesSettingsAction
12893:             1             40  org.jetbrains.idea.devkit.run.PluginConfigurationType
12894:             1             40  org.jetbrains.idea.maven.buildtool.MavenSyncConsole$WrapperProgressIndicator
12895:             1             40  org.jetbrains.idea.maven.buildtool.MavenSyncConsole$startImport$restartAction$1
12896:             1             40  org.jetbrains.idea.maven.dom.generate.GenerateDependencyAction
12897:             1             40  org.jetbrains.idea.maven.dom.generate.GenerateManagedDependencyAction
12898:             1             40  org.jetbrains.idea.maven.dom.generate.GenerateParentAction
12899:             1             40  org.jetbrains.idea.maven.externalSystemIntegration.output.MavenParsingContext
12900:             1             40  org.jetbrains.idea.maven.project.actions.DownloadAllDocsAction
12901:             1             40  org.jetbrains.idea.maven.project.actions.DownloadAllSourcesAction
12902:             1             40  org.jetbrains.idea.maven.project.actions.DownloadAllSourcesAndDocsAction
12903:             1             40  org.jetbrains.idea.maven.project.actions.DownloadSelectedDocsAction
12904:             1             40  org.jetbrains.idea.maven.project.actions.DownloadSelectedSourcesAction
12905:             1             40  org.jetbrains.idea.maven.project.actions.DownloadSelectedSourcesAndDocsAction
12906:             1             40  org.jetbrains.idea.maven.tasks.actions.ToggleAfterCompileTasksAction
12907:             1             40  org.jetbrains.idea.maven.tasks.actions.ToggleAfterRebuildTasksAction
12908:             1             40  org.jetbrains.idea.maven.tasks.actions.ToggleBeforeCompileTasksAction
12909:             1             40  org.jetbrains.idea.maven.tasks.actions.ToggleBeforeRebuildTasksAction
12910:             1             40  org.jetbrains.idea.svn.actions.IntegrateChangeSetAction
12911:             1             40  org.jetbrains.java.generate.GenerateToStringAction
12912:             1             40  org.jetbrains.jps.api.CmdlineRemoteProto$Message$BuilderMessage$BuildEvent$GeneratedFile
12913:             1             40  org.jetbrains.jps.api.CmdlineRemoteProto$Message$ControllerMessage$GlobalSettings
12914:             1             40  org.jetbrains.jps.api.CmdlineRemoteProto$Message$ControllerMessage$ParametersMessage$TargetTypeBuildScope
12915:             1             40  org.jetbrains.jps.api.CmdlineRemoteProto$Message$KeyValuePair
12916:             1             40  org.jetbrains.kotlin.ide.konan.decompiler.KotlinNativeMetadataDecompiler
12917:             1             40  org.jetbrains.kotlin.idea.codeInsight.codevision.KotlinCodeVisionProvider
12918:             1             40  org.jetbrains.kotlin.idea.codeInsight.hints.KotlinLambdasHintsProvider
12919:             1             40  org.jetbrains.kotlin.idea.debugger.ToggleKotlinVariablesView
12920:             1             40  org.jetbrains.kotlin.idea.decompiler.builtIns.KotlinBuiltInDecompiler
12921:             1             40  org.jetbrains.kotlin.idea.decompiler.js.KotlinJavaScriptMetaFileDecompiler
12922:             1             40  org.jetbrains.kotlin.idea.formatter.KotlinLanguageCodeStyleSettingsProvider$customizeSettings$10
12923:             1             40  org.jetbrains.kotlin.idea.formatter.KotlinLanguageCodeStyleSettingsProvider$customizeSettings$11
12924:             1             40  org.jetbrains.kotlin.idea.formatter.KotlinLanguageCodeStyleSettingsProvider$customizeSettings$12
12925:             1             40  org.jetbrains.kotlin.idea.formatter.KotlinLanguageCodeStyleSettingsProvider$customizeSettings$13
12926:             1             40  org.jetbrains.kotlin.idea.formatter.KotlinLanguageCodeStyleSettingsProvider$customizeSettings$14
12927:             1             40  org.jetbrains.kotlin.idea.formatter.KotlinLanguageCodeStyleSettingsProvider$customizeSettings$15
12928:             1             40  org.jetbrains.kotlin.idea.formatter.KotlinLanguageCodeStyleSettingsProvider$customizeSettings$16
12929:             1             40  org.jetbrains.kotlin.idea.formatter.KotlinLanguageCodeStyleSettingsProvider$customizeSettings$17
12930:             1             40  org.jetbrains.kotlin.idea.formatter.KotlinLanguageCodeStyleSettingsProvider$customizeSettings$18
12931:             1             40  org.jetbrains.kotlin.idea.formatter.KotlinLanguageCodeStyleSettingsProvider$customizeSettings$19
12932:             1             40  org.jetbrains.kotlin.idea.formatter.KotlinLanguageCodeStyleSettingsProvider$customizeSettings$2
12933:             1             40  org.jetbrains.kotlin.idea.formatter.KotlinLanguageCodeStyleSettingsProvider$customizeSettings$20
12934:             1             40  org.jetbrains.kotlin.idea.formatter.KotlinLanguageCodeStyleSettingsProvider$customizeSettings$21
12935:             1             40  org.jetbrains.kotlin.idea.formatter.KotlinLanguageCodeStyleSettingsProvider$customizeSettings$22
12936:             1             40  org.jetbrains.kotlin.idea.formatter.KotlinLanguageCodeStyleSettingsProvider$customizeSettings$23
12937:             1             40  org.jetbrains.kotlin.idea.formatter.KotlinLanguageCodeStyleSettingsProvider$customizeSettings$24
12938:             1             40  org.jetbrains.kotlin.idea.formatter.KotlinLanguageCodeStyleSettingsProvider$customizeSettings$25
12939:             1             40  org.jetbrains.kotlin.idea.formatter.KotlinLanguageCodeStyleSettingsProvider$customizeSettings$3
12940:             1             40  org.jetbrains.kotlin.idea.formatter.KotlinLanguageCodeStyleSettingsProvider$customizeSettings$4
12941:             1             40  org.jetbrains.kotlin.idea.formatter.KotlinLanguageCodeStyleSettingsProvider$customizeSettings$5
12942:             1             40  org.jetbrains.kotlin.idea.formatter.KotlinLanguageCodeStyleSettingsProvider$customizeSettings$6
12943:             1             40  org.jetbrains.kotlin.idea.formatter.KotlinLanguageCodeStyleSettingsProvider$customizeSettings$7
12944:             1             40  org.jetbrains.kotlin.idea.formatter.KotlinLanguageCodeStyleSettingsProvider$customizeSettings$8
12945:             1             40  org.jetbrains.kotlin.idea.formatter.KotlinLanguageCodeStyleSettingsProvider$customizeSettings$9
12946:             1             40  org.jetbrains.kotlin.idea.inspections.api.AddIncompatibleApiAction
12947:             1             40  org.jetbrains.kotlin.idea.intentions.AddForLoopIndicesIntention
12948:             1             40  org.jetbrains.kotlin.idea.intentions.AddJvmStaticIntention
12949:             1             40  org.jetbrains.kotlin.idea.intentions.AddPropertyAccessorsIntention
12950:             1             40  org.jetbrains.kotlin.idea.intentions.AddPropertyGetterIntention
12951:             1             40  org.jetbrains.kotlin.idea.intentions.AddPropertySetterIntention
12952:             1             40  org.jetbrains.kotlin.idea.intentions.ChangeVisibilityModifierIntention$Internal
12953:             1             40  org.jetbrains.kotlin.idea.intentions.ChangeVisibilityModifierIntention$Private
12954:             1             40  org.jetbrains.kotlin.idea.intentions.ChangeVisibilityModifierIntention$Protected
12955:             1             40  org.jetbrains.kotlin.idea.intentions.ChangeVisibilityModifierIntention$Public
12956:             1             40  org.jetbrains.kotlin.idea.intentions.ChopArgumentListIntention
12957:             1             40  org.jetbrains.kotlin.idea.intentions.ChopParameterListIntention
12958:             1             40  org.jetbrains.kotlin.idea.intentions.ConvertCollectionConstructorToFunction
12959:             1             40  org.jetbrains.kotlin.idea.intentions.ConvertFunctionToPropertyIntention
12960:             1             40  org.jetbrains.kotlin.idea.intentions.ConvertLambdaToMultiLineIntention
12961:             1             40  org.jetbrains.kotlin.idea.intentions.ConvertLambdaToSingleLineIntention
12962:             1             40  org.jetbrains.kotlin.idea.intentions.ConvertToAlsoIntention
12963:             1             40  org.jetbrains.kotlin.idea.intentions.ConvertToApplyIntention
12964:             1             40  org.jetbrains.kotlin.idea.intentions.ConvertToRunIntention
12965:             1             40  org.jetbrains.kotlin.idea.intentions.ConvertToWithIntention
12966:             1             40  org.jetbrains.kotlin.idea.intentions.JoinArgumentListIntention
12967:             1             40  org.jetbrains.kotlin.idea.intentions.JoinParameterListIntention
12968:             1             40  org.jetbrains.kotlin.idea.intentions.RemoveForLoopIndicesIntention
12969:             1             40  org.jetbrains.kotlin.idea.intentions.RemoveRedundantCallsOfConversionMethodsIntention
12970:             1             40  org.jetbrains.kotlin.idea.intentions.ReplaceAddWithPlusAssignIntention
12971:             1             40  org.jetbrains.kotlin.idea.maven.actions.GenerateMavenCompileExecutionAction
12972:             1             40  org.jetbrains.kotlin.idea.maven.actions.GenerateMavenPluginAction
12973:             1             40  org.jetbrains.kotlin.idea.maven.actions.GenerateMavenTestCompileExecutionAction
12974:             1             40  org.jetbrains.kotlin.idea.refactoring.introduce.extractFunction.ExtractFunctionAction
12975:             1             40  org.jetbrains.kotlin.idea.refactoring.introduce.extractFunction.ExtractFunctionToScopeAction
12976:             1             40  org.jetbrains.kotlin.idea.refactoring.introduce.introduceProperty.IntroducePropertyAction
12977:             1             40  org.jetbrains.kotlin.idea.refactoring.introduce.introduceTypeAlias.IntroduceTypeAliasAction
12978:             1             40  org.jetbrains.kotlin.idea.refactoring.introduce.introduceTypeParameter.IntroduceTypeParameterAction
12979:             1             40  org.jetbrains.kotlin.idea.run.KotlinRunConfigurationType
12980:             1             40  org.jetbrains.kotlin.idea.run.script.standalone.KotlinStandaloneScriptRunConfigurationType
12981:             1             40  org.jetbrains.kotlin.psi.stubs.elements.KtAnnotationEntryElementType
12982:             1             40  org.jetbrains.kotlin.psi.stubs.elements.KtAnnotationUseSiteTargetElementType
12983:             1             40  org.jetbrains.kotlin.psi.stubs.elements.KtContractEffectElementType
12984:             1             40  org.jetbrains.kotlin.psi.stubs.elements.KtContractEffectListElementType
12985:             1             40  org.jetbrains.kotlin.psi.stubs.elements.KtDotQualifiedExpressionElementType
12986:             1             40  org.jetbrains.kotlin.psi.stubs.elements.KtEnumEntrySuperClassReferenceExpressionElementType
12987:             1             40  org.jetbrains.kotlin.psi.stubs.elements.KtFunctionElementType
12988:             1             40  org.jetbrains.kotlin.psi.stubs.elements.KtImportAliasElementType
12989:             1             40  org.jetbrains.kotlin.psi.stubs.elements.KtImportDirectiveElementType
12990:             1             40  org.jetbrains.kotlin.psi.stubs.elements.KtModifierListElementType
12991:             1             40  org.jetbrains.kotlin.psi.stubs.elements.KtNameReferenceExpressionElementType
12992:             1             40  org.jetbrains.kotlin.psi.stubs.elements.KtObjectElementType
12993:             1             40  org.jetbrains.kotlin.psi.stubs.elements.KtParameterElementType
12994:             1             40  org.jetbrains.kotlin.psi.stubs.elements.KtPropertyAccessorElementType
12995:             1             40  org.jetbrains.kotlin.psi.stubs.elements.KtPropertyElementType
12996:             1             40  org.jetbrains.kotlin.psi.stubs.elements.KtScriptElementType
12997:             1             40  org.jetbrains.kotlin.psi.stubs.elements.KtStringTemplateExpressionElementType
12998:             1             40  org.jetbrains.kotlin.psi.stubs.elements.KtTypeAliasElementType
12999:             1             40  org.jetbrains.kotlin.psi.stubs.elements.KtTypeParameterElementType
13000:             1             40  org.jetbrains.kotlin.psi.stubs.elements.KtTypeProjectionElementType
13001:             1             40  org.jetbrains.kotlin.psi.stubs.elements.KtUserTypeElementType
13002:             1             40  org.jetbrains.kotlin.psi.stubs.elements.KtValueArgumentListElementType
13003:             1             40  org.jetbrains.plugins.gradle.action.GradleRefreshProjectDependenciesAction
13004:             1             40  org.jetbrains.plugins.gradle.codeInsight.actions.AddGradleDslPluginAction
13005:             1             40  org.jetbrains.plugins.gradle.internal.daemon.ShowGradleDaemonsAction
13006:             1             40  org.jetbrains.plugins.groovy.actions.NewGroovyClassAction
13007:             1             40  org.jetbrains.plugins.groovy.actions.NewScriptAction
13008:             1             40  org.jetbrains.plugins.groovy.actions.generate.accessors.GroovyGenerateGetterAction
13009:             1             40  org.jetbrains.plugins.groovy.actions.generate.accessors.GroovyGenerateGetterSetterAction
13010:             1             40  org.jetbrains.plugins.groovy.actions.generate.accessors.GroovyGenerateSetterAction
13011:             1             40  org.jetbrains.plugins.groovy.actions.generate.constructors.GroovyGenerateConstructorAction
13012:             1             40  org.jetbrains.plugins.groovy.actions.generate.equals.GroovyGenerateEqualsAction
13013:             1             40  org.jetbrains.plugins.groovy.actions.generate.missing.GroovyGenerateMethodMissingAction
13014:             1             40  org.jetbrains.plugins.groovy.actions.generate.missing.GroovyGeneratePropertyMissingAction
13015:             1             40  org.jetbrains.plugins.groovy.actions.generate.tostring.GroovyGenerateToStringAction
13016:             1             40  org.jetbrains.plugins.terminal.action.GotoSplitTerminalActionBase$Next
13017:             1             40  org.jetbrains.plugins.terminal.action.GotoSplitTerminalActionBase$Prev
13018:             1             40  org.jetbrains.plugins.terminal.action.MoveTerminalToolWindowTabLeftAction
13019:             1             40  org.jetbrains.plugins.terminal.action.MoveTerminalToolWindowTabRightAction
13020:             1             40  org.jetbrains.plugins.terminal.action.RenameTerminalSessionAction
13021:             1             40  org.jetbrains.plugins.terminal.action.TerminalSplitActionBase$Horizontal
13022:             1             40  org.jetbrains.plugins.terminal.action.TerminalSplitActionBase$Vertical
13023:             1             40  org.jetbrains.settingsRepository.actions.MergeAction
13024:             1             40  org.jetbrains.settingsRepository.actions.ResetToMyAction
13025:             1             40  org.jetbrains.settingsRepository.actions.ResetToTheirsAction
13026:             1             40  org.jetbrains.settingsRepository.git.GitRepositoryManager
13027:             1             40  org.jetbrains.uast.UElementKt$withContainingElements$1
13028:             1             40  org.zmlx.hg4idea.action.HgAbortRebaseAction
13029:             1             40  org.zmlx.hg4idea.action.HgCommitAndPushExecutorAction
13030:             1             40  org.zmlx.hg4idea.action.HgContinueGraftAction
13031:             1             40  org.zmlx.hg4idea.action.HgContinueRebaseAction
13032:             1             40  org.zmlx.hg4idea.action.HgInit
13033:             1             40  org.zmlx.hg4idea.ignore.lang.HgIgnoreLanguage
13034:             1             40  sun.awt.AWTAutoShutdown (java.desktop@11.0.9.1)
13035:             1             40  sun.awt.CGraphicsEnvironment (java.desktop@11.0.9.1)
13036:             1             40  sun.awt.resources.awt (java.desktop@11.0.9.1)
13037:             1             40  sun.awt.resources.awt_zh_CN (java.desktop@11.0.9.1)
13038:             1             40  sun.awt.resources.awtosx (java.desktop@11.0.9.1)
13039:             1             40  sun.font.FontRunIterator (java.desktop@11.0.9.1)
13040:             1             40  sun.java2d.SurfaceDataProxy$1 (java.desktop@11.0.9.1)
13041:             1             40  sun.jvmstat.perfdata.monitor.protocol.local.MonitoredHostProvider (jdk.internal.jvmstat@11.0.9.1)
13042:             1             40  sun.lwawt.macosx.LWCToolkit$AppleSpecificColor (java.desktop@11.0.9.1)
13043:             1             40  sun.net.idn.StringPrep (java.base@11.0.9.1)
13044:             1             40  sun.nio.cs.StandardCharsets$Aliases (java.base@11.0.9.1)
13045:             1             40  sun.nio.cs.StandardCharsets$Cache (java.base@11.0.9.1)
13046:             1             40  sun.nio.cs.StandardCharsets$Classes (java.base@11.0.9.1)
13047:             1             40  sun.security.pkcs12.PKCS12KeyStore$DualFormatPKCS12 (java.base@11.0.9.1)
13048:             1             40  sun.security.ssl.Plaintext (java.base@11.0.9.1)
13049:             1             40  sun.security.ssl.TrustStoreManager$TrustStoreDescriptor (java.base@11.0.9.1)
13050:             1             40  sun.text.normalizer.UCharacterProperty$1 (java.base@11.0.9.1)
13051:             1             40  sun.util.resources.Bundles$1 (java.base@11.0.9.1)
13052:             1             32  [Lcom.android.repository.Revision$Precision;
13053:             1             32  [Lcom.android.repository.Revision$PreviewComparison;
13054:             1             32  [Lcom.android.resources.Keyboard;
13055:             1             32  [Lcom.android.resources.KeyboardState;
13056:             1             32  [Lcom.android.resources.Navigation;
13057:             1             32  [Lcom.android.resources.ResourceType$Kind;
13058:             1             32  [Lcom.android.resources.ScreenOrientation;
13059:             1             32  [Lcom.android.resources.ScreenSize;
13060:             1             32  [Lcom.android.resources.TouchScreen;
13061:             1             32  [Lcom.android.tools.adtui.actions.ZoomShortcut;
13062:             1             32  [Lcom.android.tools.idea.AndroidPsiUtils$ResourceReferenceType;
13063:             1             32  [Lcom.android.tools.idea.common.surface.DesignSurface$State;
13064:             1             32  [Lcom.android.tools.idea.gradle.notification.ProjectSyncStatusNotificationProvider$NotificationPanel$Type;
13065:             1             32  [Lcom.android.tools.idea.gradle.project.build.output.ParsingState;
13066:             1             32  [Lcom.android.tools.idea.lint.ParcelableQuickFix$Operation;
13067:             1             32  [Lcom.android.tools.idea.run.profiler.CpuProfilerConfig$Technology;
13068:             1             32  [Lcom.android.tools.idea.uibuilder.adaptiveicon.ShapeMenuAction$AdaptiveIconShape;
13069:             1             32  [Lcom.fasterxml.jackson.annotation.JsonCreator$Mode;
13070:             1             32  [Lcom.fasterxml.jackson.core.JsonFactory$Feature;
13071:             1             32  [Lcom.fasterxml.jackson.databind.util.AccessPattern;
13072:             1             32  [Lcom.google.common.base.AbstractIterator$State;
13073:             1             32  [Lcom.google.common.cache.LocalCache$Strength;
13074:             1             32  [Lcom.google.common.collect.AbstractIterator$State;
13075:             1             32  [Lcom.ibm.icu.impl.CurrencyData$CurrencySpacingInfo$SpacingPattern;
13076:             1             32  [Lcom.ibm.icu.impl.CurrencyData$CurrencySpacingInfo$SpacingType;
13077:             1             32  [Lcom.ibm.icu.impl.ICUResourceBundle$OpenType;
13078:             1             32  [Lcom.ibm.icu.impl.number.Modifier$Signum;
13079:             1             32  [Lcom.ibm.icu.impl.number.Padder$PadPosition;
13080:             1             32  [Lcom.ibm.icu.text.DisplayContext$Type;
13081:             1             32  [Lcom.ibm.icu.text.ListFormatter$Type;
13082:             1             32  [Lcom.ibm.icu.text.ListFormatter$Width;
13083:             1             32  [Lcom.ibm.icu.util.UResourceBundle$RootType;
13084:             1             32  [Lcom.intellij.analysis.problemsView.toolWindow.SetUpdateState;
13085:             1             32  [Lcom.intellij.build.output.BuildOutputInstantReaderImpl$Companion$State;
13086:             1             32  [Lcom.intellij.codeHighlighting.TextEditorHighlightingPassRegistrar$Anchor;
13087:             1             32  [Lcom.intellij.codeInsight.NonCodeAnnotationsLineMarkerProvider$LineMarkerType;
13088:             1             32  [Lcom.intellij.codeInsight.actions.ReaderModeProvider$ReaderMode;
13089:             1             32  [Lcom.intellij.codeInsight.completion.AbstractExpectedTypeSkipper$Result;
13090:             1             32  [Lcom.intellij.codeInsight.completion.CompletionType;
13091:             1             32  [Lcom.intellij.codeInsight.completion.JavaCompletionSorting$PreferAccessible$MyEnum;
13092:             1             32  [Lcom.intellij.codeInsight.completion.RecursionWeigher$Result;
13093:             1             32  [Lcom.intellij.codeInsight.completion.impl.BetterPrefixMatcher$MatchingOutcome;
13094:             1             32  [Lcom.intellij.codeInsight.completion.scope.JavaCompletionProcessor$StaticProblem;
13095:             1             32  [Lcom.intellij.codeInsight.daemon.ProblemHighlightFilter;
13096:             1             32  [Lcom.intellij.codeInsight.daemon.Validator$ValidationHost$ErrorType;
13097:             2             32  [Lcom.intellij.codeInsight.daemon.impl.HighlightInfoPostFilter;
13098:             1             32  [Lcom.intellij.codeInsight.daemon.impl.IntentionMenuContributor;
13099:             1             32  [Lcom.intellij.codeInsight.daemon.impl.analysis.DefaultHighlightingSettingProvider;
13100:             1             32  [Lcom.intellij.codeInsight.daemon.impl.analysis.ErrorQuickFixProvider;
13101:             1             32  [Lcom.intellij.codeInsight.daemon.impl.analysis.FileHighlightingSetting;
13102:             1             32  [Lcom.intellij.codeInsight.daemon.impl.analysis.HighlightVisitorImpl$ReassignedState;
13103:             1             32  [Lcom.intellij.codeInsight.editorActions.SmartBackspaceMode;
13104:             1             32  [Lcom.intellij.codeInsight.editorActions.TypedHandlerDelegate$Result;
13105:             1             32  [Lcom.intellij.codeInsight.folding.impl.UpdateFoldRegionsOperation$ApplyDefaultStateMode;
13106:             1             32  [Lcom.intellij.codeInsight.generation.CommentByLineCommentHandler$CaretUpdate;
13107:             1             32  [Lcom.intellij.codeInsight.highlighting.ReadWriteAccessDetector$Access;
13108:             1             32  [Lcom.intellij.codeInsight.hints.ParameterHintsUpdater$InlayUpdateInfo$Action;
13109:             1             32  [Lcom.intellij.codeInsight.intention.PriorityAction$Priority;
13110:             1             32  [Lcom.intellij.codeInsight.intention.impl.ConvertToBasicLatinAction$Handler;
13111:             1             32  [Lcom.intellij.codeInsight.intention.impl.SortContentAction$Sortable;
13112:             1             32  [Lcom.intellij.codeInsight.intention.impl.SortContentAction$SortingStrategy;
13113:             1             32  [Lcom.intellij.codeInsight.javadoc.AnnotationFormat;
13114:             1             32  [Lcom.intellij.codeInsight.lookup.AutoCompletionPolicy;
13115:             1             32  [Lcom.intellij.codeInsight.lookup.CharFilter$Result;
13116:             1             32  [Lcom.intellij.codeInsight.lookup.LookupFocusDegree;
13117:             1             32  [Lcom.intellij.codeInsight.lookup.impl.LookupUsageTracker$FinishType;
13118:             1             32  [Lcom.intellij.codeInsight.navigation.DocPreviewUtil$State;
13119:             1             32  [Lcom.intellij.codeInsight.navigation.actions.TypeDeclarationProvider;
13120:             1             32  [Lcom.intellij.codeInsight.template.CustomLiveTemplate;
13121:             1             32  [Lcom.intellij.codeInspection.EnhancedSwitchBackwardMigrationInspection$SwitchMigrationCase;
13122:             1             32  [Lcom.intellij.codeInspection.EnhancedSwitchMigrationInspection$SwitchConversion;
13123:             1             32  [Lcom.intellij.codeInspection.OptionalIsPresentInspection$OptionalIsPresentCase;
13124:             1             32  [Lcom.intellij.codeInspection.classCanBeRecord.ClassCanBeRecordInspection$ConversionStrategy;
13125:             1             32  [Lcom.intellij.codeInspection.dataFlow.DfaMemoryStateImpl$QualifierStatus;
13126:             1             32  [Lcom.intellij.codeInspection.dataFlow.Mutability;
13127:             1             32  [Lcom.intellij.codeInspection.dataFlow.inference.JavaSourceInference$InferenceMode;
13128:             1             32  [Lcom.intellij.codeInspection.reflectiveAccess.JavaLangInvokeHandleSignatureInspection$CallChecker;
13129:             1             32  [Lcom.intellij.compiler.backwardRefs.CompilerReferenceServiceBase$IndexCloseReason;
13130:             1             32  [Lcom.intellij.compiler.impl.BuildTargetScopeProvider;
13131:             1             32  [Lcom.intellij.compiler.server.BuildMessageDispatcher$SessionData$State;
13132:             1             32  [Lcom.intellij.configurationStore.Macro;
13133:             1             32  [Lcom.intellij.configurationStore.StateLoadPolicy;
13134:             1             32  [Lcom.intellij.configurationStore.TypeMarker;
13135:             1             32  [Lcom.intellij.debugger.engine.DebugProcessImpl$State;
13136:             1             32  [Lcom.intellij.debugger.impl.PrioritizedTask$Priority;
13137:             1             32  [Lcom.intellij.debugger.streams.action.ChainResolver$ChainStatus;
13138:             1             32  [Lcom.intellij.diagnostic.JitWatcher$CompilerState;
13139:             1             32  [Lcom.intellij.diagnostic.LockKind;
13140:             1             32  [Lcom.intellij.diagnostic.MessagePool$State;
13141:             1             32  [Lcom.intellij.diagnostic.PerformanceWatcher$CheckerState;
13142:             1             32  [Lcom.intellij.diff.comparison.ComparisonPolicy;
13143:             1             32  [Lcom.intellij.dvcs.branch.DvcsSyncSettings$Value;
13144:             1             32  [Lcom.intellij.execution.ConsoleFolding;
13145:             1             32  [Lcom.intellij.execution.Executor;
13146:             1             32  [Lcom.intellij.execution.RunConfigurationExtension;
13147:             1             32  [Lcom.intellij.execution.ShortenCommandLine;
13148:             1             32  [Lcom.intellij.execution.configurations.GeneralCommandLine$ParentEnvironmentType;
13149:             1             32  [Lcom.intellij.execution.configurations.RunConfiguration$RestartSingletonResult;
13150:             1             32  [Lcom.intellij.execution.configurations.RunConfigurationSingletonPolicy;
13151:             1             32  [Lcom.intellij.execution.filters.ExceptionFilterFactory;
13152:             1             32  [Lcom.intellij.execution.impl.RunConfigurationLevel;
13153:             1             32  [Lcom.intellij.execution.process.AnsiTerminalEmulator$BlinkSpeed;
13154:             1             32  [Lcom.intellij.execution.process.AnsiTerminalEmulator$FrameType;
13155:             1             32  [Lcom.intellij.execution.process.AnsiTerminalEmulator$Underline;
13156:             1             32  [Lcom.intellij.execution.process.AnsiTerminalEmulator$Weight;
13157:             1             32  [Lcom.intellij.execution.process.ProcessHandler$State;
13158:             1             32  [Lcom.intellij.execution.ui.ConsoleViewContentType;
13159:             1             32  [Lcom.intellij.featureStatistics.fusCollectors.LifecycleUsageTriggerCollector$ProjectOpenMode;
13160:             1             32  [Lcom.intellij.find.findUsages.FindUsagesHandlerFactory$OperationMode;
13161:             1             32  [Lcom.intellij.formatting.FormattingMode;
13162:             1             32  [Lcom.intellij.formatting.FormattingStateId;
13163:             1             32  [Lcom.intellij.formatting.WrapType;
13164:             1             32  [Lcom.intellij.grazie.GrazieConfig$Version;
13165:             1             32  [Lcom.intellij.ide.ApplicationActivationStateManagerState;
13166:             1             32  [Lcom.intellij.ide.FileIconPatcher;
13167:             1             32  [Lcom.intellij.ide.GeneralSettings$ProcessCloseConfirmation;
13168:             1             32  [Lcom.intellij.ide.HelpTooltip$Alignment;
13169:             1             32  [Lcom.intellij.ide.IconLayerProvider;
13170:             1             32  [Lcom.intellij.ide.IdeEventQueue$SearchEverywhereTypeaheadState;
13171:             1             32  [Lcom.intellij.ide.PasteProvider;
13172:             1             32  [Lcom.intellij.ide.actions.StretchSplitAction$StretchDirection;
13173:             1             32  [Lcom.intellij.ide.browsers.DefaultBrowserPolicy;
13174:             1             32  [Lcom.intellij.ide.gdpr.ConsentOptions$Permission;
13175:             1             32  [Lcom.intellij.ide.util.treeView.smartTree.NodeProvider;
13176:             1             32  [Lcom.intellij.idea.SocketLock$ActivationStatus;
13177:             1             32  [Lcom.intellij.internal.statistic.State;
13178:             1             32  [Lcom.intellij.internal.statistic.service.fus.collectors.FeatureUsageCollectorExtension;
13179:             1             32  [Lcom.intellij.internal.statistic.utils.EventRateThrottleResult;
13180:             1             32  [Lcom.intellij.json.editor.lineMover.JsonLineMover$Direction;
13181:             1             32  [Lcom.intellij.json.formatter.JsonCodeStyleSettings$PropertyAlignment;
13182:             1             32  [Lcom.intellij.lang.ParserDefinition$SpaceRequirements;
13183:             1             32  [Lcom.intellij.lang.ant.config.impl.AntConfigurationImpl$InitializationState;
13184:             1             32  [Lcom.intellij.lang.java.beans.PropertyKind;
13185:             1             32  [Lcom.intellij.lang.java.parser.DeclarationParser$Context;
13186:             1             32  [Lcom.intellij.lang.java.parser.ExpressionParser$BreakPoint;
13187:             1             32  [Lcom.intellij.lang.jvm.actions.JvmElementActionsFactory;
13188:             2             32  [Lcom.intellij.lang.jvm.facade.JvmElementProvider;
13189:             1             32  [Lcom.intellij.lang.parameterInfo.ParameterInfoUIContextEx$Flag;
13190:             1             32  [Lcom.intellij.model.psi.PsiSymbolReferenceProviderBean;
13191:             1             32  [Lcom.intellij.notification.NotificationDisplayType;
13192:             1             32  [Lcom.intellij.notification.NotificationType;
13193:             1             32  [Lcom.intellij.openapi.application.EdtReplacementThread;
13194:             1             32  [Lcom.intellij.openapi.command.UndoConfirmationPolicy;
13195:             1             32  [Lcom.intellij.openapi.command.impl.UndoManagerImpl$OperationState;
13196:             2             32  [Lcom.intellij.openapi.compiler.options.ExcludeEntryDescription;
13197:             1             32  [Lcom.intellij.openapi.components.StateStorageChooserEx$Resolution;
13198:             1             32  [Lcom.intellij.openapi.diagnostic.ErrorReportSubmitter;
13199:             1             32  [Lcom.intellij.openapi.diagnostic.FrequentEventDetector$Level;
13200:             1             32  [Lcom.intellij.openapi.editor.CaretVisualAttributes$Weight;
13201:             1             32  [Lcom.intellij.openapi.editor.EditorMouseHoverPopupManager$Context$Relation;
13202:             1             32  [Lcom.intellij.openapi.editor.Inlay$Placement;
13203:             1             32  [Lcom.intellij.openapi.editor.ex.BidiTextDirection;
13204:             1             32  [Lcom.intellij.openapi.editor.markup.AnalyzingType;
13205:             1             32  [Lcom.intellij.openapi.editor.markup.GutterIconRenderer$Alignment;
13206:             1             32  [Lcom.intellij.openapi.editor.markup.InspectionsLevel;
13207:             1             32  [Lcom.intellij.openapi.editor.markup.LineMarkerRendererEx$Position;
13208:             1             32  [Lcom.intellij.openapi.editor.markup.TextAttributesEffectsBuilder$EffectSlot;
13209:             1             32  [Lcom.intellij.openapi.editor.toolbar.floating.VisibilityController$State;
13210:             1             32  [Lcom.intellij.openapi.externalSystem.autoimport.ExternalSystemRefreshStatus;
13211:             1             32  [Lcom.intellij.openapi.externalSystem.autolink.ExternalSystemUnlinkedProjectAware;
13212:             1             32  [Lcom.intellij.openapi.externalSystem.model.task.ExternalSystemTaskType;
13213:             1             32  [Lcom.intellij.openapi.fileEditor.FileDocumentManagerListener;
13214:             1             32  [Lcom.intellij.openapi.fileEditor.FileDocumentSynchronizationVetoer;
13215:             1             32  [Lcom.intellij.openapi.fileEditor.FileEditorPolicy;
13216:             1             32  [Lcom.intellij.openapi.fileEditor.FileEditorStateLevel;
13217:             1             32  [Lcom.intellij.openapi.fileEditor.impl.FileEditorManagerImpl$OpenMode;
13218:             1             32  [Lcom.intellij.openapi.fileTypes.impl.ConflictingFileTypeMappingTracker$ConflictPolicy;
13219:             1             32  [Lcom.intellij.openapi.options.SchemeState;
13220:             1             32  [Lcom.intellij.openapi.progress.EmptyProgressIndicator$RunState;
13221:             1             32  [Lcom.intellij.openapi.progress.impl.CoreProgressManager$CheckCanceledBehavior;
13222:             1             32  [Lcom.intellij.openapi.progress.util.TooManyUsagesStatus$Status;
13223:             1             32  [Lcom.intellij.openapi.roots.ContentIteratorEx$Status;
13224:             1             32  [Lcom.intellij.openapi.roots.DependencyScope;
13225:             1             32  [Lcom.intellij.openapi.roots.GeneratedSourcesFilter;
13226:             1             32  [Lcom.intellij.openapi.roots.OrderEnumerationHandler$AddDependencyType;
13227:             1             32  [Lcom.intellij.openapi.roots.OrderEnumerationHandler$Factory;
13228:             1             32  [Lcom.intellij.openapi.roots.WatchedRootsProvider;
13229:             1             32  [Lcom.intellij.openapi.roots.impl.FilePropertyPusher;
13230:             1             32  [Lcom.intellij.openapi.roots.impl.OrderEnumeratorBase$ProcessEntryActionType;
13231:             1             32  [Lcom.intellij.openapi.roots.impl.ProjectRootManagerImpl$RootsChangeType;
13232:             1             32  [Lcom.intellij.openapi.roots.libraries.LibraryType;
13233:             1             32  [Lcom.intellij.openapi.ui.Splitter$DividerPositionStrategy;
13234:             1             32  [Lcom.intellij.openapi.ui.Splitter$LackOfSpaceStrategy;
13235:             1             32  [Lcom.intellij.openapi.ui.panel.ProgressPanel$State;
13236:             1             32  [Lcom.intellij.openapi.ui.popup.Balloon$Position;
13237:             1             32  [Lcom.intellij.openapi.updateSettings.impl.ChannelStatus;
13238:             1             32  [Lcom.intellij.openapi.updateSettings.impl.ExternalUpdateManager;
13239:             1             32  [Lcom.intellij.openapi.updateSettings.impl.UpdateStrategy$State;
13240:             1             32  [Lcom.intellij.openapi.util.IconLoader$HandleNotFound;
13241:             1             32  [Lcom.intellij.openapi.util.io.FileAttributes$CaseSensitivity;
13242:             1             32  [Lcom.intellij.openapi.util.io.FileAttributes$Type;
13243:             1             32  [Lcom.intellij.openapi.vcs.VcsShowConfirmationOption$Value;
13244:             1             32  [Lcom.intellij.openapi.vcs.changes.Change$Type;
13245:             2             32  [Lcom.intellij.openapi.vcs.changes.ChangeListChangeAssigner;
13246:             1             32  [Lcom.intellij.openapi.vcs.impl.VcsEP;
13247:             1             32  [Lcom.intellij.openapi.vcs.impl.VcsInitialization$Status;
13248:             1             32  [Lcom.intellij.openapi.vfs.CharsetToolkit$GuessedEncoding;
13249:             1             32  [Lcom.intellij.openapi.vfs.VFileProperty;
13250:             1             32  [Lcom.intellij.openapi.vfs.encoding.EncodingProjectManagerImpl$BOMForNewUTF8Files;
13251:             1             32  [Lcom.intellij.openapi.vfs.impl.http.RemoteFileState;
13252:             2             32  [Lcom.intellij.openapi.vfs.newvfs.impl.VirtualFileSystemEntry;
13253:             1             32  [Lcom.intellij.openapi.wm.WelcomeTabFactory;
13254:             1             32  [Lcom.intellij.openapi.wm.ex.WindowManagerEx$WindowShadowMode;
13255:             1             32  [Lcom.intellij.openapi.wm.impl.KeyState;
13256:             1             32  [Lcom.intellij.openapi.wm.impl.TitleInfoProvider;
13257:             1             32  [Lcom.intellij.openapi.wm.impl.ToolWindowProperty;
13258:             1             32  [Lcom.intellij.openapi.wm.impl.status.IdeStatusBarImpl$Position;
13259:             2             32  [Lcom.intellij.packaging.artifacts.Artifact;
13260:             1             32  [Lcom.intellij.pom.java.JavaFeature;
13261:             1             32  [Lcom.intellij.psi.LanguageInjector;
13262:             1             32  [Lcom.intellij.psi.augment.PsiAugmentProvider;
13263:             1             32  [Lcom.intellij.psi.codeStyle.CodeStyleSettings$QuoteStyle;
13264:             1             32  [Lcom.intellij.psi.codeStyle.CodeStyleSettingsCustomizable$CommenterOption;
13265:             1             32  [Lcom.intellij.psi.codeStyle.CodeStyleSettingsCustomizable$OptionAnchor;
13266:             1             32  [Lcom.intellij.psi.codeStyle.CommonCodeStyleSettings$WrapOnTyping;
13267:             1             32  [Lcom.intellij.psi.codeStyle.FileIndentOptionsProvider;
13268:             1             32  [Lcom.intellij.psi.codeStyle.NameUtil$MatchingCaseSensitivity;
13269:             1             32  [Lcom.intellij.psi.codeStyle.lineIndent.LineIndentProvider;
13270:             1             32  [Lcom.intellij.psi.controlFlow.BranchingInstruction$Role;
13271:             1             32  [Lcom.intellij.psi.impl.PsiClassImplUtil$MemberType;
13272:             1             32  [Lcom.intellij.psi.impl.include.FileIncludeProvider;
13273:             1             32  [Lcom.intellij.psi.impl.search.PsiSearchHelperImpl$QueryRequestsRunResult;
13274:             1             32  [Lcom.intellij.psi.impl.source.PsiImmediateClassType$TextType;
13275:             1             32  [Lcom.intellij.psi.impl.source.codeStyle.PreFormatProcessor;
13276:             1             32  [Lcom.intellij.psi.impl.source.codeStyle.SemanticEditorPosition$SyntaxElement;
13277:             1             32  [Lcom.intellij.psi.impl.source.parsing.xml.XmlBuilder$ProcessingOrder;
13278:             1             32  [Lcom.intellij.psi.impl.source.resolve.VariableResolverProcessor$StaticScope;
13279:             1             32  [Lcom.intellij.psi.impl.source.tree.TreeGenerator;
13280:             1             32  [Lcom.intellij.psi.impl.source.xml.XmlElementDescriptorProvider;
13281:             1             32  [Lcom.intellij.psi.scope.PatternResolveState;
13282:             1             32  [Lcom.intellij.psi.scope.conflictResolvers.JavaMethodsConflictResolver$Specifics;
13283:             1             32  [Lcom.intellij.psi.search.PsiSearchHelper$SearchCostResult;
13284:             1             32  [Lcom.intellij.psi.search.SearchScopeProvider;
13285:             1             32  [Lcom.intellij.psi.stubs.StubList$ChildrenStorage;
13286:             1             32  [Lcom.intellij.psi.util.PropertyUtilBase$GetterFlavour;
13287:             1             32  [Lcom.intellij.psi.util.proximity.ReferenceListWeigher$Preference;
13288:             1             32  [Lcom.intellij.psi.util.proximity.ReferenceListWeigher$ReferenceListApplicability;
13289:             1             32  [Lcom.intellij.refactoring.introduce.inplace.OccurrencesChooser$ReplaceChoice;
13290:             1             32  [Lcom.intellij.refactoring.typeMigration.rules.guava.GuavaLambda;
13291:             1             32  [Lcom.intellij.tasks.TaskType;
13292:             1             32  [Lcom.intellij.ui.components.JBScrollPane$Alignment;
13293:             1             32  [Lcom.intellij.ui.components.JBScrollPane$Flip;
13294:             1             32  [Lcom.intellij.ui.components.ScrollSource;
13295:             1             32  [Lcom.intellij.ui.content.ContentManagerEvent$ContentOperation;
13296:             1             32  [Lcom.intellij.ui.icons.RowIcon$Alignment;
13297:             1             32  [Lcom.intellij.ui.paint.LinePainter2D$StrokeType;
13298:             1             32  [Lcom.intellij.ui.paint.PaintUtil$RoundingMode;
13299:             1             32  [Lcom.intellij.ui.scale.DerivedScaleType;
13300:             1             32  [Lcom.intellij.ui.stripe.ErrorStripePainter$Alignment;
13301:             1             32  [Lcom.intellij.ui.tabs.JBTabsPosition;
13302:             1             32  [Lcom.intellij.ui.tabs.impl.tabsLayout.TabsLayoutInfo;
13303:             1             32  [Lcom.intellij.ui.tree.LeafState;
13304:             1             32  [Lcom.intellij.ui.tree.TreeVisitor$Action;
13305:             1             32  [Lcom.intellij.usages.UsageTargetProvider;
13306:             1             32  [Lcom.intellij.util.Alarm$ThreadToUse;
13307:             1             32  [Lcom.intellij.util.LineSeparator;
13308:             1             32  [Lcom.intellij.util.containers.JBIterator$Do;
13309:             1             32  [Lcom.intellij.util.containers.TreeTraversal$BiOrderIt$Order;
13310:             1             32  [Lcom.intellij.util.diff.DiffTree$CompareResult;
13311:             1             32  [Lcom.intellij.util.indexing.FileIndexingState;
13312:             1             32  [Lcom.intellij.util.indexing.IdFilter$FilterScopeType;
13313:             1             32  [Lcom.intellij.util.indexing.IndexableSetContributor;
13314:             1             32  [Lcom.intellij.util.indexing.RebuildStatus;
13315:             1             32  [Lcom.intellij.util.indexing.roots.IndexableFilesContributor;
13316:             1             32  [Lcom.intellij.util.indexing.snapshot.SnapshotHashEnumeratorService$State;
13317:             1             32  [Lcom.intellij.util.io.storage.HeavyProcessLatch$Type;
13318:             1             32  [Lcom.intellij.util.messages.Topic$BroadcastDirection;
13319:             1             32  [Lcom.intellij.util.ui.Centerizer$TYPE;
13320:             1             32  [Lcom.intellij.util.ui.UIUtil$ComponentStyle;
13321:             1             32  [Lcom.intellij.util.ui.UIUtil$FontSize;
13322:             1             32  [Lcom.intellij.util.ui.tree.ExpandOnDoubleClick;
13323:             1             32  [Lcom.intellij.util.ui.tree.TreeModelAdapter$EventType;
13324:             1             32  [Lcom.intellij.vcs.log.data.CurrentBranchConditionCache$State;
13325:             1             32  [Lcom.intellij.vcs.log.data.VcsLogData$State;
13326:             1             32  [Lcom.intellij.vcs.log.graph.actions.GraphAction$Type;
13327:             1             32  [Lcom.intellij.workspaceModel.storage.bridgeEntities.LibraryRoot$InclusionOptions;
13328:             1             32  [Lcom.intellij.workspaceModel.storage.impl.ConnectionId$ConnectionType;
13329:             1             32  [Lcom.intellij.xdebugger.breakpoints.SuspendPolicy;
13330:             1             32  [Lcom.intellij.xdebugger.impl.evaluate.quick.common.ValueHintType;
13331:             1             32  [Lcom.intellij.xdebugger.settings.XDebuggerSettings;
13332:             1             32  [Lcom.intellij.xml.XmlExtension;
13333:             1             32  [Lcom.intellij.xml.actions.validate.ValidateXmlActionHandler$ProblemType;
13334:             1             32  [Lcom.intellij.xml.impl.schema.ComplexTypeDescriptor$CanContainAttributeType;
13335:             1             32  [Lcom.intellij.xml.index.ResourceRelevance;
13336:             1             32  [Lcom.jetbrains.jdi.EventDestination;
13337:             1             32  [Lcom.jetbrains.jdi.SDE$FileTableRecord;
13338:             1             32  [Lcom.jetbrains.jdi.SDE$StratumTableRecord;
13339:             1             32  [Lcom.siyeh.ig.callMatcher.CallMatcher$CallType;
13340:             1             32  [Lcom.siyeh.ig.controlflow.PointlessBooleanExpressionInspection$BooleanExpressionKind;
13341:             1             32  [Lcom.siyeh.ig.methodmetrics.ParametersPerConstructorInspection$Scope;
13342:             1             32  [Lcom.siyeh.ig.performance.ToArrayCallWithZeroLengthArrayArgumentInspection$PreferEmptyArray;
13343:             1             32  [Lcom.siyeh.ig.psiutils.InconvertibleTypesChecker$LookForMutualSubclass;
13344:             1             32  [Lcom.siyeh.ipp.collections.ImmutableCollectionModelUtils$CollectionType;
13345:             1             32  [Lcom.sun.beans.util.Cache$Kind; (java.desktop@11.0.9.1)
13346:             1             32  [Lcom.sun.org.apache.xerces.internal.utils.XMLSecurityManager$NameMap; (java.xml@11.0.9.1)
13347:             1             32  [Lcom.sun.tools.jdi.SDE$FileTableRecord; (jdk.jdi@11.0.9.1)
13348:             1             32  [Lcom.sun.tools.jdi.SDE$StratumTableRecord; (jdk.jdi@11.0.9.1)
13349:             1             32  [Lcom.sun.xml.bind.v2.model.core.ID;
13350:             1             32  [Lde.plushnikov.intellij.plugin.action.lombok.BaseLombokHandler;
13351:             1             32  [Lde.plushnikov.intellij.plugin.processor.modifier.ModifierProcessor;
13352:             1             32  [Lgit4idea.commands.GitAuthenticationMode;
13353:             1             32  [Lgit4idea.commands.GitCommand$LockingPolicy;
13354:             1             32  [Lgit4idea.config.GitIncomingCheckStrategy;
13355:             1             32  [Lgit4idea.config.GitVcsApplicationSettings$AnnotateDetectMovementsOption;
13356:             1             32  [Lgit4idea.config.UpdateMethod;
13357:             1             32  [Lgnu.trove.TIntHashSet;
13358:             1             32  [Lio.netty.util.ResourceLeakDetector$Level;
13359:             1             32  [Ljava.awt.Dialog$ModalExclusionType; (java.desktop@11.0.9.1)
13360:             1             32  [Ljava.awt.Dialog$ModalityType; (java.desktop@11.0.9.1)
13361:             1             32  [Ljava.awt.EventFilter$FilterAction; (java.desktop@11.0.9.1)
13362:             1             32  [Ljava.awt.GraphicsDevice$WindowTranslucency; (java.desktop@11.0.9.1)
13363:             1             32  [Ljava.awt.Window$Type; (java.desktop@11.0.9.1)
13364:             1             32  [Ljava.awt.image.ColorModel; (java.desktop@11.0.9.1)
13365:             2             32  [Ljava.io.File; (java.base@11.0.9.1)
13366:             1             32  [Ljava.io.ObjectInputFilter$Status; (java.base@11.0.9.1)
13367:             1             32  [Ljava.lang.OutOfMemoryError; (java.base@11.0.9.1)
13368:             1             32  [Ljava.lang.ProcessImpl$Platform; (java.base@11.0.9.1)
13369:             1             32  [Ljava.lang.invoke.StringConcatFactory$Mode; (java.base@11.0.9.1)
13370:             2             32  [Ljava.net.NetworkInterface; (java.base@11.0.9.1)
13371:             1             32  [Ljava.net.Proxy$Type; (java.base@11.0.9.1)
13372:             1             32  [Ljava.nio.file.AccessMode; (java.base@11.0.9.1)
13373:             1             32  [Ljava.nio.file.FileTreeWalker$EventType; (java.base@11.0.9.1)
13374:             1             32  [Ljava.nio.file.FileVisitResult; (java.base@11.0.9.1)
13375:             1             32  [Ljava.nio.file.StandardCopyOption; (java.base@11.0.9.1)
13376:             2             32  [Ljava.rmi.server.ObjID; (java.rmi@11.0.9.1)
13377:             1             32  [Ljava.text.Normalizer$Form; (java.base@11.0.9.1)
13378:             1             32  [Ljava.time.format.DateTimeFormatterBuilder$SettingsParser; (java.base@11.0.9.1)
13379:             1             32  [Ljava.time.format.ResolverStyle; (java.base@11.0.9.1)
13380:             1             32  [Ljava.time.temporal.IsoFields$Field; (java.base@11.0.9.1)
13381:             1             32  [Ljava.time.temporal.JulianFields$Field; (java.base@11.0.9.1)
13382:             1             32  [Ljava.util.LinkedHashMap; (java.base@11.0.9.1)
13383:             1             32  [Ljava.util.function.Function; (java.base@11.0.9.1)
13384:             1             32  [Ljava.util.function.Supplier; (java.base@11.0.9.1)
13385:             1             32  [Ljava.util.regex.Pattern$Qtype; (java.base@11.0.9.1)
13386:             1             32  [Ljava.util.stream.MatchOps$MatchKind; (java.base@11.0.9.1)
13387:             1             32  [Ljava.util.stream.StreamShape; (java.base@11.0.9.1)
13388:             1             32  [Ljavax.imageio.ImageIO$SpiInfo; (java.desktop@11.0.9.1)
13389:             1             32  [Ljavax.swing.ClientPropertyKey; (java.desktop@11.0.9.1)
13390:             2             32  [Ljavax.swing.JComponent; (java.desktop@11.0.9.1)
13391:             1             32  [Ljavax.swing.SortOrder; (java.desktop@11.0.9.1)
13392:             1             32  [Ljavax.swing.UIManager$LookAndFeelInfo; (java.desktop@11.0.9.1)
13393:             1             32  [Ljavax.swing.text.PlainView$FPMethodArgs; (java.desktop@11.0.9.1)
13394:             1             32  [Ljavax.swing.text.html.CSS$CssValue; (java.desktop@11.0.9.1)
13395:             1             32  [Ljavax.xml.catalog.CatalogFeatures$Feature; (java.xml@11.0.9.1)
13396:             1             32  [Ljdk.internal.jimage.ImageBufferCache$BufferReference; (java.base@11.0.9.1)
13397:             1             32  [Ljdk.internal.logger.BootstrapLogger$LoggingBackend; (java.base@11.0.9.1)
13398:             1             32  [Ljdk.internal.math.FormattedFloatingDecimal$Form; (java.base@11.0.9.1)
13399:             1             32  [Ljdk.internal.module.IllegalAccessLogger$Mode; (java.base@11.0.9.1)
13400:             1             32  [Lkotlin.LazyThreadSafetyMode;
13401:             1             32  [Lkotlin.LazyThreadSafetyMode;
13402:             1             32  [Lkotlin.collections.State;
13403:             1             32  [Lkotlin.collections.State;
13404:             1             32  [Lkotlin.coroutines.intrinsics.CoroutineSingletons;
13405:             1             32  [Lkotlin.coroutines.intrinsics.CoroutineSingletons;
13406:             1             32  [Lkotlin.reflect.KParameter$Kind;
13407:             1             32  [Lkotlin.reflect.KVisibility;
13408:             1             32  [Lkotlin.reflect.jvm.internal.impl.builtins.functions.FunctionClassDescriptor$Kind;
13409:             1             32  [Lkotlin.reflect.jvm.internal.impl.builtins.functions.FunctionClassKind;
13410:             1             32  [Lkotlin.reflect.jvm.internal.impl.builtins.jvm.JvmBuiltIns$Kind;
13411:             1             32  [Lkotlin.reflect.jvm.internal.impl.builtins.jvm.JvmBuiltIns$Kind;
13412:             1             32  [Lkotlin.reflect.jvm.internal.impl.builtins.jvm.JvmBuiltInsSettings$JDKMemberStatus;
13413:             1             32  [Lkotlin.reflect.jvm.internal.impl.descriptors.CallableMemberDescriptor$Kind;
13414:             1             32  [Lkotlin.reflect.jvm.internal.impl.descriptors.CallableMemberDescriptor$Kind;
13415:             1             32  [Lkotlin.reflect.jvm.internal.impl.descriptors.Modality;
13416:             1             32  [Lkotlin.reflect.jvm.internal.impl.descriptors.Modality;
13417:             1             32  [Lkotlin.reflect.jvm.internal.impl.load.java.AnnotationTypeQualifierResolver$QualifierApplicabilityType;
13418:             1             32  [Lkotlin.reflect.jvm.internal.impl.load.java.BuiltinMethodsWithSpecialGenericSignature$SpecialSignatureInfo;
13419:             1             32  [Lkotlin.reflect.jvm.internal.impl.load.java.BuiltinMethodsWithSpecialGenericSignature$TypeSafeBarrierDescription;
13420:             1             32  [Lkotlin.reflect.jvm.internal.impl.load.java.SpecialGenericSignatures$TypeSafeBarrierDescription;
13421:             1             32  [Lkotlin.reflect.jvm.internal.impl.load.java.descriptors.JavaMethodDescriptor$ParameterNamesStatus;
13422:             1             32  [Lkotlin.reflect.jvm.internal.impl.load.java.lazy.types.JavaTypeFlexibility;
13423:             1             32  [Lkotlin.reflect.jvm.internal.impl.load.java.lazy.types.JavaTypeFlexibility;
13424:             1             32  [Lkotlin.reflect.jvm.internal.impl.load.java.typeEnhancement.NullabilityQualifier;
13425:             1             32  [Lkotlin.reflect.jvm.internal.impl.load.java.typeEnhancement.TypeComponentPosition;
13426:             1             32  [Lkotlin.reflect.jvm.internal.impl.load.kotlin.AbstractBinaryClassAnnotationAndConstantLoader$PropertyRelatedElement;
13427:             1             32  [Lkotlin.reflect.jvm.internal.impl.metadata.ProtoBuf$QualifiedNameTable$QualifiedName$Kind;
13428:             1             32  [Lkotlin.reflect.jvm.internal.impl.metadata.ProtoBuf$QualifiedNameTable$QualifiedName$Kind;
13429:             1             32  [Lkotlin.reflect.jvm.internal.impl.metadata.ProtoBuf$Type$Argument$Projection;
13430:             1             32  [Lkotlin.reflect.jvm.internal.impl.metadata.ProtoBuf$Type$Argument$Projection;
13431:             1             32  [Lkotlin.reflect.jvm.internal.impl.metadata.ProtoBuf$TypeParameter$Variance;
13432:             1             32  [Lkotlin.reflect.jvm.internal.impl.metadata.ProtoBuf$TypeParameter$Variance;
13433:             1             32  [Lkotlin.reflect.jvm.internal.impl.metadata.jvm.JvmProtoBuf$StringTableTypes$Record$Operation;
13434:             1             32  [Lkotlin.reflect.jvm.internal.impl.metadata.jvm.JvmProtoBuf$StringTableTypes$Record$Operation;
13435:             1             32  [Lkotlin.reflect.jvm.internal.impl.resolve.ExternalOverridabilityCondition$Contract;
13436:             1             32  [Lkotlin.reflect.jvm.internal.impl.resolve.ExternalOverridabilityCondition$Contract;
13437:             1             32  [Lkotlin.reflect.jvm.internal.impl.resolve.ExternalOverridabilityCondition$Result;
13438:             1             32  [Lkotlin.reflect.jvm.internal.impl.resolve.ExternalOverridabilityCondition$Result;
13439:             1             32  [Lkotlin.reflect.jvm.internal.impl.resolve.OverridingUtil$OverrideCompatibilityInfo$Result;
13440:             1             32  [Lkotlin.reflect.jvm.internal.impl.resolve.OverridingUtil$OverrideCompatibilityInfo$Result;
13441:             1             32  [Lkotlin.reflect.jvm.internal.impl.serialization.deserialization.AnnotatedCallableKind;
13442:             1             32  [Lkotlin.reflect.jvm.internal.impl.serialization.deserialization.AnnotatedCallableKind;
13443:             1             32  [Lkotlin.reflect.jvm.internal.impl.serialization.deserialization.descriptors.DeserializedContainerAbiStability;
13444:             1             32  [Lkotlin.reflect.jvm.internal.impl.serialization.deserialization.descriptors.DeserializedMemberDescriptor$CoroutinesCompatibilityMode;
13445:             1             32  [Lkotlin.reflect.jvm.internal.impl.serialization.deserialization.descriptors.DeserializedMemberDescriptor$CoroutinesCompatibilityMode;
13446:             1             32  [Lkotlin.reflect.jvm.internal.impl.storage.LockBasedStorageManager$NotValue;
13447:             1             32  [Lkotlin.reflect.jvm.internal.impl.storage.LockBasedStorageManager$NotValue;
13448:             1             32  [Lkotlin.reflect.jvm.internal.impl.types.AbstractTypeCheckerContext$LowerCapturedTypePolicy;
13449:             1             32  [Lkotlin.reflect.jvm.internal.impl.types.TypeSubstitutor$VarianceConflictType;
13450:             1             32  [Lkotlin.reflect.jvm.internal.impl.types.Variance;
13451:             1             32  [Lkotlin.reflect.jvm.internal.impl.types.Variance;
13452:             1             32  [Lkotlin.reflect.jvm.internal.impl.types.checker.TypeCheckingProcedure$EnrichedProjectionKind;
13453:             1             32  [Lkotlin.reflect.jvm.internal.impl.types.model.CaptureStatus;
13454:             1             32  [Lkotlin.reflect.jvm.internal.impl.types.model.TypeVariance;
13455:             1             32  [Lkotlin.reflect.jvm.internal.impl.utils.ReportLevel;
13456:             1             32  [Lkotlin.reflect.jvm.internal.impl.utils.ReportLevel;
13457:             1             32  [Lkotlinx.coroutines.CoroutineStart;
13458:             1             32  [Lkotlinx.coroutines.CoroutineStart;
13459:             1             32  [Lkotlinx.coroutines.internal.ThreadSafeHeapNode;
13460:             1             32  [Lnet.jpountz.lz4.LZ4FrameOutputStream$BLOCKSIZE;
13461:             1             32  [Lorg.apache.xerces.impl.dv.xs.AbstractDateTimeDV$DateTimeData;
13462:             1             32  [Lorg.bouncycastle.crypto.PasswordConverter;
13463:             1             32  [Lorg.imgscalr.Scalr$Mode;
13464:             1             32  [Lorg.infernus.idea.checkstyle.VersionComparator$VE;
13465:             1             32  [Lorg.intellij.lang.xpath.xslt.impl.XsltChecker$LanguageLevel;
13466:             1             32  [Lorg.intellij.lang.xpath.xslt.run.XsltRunConfiguration$OutputType;
13467:             1             32  [Lorg.intellij.markdown.parser.markerblocks.MarkerBlock$ClosingAction;
13468:             1             32  [Lorg.intellij.plugins.intelliLang.Configuration$DfaOption;
13469:             1             32  [Lorg.intellij.plugins.intelliLang.Configuration$InstrumentationType;
13470:             1             32  [Lorg.intellij.plugins.intelliLang.inject.LanguageInjectionSupport;
13471:             1             32  [Lorg.intellij.plugins.intelliLang.util.AnnotationUtilEx$LookupType;
13472:             1             32  [Lorg.intellij.plugins.markdown.ui.split.SplitFileEditor$SplitEditorLayout;
13473:             1             32  [Lorg.jdom.output.Format$TextMode;
13474:             1             32  [Lorg.jetbrains.concurrency.Promise$State;
13475:             1             32  [Lorg.jetbrains.idea.devkit.inspections.DescriptionType;
13476:             1             32  [Lorg.jetbrains.idea.devkit.util.ComponentType;
13477:             1             32  [Lorg.jetbrains.idea.maven.dom.MavenDomElementDescriptorHolder$FileKind;
13478:             1             32  [Lorg.jetbrains.idea.maven.dom.MavenModelDocumentationProvider$DescKind;
13479:             1             32  [Lorg.jetbrains.idea.maven.execution.MavenExecutionOptions$ChecksumPolicy;
13480:             1             32  [Lorg.jetbrains.idea.maven.execution.MavenExecutionOptions$FailureMode;
13481:             1             32  [Lorg.jetbrains.idea.maven.execution.MavenExecutionOptions$PluginUpdatePolicy;
13482:             1             32  [Lorg.jetbrains.idea.maven.externalSystemIntegration.output.LogMessageType;
13483:             1             32  [Lorg.jetbrains.idea.maven.externalSystemIntegration.output.MavenLoggedEventParser;
13484:             1             32  [Lorg.jetbrains.idea.maven.importing.MavenCompilerExtension;
13485:             1             32  [Lorg.jetbrains.idea.maven.navigator.MavenProjectsStructure$DisplayKind;
13486:             1             32  [Lorg.jetbrains.idea.maven.project.MavenImportingSettings$GeneratedSourcesFolder;
13487:             1             32  [Lorg.jetbrains.idea.maven.project.MavenProject$ProcMode;
13488:             1             32  [Lorg.jetbrains.idea.maven.tasks.MavenTasksManager$Phase;
13489:             1             32  [Lorg.jetbrains.jps.api.CmdlineRemoteProto$Message$BuilderMessage$BuildEvent$Status;
13490:             1             32  [Lorg.jetbrains.jps.api.CmdlineRemoteProto$Message$BuilderMessage$BuildEvent$Type;
13491:             1             32  [Lorg.jetbrains.jps.api.CmdlineRemoteProto$Message$BuilderMessage$Type;
13492:             1             32  [Lorg.jetbrains.jps.api.CmdlineRemoteProto$Message$ControllerMessage$ParametersMessage$Type;
13493:             1             32  [Lorg.jetbrains.jps.api.CmdlineRemoteProto$Message$ControllerMessage$Type;
13494:             1             32  [Lorg.jetbrains.jps.api.CmdlineRemoteProto$Message$Type;
13495:             1             32  [Lorg.jetbrains.kotlin.builtins.functions.FunctionClassKind;
13496:             1             32  [Lorg.jetbrains.kotlin.caches.resolve.IdePlatformKindResolution;
13497:             1             32  [Lorg.jetbrains.kotlin.config.ExplicitApiMode;
13498:             1             32  [Lorg.jetbrains.kotlin.config.JVMAssertionsMode;
13499:             1             32  [Lorg.jetbrains.kotlin.config.JvmStringConcat;
13500:             1             32  [Lorg.jetbrains.kotlin.config.KotlinModuleKind;
13501:             1             32  [Lorg.jetbrains.kotlin.config.KotlinMultiplatformVersion;
13502:             1             32  [Lorg.jetbrains.kotlin.config.LanguageFeature$Kind;
13503:             1             32  [Lorg.jetbrains.kotlin.config.LanguageFeature$State;
13504:             1             32  [Lorg.jetbrains.kotlin.diagnostics.Severity;
13505:             1             32  [Lorg.jetbrains.kotlin.idea.intentions.ConvertToScopeIntention$ScopeFunction;
13506:             1             32  [Lorg.jetbrains.kotlin.idea.platform.IdePlatformKindTooling;
13507:             1             32  [Lorg.jetbrains.kotlin.idea.statistics.ConversionType;
13508:             1             32  [Lorg.jetbrains.kotlin.idea.vfilefinder.KnownLibraryKindForIndex;
13509:             1             32  [Lorg.jetbrains.kotlin.load.java.SpecialGenericSignatures$TypeSafeBarrierDescription;
13510:             1             32  [Lorg.jetbrains.kotlin.mainKts.impl.Directories$OSKind;
13511:             1             32  [Lorg.jetbrains.kotlin.mainKts.impl.Directories$OSKind;
13512:             1             32  [Lorg.jetbrains.kotlin.name.State;
13513:             1             32  [Lorg.jetbrains.kotlin.platform.IdePlatformKind;
13514:             2             32  [Lorg.jetbrains.kotlin.psi.KtClass;
13515:             1             32  [Lorg.jetbrains.kotlin.renderer.AnnotationArgumentsRenderingPolicy;
13516:             1             32  [Lorg.jetbrains.kotlin.renderer.OverrideRenderingPolicy;
13517:             1             32  [Lorg.jetbrains.kotlin.renderer.ParameterNameRenderingPolicy;
13518:             1             32  [Lorg.jetbrains.kotlin.renderer.PropertyAccessorRenderingPolicy;
13519:             2             32  [Lorg.jetbrains.kotlin.script.ScriptTemplatesProvider;
13520:             1             32  [Lorg.jetbrains.kotlin.utils.ReportLevel;
13521:             1             32  [Lorg.jetbrains.mvstore.MVMap$Decision;
13522:             1             32  [Lorg.jetbrains.plugins.github.util.GithubAuthData$AuthType;
13523:             1             32  [Lorg.jetbrains.plugins.gradle.settings.TestRunner;
13524:             1             32  [Lorg.jetbrains.plugins.textmate.bundles.BundleType;
13525:             1             32  [Lorg.jetbrains.plugins.textmate.language.preferences.TextMateTextAttributes$FontStyle;
13526:             1             32  [Lorg.jetbrains.settingsRepository.SyncType;
13527:             1             32  [Lorg.jetbrains.uast.UastLanguagePlugin;
13528:             1             32  [Lorg.zmlx.hg4idea.provider.update.HgUpdateType;
13529:             1             32  [Lsun.awt.AppContext$State; (java.desktop@11.0.9.1)
13530:             1             32  [Lsun.java2d.StateTrackable$State; (java.desktop@11.0.9.1)
13531:             1             32  [Lsun.java2d.marlin.DMarlinRenderingEngine$NormMode; (java.desktop@11.0.9.1)
13532:             1             32  [Lsun.jvmstat.monitor.Variability; (jdk.internal.jvmstat@11.0.9.1)
13533:             1             32  [Lsun.lwawt.LWComponentPeer; (java.desktop@11.0.9.1)
13534:             1             32  [Lsun.net.www.protocol.http.HttpURLConnection$TunnelState; (java.base@11.0.9.1)
13535:             1             32  [Lsun.security.provider.NativePRNG$Variant; (java.base@11.0.9.1)
13536:             1             32  [Lsun.security.provider.certpath.OCSP$RevocationStatus$CertStatus; (java.base@11.0.9.1)
13537:             1             32  [Lsun.security.ssl.CipherSuite$HashAlg; (java.base@11.0.9.1)
13538:             1             32  [Lsun.security.ssl.CipherType; (java.base@11.0.9.1)
13539:             1             32  [Lsun.security.ssl.ClientAuthType; (java.base@11.0.9.1)
13540:             1             32  [Lsun.security.ssl.ECPointFormatsExtension$ECPointFormat; (java.base@11.0.9.1)
13541:             1             32  [Lsun.security.ssl.Finished$VerifyDataScheme; (java.base@11.0.9.1)
13542:             1             32  [Lsun.security.ssl.SSLMasterKeyDerivation; (java.base@11.0.9.1)
13543:             1             32  [Lsun.security.ssl.SSLTrafficKeyDerivation; (java.base@11.0.9.1)
13544:             1             32  [Lsun.security.ssl.SignatureScheme$SigAlgParamSpec; (java.base@11.0.9.1)
13545:             1             32  [[Ljavax.swing.text.html.CSS$Attribute; (java.desktop@11.0.9.1)
13546:             2             32  com.android.ide.common.repository.GradleCoordinate$GradleCoordinateComparator
13547:             2             32  com.android.ide.common.resources.configuration.DensityQualifier
13548:             2             32  com.android.ide.common.resources.configuration.LayoutDirectionQualifier
13549:             1             32  com.android.ide.common.resources.configuration.LocaleQualifier
13550:             2             32  com.android.ide.common.resources.configuration.ScreenSizeQualifier
13551:             1             32  com.android.repository.impl.meta.Archive$HostConfig
13552:             1             32  com.android.repository.impl.sources.LocalSourceProvider
13553:             1             32  com.android.repository.impl.sources.RemoteListSourceProviderImpl
13554:             1             32  com.android.tools.adtui.actions.ZoomLabelAction
13555:             2             32  com.android.tools.adtui.workbench.DetachedToolWindowManager$MyFileEditorManagerListener
13556:             2             32  com.android.tools.adtui.workbench.LayeredPanel$1
13557:             2             32  com.android.tools.adtui.workbench.WorkBench$$Lambda$3295/0x0000000801fcf040
13558:             2             32  com.android.tools.adtui.workbench.WorkBench$$Lambda$3296/0x0000000801fcf440
13559:             2             32  com.android.tools.editor.EditorActionsFloatingToolbar$hiddenZoomLabelTimer$1
13560:             2             32  com.android.tools.editor.EditorActionsFloatingToolbar$pauseZoomLabelTimerWhileInteractingOn$containerListener$1
13561:             2             32  com.android.tools.editor.EditorActionsFloatingToolbar$pauseZoomLabelTimerWhileInteractingOn$mouseListener$1
13562:             1             32  com.android.tools.idea.actions.AndroidAddRtlSupportAction
13563:             1             32  com.android.tools.idea.actions.ConvertToNinePatchAction
13564:             1             32  com.android.tools.idea.actions.CreateSampleDataDirectory
13565:             1             32  com.android.tools.idea.actions.DevicePickerHelpAction
13566:             1             32  com.android.tools.idea.actions.ExportProjectZip
13567:             1             32  com.android.tools.idea.actions.LegacyNewAndroidComponentAction
13568:             1             32  com.android.tools.idea.actions.NewImageAssetAction
13569:             1             32  com.android.tools.idea.actions.NewVectorAssetAction
13570:             1             32  com.android.tools.idea.actions.OpenStringResourceEditorAction
13571:             1             32  com.android.tools.idea.apk.ApkFacetType
13572:             2             32  com.android.tools.idea.apk.debugging.editor.SmaliFileNotificationProvider
13573:             1             32  com.android.tools.idea.apk.viewer.AnalyzeApkAction
13574:             1             32  com.android.tools.idea.apk.viewer.ApkFileSystem
13575:             2             32  com.android.tools.idea.common.error.IssueModel$$Lambda$3277/0x0000000801f8d040
13576:             2             32  com.android.tools.idea.common.error.IssuePanel$$Lambda$3285/0x0000000801f8b440
13577:             2             32  com.android.tools.idea.common.error.IssuePanel$1
13578:             2             32  com.android.tools.idea.common.surface.DesignSurface$$Lambda$3278/0x0000000801f8d440
13579:             2             32  com.android.tools.idea.common.surface.DesignSurface$$Lambda$3279/0x0000000801f8c840
13580:             2             32  com.android.tools.idea.common.surface.DesignSurface$$Lambda$3280/0x0000000801f8cc40
13581:             2             32  com.android.tools.idea.common.surface.DesignSurface$$Lambda$3282/0x0000000801f8c440
13582:             2             32  com.android.tools.idea.common.surface.DesignSurface$$Lambda$3283/0x0000000801f8b840
13583:             2             32  com.android.tools.idea.common.surface.DesignSurface$1
13584:             2             32  com.android.tools.idea.common.surface.DesignSurface$2
13585:             2             32  com.android.tools.idea.common.surface.InteractionManager$1
13586:             2             32  com.android.tools.idea.common.surface.InteractionManager$Listener
13587:             2             32  com.android.tools.idea.compose.preview.ComposePreviewEditorNotificationAdapter
13588:             2             32  com.android.tools.idea.databinding.DataBindingModuleComponent$cachedBindingAdapterAttributes$1
13589:             2             32  com.android.tools.idea.databinding.cache.BrShortNamesCache$1
13590:             2             32  com.android.tools.idea.databinding.cache.DataBindingComponentShortNamesCache
13591:             2             32  com.android.tools.idea.databinding.finders.BrClassFinder$1
13592:             2             32  com.android.tools.idea.databinding.index.BindingXmlIndex$getValueExternalizer$1
13593:             2             32  com.android.tools.idea.databinding.project.ProjectLayoutResourcesModificationTracker
13594:             2             32  com.android.tools.idea.debug.AndroidPositionManagerFactory
13595:             2             32  com.android.tools.idea.deploy.DeployActionsInitializer$MyRunManagerListener
13596:             2             32  com.android.tools.idea.editors.AttachAndroidSdkSourcesNotificationProvider
13597:             2             32  com.android.tools.idea.editors.layoutInspector.LayoutInspectorEditor$NewVersionNotificationProvider
13598:             1             32  com.android.tools.idea.editors.layoutInspector.actions.AndroidRunLayoutInspectorAction
13599:             2             32  com.android.tools.idea.editors.manifest.StaleManifestNotificationProvider
13600:             2             32  com.android.tools.idea.editors.strings.StringResourceEditorNotificationProvider
13601:             1             32  com.android.tools.idea.explorer.actions.GotoDatabaseFolderAction
13602:             1             32  com.android.tools.idea.explorer.actions.GotoSdcardFolderAction
13603:             1             32  com.android.tools.idea.explorer.actions.GotoSharedPrefsFolderAction
13604:             1             32  com.android.tools.idea.explorer.actions.HelpAction
13605:             2             32  com.android.tools.idea.fileTypes.profiler.CpuCaptureFileType
13606:             2             32  com.android.tools.idea.fileTypes.profiler.MemoryCaptureFileType
13607:             2             32  com.android.tools.idea.flags.StudioFlagSettings
13608:             2             32  com.android.tools.idea.folding.AndroidFoldingSettings
13609:             1             32  com.android.tools.idea.folding.InlinedResource
13610:             2             32  com.android.tools.idea.folding.ResourceFoldingBuilder
13611:             1             32  com.android.tools.idea.gradle.actions.BuildApkAction
13612:             1             32  com.android.tools.idea.gradle.actions.BuildBundleAction
13613:             1             32  com.android.tools.idea.gradle.actions.CleanProjectAction
13614:             1             32  com.android.tools.idea.gradle.actions.EditBuildTypesAction
13615:             1             32  com.android.tools.idea.gradle.actions.EditFlavorsAction
13616:             1             32  com.android.tools.idea.gradle.actions.EditLibraryAndDependenciesAction
13617:             1             32  com.android.tools.idea.gradle.actions.EnableInstantAppsSupportAction
13618:             1             32  com.android.tools.idea.gradle.actions.LibraryPropertiesAction
13619:             1             32  com.android.tools.idea.gradle.actions.LinkExternalCppProjectAction
13620:             1             32  com.android.tools.idea.gradle.actions.SelectBuildVariantAction
13621:             2             32  com.android.tools.idea.gradle.notification.AutoImportNotificationProvider
13622:             2             32  com.android.tools.idea.gradle.notification.GeneratedFileNotificationProvider
13623:             2             32  com.android.tools.idea.gradle.project.AndroidGradleProjectDumbStartupActivity$$Lambda$2640/0x0000000801a73c40
13624:             2             32  com.android.tools.idea.gradle.project.AndroidGradleProjectDumbStartupActivity$$Lambda$2641/0x0000000801a73040
13625:             1             32  com.android.tools.idea.gradle.project.FixAndroidRunConfigurationsAction
13626:             2             32  com.android.tools.idea.gradle.project.ProjectStructure$AndroidPluginVersionsInProject
13627:             2             32  com.android.tools.idea.gradle.project.build.invoker.BuildStopper
13628:             2             32  com.android.tools.idea.gradle.project.build.invoker.GradleTasksExecutorFactory
13629:             2             32  com.android.tools.idea.gradle.project.build.invoker.NativeDebugSessionFinder
13630:             1             32  com.android.tools.idea.gradle.project.facet.gradle.GradleFacetType
13631:             1             32  com.android.tools.idea.gradle.project.facet.java.JavaFacetType
13632:             1             32  com.android.tools.idea.gradle.project.facet.ndk.NdkFacetType
13633:             2             32  com.android.tools.idea.gradle.project.sync.GradleFiles$GradleFileChangeListener
13634:             2             32  com.android.tools.idea.gradle.project.sync.GradleFiles$SyncListener
13635:             2             32  com.android.tools.idea.gradle.project.sync.StateChangeNotification
13636:             2             32  com.android.tools.idea.gradle.projectView.AndroidTreeStructureProvider
13637:             2             32  com.android.tools.idea.gradle.projectView.BuildNodeDecorator
13638:             2             32  com.android.tools.idea.gradle.projectView.ModuleNodeIconDecorator
13639:             2             32  com.android.tools.idea.gradle.run.MakeBeforeRunTaskProvider$GradleTaskRunnerFactory
13640:             1             32  com.android.tools.idea.lang.aidl.AidlLanguage
13641:             2             32  com.android.tools.idea.lang.aidl.findUsages.AidlFindUsageHandlerFactory
13642:             1             32  com.android.tools.idea.lang.androidSql.AndroidSqlLanguage
13643:             2             32  com.android.tools.idea.lang.androidSql.room.RoomDependencyChecker
13644:             2             32  com.android.tools.idea.lang.androidSql.room.RoomDependencyChecker$isRoomPresent$1
13645:             1             32  com.android.tools.idea.lang.databinding.config.DbLanguage
13646:             2             32  com.android.tools.idea.lang.databinding.reference.DataBindingExprReferenceContributor$CallExprReferenceProvider
13647:             2             32  com.android.tools.idea.lang.databinding.reference.DataBindingExprReferenceContributor$FunctionRefExprReferenceProvider
13648:             2             32  com.android.tools.idea.lang.databinding.reference.DataBindingExprReferenceContributor$InferredFormalParameterReferenceProvider
13649:             2             32  com.android.tools.idea.lang.databinding.reference.DataBindingExprReferenceContributor$LambdaParametersReferenceProvider
13650:             2             32  com.android.tools.idea.lang.databinding.reference.DataBindingExprReferenceContributor$LiteralExprReferenceProvider
13651:             2             32  com.android.tools.idea.lang.databinding.reference.DataBindingExprReferenceContributor$RefExprReferenceProvider
13652:             2             32  com.android.tools.idea.lang.databinding.reference.DataBindingExprReferenceContributor$ResourceReferenceProvider
13653:             1             32  com.android.tools.idea.lang.multiDexKeep.MultiDexKeepLanguage
13654:             1             32  com.android.tools.idea.lang.proguard.ProguardLanguage
13655:             1             32  com.android.tools.idea.lang.proguardR8.ProguardR8Language
13656:             2             32  com.android.tools.idea.lang.proguardR8.ProguardR8UseScopeEnlarger$getAdditionalUseScope$files$1
13657:             1             32  com.android.tools.idea.lang.rs.RenderscriptLanguage
13658:             1             32  com.android.tools.idea.layoutinspector.ShowLayoutInspectorAction
13659:             2             32  com.android.tools.idea.lint.common.LintExternalAnnotator
13660:             2             32  com.android.tools.idea.mlkit.MlkitClassFinder
13661:             2             32  com.android.tools.idea.mlkit.MlkitShortNamesCache
13662:             2             32  com.android.tools.idea.model.MergedManifestModificationListener$SubscriptionStartupActivity$runActivity$1
13663:             2             32  com.android.tools.idea.model.MergedManifestRefreshListener$SubscriptionStartupActivity$runActivity$1
13664:             1             32  com.android.tools.idea.profilers.ChooseProfileConfigurationPopupAction
13665:             2             32  com.android.tools.idea.project.AndroidProjectInfo
13666:             2             32  com.android.tools.idea.projectsystem.SourceProviderManagerComponent$2
13667:             1             32  com.android.tools.idea.refactoring.modularize.AndroidModularizeAction
13668:             1             32  com.android.tools.idea.rendering.webp.ConvertFromWebpAction
13669:             1             32  com.android.tools.idea.rendering.webp.ConvertToWebpAction
13670:             2             32  com.android.tools.idea.res.AndroidFileChangeListener$MyFileDocumentManagerListener
13671:             2             32  com.android.tools.idea.res.AndroidFileChangeListener$MyPsiListener
13672:             2             32  com.android.tools.idea.res.AndroidFileChangeListener$MyVfsListener
13673:             2             32  com.android.tools.idea.res.AndroidInternalRClassFinder$1
13674:             2             32  com.android.tools.idea.res.AndroidManifestClassPsiElementFinder
13675:             2             32  com.android.tools.idea.res.ProjectLightResourceClassService$1
13676:             2             32  com.android.tools.idea.res.ProjectLightResourceClassService$2
13677:             2             32  com.android.tools.idea.res.ProjectSystemPsiClassFinder
13678:             2             32  com.android.tools.idea.res.ProjectSystemPsiPackageFinder
13679:             2             32  com.android.tools.idea.res.ResourceFolderRegistry$1
13680:             2             32  com.android.tools.idea.run.AndroidRunConfigurationBase$DefaultPostBuildModelProvider
13681:             1             32  com.android.tools.idea.run.AndroidRunConfigurationType
13682:             2             32  com.android.tools.idea.run.DeploymentService$$Lambda$2323/0x0000000801871440
13683:             2             32  com.android.tools.idea.run.deployment.DeviceAndSnapshotComboBoxTargetProvider$State
13684:             2             32  com.android.tools.idea.run.editor.AndroidDebuggerState
13685:             1             32  com.android.tools.idea.sampledata.AddSampleDataFileAction
13686:             2             32  com.android.tools.idea.sdk.StudioSettingsController$PersistentState
13687:             1             32  com.android.tools.idea.smali.SmaliLanguage
13688:             2             32  com.android.tools.idea.sqlite.annotator.RunSqliteStatementAnnotator
13689:             2             32  com.android.tools.idea.sqlite.fileType.SqliteFileType
13690:             2             32  com.android.tools.idea.stats.AnalyticsTestRunnerEventsListener
13691:             2             32  com.android.tools.idea.stats.CompletionStats$MyCompletionPhaseListener
13692:             2             32  com.android.tools.idea.stats.MyToolWindowManagerListener
13693:             1             32  com.android.tools.idea.testartifacts.junit.AndroidJUnitAddToTestsPatternAction
13694:             1             32  com.android.tools.idea.testartifacts.junit.AndroidJUnitExcludeFromRunAction
13695:             1             32  com.android.tools.idea.ui.resourcemanager.actions.OpenResourceManagerAction
13696:             1             32  com.android.tools.idea.ui.resourcemanager.actions.ShowFileInResourceManagerAction
13697:             2             32  com.android.tools.idea.uibuilder.editor.BasicDesignSurfaceActionGroups
13698:             2             32  com.android.tools.idea.uibuilder.editor.multirepresentation.MultiRepresentationPreviewNotificationForwarder
13699:             2             32  com.android.tools.idea.uibuilder.surface.NlDesignSurface$$Lambda$3287/0x0000000801f8a440
13700:             2             32  com.android.tools.idea.uibuilder.visual.VisualizationForm$$Lambda$3281/0x0000000801f8c040
13701:             2             32  com.android.tools.idea.uibuilder.visual.VisualizationManager$$Lambda$3301/0x0000000801fcd840
13702:             1             32  com.android.tools.idea.uibuilder.visual.VisualizationManager$2
13703:             2             32  com.android.tools.idea.uibuilder.visual.VisualizationManager$MyFileEditorManagerListener
13704:             1             32  com.android.tools.idea.updater.configure.RunSdkConfigAction
13705:             2             32  com.apple.eawt.FullScreenHandler (java.desktop@11.0.9.1)
13706:             1             32  com.apple.eawt._AppEventHandler$_AboutDispatcher (java.desktop@11.0.9.1)
13707:             1             32  com.apple.eawt._AppEventHandler$_AppForegroundDispatcher (java.desktop@11.0.9.1)
13708:             1             32  com.apple.eawt._AppEventHandler$_AppReOpenedDispatcher (java.desktop@11.0.9.1)
13709:             1             32  com.apple.eawt._AppEventHandler$_HiddenAppDispatcher (java.desktop@11.0.9.1)
13710:             1             32  com.apple.eawt._AppEventHandler$_PreferencesDispatcher (java.desktop@11.0.9.1)
13711:             1             32  com.apple.eawt._AppEventHandler$_QuitDispatcher (java.desktop@11.0.9.1)
13712:             1             32  com.apple.eawt._AppEventHandler$_ScreenSleepDispatcher (java.desktop@11.0.9.1)
13713:             1             32  com.apple.eawt._AppEventHandler$_SystemSleepDispatcher (java.desktop@11.0.9.1)
13714:             1             32  com.apple.eawt._AppEventHandler$_UserSessionDispatcher (java.desktop@11.0.9.1)
13715:             1             32  com.apple.laf.AquaFileChooserUI$ApproveSelectionAction (java.desktop@11.0.9.1)
13716:             1             32  com.apple.laf.AquaFileChooserUI$DefaultButtonAction (java.desktop@11.0.9.1)
13717:             1             32  com.apple.laf.AquaFileChooserUI$DirectoryComboBoxAction (java.desktop@11.0.9.1)
13718:             1             32  com.apple.laf.AquaFileChooserUI$FilterComboBoxAction (java.desktop@11.0.9.1)
13719:             1             32  com.apple.laf.AquaFileChooserUI$FilterComboBoxModel (java.desktop@11.0.9.1)
13720:             1             32  com.apple.laf.AquaFileChooserUI$NewFolderAction (java.desktop@11.0.9.1)
13721:             1             32  com.apple.laf.AquaFileChooserUI$OpenSelectionAction (java.desktop@11.0.9.1)
13722:             2             32  com.apple.laf.AquaFileChooserUI$SaveTextFocusListener (java.desktop@11.0.9.1)
13723:             1             32  com.apple.laf.AquaFileSystemModel$FilesLoader (java.desktop@11.0.9.1)
13724:             2             32  com.apple.laf.AquaFocusHandler (java.desktop@11.0.9.1)
13725:             2             32  com.apple.laf.AquaIcon$SystemIconSingleton (java.desktop@11.0.9.1)
13726:             1             32  com.apple.laf.AquaLookAndFeel (java.desktop@11.0.9.1)
13727:             1             32  com.apple.laf.AquaPainter$AquaNineSlicingImagePainter (java.desktop@11.0.9.1)
13728:             1             32  com.fasterxml.jackson.annotation.JsonInclude$Value
13729:             2             32  com.fasterxml.jackson.databind.deser.BeanDeserializerFactory
13730:             2             32  com.fasterxml.jackson.databind.introspect.BasicClassIntrospector
13731:             1             32  com.fasterxml.jackson.databind.introspect.VisibilityChecker$Std
13732:             2             32  com.fasterxml.jackson.databind.jsontype.impl.StdSubtypeResolver
13733:             2             32  com.fasterxml.jackson.databind.node.JsonNodeFactory
13734:             2             32  com.fasterxml.jackson.databind.ser.BeanSerializerFactory
13735:             2             32  com.fasterxml.jackson.databind.ser.impl.PropertySerializerMap$Empty
13736:             1             32  com.fasterxml.jackson.databind.ser.std.CalendarSerializer
13737:             1             32  com.fasterxml.jackson.databind.ser.std.DateSerializer
13738:             1             32  com.fasterxml.jackson.databind.ser.std.NumberSerializers$FloatSerializer
13739:             1             32  com.fasterxml.jackson.databind.ser.std.NumberSerializers$IntLikeSerializer
13740:             1             32  com.fasterxml.jackson.databind.ser.std.NumberSerializers$ShortSerializer
13741:             1             32  com.fasterxml.jackson.databind.type.TypeFactory
13742:             2             32  com.fasterxml.jackson.databind.util.RootNameLookup
13743:             1             32  com.github.beansoftapp.visualgc.idea.VisualGCAction
13744:             2             32  com.google.common.base.CharMatcher$IsEither
13745:             1             32  com.google.common.base.Splitter
13746:             2             32  com.google.common.collect.ComparisonChain$InactiveComparisonChain
13747:             2             32  com.google.common.collect.ImmutableSortedMap$1EntrySet$1
13748:             1             32  com.google.common.collect.Iterators$ArrayItr
13749:             2             32  com.google.common.hash.Murmur3_128HashFunction
13750:             2             32  com.google.common.util.concurrent.MoreExecutors$ListeningDecorator
13751:             2             32  com.google.gson.internal.LinkedTreeMap$KeySet
13752:             1             32  com.google.protobuf.DescriptorMessageInfoFactory$IsInitializedCheckAnalyzer
13753:             1             32  com.google.protobuf.ExtensionRegistry
13754:             1             32  com.google.protobuf.ProtobufArrayList
13755:             1             32  com.google.protobuf.UnknownFieldSetLite
13756:             2             32  com.google.protobuf.UnknownFieldSetSchema
13757:             1             32  com.ibm.icu.impl.DontCareFieldPosition
13758:             1             32  com.ibm.icu.impl.ICUResourceBundleReader$Table
13759:             1             32  com.ibm.icu.impl.PluralRulesLoader
13760:             1             32  com.ibm.icu.impl.UCharacterProperty$1
13761:             1             32  com.ibm.icu.impl.UCharacterProperty$10
13762:             1             32  com.ibm.icu.impl.UCharacterProperty$11
13763:             1             32  com.ibm.icu.impl.UCharacterProperty$12
13764:             1             32  com.ibm.icu.impl.UCharacterProperty$13
13765:             1             32  com.ibm.icu.impl.UCharacterProperty$16
13766:             1             32  com.ibm.icu.impl.UCharacterProperty$19
13767:             1             32  com.ibm.icu.impl.UCharacterProperty$2
13768:             1             32  com.ibm.icu.impl.UCharacterProperty$20
13769:             1             32  com.ibm.icu.impl.UCharacterProperty$21
13770:             1             32  com.ibm.icu.impl.UCharacterProperty$25
13771:             1             32  com.ibm.icu.impl.UCharacterProperty$26
13772:             1             32  com.ibm.icu.impl.UCharacterProperty$27
13773:             1             32  com.ibm.icu.impl.UCharacterProperty$3
13774:             1             32  com.ibm.icu.impl.UCharacterProperty$4
13775:             1             32  com.ibm.icu.impl.UCharacterProperty$5
13776:             1             32  com.ibm.icu.impl.UCharacterProperty$6
13777:             1             32  com.ibm.icu.impl.UCharacterProperty$7
13778:             1             32  com.ibm.icu.impl.UCharacterProperty$8
13779:             1             32  com.ibm.icu.impl.UCharacterProperty$9
13780:             1             32  com.ibm.icu.impl.number.ConstantAffixModifier
13781:             1             32  com.ibm.icu.impl.number.PropertiesAffixPatternProvider
13782:             1             32  com.ibm.icu.number.Precision$FracSigRounderImpl
13783:             1             32  com.ibm.icu.number.Precision$IncrementFiveRounderImpl
13784:             2             32  com.ibm.icu.text.ListFormatter$Field
13785:             1             32  com.ibm.icu.text.NumberFormatServiceShim$NFService$1RBNumberFormatFactory
13786:             2             32  com.ibm.icu.util.ULocale$Type
13787:             1             32  com.intellij.CodeStyleBundle
13788:             1             32  com.intellij.CommonBundle
13789:             1             32  com.intellij.DynamicBundle
13790:             1             32  com.intellij.DynamicBundle$1
13791:             1             32  com.intellij.DynamicBundle$2
13792:             1             32  com.intellij.analysis.AnalysisBundle
13793:             2             32  com.intellij.analysis.PackagesScopesProvider
13794:             1             32  com.intellij.analysis.problemsView.toolWindow.CopyProblemDescriptionAction
13795:             1             32  com.intellij.analysis.problemsView.toolWindow.ShowQuickFixesAction
13796:             1             32  com.intellij.analysis.problemsView.toolWindow.TreeCollapseAllAction
13797:             1             32  com.intellij.analysis.problemsView.toolWindow.TreeExpandAllAction
13798:             1             32  com.intellij.application.ShowExperimentsAction
13799:             1             32  com.intellij.application.options.codeStyle.arrangement.action.AddArrangementRuleAction
13800:             1             32  com.intellij.application.options.codeStyle.arrangement.action.AddArrangementSectionRuleAction
13801:             1             32  com.intellij.application.options.codeStyle.arrangement.action.EditArrangementRuleAction
13802:             1             32  com.intellij.application.options.codeStyle.arrangement.action.EditRuleAliasesDefinitionAction
13803:             1             32  com.intellij.application.options.codeStyle.arrangement.action.MoveArrangementGroupingRuleDownAction
13804:             1             32  com.intellij.application.options.codeStyle.arrangement.action.MoveArrangementGroupingRuleUpAction
13805:             1             32  com.intellij.application.options.codeStyle.arrangement.action.MoveArrangementMatchingRuleDownAction
13806:             1             32  com.intellij.application.options.codeStyle.arrangement.action.MoveArrangementMatchingRuleUpAction
13807:             1             32  com.intellij.application.options.codeStyle.arrangement.action.RearrangeCodeAction
13808:             1             32  com.intellij.application.options.codeStyle.arrangement.action.RemoveArrangementRuleAction
13809:             1             32  com.intellij.application.options.codeStyle.arrangement.action.tokens.AddArrangementAliasRuleAction
13810:             1             32  com.intellij.application.options.codeStyle.arrangement.action.tokens.EditArrangementAliasRuleAction
13811:             1             32  com.intellij.application.options.codeStyle.arrangement.action.tokens.MoveArrangementAliasRuleDownAction
13812:             1             32  com.intellij.application.options.codeStyle.arrangement.action.tokens.MoveArrangementAliasRuleUpAction
13813:             1             32  com.intellij.application.options.codeStyle.arrangement.action.tokens.RemoveArrangementAliasRuleAction
13814:             2             32  com.intellij.application.options.codeStyle.cache.CodeStyleCachingServiceImpl$1
13815:             1             32  com.intellij.application.options.colors.FontEditorPreview$RestorePreviewTextAction
13816:             1             32  com.intellij.application.options.colors.JumpToColorsAndFontsAction
13817:             1             32  com.intellij.application.options.editor.GutterIconsConfigurable$ShowSettingsAction
13818:             2             32  com.intellij.application.options.editor.XmlFoldingSettings$State
13819:             1             32  com.intellij.build.BuildBundle
13820:             1             32  com.intellij.byteCodeViewer.ShowByteCodeAction
13821:             1             32  com.intellij.codeEditor.printing.ExportToHTMLAction
13822:             1             32  com.intellij.codeEditor.printing.PrintAction
13823:             2             32  com.intellij.codeInsight.BaseExternalAnnotationsManager$$Lambda$3001/0x0000000801c8e840
13824:             1             32  com.intellij.codeInsight.CodeInsightBundle
13825:             1             32  com.intellij.codeInsight.ConcurrencyAnnotationsManager
13826:             1             32  com.intellij.codeInsight.ExpectedTypeInfoImpl$1
13827:             2             32  com.intellij.codeInsight.ExternalAnnotationsManagerImpl$1
13828:             2             32  com.intellij.codeInsight.ExternalAnnotationsManagerImpl$2
13829:             2             32  com.intellij.codeInsight.ExternalAnnotationsManagerImpl$3
13830:             2             32  com.intellij.codeInsight.InferredAnnotationsManagerImpl
13831:             2             32  com.intellij.codeInsight.JavaProjectCodeInsightSettings
13832:             2             32  com.intellij.codeInsight.JavaTargetElementEvaluator
13833:             2             32  com.intellij.codeInsight.NullableNotNullManagerImpl$$Lambda$3694/0x00000008021eec40
13834:             2             32  com.intellij.codeInsight.NullableNotNullManagerImpl$$Lambda$3695/0x00000008021ee040
13835:             2             32  com.intellij.codeInsight.ProtobufInferredAnnotationProvider
13836:             1             32  com.intellij.codeInsight.actions.OptimizeImportsAction
13837:             2             32  com.intellij.codeInsight.actions.ReaderModeSettings
13838:             1             32  com.intellij.codeInsight.actions.ReformatCodeAction
13839:             1             32  com.intellij.codeInsight.actions.ShowReformatFileDialog
13840:             2             32  com.intellij.codeInsight.annoPackages.AndroidAnnotationSupport
13841:             2             32  com.intellij.codeInsight.annoPackages.CheckerFrameworkSupport
13842:             2             32  com.intellij.codeInsight.annoPackages.EclipseAnnotationSupport
13843:             2             32  com.intellij.codeInsight.annoPackages.FindBugsAnnotationSupport
13844:             2             32  com.intellij.codeInsight.annoPackages.JSpecifyAnnotationSupport
13845:             2             32  com.intellij.codeInsight.annoPackages.JetBrainsAnnotationSupport
13846:             2             32  com.intellij.codeInsight.annoPackages.Jsr305Support
13847:             2             32  com.intellij.codeInsight.annoPackages.RxJavaAnnotationSupport
13848:             1             32  com.intellij.codeInsight.completion.CodeCompletionHandlerBase$$Lambda$4457/0x00000008028a2040
13849:             1             32  com.intellij.codeInsight.completion.CodeCompletionHandlerBase$$Lambda$4460/0x00000008028a2c40
13850:             1             32  com.intellij.codeInsight.completion.CompletionProgressIndicator$$Lambda$4467/0x00000008028a6840
13851:             1             32  com.intellij.codeInsight.completion.CompletionVariant
13852:             2             32  com.intellij.codeInsight.completion.ConstructorInsertHandler
13853:             1             32  com.intellij.codeInsight.completion.JavaClassNameCompletionContributor$1
13854:             1             32  com.intellij.codeInsight.completion.JavaCompletionSession
13855:             1             32  com.intellij.codeInsight.completion.JavaNoVariantsDelegator$$Lambda$4504/0x00000008028d2040
13856:             1             32  com.intellij.codeInsight.completion.JavaNoVariantsDelegator$1
13857:             1             32  com.intellij.codeInsight.completion.actions.ClassNameCompletionAction
13858:             1             32  com.intellij.codeInsight.completion.actions.CodeCompletionAction
13859:             1             32  com.intellij.codeInsight.completion.actions.SmartCodeCompletionAction
13860:             1             32  com.intellij.codeInsight.completion.ml.JavaMLRankingProvider
13861:             2             32  com.intellij.codeInsight.completion.ml.MLFeatureValue$BinaryValue
13862:             2             32  com.intellij.codeInsight.completion.scope.JavaCompletionProcessor$Options
13863:             2             32  com.intellij.codeInsight.daemon.AnnotatorStatisticsCollector
13864:             1             32  com.intellij.codeInsight.daemon.DaemonBundle
13865:             1             32  com.intellij.codeInsight.daemon.JavaErrorBundle
13866:             1             32  com.intellij.codeInsight.daemon.QuickFixBundle
13867:             2             32  com.intellij.codeInsight.daemon.impl.AttachSourcesNotificationProvider
13868:             2             32  com.intellij.codeInsight.daemon.impl.AttachSourcesNotificationProvider$$Lambda$1859/0x00000008013fb040
13869:             1             32  com.intellij.codeInsight.daemon.impl.ConfigureHighlightingLevelAction
13870:             2             32  com.intellij.codeInsight.daemon.impl.DaemonCodeAnalyzerImpl$$Lambda$4425/0x000000080285d440
13871:             2             32  com.intellij.codeInsight.daemon.impl.DaemonListeners$$Lambda$1335/0x0000000800fb4840
13872:             2             32  com.intellij.codeInsight.daemon.impl.DaemonListeners$$Lambda$1337/0x0000000800fb4040
13873:             2             32  com.intellij.codeInsight.daemon.impl.DaemonListeners$$Lambda$1340/0x0000000800fb3c40
13874:             2             32  com.intellij.codeInsight.daemon.impl.DaemonListeners$$Lambda$1342/0x0000000800fb2840
13875:             2             32  com.intellij.codeInsight.daemon.impl.DaemonListeners$1
13876:             2             32  com.intellij.codeInsight.daemon.impl.DaemonListeners$10
13877:             2             32  com.intellij.codeInsight.daemon.impl.DaemonListeners$11
13878:             2             32  com.intellij.codeInsight.daemon.impl.DaemonListeners$12
13879:             2             32  com.intellij.codeInsight.daemon.impl.DaemonListeners$2
13880:             2             32  com.intellij.codeInsight.daemon.impl.DaemonListeners$3
13881:             2             32  com.intellij.codeInsight.daemon.impl.DaemonListeners$4
13882:             2             32  com.intellij.codeInsight.daemon.impl.DaemonListeners$5
13883:             2             32  com.intellij.codeInsight.daemon.impl.DaemonListeners$6
13884:             2             32  com.intellij.codeInsight.daemon.impl.DaemonListeners$7
13885:             2             32  com.intellij.codeInsight.daemon.impl.DaemonListeners$8
13886:             2             32  com.intellij.codeInsight.daemon.impl.DaemonListeners$MyApplicationListener
13887:             2             32  com.intellij.codeInsight.daemon.impl.DaemonListeners$MyCommandListener
13888:             2             32  com.intellij.codeInsight.daemon.impl.DaemonListeners$MyProfileChangeListener
13889:             2             32  com.intellij.codeInsight.daemon.impl.DaemonListeners$MyTodoListener
13890:             2             32  com.intellij.codeInsight.daemon.impl.DefaultHighlightVisitor$$Lambda$3391/0x0000000802043c40
13891:             2             32  com.intellij.codeInsight.daemon.impl.EditorTracker$1
13892:             1             32  com.intellij.codeInsight.daemon.impl.JavaCodeVisionProvider$1
13893:             2             32  com.intellij.codeInsight.daemon.impl.JavaDocAnnotator
13894:             2             32  com.intellij.codeInsight.daemon.impl.JavaProjectSdkSetupValidator
13895:             2             32  com.intellij.codeInsight.daemon.impl.LibrarySourceNotificationProvider
13896:             2             32  com.intellij.codeInsight.daemon.impl.LineMarkerSettingsImpl
13897:             1             32  com.intellij.codeInsight.daemon.impl.LineMarkersPass$$Lambda$3396/0x0000000802045440
13898:             2             32  com.intellij.codeInsight.daemon.impl.PsiChangeHandler$1
13899:             2             32  com.intellij.codeInsight.daemon.impl.PsiChangeHandler$2
13900:             2             32  com.intellij.codeInsight.daemon.impl.SdkSetupNotificationProvider
13901:             1             32  com.intellij.codeInsight.daemon.impl.TogglePopupHintsAction
13902:             2             32  com.intellij.codeInsight.daemon.impl.analysis.HighlightVisitorImpl$$Lambda$3418/0x000000080204e040
13903:             1             32  com.intellij.codeInsight.daemon.impl.analysis.HighlightingFeature$1
13904:             1             32  com.intellij.codeInsight.daemon.impl.analysis.HighlightingFeature$2
13905:             1             32  com.intellij.codeInsight.daemon.impl.analysis.RefCountHolder$3
13906:             2             32  com.intellij.codeInsight.daemon.impl.analysis.XmlHighlightVisitor
13907:             2             32  com.intellij.codeInsight.daemon.impl.analysis.encoding.XmlEncodingReferenceProvider
13908:             2             32  com.intellij.codeInsight.daemon.impl.quickfix.EnableOptimizeImportsOnTheFlyFix
13909:             2             32  com.intellij.codeInsight.daemon.problems.FileStateCache
13910:             2             32  com.intellij.codeInsight.daemon.problems.FileStateCache$1
13911:             2             32  com.intellij.codeInsight.daemon.problems.pass.ProjectProblemFileSelectionListener
13912:             2             32  com.intellij.codeInsight.documentation.DocumentationManager$3
13913:             2             32  com.intellij.codeInsight.documentation.DocumentationManager$4
13914:             1             32  com.intellij.codeInsight.documentation.actions.CopyQuickDocAction
13915:             1             32  com.intellij.codeInsight.documentation.render.DocRenderImageManager
13916:             2             32  com.intellij.codeInsight.documentation.render.DocRenderItem$$Lambda$3411/0x0000000802049440
13917:             2             32  com.intellij.codeInsight.documentation.render.DocRenderItem$$Lambda$3422/0x000000080204d040
13918:             2             32  com.intellij.codeInsight.documentation.render.DocRenderItem$1
13919:             2             32  com.intellij.codeInsight.documentation.render.DocRenderItem$MyCaretListener
13920:             2             32  com.intellij.codeInsight.documentation.render.DocRenderItem$MyInlayListener
13921:             1             32  com.intellij.codeInsight.documentation.render.DocRendererMemoryManager
13922:             1             32  com.intellij.codeInsight.documentation.render.ToggleRenderAllDocs
13923:             2             32  com.intellij.codeInsight.editorActions.ReaderModeFileEditorListener
13924:             1             32  com.intellij.codeInsight.editorActions.SmartIndentingBackspaceHandler
13925:             1             32  com.intellij.codeInsight.editorActions.enter.EnterAfterJavadocTagHandler$Context
13926:             2             32  com.intellij.codeInsight.folding.impl.CodeFoldingManagerImpl$$Lambda$1692/0x000000080129c040
13927:             1             32  com.intellij.codeInsight.folding.impl.CodeFoldingManagerImpl$$Lambda$2464/0x00000008019c1840
13928:             1             32  com.intellij.codeInsight.generation.GenerateByPatternAction
13929:             1             32  com.intellij.codeInsight.generation.GenerateEqualsHandler
13930:             1             32  com.intellij.codeInsight.generation.OverrideImplementExploreUtil$1
13931:             1             32  com.intellij.codeInsight.generation.actions.CommentByBlockCommentAction
13932:             1             32  com.intellij.codeInsight.generation.actions.CommentByLineCommentAction
13933:             1             32  com.intellij.codeInsight.generation.actions.GenerateAction
13934:             2             32  com.intellij.codeInsight.highlighting.BackgroundHighlightingUtil$$Lambda$3183/0x0000000801e4ec40
13935:             2             32  com.intellij.codeInsight.highlighting.HyperlinkAnnotator
13936:             1             32  com.intellij.codeInsight.highlighting.actions.HighlightUsagesAction
13937:             1             32  com.intellij.codeInsight.hint.LineTooltipRenderer$3
13938:             2             32  com.intellij.codeInsight.hint.ParameterInfoController$$Lambda$5926/0x0000000801b35840
13939:             2             32  com.intellij.codeInsight.hint.ParameterInfoControllerBase$$Lambda$5924/0x0000000801b36840
13940:             2             32  com.intellij.codeInsight.hint.ParameterInfoControllerBase$2
13941:             2             32  com.intellij.codeInsight.hint.ParameterInfoControllerBase$3
13942:             1             32  com.intellij.codeInsight.hints.ImplicitTypeInlayProvider$getCollectorFor$1
13943:             1             32  com.intellij.codeInsight.hints.ShowParameterHintsSettings
13944:             1             32  com.intellij.codeInsight.hints.ShowSettingsWithAddedPattern
13945:             1             32  com.intellij.codeInsight.hints.ToggleCompletionHintsAction
13946:             1             32  com.intellij.codeInsight.hints.ToggleInlayHintsGloballyAction
13947:             1             32  com.intellij.codeInsight.hints.ToggleInlineHintsAction
13948:             1             32  com.intellij.codeInsight.hints.settings.ParameterNameHintsSettings
13949:             2             32  com.intellij.codeInsight.intention.impl.IntentionHintComponent$$Lambda$5976/0x0000000801ac6040
13950:             2             32  com.intellij.codeInsight.intention.impl.config.QuickFixFactoryImpl$OptimizeImportsFix
13951:             2             32  com.intellij.codeInsight.lookup.impl.LookupImpl$10
13952:             2             32  com.intellij.codeInsight.lookup.impl.LookupImpl$2
13953:             2             32  com.intellij.codeInsight.lookup.impl.LookupImpl$3
13954:             2             32  com.intellij.codeInsight.lookup.impl.LookupImpl$4
13955:             2             32  com.intellij.codeInsight.lookup.impl.LookupImpl$5
13956:             2             32  com.intellij.codeInsight.lookup.impl.LookupImpl$7
13957:             2             32  com.intellij.codeInsight.lookup.impl.LookupManagerImpl$1
13958:             2             32  com.intellij.codeInsight.lookup.impl.LookupManagerImpl$2
13959:             2             32  com.intellij.codeInsight.lookup.impl.LookupManagerImpl$3
13960:             2             32  com.intellij.codeInsight.navigation.CtrlMouseHandler$$Lambda$1343/0x0000000800fb2c40
13961:             2             32  com.intellij.codeInsight.navigation.CtrlMouseHandler$1
13962:             2             32  com.intellij.codeInsight.navigation.CtrlMouseHandler$2
13963:             2             32  com.intellij.codeInsight.navigation.CtrlMouseHandler$3
13964:             2             32  com.intellij.codeInsight.navigation.CtrlMouseHandler$4
13965:             2             32  com.intellij.codeInsight.navigation.CtrlMouseHandler$5
13966:             1             32  com.intellij.codeInsight.navigation.actions.IncrementalSearchAction
13967:             2             32  com.intellij.codeInsight.problems.WolfTheProblemSolverImpl$1
13968:             2             32  com.intellij.codeInsight.problems.WolfTheProblemSolverImpl$2
13969:             2             32  com.intellij.codeInsight.problems.WolfTheProblemSolverImpl$3
13970:             2             32  com.intellij.codeInsight.problems.WolfTheProblemSolverImpl$4
13971:             1             32  com.intellij.codeInsight.template.HtmlContextType
13972:             1             32  com.intellij.codeInsight.template.actions.SaveAsTemplateAction
13973:             2             32  com.intellij.codeInsight.template.emmet.generators.XmlZenCodingGeneratorImpl
13974:             2             32  com.intellij.codeInsight.template.impl.TemplateManagerImpl$$Lambda$4566/0x0000000802940440
13975:             2             32  com.intellij.codeInsight.template.postfix.templates.editable.JavaPostfixTemplateExpressionCondition$JavaPostfixTemplateBooleanExpressionCondition
13976:             2             32  com.intellij.codeInsight.template.postfix.templates.editable.JavaPostfixTemplateExpressionCondition$JavaPostfixTemplateNotPrimitiveTypeExpressionCondition
13977:             2             32  com.intellij.codeInsight.template.postfix.templates.editable.JavaPostfixTemplateExpressionCondition$JavaPostfixTemplateNumberExpressionCondition
13978:             1             32  com.intellij.codeInspection.CommonQuickFixBundle
13979:             1             32  com.intellij.codeInspection.InspectionsBundle
13980:             2             32  com.intellij.codeInspection.SimplifyOptionalCallChainsInspection$FlipPresentOrEmptyCase
13981:             2             32  com.intellij.codeInspection.SimplifyOptionalCallChainsInspection$MapOrElseCase
13982:             2             32  com.intellij.codeInspection.SimplifyOptionalCallChainsInspection$OrElseNonNullCase
13983:             2             32  com.intellij.codeInspection.SimplifyOptionalCallChainsInspection$OrElseReturnCase
13984:             2             32  com.intellij.codeInspection.SuppressManagerImpl
13985:             1             32  com.intellij.codeInspection.actions.CodeInspectionOnEditorAction
13986:             1             32  com.intellij.codeInspection.actions.SilentCodeCleanupAction
13987:             1             32  com.intellij.codeInspection.actions.ViewOfflineResultsAction
13988:             2             32  com.intellij.codeInspection.bytecodeAnalysis.ProjectBytecodeAnalysis$EquationProvider$$Lambda$3742/0x0000000802250c40
13989:             1             32  com.intellij.codeInspection.concurrencyAnnotations.JCiPExternalLibraryResolver$1
13990:             2             32  com.intellij.codeInspection.concurrencyAnnotations.JCiPUtil$$Lambda$5880/0x00000008026b8440
13991:             1             32  com.intellij.codeInspection.dataFlow.ControlFlow
13992:             1             32  com.intellij.codeInspection.dataFlow.DfaControlTransferValue
13993:             2             32  com.intellij.codeInspection.dataFlow.MethodContract$1
13994:             1             32  com.intellij.codeInspection.dataFlow.SpecialField$1
13995:             1             32  com.intellij.codeInspection.dataFlow.SpecialField$2
13996:             1             32  com.intellij.codeInspection.dataFlow.SpecialField$5
13997:             1             32  com.intellij.codeInspection.dataFlow.instructions.PushValueInstruction
13998:             2             32  com.intellij.codeInspection.dataFlow.types.DfBooleanConstantType
13999:             1             32  com.intellij.codeInspection.deprecation.DeprecatedApiUsageProcessor
14000:             1             32  com.intellij.codeInspection.duplicateExpressions.DuplicateExpressionsInspection$1
14001:             1             32  com.intellij.codeInspection.ex.SeverityEditorDialogAction
14002:             1             32  com.intellij.codeInspection.i18n.I18nizeAction
14003:             1             32  com.intellij.codeInspection.i18n.folding.EditPropertyValueAction
14004:             1             32  com.intellij.codeInspection.java19api.Java9GenerateModuleDescriptorsAction
14005:             1             32  com.intellij.codeInspection.sameParameterValue.SameParameterValueInspection$LocalSameParameterValueInspection
14006:             1             32  com.intellij.codeInspection.ui.actions.EditSettingsAction
14007:             1             32  com.intellij.codeInspection.ui.actions.KeyAwareInspectionViewAction$DisableInspection
14008:             1             32  com.intellij.codeInspection.ui.actions.KeyAwareInspectionViewAction$RunInspectionOn
14009:             1             32  com.intellij.codeInspection.util.SpecialAnnotationsUtil$4
14010:             2             32  com.intellij.compiler.CompilerConfigurationImpl$$Lambda$1244/0x0000000800f0e840
14011:             2             32  com.intellij.compiler.CompilerConfigurationImpl$1
14012:             2             32  com.intellij.compiler.CompilerConfigurationSettings
14013:             2             32  com.intellij.compiler.CompilerManagerImpl$1
14014:             2             32  com.intellij.compiler.CompilerReferenceIndexBuildParametersProvider
14015:             2             32  com.intellij.compiler.CompilerWorkspaceConfiguration$JavaBuildWorkspaceConfiguration
14016:             1             32  com.intellij.compiler.actions.BuildArtifactAction
14017:             1             32  com.intellij.compiler.actions.CompileDirtyAction
14018:             1             32  com.intellij.compiler.actions.CompileProjectAction
14019:             1             32  com.intellij.compiler.actions.DebugBuildProcessToggleAction
14020:             1             32  com.intellij.compiler.actions.MakeModuleAction
14021:             2             32  com.intellij.compiler.backwardRefs.CompilerReferenceServiceBase$$Lambda$2598/0x0000000801a5b040
14022:             2             32  com.intellij.compiler.backwardRefs.CompilerReferenceServiceImpl$$Lambda$2013/0x0000000801547840
14023:             2             32  com.intellij.compiler.backwardRefs.CompilerReferenceServiceImpl$1
14024:             2             32  com.intellij.compiler.backwardRefs.CompilerReferenceServiceImpl$2
14025:             2             32  com.intellij.compiler.backwardRefs.DirtyScopeHolder$1
14026:             2             32  com.intellij.compiler.backwardRefs.DirtyScopeHolder$2
14027:             2             32  com.intellij.compiler.impl.CompilerDriverUnknownSdkTracker
14028:             2             32  com.intellij.compiler.impl.javaCompiler.JavaCompilableFileTypesProvider
14029:             2             32  com.intellij.compiler.impl.javaCompiler.eclipse.EclipseCompiler
14030:             2             32  com.intellij.compiler.impl.javaCompiler.javac.JavacCompiler
14031:             2             32  com.intellij.compiler.options.CompileStepBeforeRun
14032:             2             32  com.intellij.compiler.options.CompileStepBeforeRunNoErrorCheck
14033:             1             32  com.intellij.compiler.options.ExcludeFromValidationAction
14034:             2             32  com.intellij.compiler.options.MakeProjectStepBeforeRun
14035:             1             32  com.intellij.compiler.server.BuildManager$1
14036:             1             32  com.intellij.compiler.server.BuildManager$2
14037:             2             32  com.intellij.compiler.server.BuildManager$BuildManagerPeriodicTask$$Lambda$533/0x00000008005ef840
14038:             2             32  com.intellij.compiler.server.BuildManager$BuildManagerStartupActivity$$Lambda$1988/0x0000000801512040
14039:             2             32  com.intellij.compiler.server.BuildManager$BuildManagerStartupActivity$1
14040:             2             32  com.intellij.compiler.server.BuildManager$BuildManagerStartupActivity$2
14041:             1             32  com.intellij.compiler.server.BuildMessageDispatcher
14042:             2             32  com.intellij.compiler.server.impl.CustomBuildProcessPluginsClasspathProvider
14043:             1             32  com.intellij.completion.ml.actions.MLCompletionFeaturesUtil$CopyFeaturesToClipboard
14044:             2             32  com.intellij.completion.ml.common.RecentPlacesFeatures$StoreRecentPlacesListener
14045:             2             32  com.intellij.completion.ml.ngram.NGramFileListener
14046:             2             32  com.intellij.completion.ml.ngram.NGramModelRunnerManager
14047:             2             32  com.intellij.configurationScript.ConfigurationFileManager$addFileListener$1
14048:             1             32  com.intellij.configurationStore.ApplicationPathMacroManager
14049:             1             32  com.intellij.configurationStore.ApplicationStoreImpl
14050:             2             32  com.intellij.configurationStore.DefaultProjectStorage$configuration$1
14051:             2             32  com.intellij.configurationStore.DefaultProjectStoreImpl$storageManager$1
14052:             2             32  com.intellij.configurationStore.FakeDirectoryBasedStateSplitter
14053:             2             32  com.intellij.configurationStore.ProjectIdManager
14054:             2             32  com.intellij.configurationStore.ProjectStateStorageManager$fileBasedStorageConfiguration$1
14055:             2             32  com.intellij.configurationStore.ProjectStoreBridge
14056:             1             32  com.intellij.configurationStore.SaveAndSyncHandlerImpl$addListeners$1
14057:             1             32  com.intellij.configurationStore.StorageVirtualFileTracker
14058:             1             32  com.intellij.configurationStore.StoreReloadManagerImpl
14059:             1             32  com.intellij.copyright.CopyrightBundle
14060:             1             32  com.intellij.core.CoreBundle
14061:             1             32  com.intellij.core.JavaPsiBundle
14062:             1             32  com.intellij.coverage.CoverageBundle
14063:             2             32  com.intellij.coverage.CoverageDataManagerImpl$1
14064:             2             32  com.intellij.coverage.CoverageDataManagerImpl$2
14065:             2             32  com.intellij.coverage.CoverageDataManagerImpl$4
14066:             2             32  com.intellij.coverage.CoverageProjectViewClassNodeDecorator
14067:             2             32  com.intellij.coverage.CoverageProjectViewDirectoryNodeDecorator
14068:             1             32  com.intellij.coverage.actions.GenerateCoverageReportAction
14069:             1             32  com.intellij.coverage.actions.HideCoverageInfoAction
14070:             1             32  com.intellij.coverage.actions.SwitchCoverageSuiteAction
14071:             2             32  com.intellij.coverage.view.SelectInCoverageView
14072:             1             32  com.intellij.debugger.JavaDebuggerBundle
14073:             1             32  com.intellij.debugger.actions.AddSteppingFilterAction
14074:             1             32  com.intellij.debugger.actions.ArrayAction$AdjustArrayRangeAction
14075:             1             32  com.intellij.debugger.actions.ArrayAction$FilterArrayAction
14076:             1             32  com.intellij.debugger.actions.ArrayFilterAction$Delete
14077:             1             32  com.intellij.debugger.actions.ArrayFilterAction$Edit
14078:             1             32  com.intellij.debugger.actions.AsyncStacksToggleAction
14079:             1             32  com.intellij.debugger.actions.AutoRendererAction
14080:             1             32  com.intellij.debugger.actions.CreateRendererAction
14081:             1             32  com.intellij.debugger.actions.CustomizeContextViewAction
14082:             1             32  com.intellij.debugger.actions.CustomizeThreadsViewAction
14083:             1             32  com.intellij.debugger.actions.EditCustomFieldAction
14084:             1             32  com.intellij.debugger.actions.EditFrameSourceAction
14085:             1             32  com.intellij.debugger.actions.EditSourceAction
14086:             1             32  com.intellij.debugger.actions.ExportThreadsAction
14087:             1             32  com.intellij.debugger.actions.ForceEarlyReturnAction
14088:             1             32  com.intellij.debugger.actions.ForceOnDemandRenderersAction
14089:             1             32  com.intellij.debugger.actions.FreezeThreadAction
14090:             1             32  com.intellij.debugger.actions.HotSwapAction
14091:             1             32  com.intellij.debugger.actions.InterruptThreadAction
14092:             1             32  com.intellij.debugger.actions.JumpToObjectAction
14093:             1             32  com.intellij.debugger.actions.NewCustomFieldAction
14094:             1             32  com.intellij.debugger.actions.PopFrameAction
14095:             1             32  com.intellij.debugger.actions.RemoveCustomFieldAction
14096:             1             32  com.intellij.debugger.actions.ResumeThreadAction
14097:             1             32  com.intellij.debugger.actions.ShowRelatedStackAction
14098:             1             32  com.intellij.debugger.actions.StepOutOfBlockAction
14099:             1             32  com.intellij.debugger.actions.SwitchToTheNextContextAction
14100:             1             32  com.intellij.debugger.actions.ThreadDumpAction
14101:             1             32  com.intellij.debugger.actions.ThrowExceptionAction
14102:             1             32  com.intellij.debugger.actions.ToggleFieldBreakpointAction
14103:             1             32  com.intellij.debugger.actions.ToggleMethodBreakpointAction
14104:             1             32  com.intellij.debugger.actions.ViewTextAction
14105:             1             32  com.intellij.debugger.engine.DebugProcessEvents$DebuggerEventThread$1
14106:             2             32  com.intellij.debugger.impl.AlternativeJreClassFinder$1
14107:             2             32  com.intellij.debugger.impl.DebuggerManagerImpl$1
14108:             2             32  com.intellij.debugger.impl.DebuggerManagerImpl$2
14109:             2             32  com.intellij.debugger.impl.DebuggerManagerImpl$DebuggerRunContentWithExecutorListener
14110:             2             32  com.intellij.debugger.impl.HotSwapManager
14111:             2             32  com.intellij.debugger.impl.HotSwapManager$HotSwapDebuggerManagerListener
14112:             2             32  com.intellij.debugger.jdi.EmptyConnectorArgument
14113:             1             32  com.intellij.debugger.memory.action.EnableBackgroundTrackingAction
14114:             1             32  com.intellij.debugger.memory.action.JumpToTypeSourceAction
14115:             1             32  com.intellij.debugger.memory.action.ShowClassesWithInstanceAction
14116:             1             32  com.intellij.debugger.memory.action.ShowInstancesByClassAction
14117:             1             32  com.intellij.debugger.memory.action.ShowInstancesFromClassesViewAction
14118:             1             32  com.intellij.debugger.memory.action.ShowNewInstancesAction
14119:             1             32  com.intellij.debugger.memory.action.ShowTrackedAction
14120:             1             32  com.intellij.debugger.memory.action.tracking.JumpToAllocationSourceAction
14121:             1             32  com.intellij.debugger.memory.action.tracking.TrackInstancesToggleAction
14122:             2             32  com.intellij.debugger.ui.AlternativeSourceNotificationProvider
14123:             2             32  com.intellij.debugger.ui.breakpoints.BreakpointManager$2
14124:             1             32  com.intellij.debugger.ui.breakpoints.CallTracer$CallTracerToggleAction
14125:             1             32  com.intellij.debugger.ui.tree.render.ClassRenderer
14126:             1             32  com.intellij.debugger.ui.tree.render.CompoundReferenceRenderer$AutoToStringRenderer
14127:             1             32  com.intellij.debugger.ui.tree.render.PrimitiveRenderer
14128:             1             32  com.intellij.debugger.ui.tree.render.ToStringRenderer
14129:             1             32  com.intellij.diagnostic.AnalyzePluginStartupPerformanceAction
14130:             1             32  com.intellij.diagnostic.DiagnosticBundle
14131:             1             32  com.intellij.diagnostic.JitWatcher
14132:             1             32  com.intellij.diagnostic.LowMemoryNotifier
14133:             1             32  com.intellij.diagnostic.ShowMemoryDialogAction
14134:             1             32  com.intellij.diagnostic.startUpPerformanceReporter.StartUpPerformanceReporter
14135:             1             32  com.intellij.diff.actions.CompareClipboardWithSelectionAction
14136:             1             32  com.intellij.diff.actions.CompareFileWithEditorAction
14137:             1             32  com.intellij.diff.actions.ShowBlankDiffWindowAction
14138:             1             32  com.intellij.diff.actions.SwitchToBlankEditorAction
14139:             1             32  com.intellij.diff.actions.SwitchToFileEditorAction
14140:             1             32  com.intellij.diff.actions.impl.SwapDiffSidesAction
14141:             1             32  com.intellij.dvcs.actions.SetRepositoryChangesGroupingAction
14142:             1             32  com.intellij.dvcs.branch.GroupingKey
14143:             1             32  com.intellij.dvcs.cherrypick.VcsCherryPickAction
14144:             2             32  com.intellij.dvcs.ignore.IgnoredToExcludeNotificationProvider
14145:             2             32  com.intellij.dvcs.ignore.IgnoredToExcludedSynchronizer$1
14146:             1             32  com.intellij.dvcs.ignore.IgnoredToExcludedSynchronizerKt$excludeAction$1
14147:             1             32  com.intellij.dvcs.push.VcsPushAction
14148:             1             32  com.intellij.dvcs.push.ui.ForcePushAction
14149:             2             32  com.intellij.dvcs.repo.VcsRepositoryManager$$Lambda$1456/0x00000008010f7040
14150:             2             32  com.intellij.dvcs.repo.VcsRepositoryManager$$Lambda$1457/0x00000008010f7440
14151:             2             32  com.intellij.dvcs.shelf.ShelfViewUpdater
14152:             1             32  com.intellij.dvcs.ui.DvcsBundle
14153:             2             32  com.intellij.dvcs.ui.DvcsStatusWidget$1
14154:             1             32  com.intellij.execution.ExecutionBundle
14155:             2             32  com.intellij.execution.ExecutionTargetManagerImpl$2
14156:             1             32  com.intellij.execution.ExecutorRegistryImpl
14157:             1             32  com.intellij.execution.JUnitBundle
14158:             1             32  com.intellij.execution.JavaRunConfigurationExtensionManager
14159:             2             32  com.intellij.execution.RunConfigurationProducerService
14160:             2             32  com.intellij.execution.RunManagerConfig
14161:             1             32  com.intellij.execution.ShortenCommandLine$1
14162:             1             32  com.intellij.execution.ShortenCommandLine$2
14163:             2             32  com.intellij.execution.TestStateStorage$$Lambda$3720/0x0000000802221440
14164:             2             32  com.intellij.execution.TestStateStorage$1
14165:             1             32  com.intellij.execution.actions.ChooseDebugConfigurationPopupAction
14166:             1             32  com.intellij.execution.actions.ChooseRunConfigurationPopupAction
14167:             1             32  com.intellij.execution.actions.ClearConsoleAction
14168:             1             32  com.intellij.execution.actions.EOFAction
14169:             1             32  com.intellij.execution.actions.EditRunConfigurationTemplatesForNewProjectsAction
14170:             1             32  com.intellij.execution.actions.EditRunConfigurationsAction
14171:             1             32  com.intellij.execution.actions.PauseOutputAction
14172:             1             32  com.intellij.execution.actions.ShowRunningListAction
14173:             1             32  com.intellij.execution.actions.StopBackgroundProcessesAction
14174:             1             32  com.intellij.execution.console.ConsoleFoldingSettings$MyBean
14175:             1             32  com.intellij.execution.console.FoldLinesLikeThis
14176:             1             32  com.intellij.execution.console.RunIdeConsoleAction
14177:             2             32  com.intellij.execution.dashboard.PanelContentUI$1
14178:             2             32  com.intellij.execution.dashboard.RunDashboardManagerImpl$$Lambda$1921/0x0000000801465040
14179:             2             32  com.intellij.execution.dashboard.RunDashboardManagerImpl$1
14180:             2             32  com.intellij.execution.dashboard.RunDashboardManagerImpl$ServiceContentManagerListener
14181:             1             32  com.intellij.execution.dashboard.actions.AddRunConfigurationTypeAction
14182:             1             32  com.intellij.execution.dashboard.actions.ClearContentAction
14183:             1             32  com.intellij.execution.dashboard.actions.CopyConfigurationAction
14184:             1             32  com.intellij.execution.dashboard.actions.DebugAction
14185:             1             32  com.intellij.execution.dashboard.actions.EditConfigurationAction
14186:             1             32  com.intellij.execution.dashboard.actions.GroupByConfigurationStatusAction
14187:             1             32  com.intellij.execution.dashboard.actions.GroupByConfigurationTypeAction
14188:             1             32  com.intellij.execution.dashboard.actions.GroupConfigurationsAction
14189:             1             32  com.intellij.execution.dashboard.actions.HideConfigurationAction
14190:             1             32  com.intellij.execution.dashboard.actions.OpenRunningConfigInNewTabAction
14191:             1             32  com.intellij.execution.dashboard.actions.RemoveRunConfigurationTypeAction
14192:             1             32  com.intellij.execution.dashboard.actions.RestoreConfigurationAction
14193:             1             32  com.intellij.execution.dashboard.actions.RestoreHiddenConfigurationsAction
14194:             1             32  com.intellij.execution.dashboard.actions.RunAction
14195:             1             32  com.intellij.execution.dashboard.actions.StopAction
14196:             1             32  com.intellij.execution.dashboard.actions.UngroupConfigurationsActions
14197:             2             32  com.intellij.execution.dashboard.tree.RunDashboardStatusFilter
14198:             2             32  com.intellij.execution.impl.ExecutionManagerImpl$1
14199:             2             32  com.intellij.execution.impl.RunConfigEditorNotificationProvider
14200:             2             32  com.intellij.execution.impl.RunConfigurationBeforeRunProvider
14201:             2             32  com.intellij.execution.impl.RunManagerImpl$1
14202:             2             32  com.intellij.execution.impl.RunManagerImpl$2
14203:             2             32  com.intellij.execution.impl.RunManagerImpl$addExtensionPointListeners$1
14204:             2             32  com.intellij.execution.impl.RunManagerImpl$addExtensionPointListeners$2
14205:             2             32  com.intellij.execution.impl.RunManagerImplKt$sam$java_lang_Runnable$0
14206:             1             32  com.intellij.execution.jshell.LaunchJShellConsoleAction
14207:             2             32  com.intellij.execution.jshell.SnippetEditorDecorator
14208:             1             32  com.intellij.execution.junit.JUnitAddToTestsPatternAction
14209:             1             32  com.intellij.execution.junit.JUnitExcludeFromRunAction
14210:             2             32  com.intellij.execution.junit.codeInsight.references.JUnitReferenceContributor$1
14211:             2             32  com.intellij.execution.junit.codeInsight.references.JUnitReferenceContributor$2
14212:             2             32  com.intellij.execution.junit.codeInsight.references.JUnitReferenceContributor$3
14213:             2             32  com.intellij.execution.junit.codeInsight.references.JUnitReferenceContributor$4
14214:             2             32  com.intellij.execution.lineMarker.RunnableStatusListener
14215:             1             32  com.intellij.execution.runners.FakeRerunAction
14216:             1             32  com.intellij.execution.runners.ProcessProxyImpl
14217:             1             32  com.intellij.execution.runners.RerunTestsAction
14218:             2             32  com.intellij.execution.scratch.JavaScratchCompilationSupport
14219:             2             32  com.intellij.execution.segmentedRunDebugWidget.RunDebugConfigManager
14220:             1             32  com.intellij.execution.services.GroupByContributorAction
14221:             1             32  com.intellij.execution.services.GroupByServiceGroupsAction
14222:             1             32  com.intellij.execution.services.JumpToServicesAction
14223:             1             32  com.intellij.execution.services.OpenEachInNewTabAction
14224:             1             32  com.intellij.execution.services.OpenInNewTabAction
14225:             2             32  com.intellij.execution.services.ServiceModelFilter
14226:             2             32  com.intellij.execution.services.ServiceViewManagerImpl$$Lambda$1910/0x0000000801464c40
14227:             2             32  com.intellij.execution.services.ServiceViewManagerImpl$ServiceViewExtensionPointListener
14228:             2             32  com.intellij.execution.services.ServiceViewToolWindowFactory
14229:             1             32  com.intellij.execution.services.ShowServicesAction
14230:             1             32  com.intellij.execution.services.SplitByTypeAction
14231:             1             32  com.intellij.execution.target.ManageTargetEnvironmentsAction
14232:             1             32  com.intellij.execution.testDiscovery.actions.ShowAffectedTestsAction
14233:             1             32  com.intellij.execution.testframework.actions.RerunFailedTestsAction
14234:             1             32  com.intellij.execution.testframework.actions.ViewAssertEqualsDiffAction
14235:             1             32  com.intellij.execution.testframework.sm.SmRunnerBundle
14236:             2             32  com.intellij.execution.ui.ConsoleViewPlace
14237:             2             32  com.intellij.execution.ui.RunContentManagerImpl$init$1
14238:             2             32  com.intellij.execution.ui.RunContentManagerImpl$init$2
14239:             1             32  com.intellij.execution.ui.layout.actions.CloseAllUnpinnedViewsAction
14240:             1             32  com.intellij.execution.ui.layout.actions.CloseAllViewsAction
14241:             1             32  com.intellij.execution.ui.layout.actions.CloseOtherViewsAction
14242:             1             32  com.intellij.execution.ui.layout.actions.CloseViewAction
14243:             1             32  com.intellij.execution.ui.layout.actions.RestoreLayoutAction
14244:             2             32  com.intellij.execution.ui.layout.impl.DockableGridContainerFactory
14245:             2             32  com.intellij.execution.ui.layout.impl.RunnerLayoutUiFactoryImpl
14246:             1             32  com.intellij.execution.update.UpdateRunningApplicationAction
14247:             2             32  com.intellij.facet.impl.FacetEventsPublisher$1
14248:             1             32  com.intellij.facet.impl.FacetTypeRegistryImpl
14249:             2             32  com.intellij.facet.impl.ProjectFacetManagerImpl$1
14250:             2             32  com.intellij.facet.impl.ProjectFacetManagerImpl$2
14251:             2             32  com.intellij.facet.impl.ProjectWideFacetListenersRegistryImpl
14252:             2             32  com.intellij.facet.impl.pointers.FacetPointersManagerImpl$1
14253:             2             32  com.intellij.facet.impl.pointers.FacetPointersManagerImpl$2
14254:             2             32  com.intellij.facet.impl.ui.FacetDependentToolWindowManager$1
14255:             2             32  com.intellij.facet.impl.ui.FacetDependentToolWindowManager$2
14256:             1             32  com.intellij.featureStatistics.ProductivityFeaturesRegistryImpl
14257:             1             32  com.intellij.featureStatistics.actions.ShowFeatureUsageStatisticsAction
14258:             2             32  com.intellij.filePrediction.FilePredictionEditorManagerListener
14259:             1             32  com.intellij.find.FindBundle
14260:             1             32  com.intellij.find.actions.FindInPathAction
14261:             1             32  com.intellij.find.actions.FindUsagesAction
14262:             1             32  com.intellij.find.actions.FindUsagesAction$ShowSettingsAndFindUsages
14263:             1             32  com.intellij.find.actions.FindUsagesInFileAction
14264:             1             32  com.intellij.find.actions.ReplaceInPathAction
14265:             1             32  com.intellij.find.actions.ShowSearchHistoryAction
14266:             1             32  com.intellij.find.actions.ShowUsagesAction
14267:             1             32  com.intellij.find.editorHeaderActions.ToggleSelectionOnlyAction
14268:             2             32  com.intellij.find.findUsages.DefaultFindUsagesHandlerFactory
14269:             1             32  com.intellij.find.findUsages.GroupByPackageAction
14270:             2             32  com.intellij.find.findUsages.UsageHistory
14271:             2             32  com.intellij.find.impl.FindManagerImpl$$Lambda$4586/0x0000000802945c40
14272:             1             32  com.intellij.find.impl.ShowRecentFindUsagesAction
14273:             2             32  com.intellij.find.ngrams.TrigramIndex$1
14274:             2             32  com.intellij.find.ngrams.TrigramIndex$2
14275:             1             32  com.intellij.formatting.alignment.AlignmentInColumnsConfig
14276:             2             32  com.intellij.framework.detection.impl.DetectedFrameworksData$TIntHashSetExternalizer
14277:             2             32  com.intellij.framework.detection.impl.FrameworkDetectionManager$2
14278:             2             32  com.intellij.framework.detection.impl.FrameworkDetectionManager$3
14279:             2             32  com.intellij.framework.detection.impl.exclude.DetectionExcludesConfigurationImpl$$Lambda$3171/0x0000000801df3040
14280:             2             32  com.intellij.grazie.config.CheckingContext
14281:             2             32  com.intellij.grazie.config.DetectionContext$State
14282:             2             32  com.intellij.grazie.config.SuppressingContext
14283:             1             32  com.intellij.grazie.detector.model.alphabet.Alphabet$ARABIC
14284:             1             32  com.intellij.grazie.detector.model.alphabet.Alphabet$ASTURIAN
14285:             1             32  com.intellij.grazie.detector.model.alphabet.Alphabet$BELARUSIAN
14286:             1             32  com.intellij.grazie.detector.model.alphabet.Alphabet$BRETON
14287:             1             32  com.intellij.grazie.detector.model.alphabet.Alphabet$CATALAN
14288:             1             32  com.intellij.grazie.detector.model.alphabet.Alphabet$CHINESE
14289:             1             32  com.intellij.grazie.detector.model.alphabet.Alphabet$DANISH
14290:             1             32  com.intellij.grazie.detector.model.alphabet.Alphabet$DUTCH
14291:             1             32  com.intellij.grazie.detector.model.alphabet.Alphabet$ENGLISH
14292:             1             32  com.intellij.grazie.detector.model.alphabet.Alphabet$ESPERANTO
14293:             1             32  com.intellij.grazie.detector.model.alphabet.Alphabet$FRENCH
14294:             1             32  com.intellij.grazie.detector.model.alphabet.Alphabet$GALICIAN
14295:             1             32  com.intellij.grazie.detector.model.alphabet.Alphabet$GERMAN
14296:             1             32  com.intellij.grazie.detector.model.alphabet.Alphabet$GREEK
14297:             1             32  com.intellij.grazie.detector.model.alphabet.Alphabet$IRISH
14298:             1             32  com.intellij.grazie.detector.model.alphabet.Alphabet$ITALIAN
14299:             1             32  com.intellij.grazie.detector.model.alphabet.Alphabet$JAPANESE
14300:             1             32  com.intellij.grazie.detector.model.alphabet.Alphabet$KHMER
14301:             1             32  com.intellij.grazie.detector.model.alphabet.Alphabet$PERSIAN
14302:             1             32  com.intellij.grazie.detector.model.alphabet.Alphabet$POLISH
14303:             1             32  com.intellij.grazie.detector.model.alphabet.Alphabet$PORTUGUESE
14304:             1             32  com.intellij.grazie.detector.model.alphabet.Alphabet$ROMANIAN
14305:             1             32  com.intellij.grazie.detector.model.alphabet.Alphabet$RUSSIAN
14306:             1             32  com.intellij.grazie.detector.model.alphabet.Alphabet$SLOVAK
14307:             1             32  com.intellij.grazie.detector.model.alphabet.Alphabet$SLOVENE
14308:             1             32  com.intellij.grazie.detector.model.alphabet.Alphabet$SPANISH
14309:             1             32  com.intellij.grazie.detector.model.alphabet.Alphabet$SWEDISH
14310:             1             32  com.intellij.grazie.detector.model.alphabet.Alphabet$TAGALOG
14311:             1             32  com.intellij.grazie.detector.model.alphabet.Alphabet$TAMIL
14312:             1             32  com.intellij.grazie.detector.model.alphabet.Alphabet$UKRANIAN
14313:             1             32  com.intellij.grazie.ide.inspection.grammar.GrazieInspection$buildVisitor$1
14314:             2             32  com.intellij.grazie.speller.GrazieSpeller
14315:             2             32  com.intellij.grazie.speller.dictionary.Dictionary$Aggregated
14316:             2             32  com.intellij.grazie.speller.dictionary.transformation.WordTransformation$LowerCase
14317:             2             32  com.intellij.grazie.speller.suggestion.filter.ChainSuggestionFilter
14318:             2             32  com.intellij.grazie.speller.suggestion.filter.feature.ListSuggestionFilter
14319:             1             32  com.intellij.history.core.ChangeList
14320:             1             32  com.intellij.history.core.ChangeListStorageImpl
14321:             1             32  com.intellij.history.integration.LocalHistoryBundle
14322:             1             32  com.intellij.history.integration.ui.actions.PutLabelAction
14323:             1             32  com.intellij.history.integration.ui.actions.RecentChangesAction
14324:             1             32  com.intellij.history.integration.ui.actions.ShowHistoryAction
14325:             1             32  com.intellij.history.integration.ui.actions.ShowSelectionHistoryAction
14326:             2             32  com.intellij.html.impl.providers.MicrodataReferenceProvider
14327:             2             32  com.intellij.ide.CommandLineWaitingManager$MyNotification
14328:             2             32  com.intellij.ide.CopyPasteDelegator$MyEditable
14329:             2             32  com.intellij.ide.CopyPasteUtil$DefaultCopyPasteListener
14330:             2             32  com.intellij.ide.FileChangedNotificationProvider
14331:             2             32  com.intellij.ide.FileChangedNotificationProvider$1
14332:             2             32  com.intellij.ide.FileChangedNotificationProvider$2
14333:             2             32  com.intellij.ide.GeneratedFileEditingNotificationProvider
14334:             2             32  com.intellij.ide.GeneratedSourceFileChangeTrackerImpl$$Lambda$1199/0x0000000800e6c040
14335:             2             32  com.intellij.ide.GeneratedSourceFileChangeTrackerImpl$1
14336:             2             32  com.intellij.ide.GeneratedSourceFileChangeTrackerImpl$2
14337:             2             32  com.intellij.ide.GeneratedSourceFileChangeTrackerImpl$3
14338:             1             32  com.intellij.ide.IdeBundle
14339:             1             32  com.intellij.ide.JavaUiBundle
14340:             1             32  com.intellij.ide.ManageRecentProjectsAction
14341:             2             32  com.intellij.ide.PsiCopyPasteManager$EscapeHandler
14342:             1             32  com.intellij.ide.TypeIconEP
14343:             1             32  com.intellij.ide.actionMacro.actions.EditMacrosAction
14344:             1             32  com.intellij.ide.actionMacro.actions.PlaySavedMacros
14345:             1             32  com.intellij.ide.actionMacro.actions.PlaybackLastMacroAction
14346:             1             32  com.intellij.ide.actionMacro.actions.StartStopMacroRecordingAction
14347:             1             32  com.intellij.ide.actions.AboutAction
14348:             1             32  com.intellij.ide.actions.ActivityMonitorAction
14349:             1             32  com.intellij.ide.actions.AssociateFileTypeAction
14350:             1             32  com.intellij.ide.actions.BackAction
14351:             1             32  com.intellij.ide.actions.CloseAction
14352:             1             32  com.intellij.ide.actions.CloseActiveTabAction
14353:             1             32  com.intellij.ide.actions.CloseAllEditorsAction
14354:             1             32  com.intellij.ide.actions.CloseAllEditorsButActiveAction
14355:             1             32  com.intellij.ide.actions.CloseAllEditorsToTheLeftAction
14356:             1             32  com.intellij.ide.actions.CloseAllEditorsToTheRightAction
14357:             1             32  com.intellij.ide.actions.CloseAllReadonlyEditorsAction
14358:             1             32  com.intellij.ide.actions.CloseAllUnmodifiedEditorsAction
14359:             1             32  com.intellij.ide.actions.CloseEditorAction
14360:             1             32  com.intellij.ide.actions.CloseProjectAction
14361:             1             32  com.intellij.ide.actions.CollectZippedLogsAction
14362:             1             32  com.intellij.ide.actions.ConfigureEditorTabsAction
14363:             1             32  com.intellij.ide.actions.CopyAbsolutePathProvider
14364:             1             32  com.intellij.ide.actions.CopyAction
14365:             1             32  com.intellij.ide.actions.CopyContentRootPathProvider
14366:             1             32  com.intellij.ide.actions.CopyElementAction
14367:             1             32  com.intellij.ide.actions.CopyFileNameProvider
14368:             1             32  com.intellij.ide.actions.CopyFileWithLineNumberPathProvider
14369:             1             32  com.intellij.ide.actions.CopyPathsAction
14370:             1             32  com.intellij.ide.actions.CopyReferenceAction
14371:             1             32  com.intellij.ide.actions.CopyReferencePopup
14372:             1             32  com.intellij.ide.actions.CopySourceRootPathProvider
14373:             1             32  com.intellij.ide.actions.CopyTBXReferenceProvider
14374:             1             32  com.intellij.ide.actions.CopyUrlAction
14375:             1             32  com.intellij.ide.actions.CreateDirectoryOrPackageAction
14376:             1             32  com.intellij.ide.actions.CreateFileAction
14377:             1             32  com.intellij.ide.actions.CreateHtmlFileAction
14378:             1             32  com.intellij.ide.actions.CreateLauncherScriptAction
14379:             1             32  com.intellij.ide.actions.CreateModuleInfoAction
14380:             1             32  com.intellij.ide.actions.CreatePackageInfoAction
14381:             2             32  com.intellij.ide.actions.CreateTemplateInPackageAction$$Lambda$987/0x0000000800b52840
14382:             1             32  com.intellij.ide.actions.CustomizeToolbarAction
14383:             1             32  com.intellij.ide.actions.CutAction
14384:             1             32  com.intellij.ide.actions.DebugLogConfigureAction
14385:             1             32  com.intellij.ide.actions.DeleteAction
14386:             1             32  com.intellij.ide.actions.EditCustomPropertiesAction
14387:             1             32  com.intellij.ide.actions.EditCustomVmOptionsAction
14388:             1             32  com.intellij.ide.actions.EditSourceInNewWindowAction
14389:             1             32  com.intellij.ide.actions.ExitAction
14390:             1             32  com.intellij.ide.actions.ExportToTextFileAction
14391:             1             32  com.intellij.ide.actions.ExternalJavaDocAction
14392:             1             32  com.intellij.ide.actions.FocusEditorAction
14393:             1             32  com.intellij.ide.actions.ForwardAction
14394:             1             32  com.intellij.ide.actions.GoToLinkTargetAction
14395:             1             32  com.intellij.ide.actions.GotoActionAction
14396:             1             32  com.intellij.ide.actions.GotoClassAction
14397:             1             32  com.intellij.ide.actions.GotoFileAction
14398:             1             32  com.intellij.ide.actions.GotoLineAction
14399:             1             32  com.intellij.ide.actions.GotoRelatedSymbolAction
14400:             1             32  com.intellij.ide.actions.GotoSymbolAction
14401:             1             32  com.intellij.ide.actions.HelpTopicsAction
14402:             1             32  com.intellij.ide.actions.HideAllToolWindowsAction
14403:             1             32  com.intellij.ide.actions.HideSideWindowsAction
14404:             1             32  com.intellij.ide.actions.HideToolWindowAction
14405:             1             32  com.intellij.ide.actions.ImportModuleAction
14406:             1             32  com.intellij.ide.actions.ImportProjectAction
14407:             1             32  com.intellij.ide.actions.InvalidateCachesAction
14408:             1             32  com.intellij.ide.actions.JumpToLastEditAction
14409:             1             32  com.intellij.ide.actions.JumpToLastWindowAction
14410:             1             32  com.intellij.ide.actions.JumpToNextEditAction
14411:             1             32  com.intellij.ide.actions.MacEmojiAndSymbolsInputAction
14412:             1             32  com.intellij.ide.actions.MaintenanceAction
14413:             1             32  com.intellij.ide.actions.MinimizeCurrentWindowAction
14414:             1             32  com.intellij.ide.actions.NewElementAction
14415:             1             32  com.intellij.ide.actions.NewElementSamePlaceAction
14416:             1             32  com.intellij.ide.actions.NextOccurenceAction
14417:             1             32  com.intellij.ide.actions.OnlineDocAction
14418:             1             32  com.intellij.ide.actions.OpenElementInNewWindowAction
14419:             1             32  com.intellij.ide.actions.OpenFileAction
14420:             1             32  com.intellij.ide.actions.OpenInRightSplitAction
14421:             1             32  com.intellij.ide.actions.PasteAction
14422:             1             32  com.intellij.ide.actions.PinActiveTabAction
14423:             1             32  com.intellij.ide.actions.PinActiveTabAction$EW
14424:             1             32  com.intellij.ide.actions.PinActiveTabAction$Toggle
14425:             1             32  com.intellij.ide.actions.PreviousOccurenceAction
14426:             1             32  com.intellij.ide.actions.RecentLocationsAction
14427:             1             32  com.intellij.ide.actions.RefCardAction
14428:             1             32  com.intellij.ide.actions.RefreshAction
14429:             1             32  com.intellij.ide.actions.ReportProblemAction
14430:             1             32  com.intellij.ide.actions.RestoreDefaultLayoutAction
14431:             1             32  com.intellij.ide.actions.RevealFileAction
14432:             1             32  com.intellij.ide.actions.SaveAllAction
14433:             1             32  com.intellij.ide.actions.SaveAsDirectoryBasedFormatAction
14434:             1             32  com.intellij.ide.actions.SaveDocumentAction
14435:             1             32  com.intellij.ide.actions.SaveFileAsTemplateAction
14436:             1             32  com.intellij.ide.actions.ScrollTreeToCenterAction
14437:             1             32  com.intellij.ide.actions.SearchEverywhereAction
14438:             1             32  com.intellij.ide.actions.SearchWebAction
14439:             1             32  com.intellij.ide.actions.SelectInAction
14440:             1             32  com.intellij.ide.actions.SendFeedbackAction
14441:             1             32  com.intellij.ide.actions.SetShortcutAction
14442:             1             32  com.intellij.ide.actions.ShowFilePathAction
14443:             1             32  com.intellij.ide.actions.ShowLogAction
14444:             1             32  com.intellij.ide.actions.ShowModulePropertiesAction
14445:             1             32  com.intellij.ide.actions.ShowPluginManagerAction
14446:             1             32  com.intellij.ide.actions.ShowPopupMenuAction
14447:             1             32  com.intellij.ide.actions.ShowRecentFilesAction
14448:             1             32  com.intellij.ide.actions.ShowRecentlyEditedFilesAction
14449:             1             32  com.intellij.ide.actions.ShowStructureSettingsAction
14450:             1             32  com.intellij.ide.actions.ShowTipsAction
14451:             1             32  com.intellij.ide.actions.SmartSelect
14452:             1             32  com.intellij.ide.actions.SmartUnSelect
14453:             1             32  com.intellij.ide.actions.SplitterAction$ChangeOrientation
14454:             1             32  com.intellij.ide.actions.SplitterAction$Goto$Next
14455:             1             32  com.intellij.ide.actions.SplitterAction$Goto$Previous
14456:             1             32  com.intellij.ide.actions.SplitterAction$Unsplit
14457:             1             32  com.intellij.ide.actions.SplitterAction$UnsplitAll
14458:             1             32  com.intellij.ide.actions.StartUseVcsAction
14459:             1             32  com.intellij.ide.actions.StoreDefaultLayoutAction
14460:             1             32  com.intellij.ide.actions.Switcher
14461:             1             32  com.intellij.ide.actions.Switcher$IterateItemsAction
14462:             1             32  com.intellij.ide.actions.Switcher$ToggleCheckBoxAction
14463:             1             32  com.intellij.ide.actions.SynchronizeAction
14464:             1             32  com.intellij.ide.actions.SynchronizeCurrentFileAction
14465:             1             32  com.intellij.ide.actions.TabListAction
14466:             1             32  com.intellij.ide.actions.TechnicalSupportAction
14467:             1             32  com.intellij.ide.actions.TemplateProjectPropertiesAction
14468:             1             32  com.intellij.ide.actions.ToggleContentUiTypeAction
14469:             1             32  com.intellij.ide.actions.ToggleDockModeAction
14470:             1             32  com.intellij.ide.actions.ToggleFloatingModeAction
14471:             1             32  com.intellij.ide.actions.ToggleFullScreenAction
14472:             1             32  com.intellij.ide.actions.TogglePinnedModeAction
14473:             1             32  com.intellij.ide.actions.TogglePowerSaveAction
14474:             1             32  com.intellij.ide.actions.TogglePresentationModeAction
14475:             1             32  com.intellij.ide.actions.ToggleReadOnlyAttributeAction
14476:             1             32  com.intellij.ide.actions.ToggleSideModeAction
14477:             1             32  com.intellij.ide.actions.ToggleWindowedModeAction
14478:             1             32  com.intellij.ide.actions.ViewInplaceCommentsAction
14479:             1             32  com.intellij.ide.actions.ViewMainMenuAction
14480:             1             32  com.intellij.ide.actions.ViewNavigationBarAction
14481:             1             32  com.intellij.ide.actions.ViewNavigationBarMembersAction
14482:             1             32  com.intellij.ide.actions.ViewStatusBarAction
14483:             1             32  com.intellij.ide.actions.ViewStructureAction
14484:             1             32  com.intellij.ide.actions.ViewToolWindowButtonsAction
14485:             1             32  com.intellij.ide.actions.WhatsNewAction
14486:             1             32  com.intellij.ide.actions.ZoomCurrentWindowAction
14487:             1             32  com.intellij.ide.actions.project.ConvertModuleGroupsToQualifiedNamesAction
14488:             1             32  com.intellij.ide.actions.toolbar.experimental.ViewNewToolbarAction
14489:             1             32  com.intellij.ide.actions.toolbar.experimental.ViewObsoleteNavBarAction
14490:             1             32  com.intellij.ide.actions.toolbar.experimental.ViewObsoleteToolbarAction
14491:             1             32  com.intellij.ide.actions.tree.CollapseTreeNodeAction
14492:             1             32  com.intellij.ide.actions.tree.ExpandTreeNodeAction
14493:             1             32  com.intellij.ide.actions.tree.FullyExpandTreeNodeAction
14494:             2             32  com.intellij.ide.bookmarks.BookmarkManager$$Lambda$1895/0x0000000801438c40
14495:             2             32  com.intellij.ide.bookmarks.BookmarkManager$MyDocumentListener
14496:             2             32  com.intellij.ide.bookmarks.BookmarkManager$MyEditorMouseListener
14497:             1             32  com.intellij.ide.bookmarks.actions.EditBookmarkAction
14498:             2             32  com.intellij.ide.browsers.LaunchBrowserBeforeRunTaskProvider
14499:             2             32  com.intellij.ide.browsers.actions.SelectInDefaultBrowserTarget
14500:             1             32  com.intellij.ide.extensionResources.RestoreBundledExtensionsAction
14501:             2             32  com.intellij.ide.favoritesTreeView.FavoritesViewSelectInTarget
14502:             2             32  com.intellij.ide.favoritesTreeView.ResourcesFavoriteNodeProvider
14503:             1             32  com.intellij.ide.favoritesTreeView.actions.AddNewFavoritesListAction
14504:             1             32  com.intellij.ide.favoritesTreeView.actions.EditFavoritesAction
14505:             2             32  com.intellij.ide.fileTemplates.impl.FileTemplateManagerImpl$2
14506:             1             32  com.intellij.ide.hierarchy.ViewClassHierarchyAction
14507:             1             32  com.intellij.ide.hierarchy.ViewSubtypesHierarchyAction
14508:             1             32  com.intellij.ide.hierarchy.ViewSupertypesHierarchyAction
14509:             1             32  com.intellij.ide.hierarchy.method.ImplementMethodAction
14510:             1             32  com.intellij.ide.hierarchy.method.OverrideMethodAction
14511:             2             32  com.intellij.ide.impl.ProjectStructureSelectInTarget
14512:             2             32  com.intellij.ide.impl.ProjectViewSelectInExplorerTarget
14513:             2             32  com.intellij.ide.impl.ProjectViewSelectInGroupTarget
14514:             2             32  com.intellij.ide.impl.StructureViewSelectInTarget
14515:             2             32  com.intellij.ide.lightEdit.LightEditNonExistentFileNotificationProvider
14516:             1             32  com.intellij.ide.lightEdit.LightEditServiceImpl
14517:             1             32  com.intellij.ide.lightEdit.actions.LightEditGotoOpenedFileAction
14518:             1             32  com.intellij.ide.lightEdit.actions.LightEditOpenFileInProjectAction
14519:             1             32  com.intellij.ide.navigationToolbar.ActivateNavigationBarAction
14520:             1             32  com.intellij.ide.navigationToolbar.NavBarActions$Down
14521:             1             32  com.intellij.ide.navigationToolbar.NavBarActions$End
14522:             1             32  com.intellij.ide.navigationToolbar.NavBarActions$Enter
14523:             1             32  com.intellij.ide.navigationToolbar.NavBarActions$Escape
14524:             1             32  com.intellij.ide.navigationToolbar.NavBarActions$Home
14525:             1             32  com.intellij.ide.navigationToolbar.NavBarActions$Left
14526:             1             32  com.intellij.ide.navigationToolbar.NavBarActions$Navigate
14527:             1             32  com.intellij.ide.navigationToolbar.NavBarActions$Right
14528:             1             32  com.intellij.ide.navigationToolbar.NavBarActions$Up
14529:             2             32  com.intellij.ide.navigationToolbar.NavBarBorder
14530:             2             32  com.intellij.ide.navigationToolbar.NavBarIdeView
14531:             2             32  com.intellij.ide.navigationToolbar.NavBarPresentation
14532:             2             32  com.intellij.ide.navigationToolbar.NavBarRootPaneExtension$$Lambda$1421/0x0000000801085440
14533:             2             32  com.intellij.ide.navigationToolbar.NavBarUpdateQueue$$Lambda$1425/0x00000008010c7840
14534:             2             32  com.intellij.ide.navigationToolbar.NavBarUpdateQueue$$Lambda$1426/0x00000008010c7c40
14535:             2             32  com.intellij.ide.navigationToolbar.SelectInNavBarTarget
14536:             1             32  com.intellij.ide.navigationToolbar.ShowNavBarAction
14537:             2             32  com.intellij.ide.navigationToolbar.experimental.NewToolbarRootPaneExtension$1
14538:             2             32  com.intellij.ide.navigationToolbar.experimental.NewToolbarRootPaneExtension$registryListener$1
14539:             1             32  com.intellij.ide.navigationToolbar.experimental.SearchEverywhereNewToolbarAction
14540:             2             32  com.intellij.ide.navigationToolbar.experimental.SearchEverywhereNewToolbarAction$createCustomComponent$1$1
14541:             1             32  com.intellij.ide.plugins.InstallFromDiskAction
14542:             2             32  com.intellij.ide.plugins.PluginFeatureService$State
14543:             1             32  com.intellij.ide.plugins.ProjectPluginTrackerManager$Companion$ProjectPluginTrackerManagerState
14544:             1             32  com.intellij.ide.projectView.ProjectViewSettings$Immutable
14545:             1             32  com.intellij.ide.projectView.ViewSettings$Immutable
14546:             1             32  com.intellij.ide.projectView.actions.ChangeProjectViewAction
14547:             1             32  com.intellij.ide.projectView.actions.ImportModuleFromImlFileAction
14548:             1             32  com.intellij.ide.projectView.actions.LoadUnloadModulesAction
14549:             1             32  com.intellij.ide.projectView.actions.MarkAsContentRootAction
14550:             1             32  com.intellij.ide.projectView.actions.MarkExcludeRootAction
14551:             1             32  com.intellij.ide.projectView.actions.MarkGeneratedSourceRootAction
14552:             1             32  com.intellij.ide.projectView.actions.MarkLibraryRootAction
14553:             1             32  com.intellij.ide.projectView.actions.UnmarkGeneratedSourceRootAction
14554:             1             32  com.intellij.ide.projectView.actions.UnmarkRootAction
14555:             2             32  com.intellij.ide.projectView.impl.AbstractProjectViewPane$$Lambda$2412/0x0000000801971c40
14556:             2             32  com.intellij.ide.projectView.impl.AbstractProjectViewPane$MyDragSource
14557:             2             32  com.intellij.ide.projectView.impl.AsyncProjectViewSupport$$Lambda$2390/0x0000000801977c40
14558:             2             32  com.intellij.ide.projectView.impl.AsyncProjectViewSupport$2
14559:             2             32  com.intellij.ide.projectView.impl.AsyncProjectViewSupport$4
14560:             2             32  com.intellij.ide.projectView.impl.AsyncProjectViewSupport$5
14561:             2             32  com.intellij.ide.projectView.impl.ClassesTreeStructureProvider
14562:             2             32  com.intellij.ide.projectView.impl.NestingTreeStructureProvider
14563:             2             32  com.intellij.ide.projectView.impl.PackageViewPane$MyDeletePSIElementProvider
14564:             2             32  com.intellij.ide.projectView.impl.ProjectViewImpl$$Lambda$1331/0x0000000800fb5840
14565:             2             32  com.intellij.ide.projectView.impl.ProjectViewImpl$18
14566:             2             32  com.intellij.ide.projectView.impl.ProjectViewImpl$19
14567:             2             32  com.intellij.ide.projectView.impl.ProjectViewImpl$20
14568:             2             32  com.intellij.ide.projectView.impl.ProjectViewImpl$21
14569:             2             32  com.intellij.ide.projectView.impl.ProjectViewImpl$MyDeletePSIElementProvider
14570:             1             32  com.intellij.ide.projectView.impl.SelectFileAction
14571:             1             32  com.intellij.ide.scopeView.EditScopesAction
14572:             2             32  com.intellij.ide.scopeView.ScopeViewPane$$Lambda$2262/0x00000008017dbc40
14573:             1             32  com.intellij.ide.scratch.ScratchFileActions$LanguageAction
14574:             1             32  com.intellij.ide.scratch.ScratchFileActions$NewBufferAction
14575:             2             32  com.intellij.ide.scratch.ScratchTreeStructureProvider
14576:             2             32  com.intellij.ide.startup.impl.StartupManagerImpl$$Lambda$2672/0x0000000801ad7840
14577:             2             32  com.intellij.ide.startup.impl.StartupManagerImpl$1
14578:             2             32  com.intellij.ide.startup.impl.StartupManagerImpl$3
14579:             2             32  com.intellij.ide.structureView.impl.StructureViewFactoryImpl$$Lambda$3075/0x0000000801cf3c40
14580:             2             32  com.intellij.ide.structureView.impl.java.JavaAnonymousClassesNodeProvider
14581:             2             32  com.intellij.ide.structureView.impl.java.JavaLambdaNodeProvider
14582:             1             32  com.intellij.ide.todo.TodoConfiguration
14583:             1             32  com.intellij.ide.todo.TodoPanel$MyFlattenPackagesAction
14584:             1             32  com.intellij.ide.todo.TodoPanel$MyShowModulesAction
14585:             1             32  com.intellij.ide.todo.TodoPanel$MyShowPackagesAction
14586:             2             32  com.intellij.ide.ui.OptionsTopHitProvider$Activity
14587:             2             32  com.intellij.ide.ui.ProjectTopHitCache
14588:             2             32  com.intellij.ide.ui.ProjectTopHitCache$1
14589:             2             32  com.intellij.ide.ui.SplitterProportionsDataImpl
14590:             2             32  com.intellij.ide.ui.UITheme$2
14591:             1             32  com.intellij.ide.ui.laf.DarculaMetalTheme
14592:             2             32  com.intellij.ide.ui.laf.darcula.ui.DarculaButtonPainter
14593:             1             32  com.intellij.ide.ui.laf.darcula.ui.DarculaProgressBarBorder
14594:             1             32  com.intellij.ide.util.AppPropertiesComponentImpl
14595:             1             32  com.intellij.ide.util.frameworkSupport.AddFrameworkSupportAction
14596:             1             32  com.intellij.idea.ActionsBundle
14597:             1             32  com.intellij.idea.RareLogger
14598:             1             32  com.intellij.idea.SocketLock
14599:             1             32  com.intellij.internal.DumpLookupElementWeights
14600:             1             32  com.intellij.internal.focus.LogFocusRequestsAction
14601:             1             32  com.intellij.internal.ml.catboost.CatBoostJarCompletionModelProvider$lazyModel$2$1
14602:             1             32  com.intellij.internal.psiView.PsiViewerAction
14603:             1             32  com.intellij.internal.psiView.PsiViewerAction$ForContext
14604:             2             32  com.intellij.internal.retype.RetypeEditorNotificationProvider
14605:             2             32  com.intellij.internal.statistic.actions.scheme.EventsSchemeJsonSchemaProviderFactory$EventsSchemeJsonSchemaFileProvider
14606:             1             32  com.intellij.internal.statistic.collectors.fus.actions.persistence.ActionsBuiltInWhitelist
14607:             2             32  com.intellij.internal.statistic.collectors.fus.fileTypes.FileTypeUsageCounterCollector$MyFileEditorManagerListener
14608:             1             32  com.intellij.internal.statistic.local.ActionsLocalSummary
14609:             2             32  com.intellij.internal.statistic.local.ActionsLocalSummaryState
14610:             1             32  com.intellij.internal.statistic.persistence.UsageStatisticsPersistenceComponent
14611:             2             32  com.intellij.jarRepository.RepositoryLibrarySynchronizer$$Lambda$2604/0x0000000801a5c840
14612:             1             32  com.intellij.java.JavaBundle
14613:             1             32  com.intellij.java.analysis.JavaAnalysisBundle
14614:             1             32  com.intellij.java.i18n.JavaI18nBundle
14615:             1             32  com.intellij.java.ift.JavaLessonsBundle
14616:             1             32  com.intellij.java.indexing.JavaIndexingBundle
14617:             1             32  com.intellij.java.refactoring.JavaRefactoringBundle
14618:             2             32  com.intellij.javaee.PsiExternalResourceNotifier
14619:             2             32  com.intellij.javaee.PsiExternalResourceNotifier$$Lambda$1354/0x0000000800fef440
14620:             1             32  com.intellij.json.JsonBundle
14621:             1             32  com.intellij.json.JsonLanguage
14622:             1             32  com.intellij.json.editor.JsonCopyPointerAction
14623:             1             32  com.intellij.json.editor.JsonSmartKeysConfigurable
14624:             1             32  com.intellij.json.json5.Json5Language
14625:             1             32  com.intellij.json.liveTemplates.JsonContextType
14626:             2             32  com.intellij.lang.DefaultASTFactoryImpl
14627:             1             32  com.intellij.lang.LangBundle
14628:             1             32  com.intellij.lang.Language$1
14629:             2             32  com.intellij.lang.MetaLanguage$1
14630:             1             32  com.intellij.lang.ant.AntBundle
14631:             2             32  com.intellij.lang.ant.AntDisposable
14632:             1             32  com.intellij.lang.ant.config.actions.AddAntBuildFile
14633:             1             32  com.intellij.lang.ant.config.actions.RunTargetAction
14634:             2             32  com.intellij.lang.ant.config.impl.AntAfterCompileTask
14635:             2             32  com.intellij.lang.ant.config.impl.AntBeforeCompileTask
14636:             2             32  com.intellij.lang.ant.config.impl.AntBeforeRunTaskProvider
14637:             2             32  com.intellij.lang.ant.config.impl.AntConfigurationImpl$3$1
14638:             2             32  com.intellij.lang.ant.config.impl.AntShortcutStartupActivity$$Lambda$3114/0x0000000801d70440
14639:             2             32  com.intellij.lang.ant.config.impl.AntUnlinkedProjectAware$subscribe$1
14640:             1             32  com.intellij.lang.cacheBuilder.CacheBuilderEP
14641:             1             32  com.intellij.lang.customFolding.GotoCustomRegionAction
14642:             2             32  com.intellij.lang.documentation.CompositeDocumentationProvider
14643:             2             32  com.intellij.lang.folding.CompositeFoldingBuilder
14644:             1             32  com.intellij.lang.java.JShellLanguage
14645:             2             32  com.intellij.lang.java.JavaDocumentationProvider
14646:             1             32  com.intellij.lang.java.JavaLanguage
14647:             2             32  com.intellij.lang.java.JavaModuleRenameListener
14648:             2             32  com.intellij.lang.java.parser.JavaParserUtil$PrecedingWhitespacesAndCommentsBinder
14649:             1             32  com.intellij.lang.jvm.JvmMetaLanguage
14650:             2             32  com.intellij.lang.jvm.facade.JvmFacadeImpl$$Lambda$3575/0x000000080214b040
14651:             2             32  com.intellij.lang.properties.Native2AsciiListener
14652:             1             32  com.intellij.lang.properties.PropertiesBundle
14653:             2             32  com.intellij.lang.properties.PropertiesFoldingSettings
14654:             1             32  com.intellij.lang.properties.PropertiesLanguage
14655:             2             32  com.intellij.lang.properties.PropertiesReferenceContributor$2
14656:             1             32  com.intellij.lang.properties.create.AddNewPropertyFileAction
14657:             1             32  com.intellij.lang.properties.create.CreateResourceBundleAction
14658:             1             32  com.intellij.lang.properties.customizeActions.CombinePropertiesFilesAction
14659:             1             32  com.intellij.lang.properties.customizeActions.DissociateResourceBundleAction
14660:             1             32  com.intellij.lang.properties.editor.GotoNextIncompletePropertyAction
14661:             2             32  com.intellij.lang.properties.editor.GotoPropertyParentDeclarationHandler
14662:             1             32  com.intellij.lang.properties.editor.ResourceBundleEditorBundle
14663:             1             32  com.intellij.lang.properties.editor.ResourceBundleEditorShowQuickFixesAction
14664:             2             32  com.intellij.lang.properties.projectView.ResourceBundleGrouper
14665:             2             32  com.intellij.lang.properties.psi.PropertyKeyIndex
14666:             1             32  com.intellij.lang.spi.SPILanguage
14667:             2             32  com.intellij.lang.xml.XmlASTFactory
14668:             2             32  com.intellij.largeFilesEditor.editor.LargeFileNotificationProvider
14669:             2             32  com.intellij.largeFilesEditor.editor.LargeFileRegexSearchNotificationProvider
14670:             1             32  com.intellij.moduleDependencies.ShowModuleDependenciesAction
14671:             2             32  com.intellij.notification.EventLog$ProjectTracker$1
14672:             2             32  com.intellij.notification.impl.MacEventReader
14673:             2             32  com.intellij.notification.impl.NotificationsBeeper
14674:             2             32  com.intellij.notification.impl.NotificationsManagerImpl$MyNotificationListener
14675:             2             32  com.intellij.notification.impl.NotificationsManagerImpl$ProjectNotificationsComponent
14676:             1             32  com.intellij.notification.impl.actions.MarkAllNotificationsAsReadAction
14677:             2             32  com.intellij.openapi.actionSystem.ex.ToolbarLabelAction$MyLabel$1
14678:             2             32  com.intellij.openapi.actionSystem.impl.IdeaActionButtonLook
14679:             1             32  com.intellij.openapi.actionSystem.impl.Utils$1
14680:             2             32  com.intellij.openapi.actionSystem.impl.segmentedActionBar.SegmentedBarActionComponent$buttonLook$1
14681:             1             32  com.intellij.openapi.application.ApplicationBundle
14682:             1             32  com.intellij.openapi.command.impl.CommandProcessorImpl
14683:             2             32  com.intellij.openapi.command.impl.FileUndoProvider$1
14684:             1             32  com.intellij.openapi.command.impl.FinishMarkAction
14685:             1             32  com.intellij.openapi.command.impl.StartMarkAction
14686:             1             32  com.intellij.openapi.compiler.JavaCompilerBundle
14687:             2             32  com.intellij.openapi.components.impl.ModulePathMacroManager$$Lambda$1370/0x0000000800fea440
14688:             2             32  com.intellij.openapi.components.impl.ProjectPathMacroManager$$Lambda$1183/0x0000000800e22440
14689:             2             32  com.intellij.openapi.diff.DefaultLineFlags
14690:             1             32  com.intellij.openapi.diff.impl.dir.actions.popup.CancelComparingNewFilesWithEachOtherAction
14691:             1             32  com.intellij.openapi.diff.impl.dir.actions.popup.CompareNewFilesWithEachOtherAction
14692:             1             32  com.intellij.openapi.diff.impl.dir.actions.popup.MirrorToLeftAction
14693:             1             32  com.intellij.openapi.diff.impl.dir.actions.popup.MirrorToRightAction
14694:             1             32  com.intellij.openapi.diff.impl.dir.actions.popup.SetCopyToLeft
14695:             1             32  com.intellij.openapi.diff.impl.dir.actions.popup.SetCopyToRight
14696:             1             32  com.intellij.openapi.diff.impl.dir.actions.popup.SetDefault
14697:             1             32  com.intellij.openapi.diff.impl.dir.actions.popup.SetDelete
14698:             1             32  com.intellij.openapi.diff.impl.dir.actions.popup.SetNoOperation
14699:             1             32  com.intellij.openapi.diff.impl.dir.actions.popup.WarnOnDeletion
14700:             1             32  com.intellij.openapi.editor.EditorBundle
14701:             1             32  com.intellij.openapi.editor.PlatformEditorBundle
14702:             1             32  com.intellij.openapi.editor.actions.AddOrRemoveCaretDummyAction
14703:             1             32  com.intellij.openapi.editor.actions.AddRectangularSelectionOnMouseDragAction
14704:             1             32  com.intellij.openapi.editor.actions.ConfigureSoftWrapsAction
14705:             2             32  com.intellij.openapi.editor.actions.CopyAction$Handler
14706:             1             32  com.intellij.openapi.editor.actions.CreateRectangularSelectionAction
14707:             1             32  com.intellij.openapi.editor.actions.CreateRectangularSelectionOnMouseDragAction
14708:             1             32  com.intellij.openapi.editor.actions.MultiplePasteAction
14709:             1             32  com.intellij.openapi.editor.actions.RemoveBomAction
14710:             1             32  com.intellij.openapi.editor.actions.ToggleColumnModeAction
14711:             1             32  com.intellij.openapi.editor.actions.ToggleShowGutterIconsAction
14712:             1             32  com.intellij.openapi.editor.actions.ToggleShowImportPopupsAction
14713:             1             32  com.intellij.openapi.editor.actions.ToggleShowIndentLinesAction
14714:             1             32  com.intellij.openapi.editor.actions.ToggleShowIndentLinesGloballyAction
14715:             1             32  com.intellij.openapi.editor.actions.ToggleShowLineNumbersAction
14716:             1             32  com.intellij.openapi.editor.actions.ToggleShowLineNumbersGloballyAction
14717:             1             32  com.intellij.openapi.editor.actions.ToggleShowWhitespacesAction
14718:             1             32  com.intellij.openapi.editor.actions.ToggleUseSoftWrapsInPreviewAction
14719:             1             32  com.intellij.openapi.editor.colors.TextAttributesKey$1
14720:             2             32  com.intellij.openapi.editor.ex.EditorSettingsExternalizable$OsSpecificState
14721:             2             32  com.intellij.openapi.editor.impl.BidiContentNotificationProvider
14722:             2             32  com.intellij.openapi.editor.impl.EditorImpl$MyEditable
14723:             1             32  com.intellij.openapi.editor.impl.EditorImpl$RepaintCursorCommand
14724:             2             32  com.intellij.openapi.editor.impl.ForcedSoftWrapsNotificationProvider
14725:             1             32  com.intellij.openapi.editor.impl.TypedActionImpl
14726:             1             32  com.intellij.openapi.editor.impl.VisibleEditorsTracker
14727:             1             32  com.intellij.openapi.editor.impl.view.IterationState$CaretData
14728:             1             32  com.intellij.openapi.editor.richcopy.CopyAsRichTextAction
14729:             1             32  com.intellij.openapi.editor.toolbar.floating.DefaultFloatingToolbarProvider
14730:             1             32  com.intellij.openapi.externalSystem.action.AttachExternalProjectAction
14731:             1             32  com.intellij.openapi.externalSystem.action.EditExternalSystemRunConfigurationAction
14732:             1             32  com.intellij.openapi.externalSystem.action.ExternalSystemSelectProjectDataToImportAction
14733:             1             32  com.intellij.openapi.externalSystem.action.ExternalSystemTreeAction$CollapseAll
14734:             1             32  com.intellij.openapi.externalSystem.action.ExternalSystemTreeAction$ExpandAll
14735:             1             32  com.intellij.openapi.externalSystem.action.IgnoreExternalProjectAction
14736:             1             32  com.intellij.openapi.externalSystem.action.RefreshAllExternalProjectsAction
14737:             1             32  com.intellij.openapi.externalSystem.action.RemoveExternalSystemRunConfigurationAction
14738:             1             32  com.intellij.openapi.externalSystem.action.ShowCommonExternalSystemSettingsAction
14739:             1             32  com.intellij.openapi.externalSystem.action.ShowExternalSystemSettingsAction
14740:             1             32  com.intellij.openapi.externalSystem.action.task.AssignRunConfigurationShortcutAction
14741:             1             32  com.intellij.openapi.externalSystem.autoimport.HideProjectRefreshAction
14742:             1             32  com.intellij.openapi.externalSystem.autoimport.ProjectRefreshAction
14743:             1             32  com.intellij.openapi.externalSystem.autoimport.ProjectRefreshFloatingProvider
14744:             2             32  com.intellij.openapi.externalSystem.autoimport.ProjectSettingsTracker$projectRefreshListener$1
14745:             2             32  com.intellij.openapi.externalSystem.configurationStore.ExternalSystemStreamProviderFactory$1
14746:             1             32  com.intellij.openapi.externalSystem.service.RemoteExternalSystemCommunicationManager
14747:             1             32  com.intellij.openapi.externalSystem.service.RemoteExternalSystemCommunicationManager$1
14748:             2             32  com.intellij.openapi.externalSystem.service.project.ExternalSystemModulePropertyManagerBridge
14749:             2             32  com.intellij.openapi.externalSystem.service.project.ProjectRenameAware$1
14750:             2             32  com.intellij.openapi.externalSystem.service.project.autoimport.ExternalSystemProjectsWatcherImpl
14751:             2             32  com.intellij.openapi.externalSystem.service.project.manage.ExternalProjectsDataStorage$1
14752:             2             32  com.intellij.openapi.externalSystem.service.project.manage.ExternalProjectsManagerImpl$1
14753:             2             32  com.intellij.openapi.externalSystem.service.project.manage.ExternalSystemShortcutsManager$1
14754:             2             32  com.intellij.openapi.externalSystem.service.project.manage.ExternalSystemTaskActivator$1
14755:             2             32  com.intellij.openapi.externalSystem.service.project.manage.SourceFolderManagerImpl$1
14756:             2             32  com.intellij.openapi.externalSystem.service.project.manage.SourceFolderManagerImpl$2
14757:             1             32  com.intellij.openapi.externalSystem.service.remote.ExternalSystemProgressNotificationManagerImpl
14758:             2             32  com.intellij.openapi.externalSystem.settings.AbstractExternalSystemSettings$$Lambda$1817/0x0000000801350c40
14759:             2             32  com.intellij.openapi.externalSystem.util.CompositeRunnable
14760:             1             32  com.intellij.openapi.externalSystem.util.ExternalSystemBundle
14761:             2             32  com.intellij.openapi.externalSystem.util.PrefixTreeMap
14762:             2             32  com.intellij.openapi.file.exclude.ProjectPlainTextFileTypeManager
14763:             1             32  com.intellij.openapi.file.exclude.ui.MarkAsOriginalTypeAction
14764:             1             32  com.intellij.openapi.file.exclude.ui.MarkAsPlainTextAction
14765:             1             32  com.intellij.openapi.fileChooser.actions.FileDeleteAction
14766:             1             32  com.intellij.openapi.fileChooser.actions.GotoHomeAction
14767:             1             32  com.intellij.openapi.fileChooser.actions.GotoModuleDirectory
14768:             1             32  com.intellij.openapi.fileChooser.actions.GotoProjectDirectory
14769:             1             32  com.intellij.openapi.fileChooser.actions.NewFileAction
14770:             1             32  com.intellij.openapi.fileChooser.actions.NewFolderAction
14771:             1             32  com.intellij.openapi.fileChooser.actions.RefreshFileChooserAction
14772:             1             32  com.intellij.openapi.fileChooser.actions.ShowHiddensAction
14773:             1             32  com.intellij.openapi.fileChooser.actions.TogglePathShowingAction
14774:             2             32  com.intellij.openapi.fileEditor.impl.EditorHistoryManager$$Lambda$1703/0x000000080129dc40
14775:             2             32  com.intellij.openapi.fileEditor.impl.EditorHistoryManager$1
14776:             2             32  com.intellij.openapi.fileEditor.impl.EditorHistoryManager$2
14777:             2             32  com.intellij.openapi.fileEditor.impl.EditorHistoryManager$MyEditorManagerListener
14778:             2             32  com.intellij.openapi.fileEditor.impl.EditorTabbedContainer$$Lambda$1514/0x0000000801132840
14779:             2             32  com.intellij.openapi.fileEditor.impl.EditorTabbedContainer$1
14780:             2             32  com.intellij.openapi.fileEditor.impl.EditorTabbedContainer$2
14781:             2             32  com.intellij.openapi.fileEditor.impl.EditorTabbedContainer$EditorTabs$$Lambda$1511/0x0000000801133c40
14782:             2             32  com.intellij.openapi.fileEditor.impl.EditorTabbedContainer$EditorTabs$1
14783:             2             32  com.intellij.openapi.fileEditor.impl.EditorTabbedContainer$MyDataProvider
14784:             2             32  com.intellij.openapi.fileEditor.impl.EditorsSplitters$$Lambda$1227/0x0000000800ebc040
14785:             2             32  com.intellij.openapi.fileEditor.impl.EditorsSplitters$$Lambda$1228/0x0000000800ebc440
14786:             2             32  com.intellij.openapi.fileEditor.impl.EditorsSplitters$$Lambda$1229/0x0000000800ebb840
14787:             2             32  com.intellij.openapi.fileEditor.impl.EditorsSplitters$1
14788:             2             32  com.intellij.openapi.fileEditor.impl.EditorsSplitters$UIBuilder
14789:             2             32  com.intellij.openapi.fileEditor.impl.FileEditorManagerImpl$2
14790:             2             32  com.intellij.openapi.fileEditor.impl.FileEditorManagerImpl$4
14791:             2             32  com.intellij.openapi.fileEditor.impl.FileEditorManagerImpl$MyEditorPropertyChangeListener
14792:             2             32  com.intellij.openapi.fileEditor.impl.FileEditorManagerImpl$MyFileStatusListener
14793:             2             32  com.intellij.openapi.fileEditor.impl.FileEditorManagerImpl$MyFileTypeListener
14794:             2             32  com.intellij.openapi.fileEditor.impl.FileEditorManagerImpl$MyRootsListener
14795:             2             32  com.intellij.openapi.fileEditor.impl.FileEditorManagerImpl$MyUISettingsListener
14796:             2             32  com.intellij.openapi.fileEditor.impl.FileEditorManagerImpl$MyVirtualFileListener
14797:             2             32  com.intellij.openapi.fileEditor.impl.FileEditorProviderManagerImpl
14798:             2             32  com.intellij.openapi.fileEditor.impl.FileEditorPsiTreeChangeListener
14799:             2             32  com.intellij.openapi.fileEditor.impl.IdeDocumentHistoryImpl$$Lambda$1190/0x0000000800e6ec40
14800:             2             32  com.intellij.openapi.fileEditor.impl.IdeDocumentHistoryImpl$1
14801:             2             32  com.intellij.openapi.fileEditor.impl.IdeDocumentHistoryImpl$2
14802:             2             32  com.intellij.openapi.fileEditor.impl.IdeDocumentHistoryImpl$3
14803:             2             32  com.intellij.openapi.fileEditor.impl.IdeDocumentHistoryImpl$4
14804:             2             32  com.intellij.openapi.fileEditor.impl.IdeDocumentHistoryImpl$5
14805:             1             32  com.intellij.openapi.fileEditor.impl.MoveEditorToOppositeTabGroupAction
14806:             2             32  com.intellij.openapi.fileEditor.impl.NonProjectFileWritingAccessProvider
14807:             1             32  com.intellij.openapi.fileEditor.impl.OpenEditorInOppositeTabGroupAction
14808:             1             32  com.intellij.openapi.fileEditor.impl.OpenFilesScope
14809:             2             32  com.intellij.openapi.fileEditor.impl.OpenFilesScope$Provider
14810:             2             32  com.intellij.openapi.fileEditor.impl.PsiAwareFileEditorManagerImpl$1
14811:             2             32  com.intellij.openapi.fileEditor.impl.PsiAwareFileEditorManagerImpl$MyProblemListener
14812:             1             32  com.intellij.openapi.fileEditor.impl.ReopenClosedTabAction
14813:             1             32  com.intellij.openapi.fileEditor.impl.SelectNextEditorTabAction
14814:             1             32  com.intellij.openapi.fileEditor.impl.SelectPreviousEditorTabAction
14815:             2             32  com.intellij.openapi.fileEditor.impl.UniqueVFilePathBuilderImpl$$Lambda$3309/0x0000000801fcbc40
14816:             2             32  com.intellij.openapi.fileEditor.impl.UniqueVFilePathBuilderImpl$$Lambda$3310/0x0000000801fcb040
14817:             2             32  com.intellij.openapi.fileEditor.impl.text.LargeFileNotificationProvider
14818:             2             32  com.intellij.openapi.fileEditor.impl.text.TextEditorPsiDataProvider
14819:             2             32  com.intellij.openapi.fileTypes.FileTypeEditorHighlighterProviders$1
14820:             1             32  com.intellij.openapi.fileTypes.PlainTextLanguage
14821:             1             32  com.intellij.openapi.fileTypes.UserBinaryFileType
14822:             1             32  com.intellij.openapi.keymap.KeyMapBundle
14823:             2             32  com.intellij.openapi.module.impl.ModuleImpl$1
14824:             2             32  com.intellij.openapi.module.impl.ModuleManagerComponent$$Lambda$2823/0x0000000801bdf440
14825:             2             32  com.intellij.openapi.module.impl.ModulePointerManagerImpl$1
14826:             2             32  com.intellij.openapi.module.impl.scopes.ModuleWithDependentsScope$$Lambda$3433/0x000000080204ac40
14827:             1             32  com.intellij.openapi.module.impl.scopes.ModulesScope
14828:             1             32  com.intellij.openapi.options.OptionsBundle
14829:             1             32  com.intellij.openapi.options.newEditor.CopySettingsPathAction
14830:             1             32  com.intellij.openapi.progress.BackgroundTaskQueue
14831:             2             32  com.intellij.openapi.project.DumbServiceAlternativeResolveTracker
14832:             2             32  com.intellij.openapi.project.DumbServiceImpl$1
14833:             2             32  com.intellij.openapi.project.DumbServiceVfsBatchListener
14834:             1             32  com.intellij.openapi.project.ProjectBundle
14835:             2             32  com.intellij.openapi.project.ProjectTypeService
14836:             1             32  com.intellij.openapi.projectRoots.JdkPopupAction
14837:             2             32  com.intellij.openapi.projectRoots.impl.UnknownSdkEditorNotification$1
14838:             2             32  com.intellij.openapi.projectRoots.impl.UnknownSdkStartupChecker$runActivity$2
14839:             2             32  com.intellij.openapi.projectRoots.impl.UnknownSdkTrackerQueue
14840:             2             32  com.intellij.openapi.projectRoots.impl.jdkDownloader.JdkUpdatesCollector
14841:             2             32  com.intellij.openapi.projectRoots.impl.jdkDownloader.JdkUpdatesCollector$schedule$1
14842:             2             32  com.intellij.openapi.projectRoots.impl.jdkDownloader.JdkUpdatesCollector$schedule$future$1
14843:             2             32  com.intellij.openapi.projectRoots.impl.jdkDownloader.JdkUpdatesCollectorQueue
14844:             1             32  com.intellij.openapi.roots.AnnotationOrderRootType
14845:             1             32  com.intellij.openapi.roots.JavadocOrderRootType
14846:             1             32  com.intellij.openapi.roots.NativeLibraryOrderRootType
14847:             2             32  com.intellij.openapi.roots.ProjectRootModificationTrackerImpl
14848:             2             32  com.intellij.openapi.roots.impl.CompilerProjectExtensionImpl$MyProjectExtension
14849:             2             32  com.intellij.openapi.roots.impl.DirectoryIndexImpl$$Lambda$1185/0x0000000800e6f840
14850:             2             32  com.intellij.openapi.roots.impl.DirectoryIndexImpl$1
14851:             2             32  com.intellij.openapi.roots.impl.DirectoryIndexImpl$2
14852:             2             32  com.intellij.openapi.roots.impl.ExcludeCompilerOutputPolicy
14853:             2             32  com.intellij.openapi.roots.impl.LanguageLevelProjectExtensionImpl$MyProjectExtension
14854:             2             32  com.intellij.openapi.roots.impl.LibraryScopeCache$$Lambda$3515/0x00000008020f5840
14855:             2             32  com.intellij.openapi.roots.impl.LibraryScopeCache$$Lambda$3516/0x00000008020f5c40
14856:             2             32  com.intellij.openapi.roots.impl.LibraryScopeCache$1
14857:             2             32  com.intellij.openapi.roots.impl.ProjectPackageIndexImpl
14858:             2             32  com.intellij.openapi.roots.impl.ProjectRootManagerComponent$$Lambda$1216/0x0000000800ebf840
14859:             2             32  com.intellij.openapi.roots.impl.ProjectRootManagerComponent$1
14860:             2             32  com.intellij.openapi.roots.impl.ProjectRootManagerComponent$2
14861:             2             32  com.intellij.openapi.roots.impl.ProjectRootManagerComponent$3
14862:             2             32  com.intellij.openapi.roots.impl.ProjectRootManagerComponent$AppListener
14863:             2             32  com.intellij.openapi.roots.impl.PushedFilePropertiesUpdaterImpl$2
14864:             2             32  com.intellij.openapi.roots.impl.RootIndex$OrderEntryGraph$Graph
14865:             1             32  com.intellij.openapi.roots.impl.libraries.ExportableApplicationLibraryTable
14866:             2             32  com.intellij.openapi.roots.ui.configuration.DefaultModulesProvider
14867:             2             32  com.intellij.openapi.roots.ui.configuration.JavaModuleSourceRootEditHandler
14868:             2             32  com.intellij.openapi.roots.ui.configuration.JavaResourceRootEditHandler
14869:             2             32  com.intellij.openapi.roots.ui.configuration.JavaTestResourceRootEditHandler
14870:             2             32  com.intellij.openapi.roots.ui.configuration.JavaTestSourceRootEditHandler
14871:             1             32  com.intellij.openapi.roots.ui.configuration.actions.NewModuleAction
14872:             1             32  com.intellij.openapi.roots.ui.configuration.actions.NewModuleInGroupAction
14873:             1             32  com.intellij.openapi.updateSettings.impl.CheckForUpdateAction
14874:             1             32  com.intellij.openapi.updateSettings.impl.UpdateChecker$CheckPluginsUpdateResult
14875:             2             32  com.intellij.openapi.updateSettings.impl.pluginsAdvertisement.PluginAdvertiserEditorNotificationProvider
14876:             2             32  com.intellij.openapi.updateSettings.impl.pluginsAdvertisement.PluginAdvertiserExtensionsStateService$State
14877:             1             32  com.intellij.openapi.util.ActionCallback$Done
14878:             1             32  com.intellij.openapi.util.ActionCallback$Rejected
14879:             1             32  com.intellij.openapi.util.LowMemoryWatcherManager
14880:             1             32  com.intellij.openapi.util.ObjectTree
14881:             1             32  com.intellij.openapi.util.WindowStateApplicationService
14882:             1             32  com.intellij.openapi.util.io.FileSystemUtil$JnaUnixMediatorImpl
14883:             1             32  com.intellij.openapi.util.io.UniqueNameBuilder
14884:             1             32  com.intellij.openapi.util.io.UniqueNameBuilder$Node
14885:             1             32  com.intellij.openapi.util.registry.Registry
14886:             1             32  com.intellij.openapi.util.text.Pluralizer
14887:             2             32  com.intellij.openapi.util.text.StringUtil$$Lambda$1259/0x0000000800f27040
14888:             2             32  com.intellij.openapi.util.text.StringUtil$1
14889:             2             32  com.intellij.openapi.vcs.ExternallyAddedFilesProcessorImpl$queue$1
14890:             1             32  com.intellij.openapi.vcs.VcsBundle
14891:             2             32  com.intellij.openapi.vcs.VcsVFSListener$$Lambda$1957/0x00000008014b7c40
14892:             2             32  com.intellij.openapi.vcs.VcsVFSListener$$Lambda$1958/0x00000008014b7040
14893:             2             32  com.intellij.openapi.vcs.VcsVFSListener$MyAsyncVfsListener
14894:             2             32  com.intellij.openapi.vcs.VcsVFSListener$MyCommandAdapter
14895:             1             32  com.intellij.openapi.vcs.actions.AnnotateToggleAction
14896:             1             32  com.intellij.openapi.vcs.actions.CommonCheckinFilesAction
14897:             1             32  com.intellij.openapi.vcs.actions.CommonCheckinProjectAction
14898:             1             32  com.intellij.openapi.vcs.actions.CompareWithLastVersion
14899:             1             32  com.intellij.openapi.vcs.actions.CompareWithSelectedRevisionAction
14900:             1             32  com.intellij.openapi.vcs.actions.CompareWithTheSameVersionAction
14901:             1             32  com.intellij.openapi.vcs.actions.RefreshStatuses
14902:             1             32  com.intellij.openapi.vcs.actions.SelectAndCompareWithSelectedRevisionAction
14903:             1             32  com.intellij.openapi.vcs.actions.SelectedBlockHistoryAction
14904:             1             32  com.intellij.openapi.vcs.actions.ShowAnnotateOperationsPopup
14905:             1             32  com.intellij.openapi.vcs.actions.ShowBaseRevisionAction
14906:             1             32  com.intellij.openapi.vcs.actions.ShowChangeMarkerAction$Current
14907:             1             32  com.intellij.openapi.vcs.actions.ShowChangeMarkerAction$Next
14908:             1             32  com.intellij.openapi.vcs.actions.ShowChangeMarkerAction$Prev
14909:             1             32  com.intellij.openapi.vcs.actions.ShowCommitOptionsAction
14910:             1             32  com.intellij.openapi.vcs.actions.ShowMessageHistoryAction
14911:             1             32  com.intellij.openapi.vcs.actions.TabbedShowHistoryAction
14912:             1             32  com.intellij.openapi.vcs.actions.TabbedShowHistoryForRevisionAction
14913:             1             32  com.intellij.openapi.vcs.actions.VcsToolbarLabelAction
14914:             2             32  com.intellij.openapi.vcs.annotate.AnnotationsPreloader$AnnotationsPreloaderFileEditorManagerListener
14915:             1             32  com.intellij.openapi.vcs.annotate.ShowAllAffectedGenericAction
14916:             2             32  com.intellij.openapi.vcs.changes.ChangeListManagerImpl$$Lambda$1305/0x0000000800f8c840
14917:             2             32  com.intellij.openapi.vcs.changes.ChangeListManagerImpl$$Lambda$1311/0x0000000800f8b040
14918:             2             32  com.intellij.openapi.vcs.changes.ChangeListManagerImpl$$Lambda$1312/0x0000000800f8b440
14919:             2             32  com.intellij.openapi.vcs.changes.ChangeListManagerImpl$$Lambda$2002/0x0000000801520440
14920:             2             32  com.intellij.openapi.vcs.changes.ChangeListManagerImpl$$Lambda$2003/0x0000000801521840
14921:             2             32  com.intellij.openapi.vcs.changes.ChangeListManagerImpl$1
14922:             2             32  com.intellij.openapi.vcs.changes.ChangesViewManager$$Lambda$1204/0x0000000800e6b440
14923:             2             32  com.intellij.openapi.vcs.changes.HierarchicalFilePathComparator
14924:             2             32  com.intellij.openapi.vcs.changes.SelectInChangesViewTarget
14925:             2             32  com.intellij.openapi.vcs.changes.VcsDirtyScopeManagerImpl$1
14926:             1             32  com.intellij.openapi.vcs.changes.actions.AddChangeListAction
14927:             1             32  com.intellij.openapi.vcs.changes.actions.CreatePatchAction
14928:             1             32  com.intellij.openapi.vcs.changes.actions.EditAction
14929:             1             32  com.intellij.openapi.vcs.changes.actions.MoveChangesToAnotherListAction
14930:             1             32  com.intellij.openapi.vcs.changes.actions.OpenRepositoryVersionAction
14931:             1             32  com.intellij.openapi.vcs.changes.actions.RefreshAction
14932:             1             32  com.intellij.openapi.vcs.changes.actions.RenameChangeListAction
14933:             1             32  com.intellij.openapi.vcs.changes.actions.RollbackAction
14934:             1             32  com.intellij.openapi.vcs.changes.actions.ScheduleForRemovalAction
14935:             1             32  com.intellij.openapi.vcs.changes.actions.SetDefaultChangeListAction
14936:             1             32  com.intellij.openapi.vcs.changes.actions.SetDirectoryChangesGroupingAction
14937:             1             32  com.intellij.openapi.vcs.changes.actions.SetModuleChangesGroupingAction
14938:             1             32  com.intellij.openapi.vcs.changes.actions.ShelveSilentlyAction
14939:             1             32  com.intellij.openapi.vcs.changes.actions.ShowEditorPreviewOnDoubleClickToggleAction
14940:             1             32  com.intellij.openapi.vcs.changes.actions.UnshelveSilentlyAction
14941:             1             32  com.intellij.openapi.vcs.changes.committed.BrowseCommittedChangesAction
14942:             1             32  com.intellij.openapi.vcs.changes.committed.ChangeListDetailsAction
14943:             1             32  com.intellij.openapi.vcs.changes.committed.ClearCommittedAction
14944:             2             32  com.intellij.openapi.vcs.changes.committed.CommittedChangesCache$1
14945:             2             32  com.intellij.openapi.vcs.changes.committed.CommittedChangesCache$2
14946:             1             32  com.intellij.openapi.vcs.changes.committed.FilterCommittedAction
14947:             2             32  com.intellij.openapi.vcs.changes.committed.IncomingChangesIndicator$getClickConsumer$1
14948:             2             32  com.intellij.openapi.vcs.changes.committed.IncomingChangesIndicator$install$$inlined$apply$lambda$1
14949:             2             32  com.intellij.openapi.vcs.changes.committed.IncomingChangesIndicator$install$$inlined$apply$lambda$2
14950:             2             32  com.intellij.openapi.vcs.changes.committed.IncomingChangesIndicator$install$$inlined$apply$lambda$3
14951:             2             32  com.intellij.openapi.vcs.changes.committed.OutdatedVersionNotifier
14952:             1             32  com.intellij.openapi.vcs.changes.committed.RefreshCommittedAction
14953:             1             32  com.intellij.openapi.vcs.changes.committed.RefreshIncomingChangesAction
14954:             2             32  com.intellij.openapi.vcs.changes.conflicts.ChangelistConflictAccessProvider
14955:             2             32  com.intellij.openapi.vcs.changes.conflicts.ChangelistConflictFileStatusProvider
14956:             2             32  com.intellij.openapi.vcs.changes.conflicts.ChangelistConflictNotificationProvider
14957:             2             32  com.intellij.openapi.vcs.changes.conflicts.ChangelistConflictTracker$2
14958:             2             32  com.intellij.openapi.vcs.changes.ignore.IgnoredFileGeneratorImpl$IgnoredFileRootStore
14959:             1             32  com.intellij.openapi.vcs.changes.patch.ApplyPatchAction
14960:             1             32  com.intellij.openapi.vcs.changes.patch.ApplyPatchFromClipboardAction
14961:             1             32  com.intellij.openapi.vcs.changes.shelf.CleanUnshelvedAction
14962:             1             32  com.intellij.openapi.vcs.changes.shelf.ImportIntoShelfAction
14963:             1             32  com.intellij.openapi.vcs.changes.shelf.RenameShelvedChangeListAction
14964:             1             32  com.intellij.openapi.vcs.changes.shelf.RestoreShelvedChange
14965:             2             32  com.intellij.openapi.vcs.changes.shelf.ShelfFileWritingAccessProvider
14966:             1             32  com.intellij.openapi.vcs.changes.shelf.ShelveChangesAction
14967:             2             32  com.intellij.openapi.vcs.changes.shelf.ShelveChangesManager$$Lambda$1943/0x0000000801493c40
14968:             2             32  com.intellij.openapi.vcs.changes.shelf.ShelveChangesManager$1
14969:             2             32  com.intellij.openapi.vcs.changes.shelf.ShelvedChangesViewManager$$Lambda$1955/0x00000008014b0440
14970:             1             32  com.intellij.openapi.vcs.changes.shelf.ShowHideRecycledAction
14971:             1             32  com.intellij.openapi.vcs.changes.shelf.ShowRecentlyDeletedShelvesAction
14972:             1             32  com.intellij.openapi.vcs.changes.shelf.UnshelveWithDialogAction
14973:             2             32  com.intellij.openapi.vcs.changes.ui.ChangesViewContentManager$1
14974:             2             32  com.intellij.openapi.vcs.configurable.VcsOptionsTopHitProviderBase$InitMappingsListenerActivity$$Lambda$1469/0x0000000801109040
14975:             2             32  com.intellij.openapi.vcs.contentAnnotation.VcsContentAnnotationSettings
14976:             1             32  com.intellij.openapi.vcs.ex.MoveChangesLineStatusAction
14977:             1             32  com.intellij.openapi.vcs.ex.RollbackLineStatusAction
14978:             1             32  com.intellij.openapi.vcs.history.actions.AnnotateRevisionAction
14979:             1             32  com.intellij.openapi.vcs.history.actions.CopyRevisionNumberAction
14980:             1             32  com.intellij.openapi.vcs.history.actions.GetVersionAction
14981:             1             32  com.intellij.openapi.vcs.history.actions.RefreshFileHistoryAction
14982:             2             32  com.intellij.openapi.vcs.impl.FileStatusManagerImpl$$Lambda$1212/0x0000000800eb8040
14983:             2             32  com.intellij.openapi.vcs.impl.FileStatusManagerImpl$$Lambda$1214/0x0000000800eb8840
14984:             2             32  com.intellij.openapi.vcs.impl.FileStatusManagerImpl$1
14985:             2             32  com.intellij.openapi.vcs.impl.FileStatusManagerImpl$FileStatusManagerDocumentListener
14986:             2             32  com.intellij.openapi.vcs.impl.LineStatusTrackerManager$MyApplicationListener
14987:             2             32  com.intellij.openapi.vcs.impl.LineStatusTrackerManager$MyChangeListListener
14988:             2             32  com.intellij.openapi.vcs.impl.LineStatusTrackerManager$MyCommandListener
14989:             2             32  com.intellij.openapi.vcs.impl.LineStatusTrackerManager$MyDocumentListener
14990:             2             32  com.intellij.openapi.vcs.impl.LineStatusTrackerManager$MyEditorFactoryListener
14991:             2             32  com.intellij.openapi.vcs.impl.LineStatusTrackerManager$MyFileStatusListener
14992:             2             32  com.intellij.openapi.vcs.impl.LineStatusTrackerManager$MyFreezeListener
14993:             2             32  com.intellij.openapi.vcs.impl.LineStatusTrackerManager$MyLineStatusTrackerSettingListener
14994:             2             32  com.intellij.openapi.vcs.impl.LineStatusTrackerManager$MyVirtualFileListener
14995:             2             32  com.intellij.openapi.vcs.impl.LineStatusTrackerManager$startListenForEditors$1
14996:             2             32  com.intellij.openapi.vcs.impl.VcsCacheManager$$Lambda$2247/0x00000008017df040
14997:             2             32  com.intellij.openapi.vcs.impl.VcsCacheManager$$Lambda$2248/0x00000008017df440
14998:             2             32  com.intellij.openapi.vcs.impl.VcsCacheManager$$Lambda$2249/0x00000008017de840
14999:             2             32  com.intellij.openapi.vcs.impl.VcsCacheManager$$Lambda$2250/0x00000008017dec40
15000:             2             32  com.intellij.openapi.vcs.impl.VcsDirectoryMappingStorage
15001:             2             32  com.intellij.openapi.vcs.impl.VcsFileStatusProvider
15002:             2             32  com.intellij.openapi.vcs.impl.VcsFileStatusProvider$$Lambda$1211/0x0000000800e69440
15003:             2             32  com.intellij.openapi.vcs.impl.VcsFileStatusProvider$1
15004:             2             32  com.intellij.openapi.vcs.impl.projectlevelman.AllVcses$MyExtensionPointListener
15005:             2             32  com.intellij.openapi.vcs.impl.projectlevelman.NewMappings$$Lambda$1286/0x0000000800f4c440
15006:             2             32  com.intellij.openapi.vcs.impl.projectlevelman.NewMappings$1
15007:             2             32  com.intellij.openapi.vcs.impl.projectlevelman.ProjectLevelVcsManagerSerialization
15008:             2             32  com.intellij.openapi.vcs.roots.VcsRootProblemNotifier$$Lambda$2055/0x000000080159d840
15009:             2             32  com.intellij.openapi.vcs.roots.VcsRootScanner$$Lambda$2056/0x000000080159dc40
15010:             2             32  com.intellij.openapi.vcs.roots.VcsRootScanner$$Lambda$2057/0x000000080159d040
15011:             2             32  com.intellij.openapi.vcs.roots.VcsRootScanner$$Lambda$2058/0x000000080159d440
15012:             2             32  com.intellij.openapi.vcs.update.RestoreUpdateTree
15013:             2             32  com.intellij.openapi.vfs.VirtualFileVisitor$Option
15014:             2             32  com.intellij.openapi.vfs.encoding.EncodingProjectManagerImpl$1
15015:             1             32  com.intellij.openapi.vfs.impl.ZipEntryMap
15016:             1             32  com.intellij.openapi.vfs.impl.ZipHandler$1
15017:             1             32  com.intellij.openapi.vfs.impl.local.SymbolicLinkRefresher
15018:             1             32  com.intellij.openapi.vfs.impl.wsl.WslFileWatcher
15019:             1             32  com.intellij.openapi.vfs.newvfs.events.VFileDeleteEvent
15020:             1             32  com.intellij.openapi.vfs.newvfs.impl.VfsData
15021:             1             32  com.intellij.openapi.vfs.newvfs.impl.VirtualFileSystemEntry$1
15022:             1             32  com.intellij.openapi.vfs.newvfs.persistent.CompactRecordsTable
15023:             2             32  com.intellij.openapi.wm.ToolWindowContentUiType
15024:             2             32  com.intellij.openapi.wm.impl.CloseProjectWindowHelper
15025:             2             32  com.intellij.openapi.wm.impl.ContentUiTypeConverter
15026:             2             32  com.intellij.openapi.wm.impl.FocusManagerImpl$EdtAlarm
15027:             2             32  com.intellij.openapi.wm.impl.IdeFocusManagerImpl
15028:             2             32  com.intellij.openapi.wm.impl.IdeRootPane$1
15029:             1             32  com.intellij.openapi.wm.impl.MaximizeToolWindowAction
15030:             1             32  com.intellij.openapi.wm.impl.NextProjectWindow
15031:             1             32  com.intellij.openapi.wm.impl.NextWindow
15032:             1             32  com.intellij.openapi.wm.impl.PreviousProjectWindow
15033:             1             32  com.intellij.openapi.wm.impl.PreviousWindow
15034:             2             32  com.intellij.openapi.wm.impl.ProjectFrameHelper$1
15035:             2             32  com.intellij.openapi.wm.impl.SideStack
15036:             2             32  com.intellij.openapi.wm.impl.ToolWindowAnchorConverter
15037:             2             32  com.intellij.openapi.wm.impl.ToolWindowManagerImpl$init$2
15038:             2             32  com.intellij.openapi.wm.impl.ToolWindowManagerImpl$init$3
15039:             2             32  com.intellij.openapi.wm.impl.ToolWindowManagerImpl$initToolWindows$$inlined$Iterable$1
15040:             2             32  com.intellij.openapi.wm.impl.ToolWindowManagerImpl$registerEPListeners$1
15041:             2             32  com.intellij.openapi.wm.impl.ToolWindowsPane$1
15042:             2             32  com.intellij.openapi.wm.impl.ToolWindowsPane$MyLayeredPane$$Lambda$1177/0x0000000800e24040
15043:             1             32  com.intellij.openapi.wm.impl.WindowWatcher
15044:             2             32  com.intellij.openapi.wm.impl.content.ContentComboLabel$2
15045:             1             32  com.intellij.openapi.wm.impl.simpleTitleParts.ProductTitleInfoProvider
15046:             1             32  com.intellij.openapi.wm.impl.simpleTitleParts.ProductVersionTitleInfoProvider
15047:             1             32  com.intellij.openapi.wm.impl.simpleTitleParts.SuperUserSuffixTitleInfoProvider
15048:             1             32  com.intellij.openapi.wm.impl.status.AutoShowProcessPopupAction
15049:             2             32  com.intellij.openapi.wm.impl.status.ColumnSelectionModePanel$$Lambda$1438/0x00000008010c4c40
15050:             2             32  com.intellij.openapi.wm.impl.status.EncodingPanel$1
15051:             2             32  com.intellij.openapi.wm.impl.status.EncodingPanel$2
15052:             2             32  com.intellij.openapi.wm.impl.status.InfoAndProgressPanel$$Lambda$1241/0x0000000800f0fc40
15053:             2             32  com.intellij.openapi.wm.impl.status.InfoAndProgressPanel$1$1
15054:             2             32  com.intellij.openapi.wm.impl.status.InfoAndProgressPanel$InlineLayout
15055:             2             32  com.intellij.openapi.wm.impl.status.InfoAndProgressPanel$InlineProgressPanel$$Lambda$1234/0x0000000800eb9040
15056:             2             32  com.intellij.openapi.wm.impl.status.InfoAndProgressPanel$MyInlineProgressIndicator$$Lambda$2692/0x0000000801aed040
15057:             2             32  com.intellij.openapi.wm.impl.status.InfoAndProgressPanel$MyInlineProgressIndicator$$Lambda$3063/0x0000000801cf6c40
15058:             2             32  com.intellij.openapi.wm.impl.status.PositionPanel$$Lambda$1431/0x00000008010c6040
15059:             2             32  com.intellij.openapi.wm.impl.status.PositionPanel$$Lambda$1432/0x00000008010c6440
15060:             1             32  com.intellij.openapi.wm.impl.status.ShowProcessWindowAction
15061:             2             32  com.intellij.openapi.wm.impl.status.StatusBarUI
15062:             2             32  com.intellij.openapi.wm.impl.status.StatusPanel$3
15063:             2             32  com.intellij.openapi.wm.impl.status.ToggleReadOnlyAttributePanel
15064:             2             32  com.intellij.openapi.wm.impl.status.ToggleReadOnlyAttributePanel$$Lambda$1444/0x00000008010f2040
15065:             2             32  com.intellij.openapi.wm.impl.status.ToggleReadOnlyAttributePanel$1
15066:             2             32  com.intellij.openapi.wm.impl.status.ToggleReadOnlyAttributePanel$2
15067:             2             32  com.intellij.openapi.wm.impl.status.ToolWindowsWidget$$Lambda$1254/0x0000000800f22840
15068:             1             32  com.intellij.openapi.wm.impl.status.widget.StatusBarState
15069:             2             32  com.intellij.openapi.wm.impl.status.widget.StatusBarWidgetsManager$1
15070:             2             32  com.intellij.openapi.wm.impl.status.widget.StatusBarWidgetsManager$2
15071:             1             32  com.intellij.openapi.wm.impl.welcomeScreen.ChangeProjectIconAction
15072:             1             32  com.intellij.openapi.wm.impl.welcomeScreen.CopyProjectPathAction
15073:             1             32  com.intellij.openapi.wm.impl.welcomeScreen.CreateNewProjectGroupAction
15074:             1             32  com.intellij.openapi.wm.impl.welcomeScreen.DevelopPluginsAction
15075:             1             32  com.intellij.openapi.wm.impl.welcomeScreen.EditProjectGroupAction
15076:             1             32  com.intellij.openapi.wm.impl.welcomeScreen.GetFromVersionControlAction
15077:             1             32  com.intellij.openapi.wm.impl.welcomeScreen.OpenSelectedProjectsAction
15078:             1             32  com.intellij.openapi.wm.impl.welcomeScreen.ProjectFromVersionControlAction
15079:             1             32  com.intellij.openapi.wm.impl.welcomeScreen.RemoveSelectedProjectsAction
15080:             1             32  com.intellij.openapi.wm.impl.welcomeScreen.RevealProjectDirAction
15081:             2             32  com.intellij.packageDependencies.DependencyValidationManagerImpl$ScopesStateSplitter
15082:             1             32  com.intellij.packageDependencies.actions.AnalyzeDependenciesOnSpecifiedTargetAction
15083:             2             32  com.intellij.packaging.impl.artifacts.ArtifactManagerStateSplitter
15084:             2             32  com.intellij.packaging.impl.artifacts.ArtifactPointerManagerImpl$1
15085:             2             32  com.intellij.packaging.impl.artifacts.DynamicArtifactExtensionsLoader
15086:             2             32  com.intellij.packaging.impl.artifacts.DynamicArtifactExtensionsLoader$installListeners$1
15087:             2             32  com.intellij.packaging.impl.artifacts.DynamicArtifactExtensionsLoader$installListeners$2
15088:             2             32  com.intellij.packaging.impl.artifacts.DynamicArtifactExtensionsLoader$installListeners$3
15089:             1             32  com.intellij.packaging.impl.ui.actions.PackageFileAction
15090:             2             32  com.intellij.patterns.PsiMemberPattern$Capture$1
15091:             1             32  com.intellij.patterns.TreeElementPattern$7
15092:             2             32  com.intellij.patterns.XmlElementPattern$XmlTextPattern$1
15093:             1             32  com.intellij.platform.AttachProjectAction
15094:             2             32  com.intellij.platform.ProjectConfigurationDirectoryConcealer
15095:             1             32  com.intellij.platform.templates.ManageProjectTemplatesAction
15096:             1             32  com.intellij.platform.templates.SaveProjectAsTemplateAction
15097:             2             32  com.intellij.pom.tree.TreeAspect
15098:             2             32  com.intellij.pom.wrappers.PsiEventWrapperAspect
15099:             1             32  com.intellij.profile.codeInspection.JavaAwareInspectionProfileManager
15100:             2             32  com.intellij.profile.codeInspection.ProjectInspectionProfileManager$initializeComponent$2
15101:             2             32  com.intellij.profile.codeInspection.ProjectInspectionProfileManager$initializeComponent$2$scopeListener$1
15102:             1             32  com.intellij.projectModel.ProjectModelBundle
15103:             1             32  com.intellij.psi.SyntaxTraverser$ASTApi
15104:             1             32  com.intellij.psi.SyntaxTraverser$PsiApi
15105:             1             32  com.intellij.psi.SyntaxTraverser$PsiApi$1
15106:             1             32  com.intellij.psi.codeStyle.AppCodeStyleSettingsManager
15107:             2             32  com.intellij.psi.codeStyle.LegacyCodeStyleSettingsManager
15108:             2             32  com.intellij.psi.codeStyle.ProjectCodeStyleSettingsManager$StateSplitter
15109:             2             32  com.intellij.psi.controlFlow.ControlFlowFactory
15110:             2             32  com.intellij.psi.controlFlow.ControlFlowFactory$1
15111:             2             32  com.intellij.psi.filters.OrFilter
15112:             2             32  com.intellij.psi.impl.JavaPsiFacadeImpl$$Lambda$2143/0x000000080167d040
15113:             2             32  com.intellij.psi.impl.JavaPsiFacadeImpl$$Lambda$2144/0x000000080167d440
15114:             2             32  com.intellij.psi.impl.JavaPsiImplementationHelperImpl
15115:             2             32  com.intellij.psi.impl.JvmPsiConversionHelperImpl
15116:             2             32  com.intellij.psi.impl.PackagePrefixIndex$1
15117:             2             32  com.intellij.psi.impl.PsiCachedValuesFactory
15118:             2             32  com.intellij.psi.impl.PsiElementFactoryImpl$1
15119:             2             32  com.intellij.psi.impl.PsiNameHelperImpl
15120:             2             32  com.intellij.psi.impl.PsiShortNamesCacheImpl
15121:             2             32  com.intellij.psi.impl.cache.impl.IndexTodoCacheManagerImpl
15122:             2             32  com.intellij.psi.impl.cache.impl.id.IdIndex$2
15123:             2             32  com.intellij.psi.impl.cache.impl.id.IdIndexEntriesExternalizer
15124:             2             32  com.intellij.psi.impl.cache.impl.id.PlainTextIdIndexer
15125:             2             32  com.intellij.psi.impl.cache.impl.idCache.XmlIdIndexer
15126:             2             32  com.intellij.psi.impl.file.PsiJavaDirectoryFactory
15127:             2             32  com.intellij.psi.impl.file.impl.JavaFileManagerImpl$1
15128:             2             32  com.intellij.psi.impl.file.impl.PsiVFSListener$MyStartUpActivity$$Lambda$1503/0x0000000801135840
15129:             2             32  com.intellij.psi.impl.file.impl.ResolveScopeManagerImpl$$Lambda$3304/0x0000000801fcd440
15130:             2             32  com.intellij.psi.impl.file.impl.ResolveScopeManagerImpl$$Lambda$3306/0x0000000801fccc40
15131:             2             32  com.intellij.psi.impl.file.impl.ResolveScopeManagerImpl$$Lambda$3307/0x0000000801fcc040
15132:             2             32  com.intellij.psi.impl.file.impl.ResolveScopeManagerImpl$1
15133:             2             32  com.intellij.psi.impl.java.JavaFunctionalExpressionIndex$$Lambda$699/0x0000000800836440
15134:             1             32  com.intellij.psi.impl.java.stubs.JavaAnnotationElementType
15135:             1             32  com.intellij.psi.impl.java.stubs.JavaAnnotationParameterListType
15136:             1             32  com.intellij.psi.impl.java.stubs.JavaClassInitializerElementType
15137:             1             32  com.intellij.psi.impl.java.stubs.JavaImportListElementType
15138:             1             32  com.intellij.psi.impl.java.stubs.JavaLiteralExpressionElementType
15139:             1             32  com.intellij.psi.impl.java.stubs.JavaModifierListElementType
15140:             1             32  com.intellij.psi.impl.java.stubs.JavaModuleElementType
15141:             1             32  com.intellij.psi.impl.java.stubs.JavaNameValuePairType
15142:             1             32  com.intellij.psi.impl.java.stubs.JavaParameterElementType
15143:             1             32  com.intellij.psi.impl.java.stubs.JavaParameterListElementType
15144:             1             32  com.intellij.psi.impl.java.stubs.JavaProvidesStatementElementType
15145:             1             32  com.intellij.psi.impl.java.stubs.JavaRecordComponentElementType
15146:             1             32  com.intellij.psi.impl.java.stubs.JavaRecordHeaderElementType
15147:             1             32  com.intellij.psi.impl.java.stubs.JavaRequiresStatementElementType
15148:             1             32  com.intellij.psi.impl.java.stubs.JavaStubElementTypes$1
15149:             1             32  com.intellij.psi.impl.java.stubs.JavaStubElementTypes$10
15150:             1             32  com.intellij.psi.impl.java.stubs.JavaStubElementTypes$11
15151:             1             32  com.intellij.psi.impl.java.stubs.JavaStubElementTypes$12
15152:             1             32  com.intellij.psi.impl.java.stubs.JavaStubElementTypes$13
15153:             1             32  com.intellij.psi.impl.java.stubs.JavaStubElementTypes$14
15154:             1             32  com.intellij.psi.impl.java.stubs.JavaStubElementTypes$15
15155:             1             32  com.intellij.psi.impl.java.stubs.JavaStubElementTypes$2
15156:             1             32  com.intellij.psi.impl.java.stubs.JavaStubElementTypes$3
15157:             1             32  com.intellij.psi.impl.java.stubs.JavaStubElementTypes$4
15158:             1             32  com.intellij.psi.impl.java.stubs.JavaStubElementTypes$5
15159:             1             32  com.intellij.psi.impl.java.stubs.JavaStubElementTypes$6
15160:             1             32  com.intellij.psi.impl.java.stubs.JavaStubElementTypes$7
15161:             1             32  com.intellij.psi.impl.java.stubs.JavaStubElementTypes$8
15162:             1             32  com.intellij.psi.impl.java.stubs.JavaStubElementTypes$9
15163:             1             32  com.intellij.psi.impl.java.stubs.JavaTypeParameterElementType
15164:             1             32  com.intellij.psi.impl.java.stubs.JavaTypeParameterListElementType
15165:             1             32  com.intellij.psi.impl.java.stubs.JavaUsesStatementElementType
15166:             1             32  com.intellij.psi.impl.java.stubs.LambdaExpressionElementType
15167:             1             32  com.intellij.psi.impl.java.stubs.MethodReferenceElementType
15168:             2             32  com.intellij.psi.impl.java.stubs.index.JavaAnnotationIndex
15169:             2             32  com.intellij.psi.impl.java.stubs.index.JavaAnonymousClassBaseRefOccurenceIndex
15170:             2             32  com.intellij.psi.impl.java.stubs.index.JavaFieldNameIndex
15171:             2             32  com.intellij.psi.impl.java.stubs.index.JavaFullClassNameIndex
15172:             2             32  com.intellij.psi.impl.java.stubs.index.JavaMethodNameIndex
15173:             2             32  com.intellij.psi.impl.java.stubs.index.JavaMethodParameterTypesIndex
15174:             2             32  com.intellij.psi.impl.java.stubs.index.JavaModuleNameIndex
15175:             2             32  com.intellij.psi.impl.java.stubs.index.JavaShortClassNameIndex
15176:             2             32  com.intellij.psi.impl.java.stubs.index.JavaStaticMemberNameIndex
15177:             2             32  com.intellij.psi.impl.java.stubs.index.JavaStaticMemberTypeIndex
15178:             2             32  com.intellij.psi.impl.java.stubs.index.JavaSuperClassNameOccurenceIndex
15179:             1             32  com.intellij.psi.impl.light.LightModifierList
15180:             2             32  com.intellij.psi.impl.migration.MigrationElementFinder
15181:             2             32  com.intellij.psi.impl.search.HighlightingCaches$1
15182:             2             32  com.intellij.psi.impl.search.JavaNullMethodArgumentIndex$$Lambda$698/0x0000000800836040
15183:             2             32  com.intellij.psi.impl.search.PsiSearchHelperImpl$4
15184:             2             32  com.intellij.psi.impl.search.PsiTodoSearchHelperImpl
15185:             2             32  com.intellij.psi.impl.source.PostprocessReformattingAspect$$Lambda$1196/0x0000000800e6d440
15186:             2             32  com.intellij.psi.impl.source.PostprocessReformattingAspect$1
15187:             2             32  com.intellij.psi.impl.source.codeStyle.JavaCodeStyleManagerImpl
15188:             2             32  com.intellij.psi.impl.source.html.HtmlConditionalCommentInjector
15189:             2             32  com.intellij.psi.impl.source.html.HtmlScriptLanguageInjector
15190:             1             32  com.intellij.psi.impl.source.javadoc.AuthorDocTagInfo
15191:             2             32  com.intellij.psi.impl.source.javadoc.ExceptionTagInfo
15192:             2             32  com.intellij.psi.impl.source.javadoc.ServiceReferenceTagInfo
15193:             2             32  com.intellij.psi.impl.source.resolve.JavaResolveCache$1
15194:             2             32  com.intellij.psi.impl.source.resolve.PsiResolveHelperImpl
15195:             2             32  com.intellij.psi.impl.source.resolve.ResolveCache$$Lambda$3420/0x000000080204d840
15196:             2             32  com.intellij.psi.impl.source.resolve.ResolveCache$1
15197:             1             32  com.intellij.psi.impl.source.resolve.reference.ArbitraryPlaceUrlReferenceProvider$1
15198:             2             32  com.intellij.psi.impl.source.resolve.reference.PsiReferenceRegistrarImpl$$Lambda$1978/0x00000008014f6c40
15199:             2             32  com.intellij.psi.impl.source.resolve.reference.UrlReferenceProvider
15200:             2             32  com.intellij.psi.impl.source.resolve.reference.impl.providers.DtdReferencesProvider
15201:             2             32  com.intellij.psi.impl.source.resolve.reference.impl.providers.DtdReferencesProvider$2
15202:             2             32  com.intellij.psi.impl.source.resolve.reference.impl.providers.IdReferenceProvider
15203:             2             32  com.intellij.psi.impl.source.resolve.reference.impl.providers.IdReferenceProvider$1
15204:             2             32  com.intellij.psi.impl.source.resolve.reference.impl.providers.JavaReferenceContributor$2
15205:             2             32  com.intellij.psi.impl.source.resolve.reference.impl.providers.SchemaReferencesProvider
15206:             2             32  com.intellij.psi.impl.source.resolve.reference.impl.providers.URIReferenceProvider
15207:             2             32  com.intellij.psi.impl.source.resolve.reference.impl.providers.XsdRegExpInjector
15208:             1             32  com.intellij.psi.impl.source.resolve.reference.impl.providers.XsdRegExpParserDefinition$1
15209:             1             32  com.intellij.psi.impl.source.tree.JShellElementType$1
15210:             1             32  com.intellij.psi.impl.source.tree.JShellElementType$2
15211:             1             32  com.intellij.psi.impl.source.tree.JavaDocElementType$1
15212:             1             32  com.intellij.psi.impl.source.tree.JavaDocElementType$2
15213:             1             32  com.intellij.psi.impl.source.tree.JavaDocElementType$3
15214:             1             32  com.intellij.psi.impl.source.tree.JavaElementType$1
15215:             1             32  com.intellij.psi.impl.source.tree.JavaElementType$2
15216:             1             32  com.intellij.psi.impl.source.tree.JavaElementType$3
15217:             1             32  com.intellij.psi.impl.source.tree.JavaElementType$4
15218:             2             32  com.intellij.psi.impl.source.tree.JavaElementType$TypeTextElementType$1
15219:             2             32  com.intellij.psi.impl.source.tree.injected.InjectedLanguageManagerImpl$$Lambda$1754/0x00000008012fc040
15220:             2             32  com.intellij.psi.impl.source.tree.injected.InjectedLanguageManagerImpl$$Lambda$1755/0x00000008012fc440
15221:             2             32  com.intellij.psi.impl.source.tree.injected.InjectedLanguageManagerImpl$1
15222:             2             32  com.intellij.psi.impl.source.tree.injected.JavaConcatenationToInjectorAdapter
15223:             1             32  com.intellij.psi.impl.source.xml.SchemaPrefix
15224:             2             32  com.intellij.psi.presentation.java.VariablePresentationProvider
15225:             2             32  com.intellij.psi.search.FileTypeKeyDescriptor
15226:             2             32  com.intellij.psi.search.ProjectScopeBuilderImpl
15227:             1             32  com.intellij.psi.search.scope.NonProjectFilesScope
15228:             1             32  com.intellij.psi.search.scope.ProjectFilesScope
15229:             1             32  com.intellij.psi.search.scope.ProjectProductionScope
15230:             1             32  com.intellij.psi.search.scope.TestsScope
15231:             1             32  com.intellij.psi.search.scope.packageSet.NamedScope
15232:             2             32  com.intellij.psi.search.scope.packageSet.UpdatingScopeOnProjectStructureChangeListener
15233:             1             32  com.intellij.psi.statistics.impl.StatisticsManagerImpl
15234:             1             32  com.intellij.psi.stubs.StubList$TempState
15235:             1             32  com.intellij.psi.templateLanguages.ChangeTemplateDataLanguageAction
15236:             2             32  com.intellij.psi.util.PsiEditorUtilBase
15237:             2             32  com.intellij.psi.util.proximity.ReferenceListWeigher
15238:             1             32  com.intellij.refactoring.RefactoringBundle
15239:             1             32  com.intellij.refactoring.actions.AnonymousToInnerAction
15240:             1             32  com.intellij.refactoring.actions.ConvertToInstanceMethodAction
15241:             1             32  com.intellij.refactoring.actions.EncapsulateFieldsAction
15242:             1             32  com.intellij.refactoring.actions.InheritanceToDelegationAction
15243:             1             32  com.intellij.refactoring.actions.IntroduceParameterObjectAction
15244:             1             32  com.intellij.refactoring.actions.InvertBooleanAction
15245:             1             32  com.intellij.refactoring.actions.MakeStaticAction
15246:             1             32  com.intellij.refactoring.actions.MethodDuplicatesAction
15247:             1             32  com.intellij.refactoring.actions.MigrateAction
15248:             1             32  com.intellij.refactoring.actions.MoveAction
15249:             1             32  com.intellij.refactoring.actions.RemoveMiddlemanAction
15250:             1             32  com.intellij.refactoring.actions.RenameElementAction
15251:             1             32  com.intellij.refactoring.actions.RenameFileAction
15252:             1             32  com.intellij.refactoring.actions.ReplaceConstructorWithBuilderAction
15253:             1             32  com.intellij.refactoring.actions.ReplaceConstructorWithFactoryAction
15254:             1             32  com.intellij.refactoring.actions.ReplaceMethodWithMethodObjectAction
15255:             1             32  com.intellij.refactoring.actions.SafeDeleteAction
15256:             1             32  com.intellij.refactoring.actions.TempWithQueryAction
15257:             1             32  com.intellij.refactoring.actions.TurnRefsToSuperAction
15258:             1             32  com.intellij.refactoring.actions.TypeCookAction
15259:             2             32  com.intellij.refactoring.rename.JavaVetoRenameCondition
15260:             2             32  com.intellij.refactoring.suggested.SuggestedRefactoringAvailabilityIndicator$1
15261:             2             32  com.intellij.refactoring.suggested.SuggestedRefactoringAvailabilityIndicator$caretListener$1
15262:             2             32  com.intellij.refactoring.suggested.SuggestedRefactoringChangeListener$1
15263:             2             32  com.intellij.refactoring.suggested.SuggestedRefactoringChangeListener$MyPsiTreeChangeListener
15264:             1             32  com.intellij.refactoring.typeMigration.TypeMigrationBundle
15265:             1             32  com.intellij.refactoring.typeMigration.actions.ChangeTypeSignatureAction
15266:             1             32  com.intellij.refactoring.ui.TypeSelector$MyComboBoxModel
15267:             2             32  com.intellij.refactoring.util.ClsElementWritingAccessProvider
15268:             1             32  com.intellij.refactoring.wrapreturnvalue.WrapReturnValueAction
15269:             1             32  com.intellij.remoteServer.impl.configuration.RemoteServersManagerImpl
15270:             2             32  com.intellij.remoteServer.impl.runtime.ui.RemoteServersDeploymentManager$$Lambda$1936/0x0000000801495040
15271:             2             32  com.intellij.remoteServer.impl.runtime.ui.RemoteServersDeploymentManager$2
15272:             2             32  com.intellij.remoteServer.impl.runtime.ui.RemoteServersDeploymentManager$ServersTreeNodeSelectorImpl
15273:             2             32  com.intellij.remoteServer.impl.runtime.ui.RemoteServersViewImpl
15274:             1             32  com.intellij.remoteServer.impl.runtime.ui.tree.actions.ChooseDeploymentAction
15275:             1             32  com.intellij.remoteServer.impl.runtime.ui.tree.actions.ChooseDeploymentWithDebugAction
15276:             1             32  com.intellij.remoteServer.impl.runtime.ui.tree.actions.DeployAction
15277:             1             32  com.intellij.remoteServer.impl.runtime.ui.tree.actions.DeployWithDebugAction
15278:             1             32  com.intellij.remoteServer.impl.runtime.ui.tree.actions.DeploymentConfigAction
15279:             1             32  com.intellij.remoteServer.impl.runtime.ui.tree.actions.RemoteServerConfigAction
15280:             1             32  com.intellij.remoteServer.impl.runtime.ui.tree.actions.RemoteServerConnectAction
15281:             1             32  com.intellij.remoteServer.impl.runtime.ui.tree.actions.RemoteServerDisconnectAction
15282:             1             32  com.intellij.remoteServer.impl.runtime.ui.tree.actions.UndeployAction
15283:             1             32  com.intellij.serialization.PropertyCollector$PropertyCollectorListClassValue
15284:             1             32  com.intellij.sh.ShBundle
15285:             2             32  com.intellij.sh.ShErrorFilter
15286:             1             32  com.intellij.sh.ShLanguage
15287:             1             32  com.intellij.sh.actions.ShGenerateForLoop
15288:             1             32  com.intellij.sh.actions.ShGenerateUntilLoop
15289:             1             32  com.intellij.sh.actions.ShGenerateWhileLoop
15290:             2             32  com.intellij.sh.fileType.ShShebangFileTypeDetector
15291:             1             32  com.intellij.sh.run.ShRunFileAction
15292:             2             32  com.intellij.sh.shellcheck.ShellcheckSetupNotificationProvider
15293:             1             32  com.intellij.slicer.SliceBackwardAction
15294:             1             32  com.intellij.slicer.SliceForwardAction
15295:             2             32  com.intellij.spellchecker.DictionaryFileType
15296:             2             32  com.intellij.spellchecker.PsiIdentifierTokenizer
15297:             2             32  com.intellij.spellchecker.SpellCheckerManager$$Lambda$4014/0x00000008026d5c40
15298:             2             32  com.intellij.spellchecker.SpellCheckerManager$$Lambda$4015/0x00000008026d5040
15299:             2             32  com.intellij.spellchecker.SpellCheckerManager$$Lambda$4016/0x00000008026d5440
15300:             1             32  com.intellij.spellchecker.SpellCheckerSeveritiesProvider$1T
15301:             2             32  com.intellij.spellchecker.grazie.GrazieSuggestionProvider
15302:             1             32  com.intellij.spellchecker.quickfixes.ChangeTo
15303:             2             32  com.intellij.spellchecker.state.ProjectDictionarySplitter
15304:             2             32  com.intellij.spellchecker.tokenizer.TokenizerBase
15305:             1             32  com.intellij.spellchecker.util.SpellCheckerBundle
15306:             1             32  com.intellij.structuralsearch.plugin.StructuralReplaceAction
15307:             1             32  com.intellij.structuralsearch.plugin.StructuralSearchAction
15308:             2             32  com.intellij.task.impl.ExecutionEnvironmentProviderImpl
15309:             2             32  com.intellij.task.impl.ProjectTaskManagerImpl$DummyTaskRunner
15310:             1             32  com.intellij.tasks.TaskBundle
15311:             1             32  com.intellij.tasks.actions.AnalyzeTaskStacktraceAction
15312:             1             32  com.intellij.tasks.actions.CloseTaskAction
15313:             1             32  com.intellij.tasks.actions.ConfigureServersAction
15314:             1             32  com.intellij.tasks.actions.CreateChangelistAction
15315:             1             32  com.intellij.tasks.actions.EditTaskAction
15316:             1             32  com.intellij.tasks.actions.OpenTaskInBrowserAction
15317:             1             32  com.intellij.tasks.actions.ShowTaskDescription
15318:             1             32  com.intellij.tasks.actions.context.ClearContextAction
15319:             1             32  com.intellij.tasks.actions.context.LoadContextAction
15320:             1             32  com.intellij.tasks.actions.context.SaveContextAction
15321:             2             32  com.intellij.tasks.impl.TaskManagerImpl$$Lambda$2338/0x0000000801877040
15322:             2             32  com.intellij.tasks.impl.TaskManagerImpl$2
15323:             2             32  com.intellij.tasks.impl.TaskManagerImpl$3
15324:             2             32  com.intellij.tasks.impl.TaskManagerImpl$6
15325:             1             32  com.intellij.tasks.jira.jql.JqlLanguage
15326:             1             32  com.intellij.tasks.youtrack.lang.YouTrackLanguage
15327:             1             32  com.intellij.testIntegration.ShowRecentTests
15328:             2             32  com.intellij.tools.ToolBeforeRunTaskProvider
15329:             1             32  com.intellij.tools.ToolsBundle
15330:             2             32  com.intellij.ui.AutoScrollFromSourceHandler$1
15331:             2             32  com.intellij.ui.BalloonLayoutImpl$$Lambda$675/0x00000008007c2840
15332:             2             32  com.intellij.ui.BalloonLayoutImpl$$Lambda$676/0x00000008007c2c40
15333:             2             32  com.intellij.ui.BalloonLayoutImpl$$Lambda$677/0x00000008007c2040
15334:             2             32  com.intellij.ui.BalloonLayoutImpl$1
15335:             1             32  com.intellij.ui.ClearTextAction
15336:             1             32  com.intellij.ui.CloseAllNotificationsAction
15337:             1             32  com.intellij.ui.CloseFirstNotificationAction
15338:             2             32  com.intellij.ui.ColorLineMarkerProvider
15339:             2             32  com.intellij.ui.ColorUtil$$Lambda$511/0x0000000800589840
15340:             1             32  com.intellij.ui.CommonActionsPanel$Buttons$1
15341:             1             32  com.intellij.ui.CommonActionsPanel$Buttons$2
15342:             1             32  com.intellij.ui.CommonActionsPanel$Buttons$3
15343:             1             32  com.intellij.ui.CommonActionsPanel$Buttons$4
15344:             1             32  com.intellij.ui.CommonActionsPanel$Buttons$5
15345:             1             32  com.intellij.ui.DottedBorder
15346:             1             32  com.intellij.ui.DumpFocusableComponentHierarchyAction
15347:             2             32  com.intellij.ui.EditorNotificationsImpl$1
15348:             2             32  com.intellij.ui.EditorNotificationsImpl$2
15349:             2             32  com.intellij.ui.EditorNotificationsImpl$3
15350:             2             32  com.intellij.ui.EditorNotificationsImpl$4
15351:             2             32  com.intellij.ui.IconDescriptionBundleEP
15352:             2             32  com.intellij.ui.SeparatorOrientation
15353:             1             32  com.intellij.ui.ShowColorPickerAction
15354:             1             32  com.intellij.ui.UIBundle
15355:             2             32  com.intellij.ui.components.labels.LinkLabel$1
15356:             2             32  com.intellij.ui.components.labels.LinkLabel$2
15357:             2             32  com.intellij.ui.components.labels.LinkLabel$MyMouseHandler
15358:             1             32  com.intellij.ui.content.tabs.PinToolwindowTabAction
15359:             2             32  com.intellij.ui.mac.$Proxy59
15360:             2             32  com.intellij.ui.mac.MacMainFrameDecorator$1
15361:             2             32  com.intellij.ui.mac.MacWinTabsHandler$1
15362:             1             32  com.intellij.ui.mac.touchbar.StackTouchBars
15363:             2             32  com.intellij.ui.mac.touchbar.TouchBarsManager$3
15364:             1             32  com.intellij.ui.mouse.MouseWheelSmoothScrollOptionsAction
15365:             1             32  com.intellij.ui.paint.EffectPainter2D$Cached$1
15366:             1             32  com.intellij.ui.paint.EffectPainter2D$Cached$2
15367:             2             32  com.intellij.ui.popup.AbstractPopup$5
15368:             2             32  com.intellij.ui.popup.HintUpdateSupply$$Lambda$2381/0x000000080193f840
15369:             2             32  com.intellij.ui.popup.HintUpdateSupply$4
15370:             2             32  com.intellij.ui.popup.list.ListPopupImpl$MyMouseListener
15371:             2             32  com.intellij.ui.popup.list.PopupListElementRenderer$1
15372:             2             32  com.intellij.ui.stripe.TreeUpdater$$Lambda$2384/0x000000080193e840
15373:             2             32  com.intellij.ui.stripe.TreeUpdater$$Lambda$2385/0x000000080193ec40
15374:             2             32  com.intellij.ui.stripe.TreeUpdater$1
15375:             2             32  com.intellij.ui.stripe.Updater$$Lambda$2383/0x000000080193f440
15376:             2             32  com.intellij.ui.stripe.Updater$1
15377:             2             32  com.intellij.ui.svg.ImageValue$ImageValueSerializer
15378:             1             32  com.intellij.ui.switcher.ShowQuickActionPopupAction
15379:             2             32  com.intellij.ui.tabs.PerTeamFileColorModelStorageManager
15380:             2             32  com.intellij.ui.tabs.PerUserFileColorModelStorageManager
15381:             2             32  com.intellij.ui.tabs.impl.JBDefaultTabPainter
15382:             2             32  com.intellij.ui.tree.RestoreSelectionListener
15383:             2             32  com.intellij.ui.tree.StructureTreeModel$$Lambda$2386/0x0000000801970c40
15384:             2             32  com.intellij.ui.tree.project.ProjectFileNodeUpdater$$Lambda$2389/0x0000000801977840
15385:             2             32  com.intellij.ui.tree.project.ProjectFileNodeUpdater$1
15386:             2             32  com.intellij.ui.tree.project.ProjectFileNodeUpdater$2
15387:             2             32  com.intellij.ui.tree.project.ProjectFileNodeUpdater$3
15388:             2             32  com.intellij.ui.tree.project.ProjectFileNodeUpdater$4
15389:             2             32  com.intellij.ui.treeStructure.SimpleTree$1
15390:             2             32  com.intellij.ui.treeStructure.SimpleTree$2
15391:             2             32  com.intellij.ui.treeStructure.SimpleTree$MyMouseListener
15392:             1             32  com.intellij.uiDesigner.UIDesignerBundle
15393:             1             32  com.intellij.uiDesigner.actions.DataBindingWizardAction
15394:             1             32  com.intellij.uiDesigner.actions.ExpandSelectionAction
15395:             1             32  com.intellij.uiDesigner.actions.GenerateMainAction
15396:             1             32  com.intellij.uiDesigner.actions.PreviewFormAction
15397:             1             32  com.intellij.uiDesigner.actions.ReloadCustomComponentsAction
15398:             1             32  com.intellij.uiDesigner.actions.ShowComponentTagsAction
15399:             1             32  com.intellij.uiDesigner.actions.ShowGridAction
15400:             1             32  com.intellij.uiDesigner.actions.ShowJavadocAction
15401:             1             32  com.intellij.uiDesigner.actions.ShrinkSelectionAction
15402:             2             32  com.intellij.uiDesigner.binding.FormClassAnnotator
15403:             2             32  com.intellij.uiDesigner.make.Form2SourceCompiler
15404:             2             32  com.intellij.uiDesigner.make.FormTypeRegistrar
15405:             1             32  com.intellij.uiDesigner.palette.AddComponentAction
15406:             1             32  com.intellij.uiDesigner.palette.AddGroupAction
15407:             1             32  com.intellij.uiDesigner.palette.DeleteComponentAction
15408:             1             32  com.intellij.uiDesigner.palette.DeleteGroupAction
15409:             1             32  com.intellij.uiDesigner.palette.EditComponentAction
15410:             1             32  com.intellij.uiDesigner.palette.EditGroupAction
15411:             2             32  com.intellij.uiDesigner.projectView.FormMergerTreeStructureProvider
15412:             1             32  com.intellij.unscramble.UnscrambleAction
15413:             1             32  com.intellij.usageView.UsageViewBundle
15414:             1             32  com.intellij.usages.actions.RemoveUsageAction
15415:             1             32  com.intellij.usages.actions.RerunSearchAction
15416:             1             32  com.intellij.usages.impl.UsageGroupingRuleProviderImpl$GroupByFileStructureAction
15417:             1             32  com.intellij.usages.impl.actions.FlattenModulesAction
15418:             1             32  com.intellij.usages.impl.actions.GroupByDirectoryAction
15419:             1             32  com.intellij.usages.impl.actions.GroupByDirectoryStructureAction
15420:             1             32  com.intellij.usages.impl.actions.GroupByModuleTypeAction
15421:             1             32  com.intellij.usages.impl.actions.GroupByScopeAction
15422:             1             32  com.intellij.usages.impl.actions.GroupByUsageTypeAction
15423:             2             32  com.intellij.usages.impl.actions.RuleAction$$Lambda$1030/0x0000000800ca8440
15424:             1             32  com.intellij.util.FieldAccessor
15425:             1             32  com.intellij.util.ImageLoader$Dimension2DDouble
15426:             2             32  com.intellij.util.NotNullizer
15427:             2             32  com.intellij.util.ObjectUtils$$Lambda$1206/0x0000000800e6a040
15428:             2             32  com.intellij.util.containers.ConcurrentIntObjectHashMap$EntrySetView
15429:             2             32  com.intellij.util.containers.ConcurrentIntObjectHashMap$ValuesView
15430:             2             32  com.intellij.util.containers.ConcurrentMostlySingularMultiMap
15431:             1             32  com.intellij.util.containers.ConcurrentPackedBitsArray
15432:             1             32  com.intellij.util.containers.FList
15433:             2             32  com.intellij.util.containers.FastUtilHashingStrategies
15434:             2             32  com.intellij.util.containers.JBTreeTraverser
15435:             1             32  com.intellij.util.containers.LimitedPool$Sync
15436:             1             32  com.intellij.util.containers.LinkedListWithSum
15437:             1             32  com.intellij.util.containers.SortedList
15438:             1             32  com.intellij.util.containers.UnsafeWeakList
15439:             1             32  com.intellij.util.diff.Diff$Change
15440:             2             32  com.intellij.util.gist.PsiFileGistImpl$$Lambda$3677/0x00000008021cb840
15441:             2             32  com.intellij.util.graph.DFSTBuilder$$Lambda$273/0x000000080031f040
15442:             2             32  com.intellij.util.hash.ContentHashEnumerator$ContentHashesDescriptor
15443:             2             32  com.intellij.util.indexing.FileBasedIndexEx$$Lambda$3101/0x0000000801d3c440
15444:             1             32  com.intellij.util.indexing.FileBasedIndexImpl$6
15445:             2             32  com.intellij.util.indexing.FileBasedIndexTreeChangePreprocessor
15446:             2             32  com.intellij.util.indexing.IndexAccessValidator
15447:             1             32  com.intellij.util.indexing.IndexConfiguration
15448:             1             32  com.intellij.util.indexing.IndexingBundle
15449:             1             32  com.intellij.util.indexing.LightDirectoryIndex
15450:             2             32  com.intellij.util.indexing.ProjectFileBasedIndexStartupActivity$$Lambda$1874/0x000000080141a440
15451:             1             32  com.intellij.util.indexing.StorageGuard
15452:             2             32  com.intellij.util.indexing.diagnostic.dto.JsonDateTime$Companion
15453:             2             32  com.intellij.util.indexing.diagnostic.dto.JsonDuration$Companion
15454:             2             32  com.intellij.util.indexing.impl.forward.KeyCollectionForwardIndexAccessor
15455:             2             32  com.intellij.util.indexing.roots.AdditionalFilesContributor$sam$java_util_function_Predicate$0
15456:             2             32  com.intellij.util.indexing.snapshot.CompositeHashIdDescriptor
15457:             1             32  com.intellij.util.indexing.snapshot.SnapshotHashEnumeratorService
15458:             2             32  com.intellij.util.io.BaseOutputReader$Options$1
15459:             2             32  com.intellij.util.io.EnumeratorStringDescriptor
15460:             2             32  com.intellij.util.io.IntCollectionDataExternalizer
15461:             1             32  com.intellij.util.io.OpenChannelsCache
15462:             2             32  com.intellij.util.io.PersistentEnumeratorDelegate
15463:             1             32  com.intellij.util.io.PersistentHashMapValueStorage$1
15464:             1             32  com.intellij.util.io.PersistentHashMapValueStorage$2
15465:             1             32  com.intellij.util.io.PersistentHashMapValueStorage$3
15466:             2             32  com.intellij.util.io.PersistentStringEnumerator$1
15467:             2             32  com.intellij.util.io.externalizer.StringCollectionExternalizer
15468:             2             32  com.intellij.util.lang.JarMemoryLoader
15469:             2             32  com.intellij.util.net.HttpConfigurable$$Lambda$383/0x0000000800483c40
15470:             2             32  com.intellij.util.net.ssl.CertificateManager$Config
15471:             1             32  com.intellij.util.proxy.CommonProxy
15472:             1             32  com.intellij.util.text.CharArrayCharSequence
15473:             2             32  com.intellij.util.text.CharSequenceHashingStrategy
15474:             1             32  com.intellij.util.ui.JBEmptyBorder$JBEmptyBorderUIResource
15475:             1             32  com.intellij.util.ui.JBHtmlEditorKit$MouseExitSupportLinkController
15476:             2             32  com.intellij.util.ui.TimedDeadzone$Length
15477:             2             32  com.intellij.util.xml.DomFileIndex$DomIndexKeyDescriptor
15478:             1             32  com.intellij.util.xml.XmlDomBundle
15479:             2             32  com.intellij.util.xml.converters.values.BooleanValueConverter
15480:             2             32  com.intellij.util.xml.converters.values.CharacterValueConverter
15481:             2             32  com.intellij.util.xml.highlighting.DomElementAnnotationsManagerImpl$$Lambda$5313/0x0000000802d05c40
15482:             2             32  com.intellij.util.xml.highlighting.DomElementAnnotationsManagerImpl$2
15483:             2             32  com.intellij.util.xml.impl.DomManagerImpl$2
15484:             2             32  com.intellij.util.xml.impl.ImplementationClassCache$$Lambda$610/0x0000000800769040
15485:             2             32  com.intellij.util.xml.impl.ImplementationClassCache$1
15486:             2             32  com.intellij.util.xml.impl.InvocationCache$$Lambda$5328/0x0000000802d02440
15487:             2             32  com.intellij.util.xml.stubs.index.DomElementClassIndex
15488:             2             32  com.intellij.util.xml.stubs.index.DomNamespaceKeyIndex
15489:             1             32  com.intellij.util.xml.ui.DomCollectionControl$AddAction
15490:             1             32  com.intellij.util.xml.ui.DomCollectionControl$EditAction
15491:             1             32  com.intellij.util.xml.ui.DomCollectionControl$RemoveAction
15492:             1             32  com.intellij.util.xmlb.BeanBinding$XmlSerializerPropertyCollectorListClassValue
15493:             1             32  com.intellij.vcs.VcsShowLocalChangesAction
15494:             1             32  com.intellij.vcs.VcsShowShelfAction
15495:             2             32  com.intellij.vcs.changes.ChangeListScope$$Lambda$2264/0x00000008017db440
15496:             2             32  com.intellij.vcs.changes.ChangeListScope$$Lambda$2265/0x00000008017da840
15497:             2             32  com.intellij.vcs.changes.ChangeListScopeViewUpdater
15498:             2             32  com.intellij.vcs.changes.ChangeListsScopesProvider
15499:             2             32  com.intellij.vcs.commit.CommitWorkflowManager
15500:             2             32  com.intellij.vcs.commit.CommitWorkflowManager$subscribeToChanges$1
15501:             2             32  com.intellij.vcs.commit.CommitWorkflowManager$subscribeToChanges$2
15502:             2             32  com.intellij.vcs.commit.CommitWorkflowManager$subscribeToChanges$3
15503:             2             32  com.intellij.vcs.commit.CommitWorkflowManager$subscribeToChanges$4
15504:             2             32  com.intellij.vcs.commit.SaveCommittingDocumentsVetoer
15505:             1             32  com.intellij.vcs.commit.SwitchToCommitDialogAction
15506:             1             32  com.intellij.vcs.commit.ToggleAmendCommitModeAction
15507:             1             32  com.intellij.vcs.commit.ToggleChangesViewCommitUiAction$commitProjectAction$1
15508:             1             32  com.intellij.vcs.commit.message.ReformatCommitMessageAction
15509:             1             32  com.intellij.vcs.log.VcsLogBundle
15510:             2             32  com.intellij.vcs.log.data.CommitDetailsGetter$$Lambda$3154/0x0000000801db5840
15511:             2             32  com.intellij.vcs.log.data.ContainingBranchesGetter$$Lambda$3159/0x0000000801db4040
15512:             2             32  com.intellij.vcs.log.data.VcsLogData$$Lambda$3156/0x0000000801db5040
15513:             2             32  com.intellij.vcs.log.data.VcsLogData$$Lambda$3160/0x0000000801db4440
15514:             2             32  com.intellij.vcs.log.data.VcsLogProgress$ProgressKey
15515:             2             32  com.intellij.vcs.log.data.VcsLogStatusBarProgress$MyProgressListener
15516:             2             32  com.intellij.vcs.log.data.VcsLogStorageImpl$$Lambda$4111/0x0000000802783440
15517:             2             32  com.intellij.vcs.log.data.index.IntListDataExternalizer
15518:             2             32  com.intellij.vcs.log.data.index.LongPairDataExternalizer
15519:             2             32  com.intellij.vcs.log.data.index.VcsLogMessagesTrigramIndex$TrigramMessageIndexer
15520:             2             32  com.intellij.vcs.log.data.index.VcsLogPathsIndex$ChangeKindListKeyDescriptor
15521:             2             32  com.intellij.vcs.log.data.index.VcsLogPathsIndex$CollectionDataExternalizer
15522:             2             32  com.intellij.vcs.log.data.index.VcsLogPathsIndex$CoupleKeyDescriptor
15523:             2             32  com.intellij.vcs.log.data.index.VcsLogPersistentIndex$IndexStorage$$Lambda$3128/0x0000000801d74c40
15524:             2             32  com.intellij.vcs.log.data.index.VcsLogPersistentIndex$IndexStorage$$Lambda$3129/0x0000000801d74040
15525:             2             32  com.intellij.vcs.log.data.index.VcsLogPersistentIndex$IndexStorage$$Lambda$3137/0x0000000801d71840
15526:             2             32  com.intellij.vcs.log.data.index.VcsLogPersistentIndex$IndexStorage$$Lambda$3139/0x0000000801d71040
15527:             2             32  com.intellij.vcs.log.data.index.VcsLogPersistentIndex$IndexStorage$$Lambda$3140/0x0000000801d71440
15528:             2             32  com.intellij.vcs.log.graph.impl.facade.PermanentGraphImpl$$Lambda$4134/0x0000000802784040
15529:             2             32  com.intellij.vcs.log.graph.utils.LinearGraphUtils$1
15530:             2             32  com.intellij.vcs.log.graph.utils.impl.FullIntList
15531:             2             32  com.intellij.vcs.log.history.VcsDirectoryRenamesProvider
15532:             2             32  com.intellij.vcs.log.impl.PostponableLogRefresher$$Lambda$3161/0x0000000801db3840
15533:             2             32  com.intellij.vcs.log.impl.VcsLogObjectsFactoryImpl
15534:             2             32  com.intellij.vcs.log.impl.VcsLogSharedSettings
15535:             2             32  com.intellij.vcs.log.impl.VcsProjectLog$$Lambda$3107/0x0000000801d3a040
15536:             2             32  com.intellij.vcs.log.impl.VcsProjectLog$1
15537:             2             32  com.intellij.vcs.log.impl.VcsProjectLog$LazyVcsLogManager$$Lambda$3116/0x0000000801d77c40
15538:             1             32  com.intellij.vcs.log.ui.actions.AlignLabelsAction
15539:             1             32  com.intellij.vcs.log.ui.actions.CompactReferencesViewAction
15540:             1             32  com.intellij.vcs.log.ui.actions.CompareRevisionsFromLogAction
15541:             1             32  com.intellij.vcs.log.ui.actions.EnableFilterByRegexAction
15542:             1             32  com.intellij.vcs.log.ui.actions.EnableMatchCaseAction
15543:             1             32  com.intellij.vcs.log.ui.actions.FocusTextFilterAction
15544:             1             32  com.intellij.vcs.log.ui.actions.GoToHashOrRefAction
15545:             1             32  com.intellij.vcs.log.ui.actions.IntelliSortChooserToggleAction
15546:             1             32  com.intellij.vcs.log.ui.actions.MoveDiffPreviewToBottomAction
15547:             1             32  com.intellij.vcs.log.ui.actions.MoveDiffPreviewToRightAction
15548:             1             32  com.intellij.vcs.log.ui.actions.OpenAnotherLogTabAction
15549:             1             32  com.intellij.vcs.log.ui.actions.PreferCommitDateAction
15550:             1             32  com.intellij.vcs.log.ui.actions.RefreshLogAction
15551:             1             32  com.intellij.vcs.log.ui.actions.ResumeIndexingAction
15552:             1             32  com.intellij.vcs.log.ui.actions.ShowChangesFromParentsAction
15553:             1             32  com.intellij.vcs.log.ui.actions.ShowCommitTooltipAction
15554:             1             32  com.intellij.vcs.log.ui.actions.ShowDetailsAction
15555:             1             32  com.intellij.vcs.log.ui.actions.ShowDiffPreviewAction
15556:             1             32  com.intellij.vcs.log.ui.actions.ShowLongEdgesAction
15557:             1             32  com.intellij.vcs.log.ui.actions.ShowOnlyAffectedChangesAction
15558:             1             32  com.intellij.vcs.log.ui.actions.ShowOtherBranchesAction
15559:             1             32  com.intellij.vcs.log.ui.actions.ShowRootsColumnAction
15560:             1             32  com.intellij.vcs.log.ui.actions.ShowTagNamesAction
15561:             1             32  com.intellij.vcs.log.ui.actions.VcsShowLogAction
15562:             1             32  com.intellij.vcs.log.ui.actions.history.AnnotateRevisionFromHistoryAction
15563:             1             32  com.intellij.vcs.log.ui.actions.history.GetVersionFromHistoryAction
15564:             1             32  com.intellij.vcs.log.ui.actions.history.OpenRepositoryVersionFromHistoryAction
15565:             1             32  com.intellij.vcs.log.ui.actions.history.ShowAllAffectedFromHistoryAction
15566:             1             32  com.intellij.vfs.AsyncVfsEventsPostProcessorImpl
15567:             2             32  com.intellij.workspaceModel.ide.JpsProjectConfigLocation$DirectoryBased
15568:             2             32  com.intellij.workspaceModel.ide.impl.IdeVirtualFileUrlManagerImpl$virtualFilePointerListener$1
15569:             2             32  com.intellij.workspaceModel.ide.impl.jps.serialization.JpsLibrariesDirectorySerializerFactory
15570:             2             32  com.intellij.workspaceModel.ide.impl.jps.serialization.JpsProjectModelSynchronizer$1
15571:             2             32  com.intellij.workspaceModel.ide.impl.jps.serialization.JpsProjectModelSynchronizer$registerListener$1
15572:             2             32  com.intellij.workspaceModel.ide.impl.jps.serialization.JpsProjectModelSynchronizer$registerListener$2
15573:             2             32  com.intellij.workspaceModel.ide.impl.jps.serialization.JpsProjectModelSynchronizer$registerListener$3
15574:             2             32  com.intellij.workspaceModel.ide.impl.legacyBridge.filePointer.RootsChangeWatcher$1
15575:             2             32  com.intellij.workspaceModel.ide.impl.legacyBridge.library.ProjectLibraryTableBridgeImpl$1
15576:             2             32  com.intellij.workspaceModel.ide.impl.legacyBridge.module.ModuleBridgeImpl$1
15577:             2             32  com.intellij.workspaceModel.ide.impl.legacyBridge.module.ModuleManagerComponentBridge$1
15578:             2             32  com.intellij.workspaceModel.ide.impl.legacyBridge.module.roots.ModuleLibraryTableBridgeImpl
15579:             2             32  com.intellij.workspaceModel.ide.impl.legacyBridge.module.roots.ModuleRootComponentBridge$1
15580:             2             32  com.intellij.workspaceModel.ide.impl.legacyBridge.project.ProjectRootManagerBridge$1
15581:             2             32  com.intellij.workspaceModel.ide.impl.legacyBridge.project.ProjectRootsChangeListener
15582:             1             32  com.intellij.xdebugger.XDebuggerBundle
15583:             2             32  com.intellij.xdebugger.attach.XDefaultLocalAttachGroup
15584:             1             32  com.intellij.xdebugger.frame.XValueChildrenList
15585:             2             32  com.intellij.xdebugger.impl.XDebuggerManagerImpl$1
15586:             2             32  com.intellij.xdebugger.impl.XDebuggerManagerImpl$2
15587:             2             32  com.intellij.xdebugger.impl.XDebuggerManagerImpl$3
15588:             2             32  com.intellij.xdebugger.impl.XDebuggerManagerImpl$4
15589:             2             32  com.intellij.xdebugger.impl.XDebuggerManagerImpl$5
15590:             2             32  com.intellij.xdebugger.impl.XDebuggerWatchesManager$MyDocumentListener
15591:             1             32  com.intellij.xdebugger.impl.actions.MuteBreakpointAction
15592:             1             32  com.intellij.xdebugger.impl.actions.RemoveAllBreakpointsAction
15593:             1             32  com.intellij.xdebugger.impl.actions.RemoveAllBreakpointsInFileAction
15594:             1             32  com.intellij.xdebugger.impl.actions.RestoreBreakpointAction
15595:             1             32  com.intellij.xdebugger.impl.actions.ToggleBreakpointEnabledAction
15596:             1             32  com.intellij.xdebugger.impl.actions.UnmuteOnStopAction
15597:             1             32  com.intellij.xdebugger.impl.actions.UseInlineDebuggerAction
15598:             2             32  com.intellij.xdebugger.impl.actions.handlers.XDebuggerRunToCursorActionHandler
15599:             2             32  com.intellij.xdebugger.impl.actions.handlers.XToggleLineBreakpointActionHandler
15600:             2             32  com.intellij.xdebugger.impl.breakpoints.XBreakpointManagerImpl$$Lambda$1278/0x0000000800f4e840
15601:             2             32  com.intellij.xdebugger.impl.breakpoints.XBreakpointManagerImpl$1
15602:             2             32  com.intellij.xdebugger.impl.breakpoints.XBreakpointManagerImpl$2
15603:             2             32  com.intellij.xdebugger.impl.breakpoints.XDependentBreakpointManager$1
15604:             2             32  com.intellij.xdebugger.impl.breakpoints.XLineBreakpointManager$1
15605:             2             32  com.intellij.xdebugger.impl.breakpoints.XLineBreakpointManager$2
15606:             2             32  com.intellij.xdebugger.impl.breakpoints.XLineBreakpointManager$MyDependentBreakpointListener
15607:             2             32  com.intellij.xdebugger.impl.breakpoints.XLineBreakpointManager$MyDocumentListener
15608:             2             32  com.intellij.xdebugger.impl.breakpoints.XLineBreakpointManager$MyEditorColorsListener
15609:             2             32  com.intellij.xdebugger.impl.breakpoints.XLineBreakpointManager$MyEditorMouseListener
15610:             2             32  com.intellij.xdebugger.impl.breakpoints.XLineBreakpointManager$MyEditorMouseMotionListener
15611:             1             32  com.intellij.xdebugger.impl.frame.XDebuggerFramesList$CopyStackAction
15612:             1             32  com.intellij.xdebugger.impl.frame.actions.XCopyWatchAction
15613:             1             32  com.intellij.xdebugger.impl.frame.actions.XEditWatchAction
15614:             1             32  com.intellij.xdebugger.impl.frame.actions.XMoveWatchDown
15615:             1             32  com.intellij.xdebugger.impl.frame.actions.XMoveWatchUp
15616:             1             32  com.intellij.xdebugger.impl.frame.actions.XNewWatchAction
15617:             1             32  com.intellij.xdebugger.impl.frame.actions.XRemoveAllWatchesAction
15618:             1             32  com.intellij.xdebugger.impl.frame.actions.XRemoveWatchAction
15619:             1             32  com.intellij.xdebugger.impl.frame.actions.XSwitchWatchesInVariables
15620:             2             32  com.intellij.xdebugger.impl.pinned.items.XDebuggerPinToTopManager$pinToTopComparator$1
15621:             1             32  com.intellij.xdebugger.impl.pinned.items.actions.XDebuggerPinToTopAction
15622:             1             32  com.intellij.xdebugger.impl.ui.DebuggerTitleInfoProvider
15623:             2             32  com.intellij.xdebugger.impl.ui.ExecutionPointHighlighter$$Lambda$1224/0x0000000800ebd840
15624:             1             32  com.intellij.xdebugger.impl.ui.tree.actions.EvaluateInConsoleFromTreeAction
15625:             1             32  com.intellij.xdebugger.impl.ui.tree.actions.ShowReferringObjectsAction
15626:             1             32  com.intellij.xdebugger.impl.ui.tree.actions.SortValuesToggleAction
15627:             1             32  com.intellij.xdebugger.impl.ui.tree.actions.XCompareWithClipboardAction
15628:             1             32  com.intellij.xdebugger.impl.ui.tree.actions.XCopyNameAction
15629:             1             32  com.intellij.xdebugger.impl.ui.tree.actions.XCopyValueAction
15630:             1             32  com.intellij.xdebugger.impl.ui.tree.actions.XInspectAction
15631:             1             32  com.intellij.xdebugger.impl.ui.tree.actions.XJumpToSourceAction
15632:             1             32  com.intellij.xdebugger.impl.ui.tree.actions.XJumpToTypeSourceAction
15633:             1             32  com.intellij.xdebugger.impl.ui.tree.actions.XSetValueAction
15634:             1             32  com.intellij.xdebugger.memory.action.ShowClassesWithDiffAction
15635:             1             32  com.intellij.xdebugger.memory.action.SwitchUpdateModeAction
15636:             2             32  com.intellij.xdebugger.memory.component.MemoryViewManagerState
15637:             1             32  com.intellij.xdebugger.memory.ui.ClassesTable$UnknownDiffValue
15638:             1             32  com.intellij.xml.XmlBundle
15639:             1             32  com.intellij.xml.actions.GenerateXmlTagAction
15640:             1             32  com.intellij.xml.actions.validate.ValidateXmlAction
15641:             1             32  com.intellij.xml.actions.xmlbeans.GenerateInstanceDocumentFromSchemaAction
15642:             1             32  com.intellij.xml.actions.xmlbeans.GenerateSchemaFromInstanceDocumentAction
15643:             1             32  com.intellij.xml.analysis.XmlAnalysisBundle
15644:             2             32  com.intellij.xml.breadcrumbs.BreadcrumbsInitializingActivity$$Lambda$1890/0x000000080141b840
15645:             2             32  com.intellij.xml.breadcrumbs.BreadcrumbsInitializingActivity$$Lambda$1891/0x000000080141bc40
15646:             2             32  com.intellij.xml.breadcrumbs.BreadcrumbsInitializingActivity$MyFileEditorManagerListener
15647:             2             32  com.intellij.xml.breadcrumbs.BreadcrumbsInitializingActivity$MyVirtualFileListener
15648:             2             32  com.intellij.xml.breadcrumbs.PsiFileBreadcrumbsCollector
15649:             1             32  com.intellij.xml.breadcrumbs.ToggleBreadcrumbsAction$ShowHide
15650:             1             32  com.intellij.xml.psi.XmlPsiBundle
15651:             2             32  com.intellij.xml.util.XmlEnumeratedValueReferenceProvider
15652:             2             32  com.intellij.xml.util.XmlEnumeratedValueReferenceProvider$1
15653:             2             32  com.intellij.xml.util.XmlPrefixReferenceProvider
15654:             2             32  com.intellij.xml.util.XmlReferenceContributor$1
15655:             1             32  com.jetbrains.changeReminder.plugin.UserSettingsState
15656:             1             32  com.jetbrains.jdi.EventSetImpl$ExtendedState$1
15657:             2             32  com.jetbrains.jdi.ObjectReferenceImpl$Cache
15658:             1             32  com.jetbrains.jdi.ProcessAttachingConnector
15659:             1             32  com.jetbrains.jdi.RawCommandLineLauncher
15660:             1             32  com.jetbrains.jdi.SocketAttachingConnector
15661:             1             32  com.jetbrains.jdi.SocketListeningConnector
15662:             2             32  com.jetbrains.jdi.SocketTransportService$SocketListenKey
15663:             2             32  com.jetbrains.jsonSchema.JsonSchemaVfsListener$1
15664:             2             32  com.jetbrains.jsonSchema.impl.JsonSchemaBasedLanguageInjector
15665:             2             32  com.jetbrains.jsonSchema.impl.JsonSchemaRegexInjector
15666:             2             32  com.jetbrains.jsonSchema.impl.JsonSchemaServiceImpl$$Lambda$2474/0x00000008019d6840
15667:             2             32  com.jetbrains.jsonSchema.impl.JsonSchemaServiceImpl$$Lambda$2475/0x00000008019d6c40
15668:             2             32  com.jetbrains.jsonSchema.impl.JsonSchemaServiceImpl$$Lambda$2476/0x00000008019d6040
15669:             2             32  com.jetbrains.jsonSchema.impl.JsonSchemaServiceImpl$$Lambda$2477/0x00000008019d6440
15670:             2             32  com.jetbrains.jsonSchema.impl.JsonSchemaServiceImpl$$Lambda$2478/0x00000008019d5c40
15671:             2             32  com.jetbrains.jsonSchema.impl.JsonSchemaServiceImpl$$Lambda$2479/0x00000008019d5040
15672:             2             32  com.jetbrains.jsonSchema.remote.JsonSchemaCatalogManager$$Lambda$2481/0x00000008019d4840
15673:             2             32  com.jetbrains.jsonSchema.widget.JsonSchemaStatusWidget$$Lambda$1446/0x00000008010f2840
15674:             2             32  com.jetbrains.jsonSchema.widget.JsonSchemaStatusWidget$$Lambda$1448/0x00000008010f3040
15675:             1             32  com.maddyhome.idea.copyright.actions.GenerateCopyrightAction
15676:             1             32  com.siyeh.InspectionGadgetsBundle
15677:             1             32  com.siyeh.IntentionPowerPackBundle
15678:             1             32  com.siyeh.ig.bitwise.PointlessBitwiseExpressionInspection$PointlessBitwiseVisitor
15679:             1             32  com.siyeh.ig.bugs.EmptyStatementBodyInspection$EmptyStatementVisitor
15680:             1             32  com.siyeh.ig.bugs.EqualsBetweenInconvertibleTypesInspection$EqualsBetweenInconvertibleTypesVisitor
15681:             1             32  com.siyeh.ig.bugs.EqualsOnSuspiciousObjectInspection$1
15682:             1             32  com.siyeh.ig.bugs.IgnoreResultOfCallInspection$IgnoreResultOfCallVisitor
15683:             1             32  com.siyeh.ig.bugs.MalformedFormatStringInspection$MalformedFormatStringVisitor
15684:             1             32  com.siyeh.ig.bugs.MismatchedCollectionQueryUpdateInspection$MismatchedCollectionQueryUpdateVisitor
15685:             1             32  com.siyeh.ig.bugs.SuspiciousIntegerDivAssignmentInspection$SuspiciousIntegerDivAssignmentVisitor
15686:             2             32  com.siyeh.ig.callMatcher.CallMatcher$$Lambda$3772/0x0000000802280840
15687:             1             32  com.siyeh.ig.cloneable.CloneDeclaresCloneNotSupportedInspection$CloneDeclaresCloneNotSupportedExceptionVisitor
15688:             1             32  com.siyeh.ig.controlflow.DuplicateConditionInspection$DuplicateConditionVisitor
15689:             1             32  com.siyeh.ig.controlflow.ForLoopReplaceableByWhileInspection$ForLoopReplaceableByWhileVisitor
15690:             1             32  com.siyeh.ig.controlflow.InfiniteLoopStatementInspection$InfiniteLoopStatementsVisitor
15691:             1             32  com.siyeh.ig.controlflow.LoopConditionNotUpdatedInsideLoopInspection$LoopConditionNotUpdatedInsideLoopVisitor
15692:             1             32  com.siyeh.ig.controlflow.LoopStatementsThatDontLoopInspection$LoopStatementsThatDontLoopVisitor
15693:             1             32  com.siyeh.ig.controlflow.PointlessBooleanExpressionInspection$PointlessBooleanExpressionVisitor
15694:             1             32  com.siyeh.ig.controlflow.SwitchStatementWithTooFewBranchesInspection$SwitchStatementWithTooFewBranchesVisitor
15695:             1             32  com.siyeh.ig.controlflow.TrivialIfInspection$1
15696:             1             32  com.siyeh.ig.controlflow.UnnecessaryContinueInspection$UnnecessaryContinueVisitor
15697:             1             32  com.siyeh.ig.controlflow.UnnecessaryReturnInspection$UnnecessaryReturnVisitor
15698:             1             32  com.siyeh.ig.dataflow.UnnecessaryLocalVariableInspection$UnnecessaryLocalVariableVisitor
15699:             1             32  com.siyeh.ig.errorhandling.ThrowFromFinallyBlockInspection$ThrowFromFinallyBlockVisitor
15700:             1             32  com.siyeh.ig.inheritance.RefusedBequestInspection$RefusedBequestVisitor
15701:             1             32  com.siyeh.ig.junit.JUnit5AssertionsConverterInspection$UseOfObsoleteAssertVisitor
15702:             1             32  com.siyeh.ig.junit.JUnit5PlatformInspection$1
15703:             1             32  com.siyeh.ig.junit.TestMethodIsPublicVoidNoArgInspection$TestMethodIsPublicVoidNoArgVisitor
15704:             1             32  com.siyeh.ig.maturity.CommentedOutCodeInspection$CommentedOutCodeVisitor
15705:             1             32  com.siyeh.ig.memory.InnerClassMayBeStaticInspection$InnerClassMayBeStaticVisitor
15706:             1             32  com.siyeh.ig.memory.UnnecessaryEmptyArrayUsageInspection$1
15707:             1             32  com.siyeh.ig.migration.EqualsReplaceableByObjectsCallInspection$EqualsReplaceableByObjectsCallVisitor
15708:             1             32  com.siyeh.ig.migration.ForCanBeForeachInspection$ForCanBeForeachVisitor
15709:             1             32  com.siyeh.ig.migration.IfCanBeSwitchInspection$IfCanBeSwitchVisitor
15710:             1             32  com.siyeh.ig.migration.RawUseOfParameterizedTypeInspection$RawUseOfParameterizedTypeVisitor
15711:             1             32  com.siyeh.ig.migration.UnnecessaryBoxingInspection$UnnecessaryBoxingVisitor
15712:             1             32  com.siyeh.ig.migration.UnnecessaryUnboxingInspection$UnnecessaryUnboxingVisitor
15713:             1             32  com.siyeh.ig.numeric.CachedNumberConstructorCallInspection$LongConstructorVisitor
15714:             1             32  com.siyeh.ig.numeric.IntegerMultiplicationImplicitCastToLongInspection$IntegerMultiplicationImplicitlyCastToLongVisitor
15715:             1             32  com.siyeh.ig.numeric.PointlessArithmeticExpressionInspection$PointlessArithmeticVisitor
15716:             1             32  com.siyeh.ig.numeric.UnpredictableBigDecimalConstructorCallInspection$UnpredictableBigDecimalConstructorCallVisitor
15717:             1             32  com.siyeh.ig.performance.RedundantStringFormatCallInspection$RemoveRedundantStringFormatVisitor
15718:             1             32  com.siyeh.ig.performance.ToArrayCallWithZeroLengthArrayArgumentInspection$1
15719:             1             32  com.siyeh.ig.redundancy.RedundantStringOperationInspection$RedundantStringOperationVisitor
15720:             1             32  com.siyeh.ig.redundancy.UnnecessaryStringEscapeInspection$RedundantStringEscapeVisitor
15721:             1             32  com.siyeh.ig.style.CStyleArrayDeclarationInspection$CStyleArrayDeclarationVisitor
15722:             1             32  com.siyeh.ig.style.TypeParameterExtendsObjectInspection$ExtendsObjectVisitor
15723:             1             32  com.siyeh.ig.style.UnnecessarySemicolonInspection$UnnecessarySemicolonVisitor
15724:             1             32  com.siyeh.ig.testFrameworks.SimplifiableAssertionInspection$SimplifiableJUnitAssertionVisitor
15725:             1             32  com.siyeh.ig.threading.SynchronizationOnLocalVariableOrMethodParameterInspection$SynchronizationOnLocalVariableVisitor
15726:             1             32  com.siyeh.ig.threading.WhileLoopSpinsOnFieldInspection$WhileLoopSpinsOnFieldVisitor
15727:             1             32  com.siyeh.ipp.adapter.AdapterToListenerIntention
15728:             1             32  com.siyeh.ipp.annotation.AnnotateOverriddenMethodsIntention
15729:             1             32  com.siyeh.ipp.bool.DemorgansIntention
15730:             1             32  com.siyeh.ipp.bool.FlipComparisonIntention
15731:             1             32  com.siyeh.ipp.bool.NegateComparisonIntention
15732:             1             32  com.siyeh.ipp.collections.ReplaceWithArraysAsListIntention
15733:             1             32  com.siyeh.ipp.commutative.FlipCommutativeMethodCallIntention
15734:             1             32  com.siyeh.ipp.concatenation.CopyConcatenatedStringToClipboardIntention
15735:             1             32  com.siyeh.ipp.concatenation.ReplaceConcatenationWithFormatStringIntention
15736:             1             32  com.siyeh.ipp.concatenation.ReplaceConcatenationWithStringBufferIntention
15737:             1             32  com.siyeh.ipp.constant.ConstantSubexpressionIntention
15738:             1             32  com.siyeh.ipp.decls.ChangeVariableTypeToRhsTypeIntention
15739:             1             32  com.siyeh.ipp.exceptions.ObscureThrownExceptionsIntention
15740:             1             32  com.siyeh.ipp.expression.FlipExpressionIntention
15741:             2             32  com.siyeh.ipp.forloop.IndexedForEachLoopPredicate
15742:             1             32  com.siyeh.ipp.increment.ExtractIncrementIntention
15743:             1             32  com.siyeh.ipp.increment.InlineIncrementIntention
15744:             1             32  com.siyeh.ipp.junit.FlipAssertLiteralIntention
15745:             1             32  com.siyeh.ipp.junit.ReplaceAssertLiteralWithAssertEqualsIntention
15746:             1             32  com.siyeh.ipp.modifiers.ChangeModifierIntention
15747:             1             32  com.siyeh.ipp.opassign.PostfixPrefixIntention
15748:             1             32  com.siyeh.ipp.opassign.ReplaceAssignmentWithPostfixExpressionIntention
15749:             1             32  com.siyeh.ipp.opassign.ReplaceOperatorAssignmentWithAssignmentIntention
15750:             1             32  com.siyeh.ipp.opassign.ReplaceOperatorAssignmentWithPostfixExpressionIntention
15751:             1             32  com.siyeh.ipp.opassign.ReplacePostfixExpressionWithAssignmentIntention
15752:             1             32  com.siyeh.ipp.opassign.ReplacePostfixExpressionWithOperatorAssignmentIntention
15753:             2             32  com.siyeh.ipp.opassign.ReplacePostfixExpressionWithOperatorAssignmentPredicate
15754:             1             32  com.siyeh.ipp.opassign.ReplaceWithOperatorAssignmentIntention
15755:             1             32  com.siyeh.ipp.shift.ReplaceMultiplyWithShiftIntention
15756:             1             32  com.siyeh.ipp.shift.ReplaceShiftWithMultiplyIntention
15757:             1             32  com.siyeh.ipp.trivialif.ExpandBooleanIntention
15758:             2             32  com.siyeh.ipp.whileloop.WhileLoopPredicate
15759:             2             32  com.sun.beans.WeakCache (java.desktop@11.0.9.1)
15760:             1             32  com.sun.beans.finder.Signature (java.desktop@11.0.9.1)
15761:             1             32  com.sun.beans.introspect.ClassInfo (java.desktop@11.0.9.1)
15762:             1             32  com.sun.jna.Structure$AutoAllocated
15763:             1             32  com.sun.jna.platform.unix.LibCAPI$size_t
15764:             1             32  com.sun.org.apache.xerces.internal.jaxp.SAXParserFactoryImpl (java.xml@11.0.9.1)
15765:             2             32  com.sun.proxy.$Proxy100
15766:             2             32  com.sun.proxy.$Proxy101
15767:             2             32  com.sun.proxy.$Proxy102
15768:             2             32  com.sun.proxy.$Proxy103
15769:             2             32  com.sun.proxy.$Proxy109
15770:             2             32  com.sun.proxy.$Proxy110
15771:             2             32  com.sun.proxy.$Proxy111
15772:             2             32  com.sun.proxy.$Proxy113
15773:             2             32  com.sun.proxy.$Proxy120
15774:             2             32  com.sun.proxy.$Proxy122
15775:             2             32  com.sun.proxy.$Proxy123
15776:             2             32  com.sun.proxy.$Proxy124
15777:             2             32  com.sun.proxy.$Proxy126
15778:             2             32  com.sun.proxy.$Proxy128
15779:             2             32  com.sun.proxy.$Proxy130
15780:             2             32  com.sun.proxy.$Proxy135
15781:             2             32  com.sun.proxy.$Proxy138
15782:             2             32  com.sun.proxy.$Proxy139
15783:             2             32  com.sun.proxy.$Proxy140
15784:             2             32  com.sun.proxy.$Proxy142
15785:             2             32  com.sun.proxy.$Proxy144
15786:             2             32  com.sun.proxy.$Proxy145
15787:             2             32  com.sun.proxy.$Proxy147
15788:             2             32  com.sun.proxy.$Proxy150
15789:             2             32  com.sun.proxy.$Proxy16
15790:             2             32  com.sun.proxy.$Proxy166
15791:             2             32  com.sun.proxy.$Proxy167
15792:             2             32  com.sun.proxy.$Proxy168
15793:             2             32  com.sun.proxy.$Proxy172
15794:             2             32  com.sun.proxy.$Proxy174
15795:             2             32  com.sun.proxy.$Proxy176
15796:             2             32  com.sun.proxy.$Proxy18
15797:             2             32  com.sun.proxy.$Proxy181
15798:             2             32  com.sun.proxy.$Proxy184
15799:             2             32  com.sun.proxy.$Proxy19
15800:             2             32  com.sun.proxy.$Proxy203
15801:             2             32  com.sun.proxy.$Proxy204
15802:             2             32  com.sun.proxy.$Proxy206
15803:             2             32  com.sun.proxy.$Proxy212
15804:             2             32  com.sun.proxy.$Proxy214
15805:             2             32  com.sun.proxy.$Proxy24
15806:             2             32  com.sun.proxy.$Proxy33
15807:             2             32  com.sun.proxy.$Proxy37
15808:             2             32  com.sun.proxy.$Proxy50
15809:             2             32  com.sun.proxy.$Proxy53
15810:             2             32  com.sun.proxy.$Proxy57
15811:             2             32  com.sun.proxy.$Proxy58
15812:             2             32  com.sun.proxy.$Proxy64
15813:             2             32  com.sun.proxy.$Proxy69
15814:             2             32  com.sun.proxy.$Proxy70
15815:             2             32  com.sun.proxy.$Proxy71
15816:             2             32  com.sun.proxy.$Proxy72
15817:             2             32  com.sun.proxy.$Proxy73
15818:             2             32  com.sun.proxy.$Proxy76
15819:             2             32  com.sun.proxy.$Proxy77
15820:             2             32  com.sun.proxy.$Proxy82
15821:             2             32  com.sun.proxy.$Proxy94
15822:             2             32  com.sun.proxy.$Proxy96
15823:             2             32  com.sun.proxy.$Proxy97
15824:             2             32  com.sun.proxy.jdk.proxy1.$Proxy21 (jdk.proxy1@)
15825:             1             32  com.theoryinpractice.testng.TestngBundle
15826:             2             32  com.theoryinpractice.testng.configuration.TestNGConfiguration$1
15827:             2             32  com.theoryinpractice.testng.configuration.TestNGConfiguration$2
15828:             1             32  com.theoryinpractice.testng.ui.actions.TestNGAddToTestsPatternAction
15829:             1             32  com.theoryinpractice.testng.ui.actions.TestNGExcludeFromRunAction
15830:             2             32  de.plushnikov.intellij.plugin.action.lombok.LombokEqualsAndHashcodeHandler
15831:             2             32  de.plushnikov.intellij.plugin.action.lombok.LombokGetterHandler
15832:             2             32  de.plushnikov.intellij.plugin.action.lombok.LombokSetterHandler
15833:             2             32  de.plushnikov.intellij.plugin.action.lombok.LombokToStringHandler
15834:             2             32  de.plushnikov.intellij.plugin.activity.LombokProjectValidatorActivity$$Lambda$2136/0x000000080167f440
15835:             2             32  de.plushnikov.intellij.plugin.extension.LombokElementFinder
15836:             2             32  de.plushnikov.intellij.plugin.extension.LombokFieldFindUsagesHandlerFactory
15837:             1             32  de.plushnikov.intellij.plugin.extension.LombokHighlightErrorFilter$LombokHighlightFilter$1
15838:             1             32  de.plushnikov.intellij.plugin.extension.LombokHighlightErrorFilter$LombokHighlightFilter$2
15839:             1             32  de.plushnikov.intellij.plugin.extension.LombokHighlightErrorFilter$LombokHighlightFilter$3
15840:             1             32  de.plushnikov.intellij.plugin.extension.LombokHighlightErrorFilter$LombokHighlightFilter$4
15841:             1             32  de.plushnikov.intellij.plugin.extension.LombokHighlightErrorFilter$LombokHighlightFilter$5
15842:             1             32  de.plushnikov.intellij.plugin.extension.LombokHighlightErrorFilter$LombokHighlightFixHook$1
15843:             2             32  de.plushnikov.intellij.plugin.jps.LombokBuildProcessParametersProvider
15844:             1             32  de.plushnikov.intellij.plugin.language.LombokConfigLanguage
15845:             2             32  de.plushnikov.intellij.plugin.lombokconfig.LombokConfigIndex$2
15846:             1             32  de.plushnikov.intellij.plugin.processor.clazz.log.FloggerProcessor
15847:             1             32  git4idea.GitBinaryContentRevision
15848:             1             32  git4idea.actions.CopyPathFromRepositoryRootProvider
15849:             1             32  git4idea.actions.GitCheckoutRevisionAction
15850:             1             32  git4idea.actions.GitCloneAction
15851:             1             32  git4idea.actions.GitCompareWithBranchAction
15852:             1             32  git4idea.actions.GitCreateNewBranchAction
15853:             1             32  git4idea.actions.GitCreateTagAction
15854:             1             32  git4idea.actions.GitFetch
15855:             1             32  git4idea.actions.GitInit
15856:             1             32  git4idea.actions.GitMerge
15857:             1             32  git4idea.actions.GitPull
15858:             1             32  git4idea.actions.GitQuickActionsToolbarPopup
15859:             1             32  git4idea.actions.GitRebase
15860:             1             32  git4idea.actions.GitResetHead
15861:             1             32  git4idea.actions.GitResolveConflictsAction
15862:             1             32  git4idea.actions.GitStash
15863:             1             32  git4idea.actions.GitTag
15864:             1             32  git4idea.actions.GitUnstash
15865:             2             32  git4idea.annotate.GitRepositoryForAnnotationsListener$1
15866:             1             32  git4idea.branch.DeepCompareAction
15867:             2             32  git4idea.branch.GitBranchIncomingOutgoingManager$$Lambda$2515/0x00000008019fdc40
15868:             2             32  git4idea.changes.GitCommittedChangeListProvider
15869:             1             32  git4idea.checkin.GitCheckinEnvironment
15870:             1             32  git4idea.config.CachingFileTester$TestResult
15871:             1             32  git4idea.config.GitExecutableDetector
15872:             2             32  git4idea.config.GitExecutableProblemsNotifier
15873:             2             32  git4idea.config.GitVcsSettings
15874:             2             32  git4idea.conflicts.GitConflictsToolWindowManager$MyRepositoryListener
15875:             2             32  git4idea.conflicts.GitConflictsToolWindowManager$MyStagingAreaListener
15876:             2             32  git4idea.conflicts.MergeConflictResolveUtil$NotificationProvider
15877:             2             32  git4idea.diff.GitDiffProvider
15878:             2             32  git4idea.history.GitHistoryProvider
15879:             1             32  git4idea.i18n.GitBundle
15880:             2             32  git4idea.ignore.GitIgnoreChecker
15881:             1             32  git4idea.ignore.actions.OpenGitExcludeAction
15882:             1             32  git4idea.index.actions.GitMergeConflictAction
15883:             1             32  git4idea.index.actions.GitRefreshStageAction
15884:             1             32  git4idea.index.actions.GitShowStagingAreaAction
15885:             1             32  git4idea.index.actions.GitStageThreeSideDiffAction
15886:             1             32  git4idea.index.actions.GitStashSilentlyAction
15887:             1             32  git4idea.index.actions.GitToggleIgnoredFilesAction
15888:             2             32  git4idea.index.vfs.GitIndexVirtualFileBaseContentProvider
15889:             2             32  git4idea.index.vfs.GitIndexVirtualFileEditorNotificationProvider
15890:             1             32  git4idea.log.GitBrowseRepoAtRevisionAction
15891:             2             32  git4idea.log.GitRefManager$GitBranchLayoutComparator
15892:             2             32  git4idea.log.GitRefManager$GitLabelComparator
15893:             1             32  git4idea.log.GitShowCommitInLogAction
15894:             1             32  git4idea.log.GitShowExternalLogAction
15895:             2             32  git4idea.rebase.log.GitCommitEditingActionBase$ProhibitRebaseDuringRebasePolicy$Prohibit
15896:             1             32  git4idea.remote.GitConfigureRemotesAction
15897:             1             32  git4idea.reset.GitResetAction
15898:             1             32  git4idea.revert.GitRevertAction
15899:             2             32  git4idea.rollback.GitRollbackEnvironment
15900:             2             32  git4idea.stash.GitStashTracker$1
15901:             2             32  git4idea.stash.GitStashTracker$2
15902:             1             32  git4idea.stash.ui.GitApplyStashAction
15903:             1             32  git4idea.stash.ui.GitDropStashAction
15904:             1             32  git4idea.stash.ui.GitPopStashAction
15905:             1             32  git4idea.stash.ui.GitShowStashToolWindowTabAction
15906:             1             32  git4idea.stash.ui.GitUnstashAsAction
15907:             2             32  git4idea.ui.GitEditorPromo
15908:             2             32  git4idea.ui.branch.GitBranchWidget$$Lambda$2050/0x000000080159f440
15909:             2             32  git4idea.ui.branch.GitBranchWidget$$Lambda$2051/0x000000080159e840
15910:             2             32  git4idea.ui.branch.GitBranchWidget$Listener
15911:             1             32  git4idea.ui.branch.GitBranchesAction
15912:             1             32  git4idea.ui.branch.dashboard.BranchesDashboardActions$ChangeBranchFilterAction
15913:             1             32  git4idea.ui.branch.dashboard.BranchesDashboardActions$HideBranchesAction
15914:             1             32  git4idea.ui.branch.dashboard.BranchesDashboardActions$UpdateBranchFilterInLogAction
15915:             2             32  git4idea.ui.branch.dashboard.BranchesDashboardActions$sam$java_util_function_Supplier$0
15916:             2             32  git4idea.update.GitUpdateEnvironment
15917:             2             32  git4idea.util.GitVcsConsoleWriter
15918:             1             32  io.netty.buffer.UnpooledByteBufAllocator
15919:             2             32  io.netty.channel.nio.NioEventLoop$1
15920:             1             32  io.netty.channel.nio.NioEventLoopGroup
15921:             1             32  io.netty.util.AttributeKey
15922:             1             32  io.netty.util.ResourceLeakDetector
15923:             2             32  io.netty.util.collection.IntObjectHashMap$1
15924:             2             32  io.netty.util.collection.IntObjectHashMap$EntrySet
15925:             2             32  io.netty.util.collection.IntObjectHashMap$KeySet
15926:             1             32  io.netty.util.concurrent.DefaultThreadFactory
15927:             2             32  io.netty.util.concurrent.FastThreadLocalRunnable
15928:             2             32  io.netty.util.concurrent.SingleThreadEventExecutor$4
15929:             2             32  it.unimi.dsi.fastutil.objects.Object2ObjectLinkedOpenHashMap$MapEntrySet
15930:             2             32  java.awt.Component$AccessibleAWTComponent$AccessibleAWTComponentHandler (java.desktop@11.0.9.1)
15931:             2             32  java.awt.Component$AccessibleAWTComponent$AccessibleAWTFocusHandler (java.desktop@11.0.9.1)
15932:             2             32  java.awt.Container$AccessibleAWTContainer$AccessibleContainerHandler (java.desktop@11.0.9.1)
15933:             1             32  java.awt.GradientPaint (java.desktop@11.0.9.1)
15934:             1             32  java.awt.color.ICC_ProfileGray (java.desktop@11.0.9.1)
15935:             2             32  java.awt.datatransfer.SystemFlavorMap$SoftCache (java.datatransfer@11.0.9.1)
15936:             1             32  java.awt.image.Kernel (java.desktop@11.0.9.1)
15937:             1             32  java.beans.ThreadGroupContext (java.desktop@11.0.9.1)
15938:             1             32  java.beans.ThreadGroupContext$1 (java.desktop@11.0.9.1)
15939:             1             32  java.io.ByteArrayInputStream (java.base@11.0.9.1)
15940:             1             32  java.io.UnixFileSystem (java.base@11.0.9.1)
15941:             2             32  java.lang.Boolean (java.base@11.0.9.1)
15942:             2             32  java.lang.Shutdown$Lock (java.base@11.0.9.1)
15943:             1             32  java.lang.invoke.VarHandleInts$Array (java.base@11.0.9.1)
15944:             1             32  java.lang.module.ModuleDescriptor$Version (java.base@11.0.9.1)
15945:             1             32  java.net.Inet6Address (java.base@11.0.9.1)
15946:             1             32  java.net.Inet6Address$Inet6AddressHolder (java.base@11.0.9.1)
15947:             1             32  java.net.URI$Parser (java.base@11.0.9.1)
15948:             2             32  java.nio.ByteOrder (java.base@11.0.9.1)
15949:             2             32  java.nio.channels.spi.AbstractSelector$1 (java.base@11.0.9.1)
15950:             2             32  java.nio.file.attribute.PosixFilePermissions$1 (java.base@11.0.9.1)
15951:             1             32  java.security.KeyStore (java.base@11.0.9.1)
15952:             2             32  java.security.spec.NamedParameterSpec (java.base@11.0.9.1)
15953:             1             32  java.text.AttributedString (java.base@11.0.9.1)
15954:             1             32  java.text.DontCareFieldPosition (java.base@11.0.9.1)
15955:             2             32  java.time.format.DateTimeFormatterBuilder$StringLiteralPrinterParser (java.base@11.0.9.1)
15956:             2             32  java.util.AbstractMap$2 (java.base@11.0.9.1)
15957:             1             32  java.util.ArrayList$ListItr (java.base@11.0.9.1)
15958:             2             32  java.util.Comparator$$Lambda$1597/0x00000008011fcc40 (java.base@11.0.9.1)
15959:             1             32  java.util.ImmutableCollections$ListItr (java.base@11.0.9.1)
15960:             1             32  java.util.ImmutableCollections$Map1 (java.base@11.0.9.1)
15961:             2             32  java.util.ResourceBundle$SingleFormatControl (java.base@11.0.9.1)
15962:             2             32  java.util.concurrent.ConcurrentSkipListSet (java.base@11.0.9.1)
15963:             1             32  java.util.concurrent.DelayQueue (java.base@11.0.9.1)
15964:             1             32  java.util.concurrent.ThreadLocalRandom (java.base@11.0.9.1)
15965:             1             32  java.util.logging.LogManager$SystemLoggerContext (java.logging@11.0.9.1)
15966:             1             32  java.util.prefs.MacOSXPreferencesFile (java.prefs@11.0.9.1)
15967:             1             32  javax.management.ObjectName (java.management@11.0.9.1)
15968:             1             32  javax.swing.SwingContainerOrderFocusTraversalPolicy (java.desktop@11.0.9.1)
15969:             1             32  javax.swing.SwingDefaultFocusTraversalPolicy (java.desktop@11.0.9.1)
15970:             1             32  javax.swing.TransferHandler$TransferSupport (java.desktop@11.0.9.1)
15971:             2             32  javax.swing.event.MenuEvent (java.desktop@11.0.9.1)
15972:             1             32  javax.swing.filechooser.FileSystemView$FileSystemRoot (java.desktop@11.0.9.1)
15973:             2             32  javax.swing.plaf.basic.BasicMenuBarUI$Handler (java.desktop@11.0.9.1)
15974:             1             32  javax.swing.plaf.basic.BasicTreeUI$TreeTransferHandler (java.desktop@11.0.9.1)
15975:             1             32  javax.swing.plaf.metal.MetalLookAndFeel$AATextListener (java.desktop@11.0.9.1)
15976:             1             32  javax.swing.text.DefaultEditorKit$SelectLineAction (java.desktop@11.0.9.1)
15977:             1             32  javax.swing.text.DefaultEditorKit$SelectParagraphAction (java.desktop@11.0.9.1)
15978:             1             32  javax.swing.text.DefaultEditorKit$SelectWordAction (java.desktop@11.0.9.1)
15979:             2             32  javax.swing.text.Position$Bias (java.desktop@11.0.9.1)
15980:             1             32  javax.swing.text.SegmentCache$CachedSegment (java.desktop@11.0.9.1)
15981:             2             32  javax.swing.text.StyleConstants$ColorConstants (java.desktop@11.0.9.1)
15982:             1             32  javax.swing.text.StyledEditorKit$StyledInsertBreakAction (java.desktop@11.0.9.1)
15983:             2             32  javax.swing.text.html.CSSBorder$DottedDashedPainter (java.desktop@11.0.9.1)
15984:             2             32  javax.swing.text.html.CSSBorder$GrooveRidgePainter (java.desktop@11.0.9.1)
15985:             2             32  javax.swing.text.html.CSSBorder$InsetOutsetPainter (java.desktop@11.0.9.1)
15986:             2             32  javax.swing.text.html.CSSBorder$NullPainter (java.desktop@11.0.9.1)
15987:             1             32  javax.swing.tree.DefaultMutableTreeNode (java.desktop@11.0.9.1)
15988:             1             32  jdk.internal.jimage.ImageBufferCache$BufferReference (java.base@11.0.9.1)
15989:             1             32  jdk.internal.loader.URLClassPath$1 (java.base@11.0.9.1)
15990:             1             32  jdk.internal.logger.LazyLoggers$LazyLoggerAccessor (java.base@11.0.9.1)
15991:             1             32  jdk.internal.ref.CleanerImpl (java.base@11.0.9.1)
15992:             1             32  jdk.internal.reflect.UnsafeCharacterFieldAccessorImpl (java.base@11.0.9.1)
15993:             1             32  jdk.internal.reflect.UnsafeQualifiedDoubleFieldAccessorImpl (java.base@11.0.9.1)
15994:             1             32  jdk.internal.reflect.UnsafeQualifiedLongFieldAccessorImpl (java.base@11.0.9.1)
15995:             2             32  jdk.internal.util.Preconditions$1 (java.base@11.0.9.1)
15996:             1             32  kotlin.KotlinVersion
15997:             2             32  kotlin.jvm.internal.Ref$BooleanRef
15998:             2             32  kotlin.jvm.internal.Ref$ObjectRef
15999:             1             32  kotlin.reflect.jvm.internal.KTypeImpl
16000:             1             32  kotlin.reflect.jvm.internal.impl.builtins.DefaultBuiltIns
16001:             1             32  kotlin.reflect.jvm.internal.impl.builtins.DefaultBuiltIns
16002:             2             32  kotlin.reflect.jvm.internal.impl.builtins.KotlinBuiltIns$1
16003:             2             32  kotlin.reflect.jvm.internal.impl.builtins.KotlinBuiltIns$1
16004:             2             32  kotlin.reflect.jvm.internal.impl.builtins.KotlinBuiltIns$2
16005:             2             32  kotlin.reflect.jvm.internal.impl.builtins.KotlinBuiltIns$2
16006:             2             32  kotlin.reflect.jvm.internal.impl.builtins.KotlinBuiltIns$3
16007:             2             32  kotlin.reflect.jvm.internal.impl.builtins.KotlinBuiltIns$3
16008:             1             32  kotlin.reflect.jvm.internal.impl.builtins.jvm.FallbackBuiltIns
16009:             1             32  kotlin.reflect.jvm.internal.impl.builtins.jvm.JvmBuiltInsCustomizer$createMockJavaIoSerializableType$mockJavaIoPackageFragment$1
16010:             1             32  kotlin.reflect.jvm.internal.impl.builtins.jvm.JvmBuiltInsPackageFragmentProvider
16011:             2             32  kotlin.reflect.jvm.internal.impl.descriptors.ModuleCapability
16012:             2             32  kotlin.reflect.jvm.internal.impl.descriptors.ModuleDescriptor$Capability
16013:             2             32  kotlin.reflect.jvm.internal.impl.descriptors.PackageFragmentProviderImpl
16014:             2             32  kotlin.reflect.jvm.internal.impl.descriptors.impl.CompositePackageFragmentProvider
16015:             2             32  kotlin.reflect.jvm.internal.impl.load.java.typeEnhancement.EnhancedTypeAnnotations
16016:             1             32  kotlin.reflect.jvm.internal.impl.load.kotlin.BinaryClassAnnotationAndConstantLoaderImpl
16017:             1             32  kotlin.reflect.jvm.internal.impl.metadata.ProtoBuf$Contract
16018:             1             32  kotlin.reflect.jvm.internal.impl.metadata.ProtoBuf$Contract
16019:             1             32  kotlin.reflect.jvm.internal.impl.metadata.ProtoBuf$VersionRequirementTable
16020:             1             32  kotlin.reflect.jvm.internal.impl.metadata.ProtoBuf$VersionRequirementTable
16021:             1             32  kotlin.reflect.jvm.internal.impl.protobuf.WireFormat$FieldType$1
16022:             1             32  kotlin.reflect.jvm.internal.impl.protobuf.WireFormat$FieldType$1
16023:             1             32  kotlin.reflect.jvm.internal.impl.protobuf.WireFormat$FieldType$2
16024:             1             32  kotlin.reflect.jvm.internal.impl.protobuf.WireFormat$FieldType$2
16025:             1             32  kotlin.reflect.jvm.internal.impl.protobuf.WireFormat$FieldType$3
16026:             1             32  kotlin.reflect.jvm.internal.impl.protobuf.WireFormat$FieldType$3
16027:             1             32  kotlin.reflect.jvm.internal.impl.protobuf.WireFormat$FieldType$4
16028:             1             32  kotlin.reflect.jvm.internal.impl.protobuf.WireFormat$FieldType$4
16029:             2             32  kotlin.reflect.jvm.internal.impl.serialization.deserialization.DeserializedClassDataFinder
16030:             2             32  kotlin.reflect.jvm.internal.impl.serialization.deserialization.DeserializedClassDataFinder
16031:             1             32  kotlin.reflect.jvm.internal.impl.serialization.deserialization.MemberDeserializer$getReceiverParameterAnnotations$1
16032:             2             32  kotlin.reflect.jvm.internal.impl.storage.DefaultSimpleLock
16033:             2             32  kotlin.reflect.jvm.internal.impl.storage.DefaultSimpleLock
16034:             2             32  kotlin.reflect.jvm.internal.impl.storage.LockBasedStorageManager$CacheWithNullableValuesBasedOnMemoizedFunction$1
16035:             2             32  kotlin.reflect.jvm.internal.impl.types.checker.Ref
16036:             2             32  kotlin.reflect.jvm.internal.impl.types.checker.Ref
16037:             2             32  kotlin.script.experimental.api.RefineConfigurationUnconditionallyData
16038:             2             32  kotlin.script.experimental.api.ScriptCompilationConfiguration
16039:             2             32  kotlin.script.experimental.api.ScriptEvaluationConfiguration
16040:             2             32  kotlinx.coroutines.Empty
16041:             2             32  kotlinx.coroutines.Empty
16042:             1             32  kotlinx.coroutines.EventLoopImplBase$DelayedTaskQueue
16043:             2             32  kotlinx.coroutines.scheduling.GlobalQueue
16044:             2             32  kotlinx.coroutines.scheduling.GlobalQueue
16045:             1             32  net.jpountz.xxhash.XXHashFactory
16046:             1             32  net.miginfocom.layout.AnimSpec
16047:             2             32  net.sf.cglib.proxy.DispatcherGenerator
16048:             2             32  net.sf.cglib.proxy.InvocationHandlerGenerator
16049:             1             32  org.apache.batik.anim.dom.SVGDOMImplementation
16050:             2             32  org.apache.batik.css.engine.value.svg.SpacingManager
16051:             1             32  org.apache.commons.logging.impl.WeakHashtable$WeakKey
16052:             1             32  org.apache.log4j.PatternLayout
16053:             1             32  org.apache.log4j.helpers.QuietWriter
16054:             1             32  org.apache.maven.model.InputLocation
16055:             1             32  org.apache.maven.model.interpolation.StringSearchModelInterpolator
16056:             2             32  org.apache.maven.model.io.DefaultModelReader
16057:             2             32  org.apache.maven.model.locator.DefaultModelLocator
16058:             2             32  org.apache.maven.model.path.DefaultUrlNormalizer
16059:             2             32  org.apache.xerces.impl.dv.dtd.ENTITYDatatypeValidator
16060:             2             32  org.apache.xerces.impl.dv.xs.QNameDV
16061:             1             32  org.apache.xerces.impl.xpath.regex.Op$ModifierOp
16062:             2             32  org.apache.xerces.impl.xpath.regex.Token
16063:             1             32  org.eclipse.aether.connector.basic.BasicRepositoryConnectorFactory
16064:             1             32  org.eclipse.aether.internal.impl.DefaultInstaller
16065:             1             32  org.editorconfig.configmanagement.create.CreateEditorConfigAction
16066:             2             32  org.editorconfig.configmanagement.editor.EditorConfigEditorNotificationProvider
16067:             1             32  org.editorconfig.language.EditorConfigLanguage
16068:             1             32  org.editorconfig.language.codeinsight.actions.CreateEditorConfigFileAction
16069:             2             32  org.editorconfig.language.codeinsight.findusages.EditorConfigFindUsagesHandlerFactory
16070:             1             32  org.editorconfig.language.messages.EditorConfigBundle
16071:             2             32  org.editorconfig.language.messages.EditorConfigWrongFileEncodingNotificationProvider
16072:             2             32  org.editorconfig.language.messages.EditorConfigWrongFileNameNotificationProvider
16073:             1             32  org.editorconfig.plugincomponents.SettingsProviderComponent
16074:             1             32  org.infernus.idea.checkstyle.CheckStyleBundle
16075:             2             32  org.infernus.idea.checkstyle.CheckStyleModuleConfiguration$ModuleSettings
16076:             1             32  org.infernus.idea.checkstyle.actions.Close
16077:             1             32  org.infernus.idea.checkstyle.actions.CollapseAll
16078:             1             32  org.infernus.idea.checkstyle.actions.DisplayErrors
16079:             1             32  org.infernus.idea.checkstyle.actions.DisplayInfo
16080:             1             32  org.infernus.idea.checkstyle.actions.DisplayWarnings
16081:             1             32  org.infernus.idea.checkstyle.actions.ExpandAll
16082:             1             32  org.infernus.idea.checkstyle.actions.ResetLoadedRulesFiles
16083:             1             32  org.infernus.idea.checkstyle.actions.ScanCurrentChangeList
16084:             1             32  org.infernus.idea.checkstyle.actions.ScanCurrentFile
16085:             1             32  org.infernus.idea.checkstyle.actions.ScanModifiedFiles
16086:             1             32  org.infernus.idea.checkstyle.actions.ScanModule
16087:             1             32  org.infernus.idea.checkstyle.actions.ScanProject
16088:             1             32  org.infernus.idea.checkstyle.actions.ScrollToSource
16089:             1             32  org.infernus.idea.checkstyle.actions.StopCheck
16090:             2             32  org.infernus.idea.checkstyle.config.ApplicationConfigurationState$ApplicationSettings
16091:             2             32  org.infernus.idea.checkstyle.config.ConfigurationLocationSource
16092:             2             32  org.infernus.idea.checkstyle.model.ConfigurationLocationFactory
16093:             2             32  org.infernus.idea.checkstyle.util.ProjectPaths
16094:             1             32  org.intellij.images.actions.ConvertSvgToPngAction
16095:             1             32  org.intellij.images.actions.EditExternallyAction
16096:             1             32  org.intellij.images.actions.ShowThumbnailsAction
16097:             1             32  org.intellij.images.actions.ToggleTransparencyChessboardAction
16098:             1             32  org.intellij.images.editor.actions.ActualSizeAction
16099:             1             32  org.intellij.images.editor.actions.FitZoomToWindowAction
16100:             1             32  org.intellij.images.editor.actions.SetBackgroundImageAction
16101:             1             32  org.intellij.images.editor.actions.ToggleGridAction
16102:             1             32  org.intellij.images.editor.actions.ZoomInAction
16103:             1             32  org.intellij.images.editor.actions.ZoomOutAction
16104:             1             32  org.intellij.images.fileTypes.impl.ImageFileType
16105:             1             32  org.intellij.images.thumbnail.actions.EnterAction
16106:             1             32  org.intellij.images.thumbnail.actions.HideThumbnailsAction
16107:             1             32  org.intellij.images.thumbnail.actions.ShowBorderAction
16108:             1             32  org.intellij.images.thumbnail.actions.ToggleFileNameAction
16109:             1             32  org.intellij.images.thumbnail.actions.ToggleFileSizeAction
16110:             1             32  org.intellij.images.thumbnail.actions.ToggleRecursiveAction
16111:             1             32  org.intellij.images.thumbnail.actions.ToggleTagsPanelAction
16112:             1             32  org.intellij.images.thumbnail.actions.UpFolderAction
16113:             2             32  org.intellij.images.thumbnail.impl.ThumbnailSelectInTarget
16114:             1             32  org.intellij.lang.regexp.RegExpBundle
16115:             1             32  org.intellij.lang.regexp.RegExpLanguage
16116:             1             32  org.intellij.lang.regexp.ecmascript.EcmaScriptRegexpLanguage
16117:             1             32  org.intellij.lang.regexp.ecmascript.EcmaScriptUnicodeRegexpLanguage
16118:             1             32  org.intellij.lang.xpath.XPath2Language
16119:             1             32  org.intellij.lang.xpath.XPathLanguage
16120:             2             32  org.intellij.lang.xpath.xslt.impl.XPathLanguageInjector
16121:             2             32  org.intellij.lang.xpath.xslt.impl.XsltTreeStructureProvider
16122:             1             32  org.intellij.lang.xpath.xslt.psi.impl.XsltLanguage
16123:             1             32  org.intellij.markdown.flavours.gfm.GFMConstraints
16124:             1             32  org.intellij.markdown.flavours.gfm.GFMFlavourDescriptor
16125:             1             32  org.intellij.markdown.parser.constraints.MarkdownConstraints
16126:             1             32  org.intellij.plugins.intelliLang.IntelliLangBundle
16127:             2             32  org.intellij.plugins.intelliLang.inject.CommentLanguageInjector
16128:             2             32  org.intellij.plugins.intelliLang.inject.CommentLanguageInjector$1
16129:             2             32  org.intellij.plugins.intelliLang.inject.DefaultLanguageInjector
16130:             2             32  org.intellij.plugins.intelliLang.inject.FrankensteinErrorFilter
16131:             2             32  org.intellij.plugins.intelliLang.inject.TemporaryPlacesInjector
16132:             2             32  org.intellij.plugins.intelliLang.inject.TemporaryPlacesRegistry$1
16133:             2             32  org.intellij.plugins.intelliLang.inject.groovy.GrConcatenation2InjectorAdapter
16134:             2             32  org.intellij.plugins.intelliLang.inject.groovy.GrConcatenationAwareInjector
16135:             2             32  org.intellij.plugins.intelliLang.inject.groovy.GrConcatenationInjector
16136:             2             32  org.intellij.plugins.intelliLang.inject.java.ConcatenationInjector
16137:             2             32  org.intellij.plugins.intelliLang.inject.java.InjectionCache$$Lambda$3629/0x00000008021b8440
16138:             2             32  org.intellij.plugins.intelliLang.references.InjectedReferencesContributor$1
16139:             1             32  org.intellij.plugins.markdown.MarkdownBundle
16140:             2             32  org.intellij.plugins.markdown.injection.CodeFenceInjector
16141:             2             32  org.intellij.plugins.markdown.injection.CodeFenceTemporaryLangInjector
16142:             1             32  org.intellij.plugins.markdown.lang.MarkdownLanguage
16143:             2             32  org.intellij.plugins.markdown.lang.references.MarkdownReferenceProvider$LinkDestinationReferenceProvider
16144:             1             32  org.intellij.plugins.markdown.ui.actions.scrolling.AutoScrollAction
16145:             1             32  org.intellij.plugins.markdown.ui.actions.styling.HeaderDownAction
16146:             1             32  org.intellij.plugins.markdown.ui.actions.styling.HeaderUpAction
16147:             1             32  org.intellij.plugins.markdown.ui.actions.styling.MarkdownIntroduceLinkReferenceAction
16148:             1             32  org.intellij.plugins.markdown.ui.actions.styling.ToggleBoldAction
16149:             1             32  org.intellij.plugins.markdown.ui.actions.styling.ToggleCodeSpanAction
16150:             1             32  org.intellij.plugins.markdown.ui.actions.styling.ToggleItalicAction
16151:             1             32  org.intellij.plugins.markdown.ui.actions.styling.ToggleStrikethroughAction
16152:             1             32  org.intellij.plugins.relaxNG.compact.RngCompactLanguage
16153:             1             32  org.intellij.plugins.relaxNG.convert.ConvertSchemaAction
16154:             1             32  org.intellij.plugins.xpathView.ShowXPathAction
16155:             1             32  org.intellij.plugins.xpathView.XPathBundle
16156:             1             32  org.intellij.plugins.xpathView.XPathEvalAction
16157:             1             32  org.intellij.plugins.xpathView.search.FindByXPathAction
16158:             1             32  org.intellij.plugins.xsltDebugger.XsltBreakpointType
16159:             1             32  org.intellij.plugins.xsltDebugger.XsltDebuggerBundle
16160:             2             32  org.intellij.plugins.xsltDebugger.impl.XsltDebuggerEditorsProvider
16161:             2             32  org.jetbrains.android.AndroidFindUsagesHandlerFactory
16162:             2             32  org.jetbrains.android.AndroidGotoRelatedLineMarkerProvider
16163:             2             32  org.jetbrains.android.AndroidProjectComponent
16164:             2             32  org.jetbrains.android.AndroidProjectComponent$$Lambda$2639/0x0000000801a73840
16165:             2             32  org.jetbrains.android.AndroidPropertyFilesUpdater$$Lambda$1395/0x000000080105cc40
16166:             2             32  org.jetbrains.android.AndroidPropertyFilesUpdater$ModuleRootListenerImpl
16167:             2             32  org.jetbrains.android.AndroidResourcesFindUsagesHandlerFactory
16168:             1             32  org.jetbrains.android.actions.AndroidRegenerateSourcesAction
16169:             1             32  org.jetbrains.android.actions.GenerateSignedApkAction
16170:             2             32  org.jetbrains.android.compiler.AndroidPrecompileTask
16171:             2             32  org.jetbrains.android.compose.AndroidComposeAutoDocumentation$lookupListener$1
16172:             1             32  org.jetbrains.android.facet.AndroidFacetType
16173:             2             32  org.jetbrains.android.formatter.AndroidCodeStyleNotificationProvider
16174:             1             32  org.jetbrains.android.maven.AndroidFacetImporter1
16175:             1             32  org.jetbrains.android.maven.AndroidFacetImporter2
16176:             1             32  org.jetbrains.android.maven.AndroidFacetImporter3
16177:             1             32  org.jetbrains.android.refactoring.MigrateToAndroidxAction
16178:             1             32  org.jetbrains.android.refactoring.MigrateToAppCompatAction
16179:             1             32  org.jetbrains.android.refactoring.MigrateToResourceNamespacesAction
16180:             1             32  org.jetbrains.android.refactoring.UnusedResourcesAction
16181:             2             32  org.jetbrains.android.sdk.AndroidSdkNotConfiguredNotificationProvider
16182:             1             32  org.jetbrains.android.spellchecker.AndroidXmlSpellcheckingStrategy
16183:             1             32  org.jetbrains.android.util.AndroidBundle
16184:             1             32  org.jetbrains.idea.devkit.DevKitBundle
16185:             1             32  org.jetbrains.idea.devkit.actions.GenerateComponentExternalizationAction
16186:             1             32  org.jetbrains.idea.devkit.actions.NewMessageBundleAction
16187:             1             32  org.jetbrains.idea.devkit.actions.service.NewApplicationServiceAction
16188:             1             32  org.jetbrains.idea.devkit.actions.service.NewModuleServiceAction
16189:             1             32  org.jetbrains.idea.devkit.actions.service.NewProjectServiceAction
16190:             1             32  org.jetbrains.idea.devkit.build.PrepareAllToDeployAction
16191:             1             32  org.jetbrains.idea.devkit.build.PrepareToDeployAction
16192:             1             32  org.jetbrains.idea.devkit.dom.impl.I18nReferenceContributor$1
16193:             1             32  org.jetbrains.idea.devkit.dom.impl.I18nReferenceContributor$2
16194:             2             32  org.jetbrains.idea.devkit.dom.impl.I18nReferenceContributor$5
16195:             2             32  org.jetbrains.idea.devkit.formConversion.ConvertFormNotificationProvider
16196:             1             32  org.jetbrains.idea.devkit.formConversion.ConvertFormToDslAction
16197:             2             32  org.jetbrains.idea.devkit.references.IconsReferencesContributor
16198:             2             32  org.jetbrains.idea.devkit.references.IconsReferencesContributor$1
16199:             2             32  org.jetbrains.idea.devkit.references.IconsReferencesContributor$2
16200:             1             32  org.jetbrains.idea.devkit.references.TestDataFilesReferencesContributor$1
16201:             1             32  org.jetbrains.idea.devkit.testAssistant.NavigateToTestDataAction
16202:             1             32  org.jetbrains.idea.devkit.themes.ApplyThemeAction
16203:             1             32  org.jetbrains.idea.devkit.themes.EditThemeEditorColorSchemeAction
16204:             1             32  org.jetbrains.idea.devkit.themes.OpenThemeReferenceDocsAction
16205:             1             32  org.jetbrains.idea.devkit.themes.RollbackThemeAction
16206:             2             32  org.jetbrains.idea.devkit.themes.ThemeEditorToolbar
16207:             2             32  org.jetbrains.idea.devkit.themes.ThemeJsonSchemaProviderFactory$1
16208:             2             32  org.jetbrains.idea.devkit.themes.metadata.ThemeMetadataJsonSchemaProviderFactory$getProviders$1
16209:             2             32  org.jetbrains.idea.devkit.threadingModelHelper.TMHBuildProcessParametersProvider
16210:             2             32  org.jetbrains.idea.devkit.util.PsiUtil$$Lambda$3595/0x0000000802171440
16211:             2             32  org.jetbrains.idea.devkit.util.PsiUtil$$Lambda$3912/0x0000000802572040
16212:             1             32  org.jetbrains.idea.eclipse.export.ExportEclipseProjectsAction
16213:             2             32  org.jetbrains.idea.kpmsearch.DefaultPackageServiceConfig
16214:             1             32  org.jetbrains.idea.maven.buildtool.BuildToolConsoleProcessAdapter
16215:             1             32  org.jetbrains.idea.maven.buildtool.MavenProgressListener
16216:             1             32  org.jetbrains.idea.maven.dom.MavenDomBundle
16217:             2             32  org.jetbrains.idea.maven.dom.MavenModelDocumentationProvider
16218:             1             32  org.jetbrains.idea.maven.dom.generate.GenerateDependencyAction$1
16219:             1             32  org.jetbrains.idea.maven.dom.generate.GenerateManagedDependencyAction$MavenOverridingDependencyGenerateProvider
16220:             1             32  org.jetbrains.idea.maven.dom.generate.GenerateParentAction$1
16221:             1             32  org.jetbrains.idea.maven.dom.refactorings.extract.ExtractManagedDependenciesAction
16222:             1             32  org.jetbrains.idea.maven.dom.refactorings.introduce.IntroducePropertyAction
16223:             2             32  org.jetbrains.idea.maven.dom.references.MavenFilteredPropertyPsiReferenceProvider
16224:             2             32  org.jetbrains.idea.maven.dom.references.MavenPropertyPsiReferenceProvider
16225:             1             32  org.jetbrains.idea.maven.execution.RunnerBundle
16226:             1             32  org.jetbrains.idea.maven.execution.SyncBundle
16227:             1             32  org.jetbrains.idea.maven.externalSystemIntegration.output.MavenLogOutputParser
16228:             1             32  org.jetbrains.idea.maven.externalSystemIntegration.output.parsers.WarningNotifier
16229:             2             32  org.jetbrains.idea.maven.importing.MavenPomPathModuleService
16230:             1             32  org.jetbrains.idea.maven.indices.IndicesBundle
16231:             2             32  org.jetbrains.idea.maven.indices.MavenIndex$MyIndexRepositoryIdsProvider
16232:             1             32  org.jetbrains.idea.maven.indices.MavenIndices
16233:             1             32  org.jetbrains.idea.maven.indices.MavenIndicesManager$IndexFixer
16234:             2             32  org.jetbrains.idea.maven.indices.MavenProjectIndicesManager$$Lambda$1291/0x0000000800f88040
16235:             2             32  org.jetbrains.idea.maven.indices.MavenProjectIndicesManager$1
16236:             2             32  org.jetbrains.idea.maven.indices.MavenProjectIndicesManager$2
16237:             2             32  org.jetbrains.idea.maven.model.MavenWorkspaceMap
16238:             2             32  org.jetbrains.idea.maven.navigator.MavenProjectsNavigator$$Lambda$2653/0x0000000801a9e040
16239:             2             32  org.jetbrains.idea.maven.navigator.MavenProjectsNavigator$1
16240:             2             32  org.jetbrains.idea.maven.navigator.MavenProjectsNavigator$2
16241:             2             32  org.jetbrains.idea.maven.navigator.MavenProjectsNavigator$3
16242:             2             32  org.jetbrains.idea.maven.navigator.MavenProjectsNavigator$4
16243:             2             32  org.jetbrains.idea.maven.navigator.MavenProjectsNavigator$MyProjectsListener
16244:             2             32  org.jetbrains.idea.maven.navigator.SelectInMavenNavigatorTarget
16245:             1             32  org.jetbrains.idea.maven.navigator.actions.AlwaysShowArtifactIdAction
16246:             1             32  org.jetbrains.idea.maven.navigator.actions.EditMavenRunConfigurationAction
16247:             1             32  org.jetbrains.idea.maven.navigator.actions.GroupProjectsAction
16248:             1             32  org.jetbrains.idea.maven.navigator.actions.MavenExecuteGoalAction
16249:             1             32  org.jetbrains.idea.maven.navigator.actions.MavenTreeAction$CollapseAll
16250:             1             32  org.jetbrains.idea.maven.navigator.actions.MavenTreeAction$ExpandAll
16251:             1             32  org.jetbrains.idea.maven.navigator.actions.RemoveMavenRunConfigurationAction
16252:             1             32  org.jetbrains.idea.maven.navigator.actions.ShowBasicPhasesOnlyAction
16253:             1             32  org.jetbrains.idea.maven.navigator.actions.ShowIgnoredProjectsAction
16254:             1             32  org.jetbrains.idea.maven.navigator.actions.ShowVersionsAction
16255:             2             32  org.jetbrains.idea.maven.onlinecompletion.IndexBasedCompletionProvider
16256:             2             32  org.jetbrains.idea.maven.onlinecompletion.ProjectModulesCompletionProvider
16257:             2             32  org.jetbrains.idea.maven.project.MavenArtifactIndex
16258:             2             32  org.jetbrains.idea.maven.project.MavenGeneralSettingsWatcher$generalSettingsListener$1
16259:             2             32  org.jetbrains.idea.maven.project.MavenModificationTracker$1
16260:             1             32  org.jetbrains.idea.maven.project.MavenProjectBundle
16261:             2             32  org.jetbrains.idea.maven.project.MavenProjectsAware$1
16262:             2             32  org.jetbrains.idea.maven.project.MavenProjectsManager$$Lambda$1267/0x0000000800f2a440
16263:             2             32  org.jetbrains.idea.maven.project.MavenProjectsManager$1
16264:             2             32  org.jetbrains.idea.maven.project.MavenProjectsManager$2
16265:             2             32  org.jetbrains.idea.maven.project.MavenProjectsManager$4
16266:             2             32  org.jetbrains.idea.maven.project.MavenProjectsManager$5
16267:             2             32  org.jetbrains.idea.maven.project.MavenProjectsManager$6
16268:             2             32  org.jetbrains.idea.maven.project.MavenProjectsManagerWatcher$MavenIgnoredModulesWatcher
16269:             2             32  org.jetbrains.idea.maven.project.MavenProjectsManagerWatcher$MyRootChangesListener
16270:             2             32  org.jetbrains.idea.maven.project.MavenProjectsTree$1
16271:             1             32  org.jetbrains.idea.maven.project.actions.AddFileAsMavenProjectAction
16272:             1             32  org.jetbrains.idea.maven.project.actions.AddManagedFilesAction
16273:             1             32  org.jetbrains.idea.maven.project.actions.EditSettingsAction
16274:             1             32  org.jetbrains.idea.maven.project.actions.LookForNestedToggleAction
16275:             1             32  org.jetbrains.idea.maven.project.actions.MavenShowEffectivePom
16276:             1             32  org.jetbrains.idea.maven.project.actions.OpenOrCreateProfilesXmlAction
16277:             1             32  org.jetbrains.idea.maven.project.actions.OpenOrCreateSettingsXmlAction
16278:             1             32  org.jetbrains.idea.maven.project.actions.ReimportAction
16279:             1             32  org.jetbrains.idea.maven.project.actions.ReimportProjectAction
16280:             1             32  org.jetbrains.idea.maven.project.actions.RemoveManagedFilesAction
16281:             1             32  org.jetbrains.idea.maven.project.actions.RunBuildAction
16282:             1             32  org.jetbrains.idea.maven.project.actions.ToggleIgnoredProjectsAction
16283:             1             32  org.jetbrains.idea.maven.project.actions.ToggleOfflineAction
16284:             1             32  org.jetbrains.idea.maven.project.actions.ToggleProfileAction
16285:             1             32  org.jetbrains.idea.maven.project.actions.ToggleSkipTestsAction
16286:             1             32  org.jetbrains.idea.maven.project.actions.UpdateFoldersAction
16287:             1             32  org.jetbrains.idea.maven.project.actions.UpdateFoldersForProjectAction
16288:             1             32  org.jetbrains.idea.maven.project.actions.UseWrapperAction
16289:             1             32  org.jetbrains.idea.maven.server.MavenServerManager$3
16290:             2             32  org.jetbrains.idea.maven.tasks.MavenBeforeRunTasksProvider
16291:             2             32  org.jetbrains.idea.maven.tasks.MavenShortcutsManager$1
16292:             1             32  org.jetbrains.idea.maven.tasks.actions.AssignShortcutAction
16293:             1             32  org.jetbrains.idea.maven.tasks.actions.ToggleBeforeRunTaskAction
16294:             2             32  org.jetbrains.idea.maven.utils.MavenMergingUpdateQueue$1
16295:             2             32  org.jetbrains.idea.maven.utils.MavenMergingUpdateQueue$2
16296:             2             32  org.jetbrains.idea.maven.utils.MavenMergingUpdateQueue$4
16297:             2             32  org.jetbrains.idea.maven.utils.MavenMergingUpdateQueue$5
16298:             2             32  org.jetbrains.idea.maven.utils.MavenRehighlighter
16299:             2             32  org.jetbrains.idea.maven.utils.MavenRehighlighter$1
16300:             2             32  org.jetbrains.idea.maven.utils.MavenRehighlighter$2
16301:             2             32  org.jetbrains.idea.maven.utils.MavenTreeStructureProvider
16302:             1             32  org.jetbrains.idea.maven.utils.MavenUIUtil$1
16303:             2             32  org.jetbrains.idea.reposearch.DependencySearchService$1
16304:             2             32  org.jetbrains.idea.reposearch.DependencySearchService$2
16305:             1             32  org.jetbrains.idea.svn.SvnBundle
16306:             1             32  org.jetbrains.idea.svn.actions.BrowseRepositoryAction
16307:             1             32  org.jetbrains.idea.svn.actions.CleanupAction
16308:             1             32  org.jetbrains.idea.svn.actions.CleanupProjectAction
16309:             1             32  org.jetbrains.idea.svn.actions.CreateExternalAction
16310:             1             32  org.jetbrains.idea.svn.actions.ImportToRepositoryAction
16311:             1             32  org.jetbrains.idea.svn.actions.LockAction
16312:             1             32  org.jetbrains.idea.svn.actions.MarkResolvedAction
16313:             1             32  org.jetbrains.idea.svn.actions.MarkTreeConflictResolvedAction
16314:             1             32  org.jetbrains.idea.svn.actions.RelocateAction
16315:             1             32  org.jetbrains.idea.svn.actions.ResolveAction
16316:             1             32  org.jetbrains.idea.svn.actions.SetPropertyAction
16317:             1             32  org.jetbrains.idea.svn.actions.ShareProjectAction
16318:             1             32  org.jetbrains.idea.svn.actions.ShareWholeProject
16319:             1             32  org.jetbrains.idea.svn.actions.ShowPropertiesAction
16320:             1             32  org.jetbrains.idea.svn.actions.ShowSvnMapAction
16321:             1             32  org.jetbrains.idea.svn.actions.UnlockAction
16322:             1             32  org.jetbrains.idea.svn.branchConfig.CreateBranchOrTagAction
16323:             1             32  org.jetbrains.idea.svn.dialogs.RefreshWorkingCopiesAction
16324:             1             32  org.jetbrains.idea.svn.diff.CompareWithBranchAction
16325:             1             32  org.jetbrains.idea.svn.history.SvnEditCommitMessageAction
16326:             1             32  org.jetbrains.io.PortUnificationServerHandler
16327:             1             32  org.jetbrains.java.decompiler.IdeaDecompilerBundle
16328:             1             32  org.jetbrains.java.decompiler.ShowDecompiledClassAction
16329:             2             32  org.jetbrains.java.generate.GenerateToStringActionHandlerImpl
16330:             2             32  org.jetbrains.jps.maven.model.impl.MavenAnnotationProcessorsModel
16331:             2             32  org.jetbrains.jps.model.impl.JpsUrlListRole
16332:             1             32  org.jetbrains.jps.service.impl.JpsServiceManagerImpl
16333:             1             32  org.jetbrains.kotlin.android.intention.AddActivityToManifest
16334:             1             32  org.jetbrains.kotlin.android.intention.AddBroadcastReceiverToManifest
16335:             1             32  org.jetbrains.kotlin.android.intention.AddServiceToManifest
16336:             1             32  org.jetbrains.kotlin.android.intention.ImplementParcelableAction
16337:             1             32  org.jetbrains.kotlin.android.intention.KotlinAndroidAddStringResource
16338:             1             32  org.jetbrains.kotlin.android.intention.RedoParcelableAction
16339:             1             32  org.jetbrains.kotlin.android.intention.RemoveParcelableAction
16340:             1             32  org.jetbrains.kotlin.config.LanguageVersionSettingsImpl
16341:             1             32  org.jetbrains.kotlin.console.actions.RunKotlinConsoleAction
16342:             2             32  org.jetbrains.kotlin.ide.konan.KotlinNativeABICompatibilityChecker$runActivity$1
16343:             1             32  org.jetbrains.kotlin.ide.konan.NativeDefinitionsLanguage
16344:             2             32  org.jetbrains.kotlin.ide.konan.NativeLibraryType
16345:             1             32  org.jetbrains.kotlin.idea.KotlinBundle
16346:             2             32  org.jetbrains.kotlin.idea.KotlinDocumentationProvider
16347:             1             32  org.jetbrains.kotlin.idea.KotlinIdeaAnalysisBundle
16348:             1             32  org.jetbrains.kotlin.idea.KotlinIdeaGradleBundle
16349:             1             32  org.jetbrains.kotlin.idea.KotlinJvmBundle
16350:             1             32  org.jetbrains.kotlin.idea.KotlinLanguage
16351:             2             32  org.jetbrains.kotlin.idea.PluginStartupService
16352:             2             32  org.jetbrains.kotlin.idea.PluginStartupService$register$documentListener$1
16353:             1             32  org.jetbrains.kotlin.idea.actions.ConfigureKotlinJavaInProjectAction
16354:             1             32  org.jetbrains.kotlin.idea.actions.ConfigureKotlinJsInProjectAction
16355:             1             32  org.jetbrains.kotlin.idea.actions.ConfigurePluginUpdatesAction
16356:             1             32  org.jetbrains.kotlin.idea.actions.DecompileKotlinToJavaAction
16357:             1             32  org.jetbrains.kotlin.idea.actions.JavaToKotlinAction
16358:             1             32  org.jetbrains.kotlin.idea.actions.NewKotlinFileAction
16359:             1             32  org.jetbrains.kotlin.idea.actions.ShowKotlinBytecodeAction
16360:             1             32  org.jetbrains.kotlin.idea.actions.ShowKotlinGradleDslLogs
16361:             1             32  org.jetbrains.kotlin.idea.actions.generate.KotlinGenerateEqualsAndHashcodeAction
16362:             1             32  org.jetbrains.kotlin.idea.actions.generate.KotlinGenerateSecondaryConstructorAction
16363:             1             32  org.jetbrains.kotlin.idea.actions.generate.KotlinGenerateToStringAction
16364:             1             32  org.jetbrains.kotlin.idea.actions.internal.CopyKotlinProjectOverviewAction
16365:             1             32  org.jetbrains.kotlin.idea.actions.internal.KotlinThrowExceptionAction
16366:             2             32  org.jetbrains.kotlin.idea.asJava.LightClassProviderImpl
16367:             2             32  org.jetbrains.kotlin.idea.caches.KotlinPackageContentModificationListener$runActivity$1
16368:             2             32  org.jetbrains.kotlin.idea.caches.KotlinPackageContentModificationListener$runActivity$2
16369:             2             32  org.jetbrains.kotlin.idea.caches.KotlinPackageStatementPsiTreeChangePreprocessor
16370:             2             32  org.jetbrains.kotlin.idea.caches.KotlinShortNamesCache$disableSearch$1
16371:             2             32  org.jetbrains.kotlin.idea.caches.trackers.KotlinCodeBlockModificationListener$2
16372:             1             32  org.jetbrains.kotlin.idea.codeInsight.hints.KotlinReferencesTypeHintsProvider
16373:             2             32  org.jetbrains.kotlin.idea.compiler.KotlinCompilerStartupActivity$runActivity$1
16374:             2             32  org.jetbrains.kotlin.idea.compiler.configuration.KotlinBuildProcessParametersProvider
16375:             2             32  org.jetbrains.kotlin.idea.completion.KotlinLookupElementProximityWeigher
16376:             2             32  org.jetbrains.kotlin.idea.completion.LookupCancelWatcher$runActivity$1
16377:             2             32  org.jetbrains.kotlin.idea.configuration.JvmStartupActivity$runActivity$1
16378:             2             32  org.jetbrains.kotlin.idea.configuration.JvmStartupActivity$runActivity$2
16379:             2             32  org.jetbrains.kotlin.idea.configuration.JvmStartupActivity$runActivity$3
16380:             2             32  org.jetbrains.kotlin.idea.configuration.KotlinMigrationProjectComponent$runActivity$1
16381:             2             32  org.jetbrains.kotlin.idea.configuration.KotlinSetupEnvironmentNotificationProvider
16382:             2             32  org.jetbrains.kotlin.idea.configuration.ui.KotlinConfigurationCheckerStartupActivity$runActivity$1
16383:             2             32  org.jetbrains.kotlin.idea.core.KotlinPluginDisposable
16384:             2             32  org.jetbrains.kotlin.idea.core.platform.impl.CommonIdePlatformKindTooling
16385:             1             32  org.jetbrains.kotlin.idea.core.platform.impl.JsIdePlatformKindTooling
16386:             1             32  org.jetbrains.kotlin.idea.core.platform.impl.JvmIdePlatformKindTooling
16387:             2             32  org.jetbrains.kotlin.idea.core.script.BundledKotlinScriptDependenciesResolver
16388:             2             32  org.jetbrains.kotlin.idea.core.script.KotlinScriptDependenciesClassFinder$everywhereCache$1
16389:             2             32  org.jetbrains.kotlin.idea.core.script.configuration.CompositeScriptConfigurationManager$1
16390:             2             32  org.jetbrains.kotlin.idea.core.script.configuration.CompositeScriptConfigurationManager$2
16391:             2             32  org.jetbrains.kotlin.idea.core.script.configuration.cache.ScriptConfigurationFileAttributeCache
16392:             2             32  org.jetbrains.kotlin.idea.core.script.configuration.listener.DefaultScriptChangeListener
16393:             2             32  org.jetbrains.kotlin.idea.core.script.configuration.listener.ScriptChangesNotifier$listenForChangesInScripts$1
16394:             2             32  org.jetbrains.kotlin.idea.core.script.configuration.listener.ScriptChangesNotifier$listenForChangesInScripts$2
16395:             2             32  org.jetbrains.kotlin.idea.core.script.configuration.loader.DefaultScriptConfigurationLoader
16396:             2             32  org.jetbrains.kotlin.idea.core.script.configuration.loader.ScriptOutsiderFileConfigurationLoader
16397:             2             32  org.jetbrains.kotlin.idea.core.script.dependencies.JavaClassesInScriptDependenciesShortNameCache
16398:             1             32  org.jetbrains.kotlin.idea.core.script.ucache.ScriptClassRootsCacheKt$$special$$inlined$cachedFileAttribute$1
16399:             2             32  org.jetbrains.kotlin.idea.core.util.ProjectJob
16400:             2             32  org.jetbrains.kotlin.idea.debugger.KotlinAlternativeSourceNotificationProvider
16401:             1             32  org.jetbrains.kotlin.idea.debugger.KotlinDebuggerCoreBundle
16402:             2             32  org.jetbrains.kotlin.idea.debugger.KotlinPositionManagerFactory
16403:             2             32  org.jetbrains.kotlin.idea.debugger.coroutine.CoroutineStackFrameInterceptor
16404:             1             32  org.jetbrains.kotlin.idea.debugger.coroutine.command.CoroutineDumpAction
16405:             2             32  org.jetbrains.kotlin.idea.editor.KotlinEditorOptions
16406:             2             32  org.jetbrains.kotlin.idea.facet.KotlinFacetSettingsProviderImpl
16407:             2             32  org.jetbrains.kotlin.idea.facet.KotlinFacetSettingsProviderImpl$1
16408:             1             32  org.jetbrains.kotlin.idea.facet.KotlinFacetTypeImpl
16409:             2             32  org.jetbrains.kotlin.idea.framework.CommonLibraryType
16410:             2             32  org.jetbrains.kotlin.idea.framework.KotlinSdkType
16411:             2             32  org.jetbrains.kotlin.idea.injection.KotlinLanguageInjector$sam$com_intellij_psi_util_CachedValueProvider$0
16412:             1             32  org.jetbrains.kotlin.idea.inspections.IntentionBasedInspection$buildVisitor$1
16413:             2             32  org.jetbrains.kotlin.idea.inspections.JavaOutsideModuleDetector
16414:             1             32  org.jetbrains.kotlin.idea.inspections.PackageNameInspectionLocal
16415:             1             32  org.jetbrains.kotlin.idea.intentions.AddAnnotationUseSiteTargetIntention
16416:             1             32  org.jetbrains.kotlin.idea.intentions.AddBracesIntention
16417:             1             32  org.jetbrains.kotlin.idea.intentions.AddJvmOverloadsIntention
16418:             1             32  org.jetbrains.kotlin.idea.intentions.AddLabeledReturnInLambdaIntention
16419:             1             32  org.jetbrains.kotlin.idea.intentions.AddMissingClassKeywordIntention
16420:             1             32  org.jetbrains.kotlin.idea.intentions.AddMissingDestructuringIntention
16421:             1             32  org.jetbrains.kotlin.idea.intentions.AddNameToArgumentIntention
16422:             1             32  org.jetbrains.kotlin.idea.intentions.AddNamesToCallArgumentsIntention
16423:             1             32  org.jetbrains.kotlin.idea.intentions.AddNamesToFollowingArgumentsIntention
16424:             1             32  org.jetbrains.kotlin.idea.intentions.AddOpenModifierIntention
16425:             1             32  org.jetbrains.kotlin.idea.intentions.AddThrowsAnnotationIntention
16426:             1             32  org.jetbrains.kotlin.idea.intentions.AddUnderscoresToNumericLiteralIntention
16427:             1             32  org.jetbrains.kotlin.idea.intentions.AddValVarToConstructorParameterAction$Intention
16428:             1             32  org.jetbrains.kotlin.idea.intentions.AddWhenRemainingBranchesIntention
16429:             1             32  org.jetbrains.kotlin.idea.intentions.AnonymousFunctionToLambdaIntention
16430:             1             32  org.jetbrains.kotlin.idea.intentions.ConvertArrayParameterToVarargIntention
16431:             1             32  org.jetbrains.kotlin.idea.intentions.ConvertBinaryExpressionWithDemorgansLawIntention
16432:             1             32  org.jetbrains.kotlin.idea.intentions.ConvertBlockCommentToLineCommentIntention
16433:             1             32  org.jetbrains.kotlin.idea.intentions.ConvertCamelCaseTestFunctionToSpacedIntention
16434:             1             32  org.jetbrains.kotlin.idea.intentions.ConvertEnumToSealedClassIntention
16435:             1             32  org.jetbrains.kotlin.idea.intentions.ConvertForEachToForLoopIntention
16436:             1             32  org.jetbrains.kotlin.idea.intentions.ConvertFunctionTypeParameterToReceiverIntention
16437:             1             32  org.jetbrains.kotlin.idea.intentions.ConvertFunctionTypeReceiverToParameterIntention
16438:             1             32  org.jetbrains.kotlin.idea.intentions.ConvertLateinitPropertyToNullableIntention
16439:             1             32  org.jetbrains.kotlin.idea.intentions.ConvertLazyPropertyToOrdinaryIntention
16440:             1             32  org.jetbrains.kotlin.idea.intentions.ConvertLineCommentToBlockCommentIntention
16441:             1             32  org.jetbrains.kotlin.idea.intentions.ConvertNullablePropertyToLateinitIntention
16442:             1             32  org.jetbrains.kotlin.idea.intentions.ConvertObjectLiteralToClassIntention
16443:             1             32  org.jetbrains.kotlin.idea.intentions.ConvertOrdinaryPropertyToLazyIntention
16444:             1             32  org.jetbrains.kotlin.idea.intentions.ConvertParameterToReceiverIntention
16445:             1             32  org.jetbrains.kotlin.idea.intentions.ConvertPrimaryConstructorToSecondaryIntention
16446:             1             32  org.jetbrains.kotlin.idea.intentions.ConvertPropertyGetterToInitializerIntention
16447:             1             32  org.jetbrains.kotlin.idea.intentions.ConvertPropertyInitializerToGetterIntention
16448:             1             32  org.jetbrains.kotlin.idea.intentions.ConvertPropertyToFunctionIntention
16449:             1             32  org.jetbrains.kotlin.idea.intentions.ConvertRangeCheckToTwoComparisonsIntention
16450:             1             32  org.jetbrains.kotlin.idea.intentions.ConvertReceiverToParameterIntention
16451:             1             32  org.jetbrains.kotlin.idea.intentions.ConvertSealedClassToEnumIntention
16452:             1             32  org.jetbrains.kotlin.idea.intentions.ConvertSecondaryConstructorToPrimaryIntention
16453:             1             32  org.jetbrains.kotlin.idea.intentions.ConvertSnakeCaseTestFunctionToSpacedIntention
16454:             1             32  org.jetbrains.kotlin.idea.intentions.ConvertToBlockBodyIntention
16455:             1             32  org.jetbrains.kotlin.idea.intentions.ConvertToConcatenatedStringIntention
16456:             1             32  org.jetbrains.kotlin.idea.intentions.ConvertToForEachFunctionCallIntention
16457:             1             32  org.jetbrains.kotlin.idea.intentions.ConvertToRawStringTemplateIntention
16458:             1             32  org.jetbrains.kotlin.idea.intentions.ConvertToStringTemplateIntention
16459:             1             32  org.jetbrains.kotlin.idea.intentions.ConvertTryFinallyToUseCallIntention
16460:             1             32  org.jetbrains.kotlin.idea.intentions.ConvertUnsafeCastCallToUnsafeCastIntention
16461:             1             32  org.jetbrains.kotlin.idea.intentions.ConvertUnsafeCastToUnsafeCastCallIntention
16462:             1             32  org.jetbrains.kotlin.idea.intentions.ConvertVarargParameterToArrayIntention
16463:             1             32  org.jetbrains.kotlin.idea.intentions.ConvertVariableAssignmentToExpressionIntention
16464:             1             32  org.jetbrains.kotlin.idea.intentions.CreateKotlinSubClassIntention
16465:             1             32  org.jetbrains.kotlin.idea.intentions.DestructureIntention
16466:             1             32  org.jetbrains.kotlin.idea.intentions.EvaluateCompileTimeExpressionIntention
16467:             1             32  org.jetbrains.kotlin.idea.intentions.ExpandBooleanExpressionIntention
16468:             1             32  org.jetbrains.kotlin.idea.intentions.ImplementAbstractMemberAsConstructorParameterIntention
16469:             1             32  org.jetbrains.kotlin.idea.intentions.ImplementAbstractMemberIntention
16470:             1             32  org.jetbrains.kotlin.idea.intentions.ImportAllMembersIntention
16471:             1             32  org.jetbrains.kotlin.idea.intentions.ImportMemberIntention
16472:             1             32  org.jetbrains.kotlin.idea.intentions.IndentRawStringIntention
16473:             1             32  org.jetbrains.kotlin.idea.intentions.InfixCallToOrdinaryIntention
16474:             1             32  org.jetbrains.kotlin.idea.intentions.InsertCurlyBracesToTemplateIntention
16475:             1             32  org.jetbrains.kotlin.idea.intentions.InsertExplicitTypeArgumentsIntention
16476:             1             32  org.jetbrains.kotlin.idea.intentions.IntroduceBackingPropertyIntention
16477:             1             32  org.jetbrains.kotlin.idea.intentions.IntroduceImportAliasIntention
16478:             1             32  org.jetbrains.kotlin.idea.intentions.IntroduceVariableIntention
16479:             1             32  org.jetbrains.kotlin.idea.intentions.InvertIfConditionIntention
16480:             1             32  org.jetbrains.kotlin.idea.intentions.IterateExpressionIntention
16481:             1             32  org.jetbrains.kotlin.idea.intentions.JoinDeclarationAndAssignmentIntention
16482:             1             32  org.jetbrains.kotlin.idea.intentions.LambdaToAnonymousFunctionIntention
16483:             1             32  org.jetbrains.kotlin.idea.intentions.MergeElseIfIntention
16484:             1             32  org.jetbrains.kotlin.idea.intentions.MergeIfsIntention
16485:             1             32  org.jetbrains.kotlin.idea.intentions.MoveLambdaInsideParenthesesIntention
16486:             1             32  org.jetbrains.kotlin.idea.intentions.MoveMemberOutOfCompanionObjectIntention
16487:             1             32  org.jetbrains.kotlin.idea.intentions.MoveMemberToCompanionObjectIntention
16488:             1             32  org.jetbrains.kotlin.idea.intentions.MoveMemberToTopLevelIntention
16489:             1             32  org.jetbrains.kotlin.idea.intentions.MovePropertyToClassBodyIntention
16490:             1             32  org.jetbrains.kotlin.idea.intentions.MovePropertyToConstructorIntention
16491:             1             32  org.jetbrains.kotlin.idea.intentions.NullableBooleanEqualityCheckToElvisIntention
16492:             1             32  org.jetbrains.kotlin.idea.intentions.ObjectLiteralToLambdaIntention
16493:             1             32  org.jetbrains.kotlin.idea.intentions.OperatorToFunctionIntention
16494:             1             32  org.jetbrains.kotlin.idea.intentions.ReconstructTypeInCastOrIsIntention
16495:             1             32  org.jetbrains.kotlin.idea.intentions.RemoveArgumentNameIntention
16496:             1             32  org.jetbrains.kotlin.idea.intentions.RemoveBracesIntention
16497:             1             32  org.jetbrains.kotlin.idea.intentions.RemoveConstructorKeywordIntention
16498:             1             32  org.jetbrains.kotlin.idea.intentions.RemoveEmptyClassBodyIntention
16499:             1             32  org.jetbrains.kotlin.idea.intentions.RemoveEmptyParenthesesFromLambdaCallIntention
16500:             1             32  org.jetbrains.kotlin.idea.intentions.RemoveEmptyPrimaryConstructorIntention
16501:             1             32  org.jetbrains.kotlin.idea.intentions.RemoveEmptySecondaryConstructorBodyIntention
16502:             1             32  org.jetbrains.kotlin.idea.intentions.RemoveExplicitLambdaParameterTypesIntention
16503:             1             32  org.jetbrains.kotlin.idea.intentions.RemoveExplicitSuperQualifierIntention
16504:             1             32  org.jetbrains.kotlin.idea.intentions.RemoveExplicitTypeArgumentsIntention
16505:             1             32  org.jetbrains.kotlin.idea.intentions.RemoveExplicitTypeIntention
16506:             1             32  org.jetbrains.kotlin.idea.intentions.RemoveLabeledReturnInLambdaIntention
16507:             1             32  org.jetbrains.kotlin.idea.intentions.RemoveSingleExpressionStringTemplateIntention
16508:             1             32  org.jetbrains.kotlin.idea.intentions.RemoveUnderscoresFromNumericLiteralIntention
16509:             1             32  org.jetbrains.kotlin.idea.intentions.RemoveUnnecessaryParenthesesIntention
16510:             1             32  org.jetbrains.kotlin.idea.intentions.RenameClassToContainingFileNameIntention
16511:             1             32  org.jetbrains.kotlin.idea.intentions.RenameFileToMatchClassIntention
16512:             1             32  org.jetbrains.kotlin.idea.intentions.ReplaceItWithExplicitFunctionLiteralParamIntention
16513:             1             32  org.jetbrains.kotlin.idea.intentions.ReplaceMapGetOrDefaultIntention
16514:             1             32  org.jetbrains.kotlin.idea.intentions.ReplaceSizeCheckWithIsNotEmptyIntention
16515:             1             32  org.jetbrains.kotlin.idea.intentions.ReplaceSizeZeroCheckWithIsEmptyIntention
16516:             1             32  org.jetbrains.kotlin.idea.intentions.ReplaceUnderscoreWithParameterNameIntention
16517:             1             32  org.jetbrains.kotlin.idea.intentions.ReplaceUntilWithRangeToIntention
16518:             1             32  org.jetbrains.kotlin.idea.intentions.ReplaceWithOrdinaryAssignmentIntention
16519:             1             32  org.jetbrains.kotlin.idea.intentions.SamConversionToAnonymousObjectIntention
16520:             1             32  org.jetbrains.kotlin.idea.intentions.SimplifyBooleanWithConstantsIntention
16521:             1             32  org.jetbrains.kotlin.idea.intentions.SpecifyExplicitLambdaSignatureIntention
16522:             1             32  org.jetbrains.kotlin.idea.intentions.SpecifyTypeExplicitlyInDestructuringAssignmentIntention
16523:             1             32  org.jetbrains.kotlin.idea.intentions.SpecifyTypeExplicitlyIntention
16524:             1             32  org.jetbrains.kotlin.idea.intentions.SplitIfIntention
16525:             1             32  org.jetbrains.kotlin.idea.intentions.SwapBinaryExpressionIntention
16526:             1             32  org.jetbrains.kotlin.idea.intentions.SwapStringEqualsIgnoreCaseIntention
16527:             1             32  org.jetbrains.kotlin.idea.intentions.ToInfixCallIntention
16528:             1             32  org.jetbrains.kotlin.idea.intentions.ToOrdinaryStringLiteralIntention
16529:             1             32  org.jetbrains.kotlin.idea.intentions.ToRawStringLiteralIntention
16530:             1             32  org.jetbrains.kotlin.idea.intentions.TrailingCommaIntention
16531:             1             32  org.jetbrains.kotlin.idea.intentions.UsePropertyAccessSyntaxIntention
16532:             1             32  org.jetbrains.kotlin.idea.intentions.ValToObjectIntention
16533:             1             32  org.jetbrains.kotlin.idea.intentions.branchedTransformations.intentions.DoubleBangToIfThenIntention
16534:             1             32  org.jetbrains.kotlin.idea.intentions.branchedTransformations.intentions.EliminateWhenSubjectIntention
16535:             1             32  org.jetbrains.kotlin.idea.intentions.branchedTransformations.intentions.ElvisToIfThenIntention
16536:             1             32  org.jetbrains.kotlin.idea.intentions.branchedTransformations.intentions.FlattenWhenIntention
16537:             1             32  org.jetbrains.kotlin.idea.intentions.branchedTransformations.intentions.FoldIfToReturnAsymmetricallyIntention
16538:             1             32  org.jetbrains.kotlin.idea.intentions.branchedTransformations.intentions.IfToWhenIntention
16539:             1             32  org.jetbrains.kotlin.idea.intentions.branchedTransformations.intentions.SafeAccessToIfThenIntention
16540:             1             32  org.jetbrains.kotlin.idea.intentions.branchedTransformations.intentions.UnfoldAssignmentToIfIntention
16541:             1             32  org.jetbrains.kotlin.idea.intentions.branchedTransformations.intentions.UnfoldAssignmentToWhenIntention
16542:             1             32  org.jetbrains.kotlin.idea.intentions.branchedTransformations.intentions.UnfoldPropertyToIfIntention
16543:             1             32  org.jetbrains.kotlin.idea.intentions.branchedTransformations.intentions.UnfoldPropertyToWhenIntention
16544:             1             32  org.jetbrains.kotlin.idea.intentions.branchedTransformations.intentions.UnfoldReturnToIfIntention
16545:             1             32  org.jetbrains.kotlin.idea.intentions.branchedTransformations.intentions.UnfoldReturnToWhenIntention
16546:             1             32  org.jetbrains.kotlin.idea.intentions.branchedTransformations.intentions.WhenToIfIntention
16547:             1             32  org.jetbrains.kotlin.idea.intentions.conventionNameCalls.ReplaceCallWithUnaryOperatorIntention
16548:             1             32  org.jetbrains.kotlin.idea.intentions.conventionNameCalls.ReplaceContainsIntention
16549:             1             32  org.jetbrains.kotlin.idea.intentions.conventionNameCalls.ReplaceInvokeIntention
16550:             1             32  org.jetbrains.kotlin.idea.intentions.copyConcatenatedStringToClipboard.CopyConcatenatedStringToClipboardIntention
16551:             1             32  org.jetbrains.kotlin.idea.intentions.declarations.ConvertMemberToExtensionIntention
16552:             1             32  org.jetbrains.kotlin.idea.intentions.declarations.SplitPropertyDeclarationIntention
16553:             2             32  org.jetbrains.kotlin.idea.internal.DecompiledFileWritingAccessProvider
16554:             2             32  org.jetbrains.kotlin.idea.internal.makeBackup.MakeBackupCompileTask
16555:             2             32  org.jetbrains.kotlin.idea.java.UnimplementedKotlinInterfaceMemberAnnotator
16556:             1             32  org.jetbrains.kotlin.idea.klib.KlibMetadataStubBuilder
16557:             1             32  org.jetbrains.kotlin.idea.maven.KotlinMavenBundle
16558:             2             32  org.jetbrains.kotlin.idea.maven.MavenImportListener$runActivity$1
16559:             2             32  org.jetbrains.kotlin.idea.maven.MavenImportListener$runActivity$2
16560:             1             32  org.jetbrains.kotlin.idea.maven.actions.KotlinMavenPluginProvider
16561:             1             32  org.jetbrains.kotlin.idea.migration.CodeMigrationToggleAction
16562:             1             32  org.jetbrains.kotlin.idea.navigationToolbar.KotlinNavBarModelExtension
16563:             2             32  org.jetbrains.kotlin.idea.project.PlatformKt$createCachedValueForLanguageVersionSettings$1
16564:             2             32  org.jetbrains.kotlin.idea.projectView.KotlinExpandNodeProjectViewProvider
16565:             2             32  org.jetbrains.kotlin.idea.projectView.KotlinSelectInProjectViewProvider
16566:             1             32  org.jetbrains.kotlin.idea.quickfix.AddConstModifierIntention
16567:             1             32  org.jetbrains.kotlin.idea.refactoring.move.changePackage.ChangePackageIntention
16568:             1             32  org.jetbrains.kotlin.idea.refactoring.move.moveDeclarations.ExtractDeclarationFromCurrentFileIntention
16569:             1             32  org.jetbrains.kotlin.idea.scratch.actions.ClearScratchAction
16570:             1             32  org.jetbrains.kotlin.idea.scratch.actions.RunScratchAction
16571:             1             32  org.jetbrains.kotlin.idea.scratch.actions.StopScratchAction
16572:             2             32  org.jetbrains.kotlin.idea.script.MainKtsScriptDefinitionSource
16573:             2             32  org.jetbrains.kotlin.idea.script.ScriptTemplatesFromCompilerSettingsProvider$1
16574:             2             32  org.jetbrains.kotlin.idea.script.ScriptTemplatesFromDependenciesProvider$1
16575:             2             32  org.jetbrains.kotlin.idea.script.configuration.MultipleScriptDefinitionsChecker
16576:             2             32  org.jetbrains.kotlin.idea.scripting.gradle.GradleScriptDefinitionsContributor$subscribeToGradleSettingChanges$listener$1
16577:             2             32  org.jetbrains.kotlin.idea.scripting.gradle.GradleScriptNotificationProvider
16578:             1             32  org.jetbrains.kotlin.idea.scripting.gradle.LoadConfigurationAction
16579:             2             32  org.jetbrains.kotlin.idea.scripting.gradle.legacy.GradleLegacyScriptListener
16580:             2             32  org.jetbrains.kotlin.idea.scripting.gradle.roots.GradleBuildRootsManager$listener$1
16581:             2             32  org.jetbrains.kotlin.idea.search.KotlinSearchUsagesSupportImpl
16582:             2             32  org.jetbrains.kotlin.idea.search.ideaExtensions.KotlinReadWriteAccessDetector
16583:             2             32  org.jetbrains.kotlin.idea.search.ideaExtensions.KotlinTargetElementEvaluator
16584:             2             32  org.jetbrains.kotlin.idea.search.ideaExtensions.KotlinTodoSearcher
16585:             2             32  org.jetbrains.kotlin.idea.stubindex.KotlinAnnotationsIndex
16586:             2             32  org.jetbrains.kotlin.idea.stubindex.KotlinClassShortNameIndex
16587:             2             32  org.jetbrains.kotlin.idea.stubindex.KotlinExactPackagesIndex
16588:             2             32  org.jetbrains.kotlin.idea.stubindex.KotlinFileFacadeClassByPackageIndex
16589:             2             32  org.jetbrains.kotlin.idea.stubindex.KotlinFileFacadeFqNameIndex
16590:             2             32  org.jetbrains.kotlin.idea.stubindex.KotlinFileFacadeShortNameIndex
16591:             2             32  org.jetbrains.kotlin.idea.stubindex.KotlinFilePartClassIndex
16592:             2             32  org.jetbrains.kotlin.idea.stubindex.KotlinFullClassNameIndex
16593:             2             32  org.jetbrains.kotlin.idea.stubindex.KotlinFunctionShortNameIndex
16594:             2             32  org.jetbrains.kotlin.idea.stubindex.KotlinMultifileClassPartIndex
16595:             2             32  org.jetbrains.kotlin.idea.stubindex.KotlinOverridableInternalMembersShortNameIndex
16596:             2             32  org.jetbrains.kotlin.idea.stubindex.KotlinProbablyContractedFunctionShortNameIndex
16597:             2             32  org.jetbrains.kotlin.idea.stubindex.KotlinProbablyNothingFunctionShortNameIndex
16598:             2             32  org.jetbrains.kotlin.idea.stubindex.KotlinProbablyNothingPropertyShortNameIndex
16599:             2             32  org.jetbrains.kotlin.idea.stubindex.KotlinPropertyShortNameIndex
16600:             2             32  org.jetbrains.kotlin.idea.stubindex.KotlinScriptFqnIndex
16601:             2             32  org.jetbrains.kotlin.idea.stubindex.KotlinSuperClassIndex
16602:             2             32  org.jetbrains.kotlin.idea.stubindex.KotlinTopLevelClassByPackageIndex
16603:             2             32  org.jetbrains.kotlin.idea.stubindex.KotlinTopLevelExtensionsByReceiverTypeIndex
16604:             2             32  org.jetbrains.kotlin.idea.stubindex.KotlinTopLevelFunctionByPackageIndex
16605:             2             32  org.jetbrains.kotlin.idea.stubindex.KotlinTopLevelFunctionFqnNameIndex
16606:             2             32  org.jetbrains.kotlin.idea.stubindex.KotlinTopLevelPropertyByPackageIndex
16607:             2             32  org.jetbrains.kotlin.idea.stubindex.KotlinTopLevelPropertyFqnNameIndex
16608:             2             32  org.jetbrains.kotlin.idea.stubindex.KotlinTopLevelTypeAliasByPackageIndex
16609:             2             32  org.jetbrains.kotlin.idea.stubindex.KotlinTopLevelTypeAliasFqNameIndex
16610:             2             32  org.jetbrains.kotlin.idea.stubindex.KotlinTypeAliasByExpansionShortNameIndex
16611:             2             32  org.jetbrains.kotlin.idea.stubindex.KotlinTypeAliasShortNameIndex
16612:             2             32  org.jetbrains.kotlin.idea.stubindex.SubpackagesIndexService$cachedValue$1
16613:             1             32  org.jetbrains.kotlin.idea.testIntegration.KotlinCreateTestIntention
16614:             2             32  org.jetbrains.kotlin.idea.versions.UnsupportedAbiVersionNotificationPanelProvider$updateNotifications$1
16615:             2             32  org.jetbrains.kotlin.idea.vfilefinder.KotlinJvmModuleAnnotationsIndex
16616:             2             32  org.jetbrains.kotlin.idea.vfilefinder.KotlinModuleMappingIndex
16617:             2             32  org.jetbrains.kotlin.idea.vfilefinder.KotlinPackageSourcesMemberNamesIndex
16618:             2             32  org.jetbrains.kotlin.jsr223.ScriptDefinitionForExtensionAndIdeConsoleRootsSource
16619:             1             32  org.jetbrains.kotlin.org.apache.ivy.util.DefaultMessageLogger
16620:             1             32  org.jetbrains.kotlin.org.apache.ivy.util.DefaultMessageLogger
16621:             2             32  org.jetbrains.kotlin.platform.impl.CommonIdePlatformKind
16622:             2             32  org.jetbrains.kotlin.platform.impl.JsIdePlatformKind
16623:             2             32  org.jetbrains.kotlin.platform.impl.JvmIdePlatformKind
16624:             2             32  org.jetbrains.kotlin.platform.impl.NativeIdePlatformKind
16625:             1             32  org.jetbrains.kotlin.resolve.jvm.KotlinJavaPsiFacade
16626:             1             32  org.jetbrains.kotlin.resolve.jvm.KotlinJavaPsiFacade$2
16627:             1             32  org.jetbrains.lang.manifest.ManifestLanguage
16628:             1             32  org.jetbrains.mvstore.MVStore$RemovedPageInfo
16629:             2             32  org.jetbrains.mvstore.MapMetadata$MapMetadataSerializer
16630:             1             32  org.jetbrains.plugins.github.GithubCreateGistAction
16631:             1             32  org.jetbrains.plugins.github.GithubShareAction
16632:             1             32  org.jetbrains.plugins.github.authentication.ui.AddGHAccountAction
16633:             1             32  org.jetbrains.plugins.github.authentication.ui.AddGHAccountWithTokenAction
16634:             1             32  org.jetbrains.plugins.github.authentication.ui.AddGHEAccountAction
16635:             1             32  org.jetbrains.plugins.github.i18n.GithubBundle
16636:             1             32  org.jetbrains.plugins.github.pullrequest.action.GHPRCreateBranchAction
16637:             1             32  org.jetbrains.plugins.github.pullrequest.action.GHPROpenPullRequestAction
16638:             1             32  org.jetbrains.plugins.github.pullrequest.action.GHPROpenPullRequestTimelineAction
16639:             1             32  org.jetbrains.plugins.github.pullrequest.action.GHPRReloadChangesAction
16640:             1             32  org.jetbrains.plugins.github.pullrequest.action.GHPRReloadCommentsAction
16641:             1             32  org.jetbrains.plugins.github.pullrequest.action.GHPRReloadDetailsAction
16642:             1             32  org.jetbrains.plugins.github.pullrequest.action.GHPRReloadListAction
16643:             1             32  org.jetbrains.plugins.github.pullrequest.action.GHPRReviewSubmitAction
16644:             1             32  org.jetbrains.plugins.github.pullrequest.action.GHPRUpdateBranchAction
16645:             1             32  org.jetbrains.plugins.github.pullrequest.action.GHPRUpdateTimelineAction
16646:             1             32  org.jetbrains.plugins.github.pullrequest.comment.action.GHPRCreateDiffCommentAction
16647:             2             32  org.jetbrains.plugins.github.pullrequest.config.GithubPullRequestsProjectUISettings
16648:             2             32  org.jetbrains.plugins.github.pullrequest.ui.SimpleEventListener$Companion$addDisposableListener$1
16649:             1             32  org.jetbrains.plugins.gradle.action.GradleExecuteTaskAction
16650:             1             32  org.jetbrains.plugins.gradle.action.GradleOpenProjectCompositeConfigurationAction
16651:             1             32  org.jetbrains.plugins.gradle.action.ImportProjectFromScriptAction
16652:             1             32  org.jetbrains.plugins.gradle.action.ToggleOfflineAction
16653:             2             32  org.jetbrains.plugins.gradle.autolink.GradleUnlinkedProjectAware$subscribe$1
16654:             2             32  org.jetbrains.plugins.gradle.config.GradleResourceCompilerConfigurationGenerator$1
16655:             2             32  org.jetbrains.plugins.gradle.config.GradleResourceConfigurationGeneratorCompileTask
16656:             1             32  org.jetbrains.plugins.gradle.integrations.maven.codeInsight.actions.AddGradleDslDependencyAction
16657:             2             32  org.jetbrains.plugins.gradle.projectView.GradleTreeStructureProvider
16658:             2             32  org.jetbrains.plugins.gradle.service.GradleBuildClasspathManager$$Lambda$2900/0x0000000801c22c40
16659:             2             32  org.jetbrains.plugins.gradle.service.project.data.ExternalProjectDataCache
16660:             1             32  org.jetbrains.plugins.gradle.util.GradleBundle
16661:             1             32  org.jetbrains.plugins.gradle.util.GradleDocumentationBundle
16662:             1             32  org.jetbrains.plugins.groovy.GroovyBundle
16663:             1             32  org.jetbrains.plugins.groovy.GroovyLanguage
16664:             1             32  org.jetbrains.plugins.groovy.actions.ConvertToJavaAction
16665:             1             32  org.jetbrains.plugins.groovy.actions.ConvertToStaticAction
16666:             1             32  org.jetbrains.plugins.groovy.actions.generate.equals.GroovyGenerateEqualsHandler
16667:             1             32  org.jetbrains.plugins.groovy.compiler.CheckResourcesAction$Make
16668:             1             32  org.jetbrains.plugins.groovy.compiler.CheckResourcesAction$Rebuild
16669:             1             32  org.jetbrains.plugins.groovy.compiler.ExcludeFromStubGenerationAction
16670:             2             32  org.jetbrains.plugins.groovy.compiler.GrBuildProcessParametersProvider
16671:             2             32  org.jetbrains.plugins.groovy.compiler.GreclipseIdeaCompiler
16672:             2             32  org.jetbrains.plugins.groovy.compiler.GroovyCompilableFileTypesProvider
16673:             2             32  org.jetbrains.plugins.groovy.compiler.GroovyStubNotificationProvider
16674:             2             32  org.jetbrains.plugins.groovy.config.ConfigureGroovyLibraryNotificationProvider
16675:             1             32  org.jetbrains.plugins.groovy.console.GrExecuteCommandAction
16676:             1             32  org.jetbrains.plugins.groovy.console.GrNewConsoleAction
16677:             2             32  org.jetbrains.plugins.groovy.console.GroovyConsoleEditorDecorator
16678:             2             32  org.jetbrains.plugins.groovy.debugger.GroovyHotSwapper$$Lambda$5010/0x0000000802b1bc40
16679:             2             32  org.jetbrains.plugins.groovy.debugger.GroovyPositionManagerFactory
16680:             1             32  org.jetbrains.plugins.groovy.gant.NewGantScriptAction
16681:             1             32  org.jetbrains.plugins.groovy.intentions.GroovyIntentionsBundle
16682:             2             32  org.jetbrains.plugins.groovy.intentions.control.ComparisonPredicate
16683:             2             32  org.jetbrains.plugins.groovy.intentions.control.ConjunctionPredicate
16684:             2             32  org.jetbrains.plugins.groovy.lang.psi.impl.javaView.GroovyClassFinder
16685:             2             32  org.jetbrains.plugins.groovy.lang.psi.impl.javaView.GroovyLightInnerClassFinder
16686:             1             32  org.jetbrains.plugins.groovy.lang.psi.patterns.GroovyElementPattern$1
16687:             2             32  org.jetbrains.plugins.groovy.lang.psi.stubs.index.GrFullClassNameIndex
16688:             2             32  org.jetbrains.plugins.groovy.lang.psi.stubs.index.GrFullScriptNameIndex
16689:             2             32  org.jetbrains.plugins.groovy.lang.stubs.GroovyShortNamesCache
16690:             2             32  org.jetbrains.plugins.groovy.mvc.MvcModuleStructureSynchronizer$2
16691:             2             32  org.jetbrains.plugins.groovy.mvc.MvcModuleStructureSynchronizer$3
16692:             1             32  org.jetbrains.plugins.groovy.mvc.MvcUpgradeAction
16693:             1             32  org.jetbrains.plugins.groovy.mvc.actions.MvcRunCommandAction
16694:             1             32  org.jetbrains.plugins.groovy.refactoring.GroovyRefactoringBundle
16695:             2             32  org.jetbrains.plugins.groovy.refactoring.GroovyRefactoringSupportProvider
16696:             2             32  org.jetbrains.plugins.groovy.springloaded.SpringLoadedPositionManagerFactory
16697:             1             32  org.jetbrains.plugins.javaFX.JavaFXBundle
16698:             1             32  org.jetbrains.plugins.javaFX.actions.CreateFxmlFileAction
16699:             1             32  org.jetbrains.plugins.javaFX.actions.OpenInSceneBuilderAction
16700:             2             32  org.jetbrains.plugins.javaFX.fxml.FxmlPresenceListener
16701:             2             32  org.jetbrains.plugins.javaFX.fxml.JavaFxModuleUtil$$Lambda$3236/0x0000000801f09440
16702:             2             32  org.jetbrains.plugins.javaFX.fxml.JavaFxModuleUtil$$Lambda$3237/0x0000000801f60040
16703:             2             32  org.jetbrains.plugins.javaFX.fxml.JavaFxNamespaceDataProvider
16704:             2             32  org.jetbrains.plugins.javaFX.fxml.ScriptLanguageInjector
16705:             2             32  org.jetbrains.plugins.javaFX.fxml.refs.JavaFxComponentIdReferenceProvider
16706:             2             32  org.jetbrains.plugins.javaFX.fxml.refs.JavaFxFileReferenceProvider
16707:             2             32  org.jetbrains.plugins.javaFX.fxml.refs.JavaFxSourceReferenceProvider
16708:             1             32  org.jetbrains.plugins.terminal.TerminalBundle
16709:             2             32  org.jetbrains.plugins.terminal.action.GotoSplitTerminalActionBase$$Lambda$867/0x00000008009ac440
16710:             1             32  org.jetbrains.plugins.terminal.action.MoveTerminalSessionToEditorAction
16711:             1             32  org.jetbrains.plugins.terminal.action.RevealFileInTerminalAction
16712:             1             32  org.jetbrains.plugins.terminal.action.TerminalClearBufferAction
16713:             1             32  org.jetbrains.plugins.terminal.action.TerminalCopySelectedTextAction
16714:             1             32  org.jetbrains.plugins.terminal.action.TerminalPasteAction
16715:             1             32  org.jetbrains.plugins.terminal.action.TerminalSwitchFocusToEditorAction
16716:             1             32  org.jetbrains.plugins.terminal.shellCommandRunner.TerminalDebugSmartCommandAction
16717:             1             32  org.jetbrains.plugins.terminal.shellCommandRunner.TerminalRunSmartCommandAction
16718:             1             32  org.jetbrains.plugins.textmate.TextMateLanguage
16719:             2             32  org.jetbrains.plugins.textmate.bundles.Bundle$BundleFilesFilter
16720:             2             32  org.jetbrains.plugins.textmate.configuration.TextMateSettings$TextMateSettingsState
16721:             1             32  org.jetbrains.plugins.textmate.language.preferences.PreferencesRegistry
16722:             2             32  org.jetbrains.settingsRepository.AutoSyncManager$registerListeners$1
16723:             1             32  org.jetbrains.settingsRepository.actions.ConfigureIcsAction
16724:             2             32  org.jetbrains.uast.UastBinaryOperator$LogicalOperator
16725:             1             32  org.jetbrains.uast.UastFacade$language$1
16726:             1             32  org.jetbrains.yaml.YAMLBundle
16727:             1             32  org.jetbrains.yaml.YAMLLanguage
16728:             2             32  org.jetbrains.yaml.schema.YamlJsonSchemaLanguageInjector
16729:             2             32  org.jetbrains.yaml.smart.YAMLEditorOptions
16730:             1             32  org.jetbrains.yaml.smart.YAMLSmartOptionsProvider
16731:             1             32  org.xml.sax.helpers.LocatorImpl (java.xml@11.0.9.1)
16732:             1             32  org.zmlx.hg4idea.HgBundle
16733:             1             32  org.zmlx.hg4idea.action.HgCompareWithBranchAction
16734:             1             32  org.zmlx.hg4idea.action.HgCreateNewBranchFromLogAction
16735:             1             32  org.zmlx.hg4idea.action.HgCreateTagAction
16736:             1             32  org.zmlx.hg4idea.action.HgCreateTagFromLogAction
16737:             1             32  org.zmlx.hg4idea.action.HgMarkResolved
16738:             1             32  org.zmlx.hg4idea.action.HgMerge
16739:             1             32  org.zmlx.hg4idea.action.HgMergeWithRevisionFromLog
16740:             1             32  org.zmlx.hg4idea.action.HgPullAction
16741:             1             32  org.zmlx.hg4idea.action.HgRunConflictResolverAction
16742:             1             32  org.zmlx.hg4idea.action.HgUpdateToAction
16743:             1             32  org.zmlx.hg4idea.action.HgUpdateToFromLogAction
16744:             1             32  org.zmlx.hg4idea.action.mq.HgQFinishFromLogAction
16745:             1             32  org.zmlx.hg4idea.action.mq.HgQFoldActionFromPatches
16746:             1             32  org.zmlx.hg4idea.action.mq.HgQGotoActionFromMqPatches
16747:             1             32  org.zmlx.hg4idea.action.mq.HgQGotoFromLogAction
16748:             1             32  org.zmlx.hg4idea.action.mq.HgQImportFromLogAction
16749:             1             32  org.zmlx.hg4idea.action.mq.HgQPushActionFromPatches
16750:             1             32  org.zmlx.hg4idea.action.mq.HgQRenameFromLogAction
16751:             1             32  org.zmlx.hg4idea.action.mq.HgShowUnAppliedPatchesAction
16752:             1             32  org.zmlx.hg4idea.branch.HgBranchesAction
16753:             2             32  org.zmlx.hg4idea.ignore.HgIgnoredFileContentProvider
16754:             2             32  org.zmlx.hg4idea.provider.HgDiffProvider
16755:             2             32  org.zmlx.hg4idea.provider.HgHistoryProvider
16756:             2             32  org.zmlx.hg4idea.provider.HgMergeProvider
16757:             2             32  org.zmlx.hg4idea.provider.HgRollbackEnvironment
16758:             2             32  org.zmlx.hg4idea.provider.annotate.HgAnnotationProvider
16759:             2             32  org.zmlx.hg4idea.provider.commit.HgCloseBranchExecutor
16760:             2             32  org.zmlx.hg4idea.provider.commit.HgCommitAndPushExecutor
16761:             2             32  org.zmlx.hg4idea.provider.commit.HgMQNewExecutor
16762:             2             32  org.zmlx.hg4idea.provider.update.HgUpdateConfigurationSettings
16763:             2             32  org.zmlx.hg4idea.status.ui.HgIncomingOutgoingWidget$Listener
16764:             2             32  org.zmlx.hg4idea.status.ui.HgStatusWidget$Listener
16765:             1             32  sun.awt.PostEventQueue (java.desktop@11.0.9.1)
16766:             1             32  sun.awt.image.FetcherInfo (java.desktop@11.0.9.1)
16767:             1             32  sun.awt.image.ImageCache (java.desktop@11.0.9.1)
16768:             1             32  sun.font.GlyphLayout$GVData (java.desktop@11.0.9.1)
16769:             1             32  sun.font.TextRecord (java.desktop@11.0.9.1)
16770:             1             32  sun.java2d.opengl.OGLRenderQueue$QueueFlusher (java.desktop@11.0.9.1)
16771:             1             32  sun.java2d.opengl.OGLRenderer (java.desktop@11.0.9.1)
16772:             2             32  sun.java2d.pipe.PixelToShapeConverter (java.desktop@11.0.9.1)
16773:             2             32  sun.java2d.pipe.SpanShapeRenderer$Composite (java.desktop@11.0.9.1)
16774:             2             32  sun.jvmstat.monitor.HostIdentifier (jdk.internal.jvmstat@11.0.9.1)
16775:             1             32  sun.lwawt.macosx.CToolkitThreadBlockedHandler (java.desktop@11.0.9.1)
16776:             1             32  sun.management.NotificationEmitterSupport$ListenerInfo (java.management@11.0.9.1)
16777:             1             32  sun.net.www.http.KeepAliveStreamCleaner (java.base@11.0.9.1)
16778:             1             32  sun.net.www.protocol.https.Handler (java.base@11.0.9.1)
16779:             1             32  sun.nio.cs.StandardCharsets (java.base@11.0.9.1)
16780:             1             32  sun.nio.fs.MacOSXFileSystem (java.base@11.0.9.1)
16781:             2             32  sun.reflect.generics.tree.ArrayTypeSignature (java.base@11.0.9.1)
16782:             1             32  sun.rmi.transport.DGCClient$EndpointEntry$RenewCleanThread$$Lambda$2983/0x0000000801c7f040 (java.rmi@11.0.9.1)
16783:             1             32  sun.rmi.transport.tcp.TCPTransport (java.rmi@11.0.9.1)
16784:             1             32  sun.rmi.transport.tcp.TCPTransport$AcceptLoop (java.rmi@11.0.9.1)
16785:             2             32  sun.security.provider.FileInputStreamPool$UnclosableInputStream (java.base@11.0.9.1)
16786:             1             32  sun.security.provider.SecureRandom (java.base@11.0.9.1)
16787:             2             32  sun.security.ssl.AlpnExtension$SHAlpnAbsence (java.base@11.0.9.1)
16788:             2             32  sun.security.ssl.AlpnExtension$SHAlpnConsumer (java.base@11.0.9.1)
16789:             2             32  sun.security.ssl.AlpnExtension$SHAlpnProducer (java.base@11.0.9.1)
16790:             2             32  sun.security.ssl.DHKeyExchange$DHEKAGenerator (java.base@11.0.9.1)
16791:             2             32  sun.security.ssl.DHKeyExchange$DHEPossessionGenerator (java.base@11.0.9.1)
16792:             2             32  sun.security.ssl.SSLAlgorithmDecomposer (java.base@11.0.9.1)
16793:             2             32  sun.security.ssl.SSLCipher$NullReadCipherGenerator (java.base@11.0.9.1)
16794:             2             32  sun.security.ssl.SSLCipher$NullWriteCipherGenerator (java.base@11.0.9.1)
16795:             2             32  sun.security.ssl.SSLCipher$T12GcmReadCipherGenerator (java.base@11.0.9.1)
16796:             2             32  sun.security.ssl.SSLCipher$T12GcmWriteCipherGenerator (java.base@11.0.9.1)
16797:             2             32  sun.security.ssl.SSLCipher$T13GcmReadCipherGenerator (java.base@11.0.9.1)
16798:             2             32  sun.security.ssl.SSLCipher$T13GcmWriteCipherGenerator (java.base@11.0.9.1)
16799:             2             32  sun.security.ssl.ServerHello$T12ServerHelloConsumer (java.base@11.0.9.1)
16800:             2             32  sun.security.ssl.ServerHello$T13HelloRetryRequestConsumer (java.base@11.0.9.1)
16801:             2             32  sun.security.ssl.ServerHello$T13ServerHelloConsumer (java.base@11.0.9.1)
16802:             2             32  sun.security.ssl.SupportedVersionsExtension$SHSupportedVersionsStringizer (java.base@11.0.9.1)
16803:             2             32  sun.security.util.HostnameChecker (java.base@11.0.9.1)
16804:             1             32  sun.security.util.math.intpoly.IntegerPolynomialP256 (java.base@11.0.9.1)
16805:             1             32  sun.security.util.math.intpoly.IntegerPolynomialP384 (java.base@11.0.9.1)
16806:             1             32  sun.security.util.math.intpoly.IntegerPolynomialP521 (java.base@11.0.9.1)
16807:             1             32  sun.security.util.math.intpoly.P256OrderField (java.base@11.0.9.1)
16808:             1             32  sun.security.util.math.intpoly.P384OrderField (java.base@11.0.9.1)
16809:             1             32  sun.security.util.math.intpoly.P521OrderField (java.base@11.0.9.1)
16810:             1             32  sun.security.x509.IssuerAlternativeNameExtension (java.base@11.0.9.1)
16811:             1             32  sun.security.x509.PrivateKeyUsageExtension (java.base@11.0.9.1)
16812:             1             32  sun.text.CompactByteArray (java.base@11.0.9.1)
16813:             2             32  sun.text.normalizer.Norm2AllModes$DecomposeNormalizer2 (java.base@11.0.9.1)
16814:             2             32  sun.text.normalizer.NormalizerBase$ModeImpl (java.base@11.0.9.1)
16815:             1             32  sun.text.normalizer.UBiDiProps (java.base@11.0.9.1)
16816:             1             32  training.actions.NextLessonAction
16817:             1             32  training.actions.OpenLearnPanel
16818:             1             32  training.actions.PreviousLessonAction
16819:             1             32  training.actions.ResetLearningProgressAction
16820:             1             32  training.actions.RestartLessonAction
16821:             2             32  training.editor.LearnProjectFileEditorListener
16822:             1             32  training.learn.LearnBundle
16823:             1             32  training.learn.LessonsBundle
16824:             1             24  [Lcom.android.flags.ImmutableFlagOverrides;
16825:             1             24  [Lcom.android.resources.HighDynamicRange;
16826:             1             24  [Lcom.android.resources.LayoutDirection;
16827:             1             24  [Lcom.android.resources.NavigationState;
16828:             1             24  [Lcom.android.resources.NightMode;
16829:             1             24  [Lcom.android.resources.ScreenRatio;
16830:             1             24  [Lcom.android.resources.ScreenRound;
16831:             1             24  [Lcom.android.resources.WideGamutColor;
16832:             1             24  [Lcom.android.tools.adtui.workbench.Side;
16833:             1             24  [Lcom.android.tools.idea.databinding.LayoutBindingSupport;
16834:             1             24  [Lcom.android.tools.idea.lint.common.LintIdeSupport;
16835:             1             24  [Lcom.android.tools.idea.profiling.capture.CaptureType;
16836:             1             24  [Lcom.android.tools.idea.run.editor.AndroidDebugger;
16837:             1             24  [Lcom.android.tools.idea.run.util.SwapInfo$SwapType;
16838:             1             24  [Lcom.android.tools.idea.uibuilder.surface.AccessoryPanel$Type;
16839:             1             24  [Lcom.apple.eawt.QuitStrategy; (java.desktop@11.0.9.1)
16840:             1             24  [Lcom.fasterxml.jackson.databind.AnnotationIntrospector$ReferenceProperty$Type;
16841:             1             24  [Lcom.fasterxml.jackson.databind.deser.KeyDeserializers;
16842:             1             24  [Lcom.fasterxml.jackson.module.kotlin.SingletonSupport;
16843:             1             24  [Lcom.github.benmanes.caffeine.cache.Caffeine$Strength;
16844:             1             24  [Lcom.github.benmanes.caffeine.cache.DisabledTicker;
16845:             1             24  [Lcom.github.benmanes.caffeine.cache.DisabledWriter;
16846:             1             24  [Lcom.github.benmanes.caffeine.cache.SingletonWeigher;
16847:             1             24  [Lcom.github.benmanes.caffeine.cache.stats.DisabledStatsCounter;
16848:             1             24  [Lcom.google.common.cache.CacheBuilder$NullListener;
16849:             1             24  [Lcom.google.common.cache.CacheBuilder$OneWeigher;
16850:             1             24  [Lcom.google.common.cache.LocalCache$NullEntry;
16851:             1             24  [Lcom.google.common.collect.Iterators$EmptyModifiableIterator;
16852:             1             24  [Lcom.google.common.util.concurrent.DirectExecutor;
16853:             1             24  [Lcom.google.gson.LongSerializationPolicy;
16854:             1             24  [Lcom.google.protobuf.MessageInfoFactory;
16855:             1             24  [Lcom.google.protobuf.ProtoSyntax;
16856:             1             24  [Lcom.google.protobuf.Writer$FieldOrder;
16857:             1             24  [Lcom.ibm.icu.impl.CacheValue$Strength;
16858:             1             24  [Lcom.ibm.icu.impl.Trie2$ValueWidth;
16859:             1             24  [Lcom.ibm.icu.number.NumberFormatter$DecimalSeparatorDisplay;
16860:             1             24  [Lcom.ibm.icu.text.PluralRules$PluralType;
16861:             1             24  [Lcom.ibm.icu.text.PluralRules$SampleType;
16862:             1             24  [Lcom.ibm.icu.util.Currency$CurrencyUsage;
16863:             1             24  [Lcom.ibm.icu.util.ULocale$Category;
16864:             1             24  [Lcom.ibm.icu.util.ULocale;
16865:             1             24  [Lcom.intellij.codeInsight.ContainerProvider;
16866:             1             24  [Lcom.intellij.codeInsight.CustomExceptionHandler;
16867:             1             24  [Lcom.intellij.codeInsight.ExternalAnnotationsArtifactsResolver;
16868:             1             24  [Lcom.intellij.codeInsight.ImportFilter;
16869:             1             24  [Lcom.intellij.codeInsight.MethodImplementor;
16870:             1             24  [Lcom.intellij.codeInsight.TargetElementUtilExtender;
16871:             1             24  [Lcom.intellij.codeInsight.completion.CompletionPreselectionBehaviourProvider;
16872:             1             24  [Lcom.intellij.codeInsight.daemon.ProjectSdkSetupValidator;
16873:             1             24  [Lcom.intellij.codeInsight.daemon.ReferenceImporter;
16874:             1             24  [Lcom.intellij.codeInsight.daemon.impl.HighlightRangeExtension;
16875:             1             24  [Lcom.intellij.codeInsight.daemon.impl.SilentChangeVetoer;
16876:             1             24  [Lcom.intellij.codeInsight.daemon.impl.TrafficLightRendererContributor;
16877:             1             24  [Lcom.intellij.codeInsight.daemon.impl.actions.GotoElementUnderCaretUsageBase$Direction;
16878:             1             24  [Lcom.intellij.codeInsight.daemon.impl.analysis.XmlNSColorProvider;
16879:             1             24  [Lcom.intellij.codeInsight.daemon.impl.quickfix.StaticMembersProcessor$SearchMode;
16880:             1             24  [Lcom.intellij.codeInsight.daemon.impl.tooltips.TooltipActionProvider;
16881:             1             24  [Lcom.intellij.codeInsight.hints.InlayHintsProviderFactory;
16882:             1             24  [Lcom.intellij.codeInsight.javadoc.DocumentationDelegateProvider;
16883:             1             24  [Lcom.intellij.codeInsight.javadoc.JavaDocInfoGenerator$SignaturePlace;
16884:             1             24  [Lcom.intellij.codeInsight.preview.ElementPreviewProvider;
16885:             1             24  [Lcom.intellij.codeInsight.preview.PreviewHintProvider;
16886:             1             24  [Lcom.intellij.codeInsight.quickfix.ChangeVariableTypeQuickFixProvider;
16887:             1             24  [Lcom.intellij.codeInsight.runner.JavaMainMethodProvider;
16888:             1             24  [Lcom.intellij.codeInsight.template.Template$Property;
16889:             1             24  [Lcom.intellij.codeInsight.template.TemplateSubstitutor;
16890:             1             24  [Lcom.intellij.codeInsight.template.emmet.generators.ZenCodingGenerator;
16891:             1             24  [Lcom.intellij.codeInsight.template.impl.ShortenToStaticImportProcessor$StaticImporter;
16892:             1             24  [Lcom.intellij.codeInspection.AnonymousHasLambdaAlternativeInspection$AnonymousLambdaAlternative;
16893:             1             24  [Lcom.intellij.codeInspection.SimplifyOptionalCallChainsInspection$OrElseType;
16894:             1             24  [Lcom.intellij.codeInspection.SimplifyOptionalCallChainsInspection$RewrappingCase$Type;
16895:             1             24  [Lcom.intellij.codeInspection.XmlSuppressionProvider;
16896:             1             24  [Lcom.intellij.codeInspection.bulkOperation.BulkMethodInfo;
16897:             1             24  [Lcom.intellij.codeInspection.bulkOperation.BulkMethodInfoProvider;
16898:             1             24  [Lcom.intellij.codeInspection.dataFlow.TypeConstraints$ArraySuperInterface;
16899:             1             24  [Lcom.intellij.codeInspection.i18n.I18nizeHandlerProvider;
16900:             1             24  [Lcom.intellij.codeInspection.inheritance.ImplicitSubclassProvider;
16901:             1             24  [Lcom.intellij.codeInspection.java18StreamApi.PseudoLambdaReplaceTemplate$LambdaRole;
16902:             1             24  [Lcom.intellij.codeInspection.lang.InspectionExtensionsFactory;
16903:             1             24  [Lcom.intellij.codeInspection.reference.UnusedDeclarationFixProvider;
16904:             1             24  [Lcom.intellij.codeWithMe.ClientId$AbsenceBehavior;
16905:             1             24  [Lcom.intellij.compiler.ModuleSourceSet$Type;
16906:             1             24  [Lcom.intellij.compiler.backwardRefs.CompilerHierarchySearchType;
16907:             1             24  [Lcom.intellij.compiler.backwardRefs.CompilerReferenceServiceBase$IndexOpenReason;
16908:             1             24  [Lcom.intellij.compiler.backwardRefs.LanguageCompilerRefAdapter;
16909:             1             24  [Lcom.intellij.compiler.impl.CompilerDriverUnknownSdkTracker$Outcome;
16910:             1             24  [Lcom.intellij.concurrency.JobLauncherImpl$VoidForkJoinTask$Status;
16911:             1             24  [Lcom.intellij.configurationStore.DataWriterFilter$ElementLevel;
16912:             1             24  [Lcom.intellij.coverage.CoverageEngine;
16913:             1             24  [Lcom.intellij.coverage.CoverageRunner;
16914:             1             24  [Lcom.intellij.coverage.JavaCoverageEngineExtension;
16915:             1             24  [Lcom.intellij.debugger.engine.evaluation.CodeFragmentKind;
16916:             1             24  [Lcom.intellij.diagnostic.DebugLogManager$DebugLogLevel;
16917:             1             24  [Lcom.intellij.diff.util.Side;
16918:             1             24  [Lcom.intellij.dvcs.branch.GroupingKey;
16919:             1             24  [Lcom.intellij.execution.ExecutionTargetProvider;
16920:             1             24  [Lcom.intellij.execution.Platform;
16921:             1             24  [Lcom.intellij.execution.actions.ConsoleActionsPostProcessor;
16922:             1             24  [Lcom.intellij.execution.actions.MultipleRunLocationsProvider;
16923:             1             24  [Lcom.intellij.execution.console.ConsoleLineModifier;
16924:             1             24  [Lcom.intellij.execution.filters.Filter$NextAction;
16925:             1             24  [Lcom.intellij.execution.services.ServiceViewContributor;
16926:             1             24  [Lcom.intellij.execution.target.TargetPlatform$Arch;
16927:             1             24  [Lcom.intellij.featureStatistics.ProductivityFeaturesProvider;
16928:             1             24  [Lcom.intellij.formatting.DependentSpacingRule$Anchor;
16929:             1             24  [Lcom.intellij.formatting.DependentSpacingRule$Trigger;
16930:             1             24  [Lcom.intellij.formatting.FormattingProgressCallback$EventType;
16931:             1             24  [Lcom.intellij.framework.detection.FrameworkDetector;
16932:             1             24  [Lcom.intellij.ide.IdeEventQueue$BlockMode;
16933:             1             24  [Lcom.intellij.ide.TypeIconEP;
16934:             1             24  [Lcom.intellij.ide.actions.PrintActionHandler;
16935:             1             24  [Lcom.intellij.ide.actions.runAnything.activity.RunAnythingNotifiableProvider$ExecutionStatus;
16936:             1             24  [Lcom.intellij.ide.externalComponents.ExternalComponentSource;
16937:             1             24  [Lcom.intellij.ide.highlighter.FileTypeRegistrar;
16938:             1             24  [Lcom.intellij.ide.structureView.StructureViewExtension;
16939:             1             24  [Lcom.intellij.ide.ui.customization.CustomizableActionGroupProvider;
16940:             1             24  [Lcom.intellij.ide.util.treeView.TreeState$Match;
16941:             1             24  [Lcom.intellij.internal.statistic.eventLog.StatisticsEventLoggerProvider;
16942:             1             24  [Lcom.intellij.jarRepository.RemoteRepositoryDescription;
16943:             1             24  [Lcom.intellij.javaee.ExternalResourceManagerEx$XMLSchemaVersion;
16944:             1             24  [Lcom.intellij.json.navigation.JsonQualifiedNameKind;
16945:             1             24  [Lcom.intellij.lang.ExternalAnnotatorsFilter;
16946:             1             24  [Lcom.intellij.lang.LanguageFormattingRestriction;
16947:             1             24  [Lcom.intellij.lang.MetaLanguage;
16948:             1             24  [Lcom.intellij.lang.cacheBuilder.CacheBuilderEP;
16949:             1             24  [Lcom.intellij.lang.folding.CustomFoldingProvider;
16950:             1             24  [Lcom.intellij.lang.java.parser.StatementParser$BraceMode;
16951:             1             24  [Lcom.intellij.model.psi.ImplicitReferenceProvider;
16952:             1             24  [Lcom.intellij.navigation.AnonymousElementProvider;
16953:             1             24  [Lcom.intellij.navigation.ChooseByNameContributor;
16954:             1             24  [Lcom.intellij.notification.Notification$CollapseActionsDirection;
16955:             1             24  [Lcom.intellij.openapi.actionSystem.KeyboardGestureAction$ModifierType;
16956:             1             24  [Lcom.intellij.openapi.application.impl.ExecutionThread;
16957:             1             24  [Lcom.intellij.openapi.components.StateStorageOperation;
16958:             1             24  [Lcom.intellij.openapi.components.StorageScheme;
16959:             1             24  [Lcom.intellij.openapi.diagnostic.ErrorLogger;
16960:             1             24  [Lcom.intellij.openapi.editor.EditorLinePainter;
16961:             1             24  [Lcom.intellij.openapi.editor.GutterMarkPreprocessor;
16962:             1             24  [Lcom.intellij.openapi.editor.RangeMarker;
16963:             1             24  [Lcom.intellij.openapi.editor.actions.MoveCaretLeftOrRightHandler$Direction;
16964:             1             24  [Lcom.intellij.openapi.editor.impl.softwrap.SoftWrapDrawingType;
16965:             1             24  [Lcom.intellij.openapi.editor.markup.HighlighterTargetArea;
16966:             1             24  [Lcom.intellij.openapi.editor.markup.InspectionWidgetActionProvider;
16967:             1             24  [Lcom.intellij.openapi.externalSystem.ExternalSystemManager;
16968:             1             24  [Lcom.intellij.openapi.externalSystem.autoimport.ProjectStatus$ModificationType;
16969:             1             24  [Lcom.intellij.openapi.fileEditor.TrailingSpacesOptionsProvider;
16970:             1             24  [Lcom.intellij.openapi.fileEditor.impl.EditorFileSwapper;
16971:             1             24  [Lcom.intellij.openapi.fileEditor.impl.EditorTabColorProvider;
16972:             1             24  [Lcom.intellij.openapi.fileEditor.impl.LoadTextUtil$AutoDetectionReason;
16973:             1             24  [Lcom.intellij.openapi.fileTypes.FileTypeRegistry$FileTypeDetector;
16974:             1             24  [Lcom.intellij.openapi.ide.CutElementMarker;
16975:             1             24  [Lcom.intellij.openapi.module.ModuleTypeEP;
16976:             1             24  [Lcom.intellij.openapi.progress.impl.ProgressRunner$ThreadToUse;
16977:             1             24  [Lcom.intellij.openapi.projectRoots.impl.jdkDownloader.JdkUpdateCheckContributor;
16978:             1             24  [Lcom.intellij.openapi.roots.AdditionalLibraryRootsProvider;
16979:             1             24  [Lcom.intellij.openapi.roots.TestSourcesFilter;
16980:             1             24  [Lcom.intellij.openapi.startup.StartupActivity$RequiredForSmartMode;
16981:             1             24  [Lcom.intellij.openapi.ui.popup.Balloon$Layer;
16982:             1             24  [Lcom.intellij.openapi.updateSettings.impl.UpdateChannel$Licensing;
16983:             1             24  [Lcom.intellij.openapi.updateSettings.impl.UpdateSettingsProvider;
16984:             1             24  [Lcom.intellij.openapi.util.Bitness;
16985:             1             24  [Lcom.intellij.openapi.util.IconPathPatcher;
16986:             1             24  [Lcom.intellij.openapi.util.LowMemoryWatcher$LowMemoryWatcherType;
16987:             1             24  [Lcom.intellij.openapi.vcs.RemoteDifferenceStrategy;
16988:             1             24  [Lcom.intellij.openapi.vcs.VcsConfiguration$StandardConfirmation;
16989:             1             24  [Lcom.intellij.openapi.vcs.VcsRootChecker;
16990:             1             24  [Lcom.intellij.openapi.vcs.changes.ChangeListManagerSerialization$RevisionSide;
16991:             1             24  [Lcom.intellij.openapi.vcs.changes.IgnoredFileProvider;
16992:             1             24  [Lcom.intellij.openapi.vcs.impl.ContentRevisionCache$UniqueType;
16993:             1             24  [Lcom.intellij.openapi.wm.ToolWindowAllowlistEP;
16994:             1             24  [Lcom.intellij.openapi.wm.WelcomeScreenCustomization;
16995:             1             24  [Lcom.intellij.pom.java.LanguageFeatureProvider;
16996:             1             24  [Lcom.intellij.psi.JavaModuleSystem;
16997:             1             24  [Lcom.intellij.psi.codeStyle.CodeStyleSettings$HtmlTagNewLineStyle;
16998:             1             24  [Lcom.intellij.psi.codeStyle.ExternalFormatProcessor;
16999:             1             24  [Lcom.intellij.psi.codeStyle.modifier.CodeStyleSettingsModifier;
17000:             1             24  [Lcom.intellij.psi.impl.cache.impl.todo.TodoIndexers$ExtraPlaceChecker;
17001:             1             24  [Lcom.intellij.psi.impl.compiled.ClsCustomNavigationPolicy;
17002:             1             24  [Lcom.intellij.psi.impl.search.CustomPropertyScopeProvider;
17003:             1             24  [Lcom.intellij.psi.impl.smartPointers.SmartPointerAnchorProvider;
17004:             1             24  [Lcom.intellij.psi.impl.source.tree.TreeCopyHandler;
17005:             1             24  [Lcom.intellij.psi.injection.ReferenceInjector;
17006:             1             24  [Lcom.intellij.psi.javadoc.CustomJavadocTagProvider;
17007:             1             24  [Lcom.intellij.psi.search.IndexPattern;
17008:             1             24  [Lcom.intellij.psi.search.IndexPatternProvider;
17009:             1             24  [Lcom.intellij.psi.search.TodoPattern;
17010:             1             24  [Lcom.intellij.psi.templateLanguages.MultipleLangCommentProvider;
17011:             1             24  [Lcom.intellij.psi.xml.XmlFileNSInfoProvider;
17012:             1             24  [Lcom.intellij.refactoring.actions.RenameFileActionProvider;
17013:             1             24  [Lcom.intellij.refactoring.invertBoolean.InvertBooleanDelegate;
17014:             1             24  [Lcom.intellij.spellchecker.BundledDictionaryProvider;
17015:             1             24  [Lcom.intellij.spellchecker.dictionary.RuntimeDictionaryProvider;
17016:             1             24  [Lcom.intellij.spellchecker.quickfixes.SpellCheckerQuickFix;
17017:             1             24  [Lcom.intellij.testIntegration.TestFinder;
17018:             1             24  [Lcom.intellij.ui.components.MacScrollBarUI$Style;
17019:             1             24  [Lcom.intellij.ui.paint.EffectPainter2D$Cached;
17020:             1             24  [Lcom.intellij.ui.paint.PaintUtil$ParityMode;
17021:             1             24  [Lcom.intellij.ui.paint.RectanglePainter2D;
17022:             1             24  [Lcom.intellij.ui.paint.RectanglePainter;
17023:             1             24  [Lcom.intellij.util.PathUtilRt$Platform;
17024:             1             24  [Lcom.intellij.util.PathUtilRt$Platform;
17025:             1             24  [Lcom.intellij.util.concurrency.PlainEdtExecutor;
17026:             1             24  [Lcom.intellij.util.concurrency.QueueProcessor$ThreadToUse;
17027:             1             24  [Lcom.intellij.util.descriptors.ConfigFileVersion;
17028:             1             24  [Lcom.intellij.util.indexing.DumbModeAccessType;
17029:             1             24  [Lcom.intellij.util.net.ssl.UntrustedCertificateStrategy;
17030:             1             24  [Lcom.intellij.util.ui.NSScrollerHelper$ClickBehavior;
17031:             1             24  [Lcom.intellij.util.ui.NSScrollerHelper$Style;
17032:             1             24  [Lcom.intellij.util.ui.UIUtil$FontColor;
17033:             1             24  [Lcom.intellij.util.xml.highlighting.DomCustomAnnotationChecker;
17034:             1             24  [Lcom.intellij.vcsUtil.VcsSelectionProvider;
17035:             1             24  [Lcom.intellij.xdebugger.evaluation.EvaluationMode;
17036:             1             24  [Lcom.intellij.xdebugger.impl.DebuggerSupport;
17037:             1             24  [Lcom.intellij.xml.XmlSchemaProvider;
17038:             1             24  [Lcom.intellij.xml.XmlTagNameProvider;
17039:             1             24  [Lcom.intellij.xml.breadcrumbs.BreadcrumbsPresentationProvider;
17040:             1             24  [Lcom.jetbrains.jsonSchema.extension.JsonSchemaEnabler;
17041:             1             24  [Lcom.sun.org.apache.xerces.internal.utils.XMLSecurityPropertyManager$Property; (java.xml@11.0.9.1)
17042:             1             24  [Lde.plushnikov.intellij.plugin.extension.LombokHighlightErrorFilter$LombokHighlightFixHook;
17043:             1             24  [Lgit4idea.branch.GitBranchType;
17044:             1             24  [Lgit4idea.config.GitSaveChangesPolicy;
17045:             1             24  [Lgit4idea.config.GitSetupProjectConfig$ConfigVariables;
17046:             1             24  [Lgit4idea.history.GitLogParser$NameStatus;
17047:             1             24  [Lio.netty.buffer.PoolArena$SizeClass;
17048:             1             24  [Lio.netty.util.concurrent.EventExecutor;
17049:             1             24  [Ljava.awt.GraphicsConfiguration; (java.desktop@11.0.9.1)
17050:             1             24  [Ljava.io.File$PathStatus; (java.base@11.0.9.1)
17051:             1             24  [Ljava.lang.CharSequence; (java.base@11.0.9.1)
17052:             1             24  [Ljava.lang.Float; (java.base@11.0.9.1)
17053:             1             24  [Ljava.lang.management.MemoryType; (java.management@11.0.9.1)
17054:             1             24  [Ljava.net.StandardProtocolFamily; (java.base@11.0.9.1)
17055:             1             24  [Ljava.nio.file.CopyOption; (java.base@11.0.9.1)
17056:             1             24  [Ljava.nio.file.LinkOption; (java.base@11.0.9.1)
17057:             1             24  [Ljava.nio.file.Path; (java.base@11.0.9.1)
17058:             1             24  [Ljava.text.AttributedCharacterIterator$Attribute; (java.base@11.0.9.1)
17059:             1             24  [Ljava.time.temporal.IsoFields$Unit; (java.base@11.0.9.1)
17060:             1             24  [Ljava.util.Comparators$NaturalOrderComparator; (java.base@11.0.9.1)
17061:             1             24  [Ljavax.swing.UIDefaults; (java.desktop@11.0.9.1)
17062:             1             24  [Ljavax.swing.event.RowSorterEvent$Type; (java.desktop@11.0.9.1)
17063:             1             24  [Ljavax.swing.filechooser.FileFilter; (java.desktop@11.0.9.1)
17064:             1             24  [Ljavax.swing.text.html.StyleSheet$BoxPainter$HorizontalMargin; (java.desktop@11.0.9.1)
17065:             1             24  [Ljavax.xml.bind.annotation.XmlAccessOrder;
17066:             1             24  [Ljavax.xml.bind.annotation.XmlElement;
17067:             1             24  [Lkotlin.reflect.jvm.internal.KDeclarationContainerImpl$MemberBelonginess;
17068:             1             24  [Lkotlin.reflect.jvm.internal.KDeclarationContainerImpl$MemberBelonginess;
17069:             1             24  [Lkotlin.reflect.jvm.internal.impl.descriptors.PackageFragmentProviderOptimized;
17070:             1             24  [Lkotlin.reflect.jvm.internal.impl.descriptors.deserialization.ClassDescriptorFactory;
17071:             1             24  [Lkotlin.reflect.jvm.internal.impl.load.java.components.TypeUsage;
17072:             1             24  [Lkotlin.reflect.jvm.internal.impl.load.java.components.TypeUsage;
17073:             1             24  [Lkotlin.reflect.jvm.internal.impl.load.java.structure.LightClassOriginKind;
17074:             1             24  [Lkotlin.reflect.jvm.internal.impl.load.java.structure.LightClassOriginKind;
17075:             1             24  [Lkotlin.reflect.jvm.internal.impl.load.java.typeEnhancement.MutabilityQualifier;
17076:             1             24  [Lkotlin.reflect.jvm.internal.impl.name.Name;
17077:             1             24  [Lorg.apache.batik.css.engine.value.ShorthandManager;
17078:             1             24  [Lorg.apache.xerces.impl.xpath.regex.RegularExpression$ClosureContext;
17079:             1             24  [Lorg.infernus.idea.checkstyle.csapi.BundledConfig;
17080:             1             24  [Lorg.intellij.lang.xpath.context.XPathVersion;
17081:             1             24  [Lorg.intellij.lang.xpath.xslt.run.XsltRunConfiguration$JdkChoice;
17082:             1             24  [Lorg.intellij.markdown.parser.markerblocks.MarkerBlock$EventAction;
17083:             1             24  [Lorg.intellij.plugins.markdown.lang.psi.MarkdownPsiFactory;
17084:             1             24  [Lorg.jetbrains.idea.maven.indices.MavenRepositoryProvider;
17085:             1             24  [Lorg.jetbrains.idea.maven.navigator.MavenProjectsStructure$ErrorLevel;
17086:             1             24  [Lorg.jetbrains.idea.maven.project.MavenProject$ConfigFileKind;
17087:             1             24  [Lorg.jetbrains.idea.maven.server.MavenServerProgressIndicator$ResolveType;
17088:             1             24  [Lorg.jetbrains.idea.maven.server.MavenServerSettings$UpdatePolicy;
17089:             1             24  [Lorg.jetbrains.idea.reposearch.DependencySearchProvidersFactory;
17090:             1             24  [Lorg.jetbrains.jps.builders.java.JavaModuleBuildTargetType;
17091:             1             24  [Lorg.jetbrains.kotlin.config.ConstraintSystemForOverloadResolutionMode;
17092:             1             24  [Lorg.jetbrains.kotlin.idea.caches.project.SourceType;
17093:             1             24  [Lorg.jetbrains.kotlin.idea.facet.KotlinVersionInfoProvider;
17094:             1             24  [Lorg.jetbrains.kotlin.idea.inspections.collections.SimplifiableCallInspection$Conversion;
17095:             1             24  [Lorg.jetbrains.kotlin.idea.project.KotlinMultiplatformAnalysisModeComponent$Mode;
17096:             1             24  [Lorg.jetbrains.kotlin.idea.versions.DeprecatedLibInfo;
17097:             1             24  [Lorg.jetbrains.kotlin.renderer.RenderingFormat;
17098:             1             24  [Lorg.jetbrains.plugins.gradle.codeInsight.GradlePluginDescriptionsExtension;
17099:             1             24  [Lorg.zmlx.hg4idea.branch.HgBranchType;
17100:             1             24  [Lsun.awt.geom.ChainEnd; (java.desktop@11.0.9.1)
17101:             1             24  [Lsun.awt.geom.CurveLink; (java.desktop@11.0.9.1)
17102:             1             24  [Lsun.java2d.cmm.lcms.LCMSProfile; (java.desktop@11.0.9.1)
17103:             1             24  [Lsun.security.provider.certpath.ResponderId$Type; (java.base@11.0.9.1)
17104:             1             24  [Lsun.security.rsa.RSAUtil$KeyType; (java.base@11.0.9.1)
17105:             1             24  [Lsun.security.ssl.Alert$Level; (java.base@11.0.9.1)
17106:             1             24  [Lsun.security.ssl.CertStatusExtension$CertStatusRequest; (java.base@11.0.9.1)
17107:             1             24  [Lsun.security.ssl.CertStatusExtension$CertStatusRequestType; (java.base@11.0.9.1)
17108:             1             24  [Lsun.security.ssl.EphemeralKeyManager$EphemeralKeyPair; (java.base@11.0.9.1)
17109:             1             24  [Lsun.security.ssl.PskKeyExchangeModesExtension$PskKeyExchangeMode; (java.base@11.0.9.1)
17110:             1             24  com.android.flags.Flags
17111:             1             24  com.android.flags.overrides.PropertyOverrides
17112:             1             24  com.android.ide.common.resources.configuration.ScreenDimensionQualifier
17113:             1             24  com.android.sdklib.repository.AndroidSdkHandler$RepoConfig
17114:             1             24  com.android.tools.idea.compose.preview.ComposeFileEditorProvider
17115:             1             24  com.android.tools.idea.concurrency.AndroidIoManager
17116:             1             24  com.android.tools.idea.debug.AndroidTypedIntegerRenderer
17117:             1             24  com.android.tools.idea.debug.MeasureSpecRenderer
17118:             1             24  com.android.tools.idea.editors.layoutInspector.LayoutInspectorCaptureType
17119:             1             24  com.android.tools.idea.folding.AndroidCodeFoldingOptionsProvider
17120:             1             24  com.android.tools.idea.gradle.notification.ProjectSyncStatusNotificationProvider$NotificationPanel$Type$1
17121:             1             24  com.android.tools.idea.gradle.notification.ProjectSyncStatusNotificationProvider$NotificationPanel$Type$2
17122:             1             24  com.android.tools.idea.gradle.notification.ProjectSyncStatusNotificationProvider$NotificationPanel$Type$3
17123:             1             24  com.android.tools.idea.gradle.notification.ProjectSyncStatusNotificationProvider$NotificationPanel$Type$4
17124:             1             24  com.android.tools.idea.gradle.project.sync.setup.module.ModuleFinder
17125:             1             24  com.android.tools.idea.lang.aidl.AidlFileType
17126:             1             24  com.android.tools.idea.lang.androidSql.AndroidSqlFileType
17127:             1             24  com.android.tools.idea.lang.databinding.config.DbFileType
17128:             1             24  com.android.tools.idea.lang.multiDexKeep.MultiDexKeepFileType
17129:             1             24  com.android.tools.idea.lang.proguard.ProguardFileType
17130:             1             24  com.android.tools.idea.lang.proguardR8.ProguardR8FileType
17131:             1             24  com.android.tools.idea.lang.rs.AndroidRenderscriptFileType
17132:             1             24  com.android.tools.idea.run.AndroidRunConfigurationType$AndroidRunConfigurationFactory
17133:             1             24  com.android.tools.idea.run.profiler.CpuProfilerConfig$Technology$1
17134:             1             24  com.android.tools.idea.run.profiler.CpuProfilerConfig$Technology$2
17135:             1             24  com.android.tools.idea.run.profiler.CpuProfilerConfig$Technology$3
17136:             1             24  com.android.tools.idea.run.profiler.CpuProfilerConfig$Technology$4
17137:             1             24  com.android.tools.idea.sdk.AndroidSdks
17138:             1             24  com.android.tools.idea.smali.SmaliFileType
17139:             1             24  com.android.tools.idea.templates.live.XmlAttributeContextType
17140:             1             24  com.android.tools.idea.testartifacts.instrumented.AndroidTestRunConfigurationType$2
17141:             1             24  com.android.tools.idea.testartifacts.junit.AndroidJUnitConfigurationType
17142:             1             24  com.android.tools.idea.testartifacts.junit.AndroidJUnitConfigurationType$2
17143:             1             24  com.android.tools.idea.uibuilder.type.LayoutFileType
17144:             1             24  com.android.tools.idea.uibuilder.type.MenuFileType
17145:             1             24  com.android.tools.idea.uibuilder.type.PreferenceScreenFileType
17146:             1             24  com.android.utils.Pair
17147:             1             24  com.apple.concurrent.Dispatch (java.desktop@11.0.9.1)
17148:             1             24  com.apple.concurrent.LibDispatchMainQueue$ASync (java.desktop@11.0.9.1)
17149:             1             24  com.apple.eawt.Application (java.desktop@11.0.9.1)
17150:             1             24  com.apple.eawt._AppEventLegacyHandler (java.desktop@11.0.9.1)
17151:             1             24  com.apple.eawt._AppMenuBarHandler (java.desktop@11.0.9.1)
17152:             1             24  com.apple.laf.AquaBorder$Default (java.desktop@11.0.9.1)
17153:             1             24  com.apple.laf.AquaFileChooserUI$DoubleClickListener (java.desktop@11.0.9.1)
17154:             1             24  com.apple.laf.AquaFileChooserUI$OpenFilePanel (java.desktop@11.0.9.1)
17155:             1             24  com.apple.laf.AquaFileSystemModel$QuickSortDates (java.desktop@11.0.9.1)
17156:             1             24  com.apple.laf.AquaFileSystemModel$QuickSortNames (java.desktop@11.0.9.1)
17157:             1             24  com.apple.laf.AquaFileView (java.desktop@11.0.9.1)
17158:             1             24  com.apple.laf.AquaGroupBorder$Titleless (java.desktop@11.0.9.1)
17159:             1             24  com.apple.laf.AquaImageFactory$1 (java.desktop@11.0.9.1)
17160:             1             24  com.apple.laf.AquaRootPaneUI (java.desktop@11.0.9.1)
17161:             1             24  com.apple.laf.AquaScrollRegionBorder (java.desktop@11.0.9.1)
17162:             1             24  com.apple.laf.ScreenPopupFactory (java.desktop@11.0.9.1)
17163:             1             24  com.fasterxml.jackson.annotation.JsonFormat$Features
17164:             1             24  com.fasterxml.jackson.annotation.JsonIgnoreProperties$Value
17165:             1             24  com.fasterxml.jackson.annotation.JsonSetter$Value
17166:             1             24  com.fasterxml.jackson.core.util.MinimalPrettyPrinter
17167:             1             24  com.fasterxml.jackson.core.util.Separators
17168:             1             24  com.fasterxml.jackson.databind.AnnotationIntrospector$ReferenceProperty
17169:             1             24  com.fasterxml.jackson.databind.ObjectWriter$Prefetch
17170:             1             24  com.fasterxml.jackson.databind.cfg.ContextAttributes$Impl
17171:             1             24  com.fasterxml.jackson.databind.deser.impl.FailingDeserializer
17172:             1             24  com.fasterxml.jackson.databind.deser.std.StringDeserializer
17173:             1             24  com.fasterxml.jackson.databind.introspect.JacksonAnnotationIntrospector
17174:             1             24  com.fasterxml.jackson.databind.introspect.TypeResolutionContext$Basic
17175:             1             24  com.fasterxml.jackson.databind.ser.impl.FailingSerializer
17176:             1             24  com.fasterxml.jackson.databind.ser.impl.IndexedStringListSerializer
17177:             1             24  com.fasterxml.jackson.databind.ser.impl.ReadOnlyClassToSerializerMap
17178:             1             24  com.fasterxml.jackson.module.kotlin.KotlinAnnotationIntrospector
17179:             1             24  com.fasterxml.jackson.module.kotlin.KotlinInstantiators
17180:             1             24  com.fasterxml.jackson.module.kotlin.KotlinNamesAnnotationIntrospector
17181:             1             24  com.github.benmanes.caffeine.cache.DisabledTicker
17182:             1             24  com.github.benmanes.caffeine.cache.DisabledWriter
17183:             1             24  com.github.benmanes.caffeine.cache.RemovalCause$1
17184:             1             24  com.github.benmanes.caffeine.cache.RemovalCause$2
17185:             1             24  com.github.benmanes.caffeine.cache.RemovalCause$3
17186:             1             24  com.github.benmanes.caffeine.cache.RemovalCause$4
17187:             1             24  com.github.benmanes.caffeine.cache.RemovalCause$5
17188:             1             24  com.github.benmanes.caffeine.cache.SingletonWeigher
17189:             1             24  com.github.benmanes.caffeine.cache.stats.DisabledStatsCounter
17190:             1             24  com.google.common.cache.CacheBuilder$NullListener
17191:             1             24  com.google.common.cache.CacheBuilder$OneWeigher
17192:             1             24  com.google.common.cache.LocalCache$EntryFactory$1
17193:             1             24  com.google.common.cache.LocalCache$EntryFactory$2
17194:             1             24  com.google.common.cache.LocalCache$EntryFactory$3
17195:             1             24  com.google.common.cache.LocalCache$EntryFactory$4
17196:             1             24  com.google.common.cache.LocalCache$EntryFactory$5
17197:             1             24  com.google.common.cache.LocalCache$EntryFactory$6
17198:             1             24  com.google.common.cache.LocalCache$EntryFactory$7
17199:             1             24  com.google.common.cache.LocalCache$EntryFactory$8
17200:             1             24  com.google.common.cache.LocalCache$NullEntry
17201:             1             24  com.google.common.cache.LocalCache$Strength$1
17202:             1             24  com.google.common.cache.LocalCache$Strength$2
17203:             1             24  com.google.common.cache.LocalCache$Strength$3
17204:             1             24  com.google.common.cache.RemovalCause$1
17205:             1             24  com.google.common.cache.RemovalCause$2
17206:             1             24  com.google.common.cache.RemovalCause$3
17207:             1             24  com.google.common.cache.RemovalCause$4
17208:             1             24  com.google.common.cache.RemovalCause$5
17209:             1             24  com.google.common.collect.ConcurrentHashMultiset
17210:             1             24  com.google.common.collect.ConcurrentHashMultiset$EntrySet
17211:             1             24  com.google.common.collect.HashBiMap$Inverse
17212:             1             24  com.google.common.collect.ImmutableEnumSet
17213:             1             24  com.google.common.collect.Iterators$EmptyModifiableIterator
17214:             1             24  com.google.common.collect.NaturalOrdering
17215:             1             24  com.google.common.util.concurrent.AbstractFuture$Listener
17216:             1             24  com.google.common.util.concurrent.AbstractFuture$Waiter
17217:             1             24  com.google.common.util.concurrent.DirectExecutor
17218:             1             24  com.google.gson.FieldNamingPolicy$1
17219:             1             24  com.google.gson.FieldNamingPolicy$2
17220:             1             24  com.google.gson.FieldNamingPolicy$3
17221:             1             24  com.google.gson.FieldNamingPolicy$4
17222:             1             24  com.google.gson.FieldNamingPolicy$5
17223:             1             24  com.google.gson.FieldNamingPolicy$6
17224:             1             24  com.google.gson.LongSerializationPolicy$1
17225:             1             24  com.google.gson.LongSerializationPolicy$2
17226:             1             24  com.google.gson.internal.bind.TypeAdapters$34
17227:             1             24  com.google.gson.internal.reflect.UnsafeReflectionAccessor
17228:             1             24  com.google.protobuf.ByteString$LiteralByteString
17229:             1             24  com.google.protobuf.Protobuf
17230:             1             24  com.google.protobuf.UnknownFieldSet
17231:             1             24  com.ibm.icu.impl.ICUCurrencyMetaInfo
17232:             1             24  com.ibm.icu.impl.ICURWLock
17233:             1             24  com.ibm.icu.impl.ICUResourceBundleReader$Array
17234:             1             24  com.ibm.icu.impl.ICUService$CacheEntry
17235:             1             24  com.ibm.icu.impl.UPropertyAliases
17236:             1             24  com.ibm.icu.impl.locale.BaseLocale$Cache
17237:             1             24  com.ibm.icu.impl.number.Padder
17238:             1             24  com.ibm.icu.number.IntegerWidth
17239:             1             24  com.ibm.icu.text.CurrencyMetaInfo$CurrencyDigits
17240:             1             24  com.ibm.icu.text.PluralRules$AndConstraint
17241:             1             24  com.ibm.icu.util.Currency
17242:             1             24  com.intellij.application.options.editor.BaseCodeFoldingOptionsProvider
17243:             1             24  com.intellij.application.options.editor.JavaCodeFoldingOptionsProvider
17244:             1             24  com.intellij.application.options.editor.XmlCodeFoldingOptionsProvider
17245:             1             24  com.intellij.build.events.impl.DerivedResultImpl
17246:             1             24  com.intellij.build.output.BuildOutputInstantReaderImpl$appendedLineProcessor$1
17247:             1             24  com.intellij.build.output.BuildOutputInstantReaderImpl$readerRunnable$1
17248:             1             24  com.intellij.codeHighlighting.HighlightDisplayLevel$1
17249:             1             24  com.intellij.codeHighlighting.HighlightDisplayLevel$2
17250:             1             24  com.intellij.codeInsight.AutoPopupControllerImpl
17251:             1             24  com.intellij.codeInsight.ExternalAnnotationLineMarkerProvider
17252:             1             24  com.intellij.codeInsight.InferredContractAnnotationsLineMarkerProvider
17253:             1             24  com.intellij.codeInsight.InferredNullabilityAnnotationsLineMarkerProvider
17254:             1             24  com.intellij.codeInsight.JavaModuleSystemEx$ErrorWithFixes
17255:             1             24  com.intellij.codeInsight.completion.AsyncCompletion$1WeighItems
17256:             1             24  com.intellij.codeInsight.completion.CompletionPhase$BgCalculation$1
17257:             1             24  com.intellij.codeInsight.completion.CompletionProgressIndicator$$Lambda$4470/0x00000008028a5840
17258:             1             24  com.intellij.codeInsight.completion.CompletionUtil$1
17259:             1             24  com.intellij.codeInsight.completion.CompletionVariant$CompletionVariantItem
17260:             1             24  com.intellij.codeInsight.completion.CompletionVariant$Scope
17261:             1             24  com.intellij.codeInsight.completion.PlainPrefixMatcher
17262:             1             24  com.intellij.codeInsight.completion.util.ParenthesesInsertHandler$1
17263:             1             24  com.intellij.codeInsight.completion.util.ParenthesesInsertHandler$2
17264:             1             24  com.intellij.codeInsight.daemon.impl.DaemonTooltipRenderer
17265:             1             24  com.intellij.codeInsight.daemon.impl.JavaLineMarkerProvider$1
17266:             1             24  com.intellij.codeInsight.daemon.impl.LineMarkersPass$$Lambda$3432/0x000000080204a840
17267:             1             24  com.intellij.codeInsight.daemon.impl.UnusedSymbolUtil$$Lambda$5540/0x0000000802e2d840
17268:             1             24  com.intellij.codeInsight.daemon.impl.analysis.RefCountHolder$3$$Lambda$3842/0x00000008022b5840
17269:             1             24  com.intellij.codeInsight.daemon.impl.quickfix.FetchExtResourceAction
17270:             1             24  com.intellij.codeInsight.daemon.impl.quickfix.SafeDeleteFix
17271:             1             24  com.intellij.codeInsight.documentation.AbstractExternalFilter$ParseSettings
17272:             1             24  com.intellij.codeInsight.documentation.render.DocRenderCopyHandler
17273:             1             24  com.intellij.codeInsight.editorActions.BackspaceHandler
17274:             1             24  com.intellij.codeInsight.editorActions.CopyHandler
17275:             1             24  com.intellij.codeInsight.editorActions.CutHandler
17276:             1             24  com.intellij.codeInsight.editorActions.EnterHandler
17277:             1             24  com.intellij.codeInsight.editorActions.JavaQuoteHandler
17278:             1             24  com.intellij.codeInsight.editorActions.PasteHandler
17279:             1             24  com.intellij.codeInsight.editorActions.SelectWordHandler
17280:             1             24  com.intellij.codeInsight.editorActions.SimpleIndentingBackspaceHandler
17281:             1             24  com.intellij.codeInsight.editorActions.moveUpDown.DeclarationMover
17282:             1             24  com.intellij.codeInsight.editorActions.smartEnter.SmartEnterAction$Handler
17283:             1             24  com.intellij.codeInsight.generation.GenerateConstructorHandler
17284:             1             24  com.intellij.codeInsight.guess.impl.GuessManagerImpl
17285:             1             24  com.intellij.codeInsight.highlighting.HighlightManagerImpl
17286:             1             24  com.intellij.codeInsight.highlighting.JavaPairedBraceMatcher
17287:             1             24  com.intellij.codeInsight.hint.HintManagerImpl$11
17288:             1             24  com.intellij.codeInsight.hint.TooltipController
17289:             1             24  com.intellij.codeInsight.hints.InlayHintsSettings
17290:             1             24  com.intellij.codeInsight.hints.filtering.StringMatcherBuilder$createAsterisksMatcher$5
17291:             1             24  com.intellij.codeInsight.intention.impl.AddExplicitTypeArgumentsIntention
17292:             1             24  com.intellij.codeInsight.intention.impl.AddJavadocIntention
17293:             1             24  com.intellij.codeInsight.intention.impl.AddOnDemandStaticImportAction
17294:             1             24  com.intellij.codeInsight.intention.impl.AddSingleMemberStaticImportAction
17295:             1             24  com.intellij.codeInsight.intention.impl.AnnotateIntentionAction
17296:             1             24  com.intellij.codeInsight.intention.impl.AssignFieldFromParameterAction
17297:             1             24  com.intellij.codeInsight.intention.impl.ConvertCompareToToEqualsIntention
17298:             1             24  com.intellij.codeInsight.intention.impl.CreateFieldFromParameterAction
17299:             1             24  com.intellij.codeInsight.intention.impl.CreateSubclassAction
17300:             1             24  com.intellij.codeInsight.intention.impl.CreateSwitchIntention
17301:             1             24  com.intellij.codeInsight.intention.impl.ExpandStaticImportAction
17302:             1             24  com.intellij.codeInsight.intention.impl.IntentionListStep$$Lambda$6007/0x0000000801b26440
17303:             1             24  com.intellij.codeInsight.intention.impl.ReplaceCastWithVariableAction
17304:             1             24  com.intellij.codeInsight.intention.impl.SealClassAction
17305:             1             24  com.intellij.codeInsight.intention.impl.SplitIfAction
17306:             1             24  com.intellij.codeInsight.intention.impl.config.IntentionManagerImpl
17307:             1             24  com.intellij.codeInsight.intention.impl.config.IntentionManagerSettings
17308:             1             24  com.intellij.codeInsight.intention.impl.config.PlainTextDescriptor
17309:             1             24  com.intellij.codeInsight.javadoc.JavaDocInfoGenerator$2
17310:             1             24  com.intellij.codeInsight.lookup.impl.BackspaceHandler
17311:             1             24  com.intellij.codeInsight.lookup.impl.LookupActionHandler$DownHandler
17312:             1             24  com.intellij.codeInsight.lookup.impl.LookupActionHandler$LeftHandler
17313:             1             24  com.intellij.codeInsight.lookup.impl.LookupActionHandler$RightHandler
17314:             1             24  com.intellij.codeInsight.lookup.impl.LookupActionHandler$UpHandler
17315:             1             24  com.intellij.codeInsight.lookup.impl.LookupManagerImpl$4
17316:             1             24  com.intellij.codeInsight.navigation.CtrlMouseDocInfo
17317:             1             24  com.intellij.codeInsight.preview.ImageOrColorPreviewManager
17318:             1             24  com.intellij.codeInsight.template.EverywhereContextType
17319:             1             24  com.intellij.codeInsight.template.HtmlTextContextType
17320:             1             24  com.intellij.codeInsight.template.JavaCodeContextType$ConsumerFunction
17321:             1             24  com.intellij.codeInsight.template.JavaCodeContextType$Declaration
17322:             1             24  com.intellij.codeInsight.template.JavaCodeContextType$Expression
17323:             1             24  com.intellij.codeInsight.template.JavaCodeContextType$Generic
17324:             1             24  com.intellij.codeInsight.template.JavaCodeContextType$Statement
17325:             1             24  com.intellij.codeInsight.template.JavaCommentContextType
17326:             1             24  com.intellij.codeInsight.template.JavaStringContextType
17327:             1             24  com.intellij.codeInsight.template.SmartCompletionContextType
17328:             1             24  com.intellij.codeInsight.template.Template$Property
17329:             1             24  com.intellij.codeInsight.template.XmlContextType
17330:             1             24  com.intellij.codeInsight.template.XmlElementContextType
17331:             1             24  com.intellij.codeInsight.template.XmlTextContextType
17332:             1             24  com.intellij.codeInsight.template.XslTextContextType
17333:             1             24  com.intellij.codeInsight.template.impl.TemplateContext$1
17334:             1             24  com.intellij.codeInsight.template.impl.TemplateManagerImpl
17335:             1             24  com.intellij.codeInsight.template.impl.editorActions.EnterHandler
17336:             1             24  com.intellij.codeInsight.template.postfix.util.JavaPostfixTemplatesUtils$1
17337:             1             24  com.intellij.codeInspection.AnonymousCanBeLambdaInspection$1
17338:             1             24  com.intellij.codeInspection.AnonymousCanBeMethodReferenceInspection$1
17339:             1             24  com.intellij.codeInspection.AnonymousHasLambdaAlternativeInspection$1
17340:             1             24  com.intellij.codeInspection.CharsetObjectCanBeUsedInspection$1
17341:             1             24  com.intellij.codeInspection.ClassGetClassInspection$1
17342:             1             24  com.intellij.codeInspection.CollectionAddAllCanBeReplacedWithConstructorInspection$2
17343:             1             24  com.intellij.codeInspection.ComparatorCombinatorsInspection$1
17344:             1             24  com.intellij.codeInspection.ComparatorResultComparisonInspection$1
17345:             1             24  com.intellij.codeInspection.ConditionalBreakInInfiniteLoopInspection$1
17346:             1             24  com.intellij.codeInspection.DefaultAnnotationParamInspection$1
17347:             1             24  com.intellij.codeInspection.DeprecatedIsStillUsedInspection$1
17348:             1             24  com.intellij.codeInspection.EndlessStreamInspection$1
17349:             1             24  com.intellij.codeInspection.ExplicitArrayFillingInspection$1
17350:             1             24  com.intellij.codeInspection.ExplicitTypeCanBeDiamondInspection$1
17351:             1             24  com.intellij.codeInspection.FunctionalExpressionCanBeFoldedInspection$1
17352:             1             24  com.intellij.codeInspection.IdempotentLoopBodyInspection$1
17353:             1             24  com.intellij.codeInspection.InvalidComparatorMethodReferenceInspection$1
17354:             1             24  com.intellij.codeInspection.LambdaCanBeMethodReferenceInspection$1
17355:             1             24  com.intellij.codeInspection.ManualMinMaxCalculationInspection$1
17356:             1             24  com.intellij.codeInspection.NonAsciiCharactersInspection$1
17357:             1             24  com.intellij.codeInspection.NumericOverflowInspection$1
17358:             1             24  com.intellij.codeInspection.ObviousNullCheckInspection$1
17359:             1             24  com.intellij.codeInspection.OptionalAssignedToNullInspection$1
17360:             1             24  com.intellij.codeInspection.OptionalIsPresentInspection$1
17361:             1             24  com.intellij.codeInspection.OverflowingLoopIndexInspection$1
17362:             1             24  com.intellij.codeInspection.RedundantComparatorComparingInspection$1
17363:             1             24  com.intellij.codeInspection.RedundantCompareCallInspection$1
17364:             1             24  com.intellij.codeInspection.RedundantExplicitCloseInspection$1
17365:             1             24  com.intellij.codeInspection.RedundantFileCreationInspection$1
17366:             1             24  com.intellij.codeInspection.RedundantLambdaCodeBlockInspection$1
17367:             1             24  com.intellij.codeInspection.RedundantStreamOptionalCallInspection$1
17368:             1             24  com.intellij.codeInspection.RedundantUnmodifiableInspection$1
17369:             1             24  com.intellij.codeInspection.ReplaceInefficientStreamCountInspection$1
17370:             1             24  com.intellij.codeInspection.SimplifyCollectorInspection$1
17371:             1             24  com.intellij.codeInspection.SimplifyOptionalCallChainsInspection$1
17372:             1             24  com.intellij.codeInspection.SimplifyStreamApiCallChainsInspection$1
17373:             1             24  com.intellij.codeInspection.StringTokenizerDelimiterInspection$1
17374:             1             24  com.intellij.codeInspection.SurroundWithIfFix
17375:             1             24  com.intellij.codeInspection.SuspiciousArrayMethodCallInspection$1
17376:             1             24  com.intellij.codeInspection.SuspiciousListRemoveInLoopInspection$1
17377:             1             24  com.intellij.codeInspection.SuspiciousTernaryOperatorInVarargsCallInspection$1
17378:             1             24  com.intellij.codeInspection.TrivialFunctionalExpressionUsageInspection$1
17379:             1             24  com.intellij.codeInspection.UseCompareMethodInspection$1
17380:             1             24  com.intellij.codeInspection.WrapperTypeMayBePrimitiveInspection$1
17381:             1             24  com.intellij.codeInspection.accessStaticViaInstance.AccessStaticViaInstanceBase$1
17382:             1             24  com.intellij.codeInspection.blockingCallsDetection.BlockingMethodInNonBlockingContextInspection$BlockingMethodInNonBlockingContextVisitor
17383:             1             24  com.intellij.codeInspection.booleanIsAlwaysInverted.BooleanMethodIsAlwaysInvertedLocalInspection
17384:             1             24  com.intellij.codeInspection.bulkOperation.BulkMethodInfo
17385:             1             24  com.intellij.codeInspection.bulkOperation.UseBulkOperationInspection$1
17386:             1             24  com.intellij.codeInspection.bytecodeAnalysis.Constraint
17387:             1             24  com.intellij.codeInspection.bytecodeAnalysis.ELattice
17388:             1             24  com.intellij.codeInspection.bytecodeAnalysis.LabeledNull
17389:             1             24  com.intellij.codeInspection.bytecodeAnalysis.ResultUtil
17390:             1             24  com.intellij.codeInspection.compiler.JavacQuirksInspectionVisitor
17391:             1             24  com.intellij.codeInspection.dataFlow.ContractInspection$1
17392:             1             24  com.intellij.codeInspection.dataFlow.ContractReturnValue$1
17393:             1             24  com.intellij.codeInspection.dataFlow.ContractReturnValue$2
17394:             1             24  com.intellij.codeInspection.dataFlow.ContractReturnValue$3
17395:             1             24  com.intellij.codeInspection.dataFlow.ContractReturnValue$4
17396:             1             24  com.intellij.codeInspection.dataFlow.ContractReturnValue$5
17397:             1             24  com.intellij.codeInspection.dataFlow.ContractReturnValue$6
17398:             1             24  com.intellij.codeInspection.dataFlow.ContractValue$IndependentValue$1
17399:             1             24  com.intellij.codeInspection.dataFlow.ContractValue$IndependentValue$2
17400:             1             24  com.intellij.codeInspection.dataFlow.ControlFlowAnalyzer$$Lambda$4049/0x00000008026ebc40
17401:             1             24  com.intellij.codeInspection.dataFlow.DataFlowInspectionBase$1
17402:             1             24  com.intellij.codeInspection.dataFlow.DistinctPairSet
17403:             1             24  com.intellij.codeInspection.dataFlow.NullabilityProblemKind$NullabilityProblem
17404:             1             24  com.intellij.codeInspection.dataFlow.fix.FindDfaProblemCauseFix
17405:             1             24  com.intellij.codeInspection.dataFlow.fix.SurroundWithRequireNonNullFix
17406:             1             24  com.intellij.codeInspection.dataFlow.inference.DelegationContract
17407:             1             24  com.intellij.codeInspection.dataFlow.inference.PurityInferenceResult
17408:             1             24  com.intellij.codeInspection.dataFlow.inliner.StreamChainInliner$1
17409:             1             24  com.intellij.codeInspection.dataFlow.instructions.CheckNotNullInstruction
17410:             1             24  com.intellij.codeInspection.dataFlow.instructions.FinishElementInstruction
17411:             1             24  com.intellij.codeInspection.dataFlow.instructions.ReturnInstruction
17412:             1             24  com.intellij.codeInspection.dataFlow.value.DfaBinOpValue$Factory
17413:             1             24  com.intellij.codeInspection.dataFlow.value.DfaBoxedValue$Factory
17414:             1             24  com.intellij.codeInspection.dataFlow.value.DfaExpressionFactory
17415:             1             24  com.intellij.codeInspection.dataFlow.value.DfaTypeValue$Factory
17416:             1             24  com.intellij.codeInspection.dataFlow.value.DfaValueFactory$1
17417:             1             24  com.intellij.codeInspection.dataFlow.value.DfaValueFactory$FieldChecker
17418:             1             24  com.intellij.codeInspection.dataFlow.value.DfaVariableValue$Factory
17419:             1             24  com.intellij.codeInspection.defUse.DefUseInspection$1
17420:             1             24  com.intellij.codeInspection.duplicateExpressions.DuplicateExpressionsContext
17421:             1             24  com.intellij.codeInspection.duplicateThrows.DuplicateThrowsInspection$1
17422:             1             24  com.intellij.codeInspection.ex.ApplicationInspectionProfileManagerBase$schemeManager$1
17423:             1             24  com.intellij.codeInspection.ex.EditInspectionToolsSettingsInSuppressedPlaceIntention
17424:             1             24  com.intellij.codeInspection.ex.InspectionToolRegistrar
17425:             1             24  com.intellij.codeInspection.ex.InspectionToolRegistrar$registerToolProviders$2
17426:             1             24  com.intellij.codeInspection.i18n.AnnotationContext
17427:             1             24  com.intellij.codeInspection.i18n.NlsInfo$Unspecified
17428:             1             24  com.intellij.codeInspection.i18n.TitleCapitalizationInspection$1
17429:             1             24  com.intellij.codeInspection.inheritance.ImplicitSubclassInspection$buildVisitor$1
17430:             1             24  com.intellij.codeInspection.java15api.Java15APIUsageInspection$MyVisitor
17431:             1             24  com.intellij.codeInspection.java18StreamApi.StaticPseudoFunctionalStyleMethodInspection$1
17432:             1             24  com.intellij.codeInspection.java18api.Java8CollectionRemoveIfInspection$1
17433:             1             24  com.intellij.codeInspection.java18api.Java8ListSortInspection$1
17434:             1             24  com.intellij.codeInspection.java18api.Java8MapApiInspection$1
17435:             1             24  com.intellij.codeInspection.java18api.Java8MapForEachInspection$1
17436:             1             24  com.intellij.codeInspection.java18api.OptionalGetWithoutIsPresentInspection$1
17437:             1             24  com.intellij.codeInspection.javaDoc.JavaDocLocalInspection$1
17438:             1             24  com.intellij.codeInspection.javaDoc.JavaDocReferenceInspection$1
17439:             1             24  com.intellij.codeInspection.javaDoc.JavadocHtmlLintAnnotator
17440:             1             24  com.intellij.codeInspection.lambdaToExplicit.ExcessiveLambdaUsageInspection$1
17441:             1             24  com.intellij.codeInspection.magicConstant.MagicConstantInspection$1
17442:             1             24  com.intellij.codeInspection.miscGenerics.IterableUsedAsVarargInspection$1
17443:             1             24  com.intellij.codeInspection.miscGenerics.SuspiciousCollectionsMethodCallsInspection$1
17444:             1             24  com.intellij.codeInspection.nullable.NotNullFieldNotInitializedInspection$1
17445:             1             24  com.intellij.codeInspection.redundantCast.CastCanBeRemovedNarrowingVariableTypeInspection$1
17446:             1             24  com.intellij.codeInspection.redundantCast.RedundantCastInspection$$Lambda$3967/0x0000000802695c40
17447:             1             24  com.intellij.codeInspection.reflectiveAccess.JavaLangInvokeHandleSignatureInspection$1
17448:             1             24  com.intellij.codeInspection.reflectiveAccess.JavaReflectionInvocationInspection$1
17449:             1             24  com.intellij.codeInspection.reflectiveAccess.JavaReflectionMemberAccessInspection$1
17450:             1             24  com.intellij.codeInspection.sameParameterValue.SameParameterValueInspection$LocalSameParameterValueInspection$1
17451:             1             24  com.intellij.codeInspection.sillyAssignment.SillyAssignmentInspection$1
17452:             1             24  com.intellij.codeInspection.streamMigration.FuseStreamOperationsInspection$1
17453:             1             24  com.intellij.codeInspection.suspiciousNameCombination.SuspiciousNameCombinationInspection$MyVisitor
17454:             1             24  com.intellij.codeInspection.unneededThrows.RedundantThrowsDeclarationLocalInspection$RedundantThrowsVisitor
17455:             1             24  com.intellij.codeInspection.unusedReturnValue.UnusedReturnValueLocalInspection
17456:             1             24  com.intellij.codeInspection.varScopeCanBeNarrowed.FieldCanBeLocalInspection$3
17457:             1             24  com.intellij.codeWithMe.ClientIdServiceImpl
17458:             1             24  com.intellij.compiler.backwardRefs.CompilerHierarchySearchType$1
17459:             1             24  com.intellij.compiler.backwardRefs.CompilerHierarchySearchType$2
17460:             1             24  com.intellij.compiler.server.BuildManager$3
17461:             1             24  com.intellij.compiler.server.BuildManager$7
17462:             1             24  com.intellij.compiler.server.BuildManager$ProjectWatcher
17463:             1             24  com.intellij.completion.ml.experiment.ClientExperimentStatus
17464:             1             24  com.intellij.completion.ml.experiment.ExperimentConfig
17465:             1             24  com.intellij.configurationStore.MyXmlSerializer$bindingProducer$1
17466:             1             24  com.intellij.configurationStore.SaveAndSyncHandlerImpl$addListeners$$inlined$Runnable$1
17467:             1             24  com.intellij.configurationStore.SaveAndSyncHandlerImpl$addListeners$2
17468:             1             24  com.intellij.configurationStore.SaveAndSyncHandlerImpl$addListeners$3
17469:             1             24  com.intellij.configurationStore.SaveResult
17470:             1             24  com.intellij.configurationStore.StateAnnotation
17471:             1             24  com.intellij.configurationStore.schemeManager.SchemeDataHolderImpl
17472:             1             24  com.intellij.configurationStore.schemeManager.SchemeManagerFactoryBase$ApplicationSchemeManagerFactory
17473:             1             24  com.intellij.configurationStore.statistic.eventLog.FeatureUsageSettingsEventPrinter
17474:             1             24  com.intellij.configurationStore.statistic.eventLog.FeatureUsageSettingsEvents$logDefaultConfigurationState$1
17475:             1             24  com.intellij.copyright.CopyrightManagerDocumentListener
17476:             1             24  com.intellij.debugger.engine.DebugProcessImpl$3
17477:             1             24  com.intellij.debugger.impl.attach.JavaAttachDebuggerProvider$JavaDebuggerAttachGroup
17478:             1             24  com.intellij.debugger.settings.NodeRendererSettings$MapEntryLabelRenderer
17479:             1             24  com.intellij.debugger.settings.RendererConfiguration
17480:             1             24  com.intellij.debugger.streams.action.ChainResolver
17481:             1             24  com.intellij.debugger.ui.JavaDebuggerSupport
17482:             1             24  com.intellij.debugger.ui.breakpoints.JavaExceptionBreakpointType
17483:             1             24  com.intellij.debugger.ui.breakpoints.JavaFieldBreakpointType
17484:             1             24  com.intellij.debugger.ui.breakpoints.JavaLineBreakpointType
17485:             1             24  com.intellij.debugger.ui.breakpoints.JavaMethodBreakpointType
17486:             1             24  com.intellij.debugger.ui.breakpoints.JavaWildcardMethodBreakpointType
17487:             1             24  com.intellij.debugger.ui.tree.render.EnumerationChildrenRenderer
17488:             1             24  com.intellij.debugger.ui.tree.render.HexRenderer
17489:             1             24  com.intellij.diagnostic.EventWatcher$InstanceHolder
17490:             1             24  com.intellij.diagnostic.LowMemoryNotifier$1
17491:             1             24  com.intellij.diagnostic.MessagePool
17492:             1             24  com.intellij.diagnostic.MessagePool$MessageGrouper
17493:             1             24  com.intellij.diagnostic.PerformanceWatcher$1
17494:             1             24  com.intellij.execution.configuration.EnvironmentVariablesData
17495:             1             24  com.intellij.execution.console.ConsoleFoldingSettings
17496:             1             24  com.intellij.execution.console.HistoryRootType
17497:             1             24  com.intellij.execution.console.IdeConsoleRootType
17498:             1             24  com.intellij.execution.impl.DefaultJavaProgramRunner$$Lambda$5793/0x0000000802c4f440
17499:             1             24  com.intellij.execution.jshell.JShellRootType
17500:             1             24  com.intellij.execution.junit.TestInClassConfigurationProducer
17501:             1             24  com.intellij.execution.process.ColoredOutputTypeRegistry
17502:             1             24  com.intellij.execution.process.ProcessIOExecutorService$MyCountingThreadFactory
17503:             1             24  com.intellij.execution.rmi.RemoteDeadHand$TwoMinutesTurkish
17504:             1             24  com.intellij.execution.target.TargetPlatform
17505:             1             24  com.intellij.execution.testframework.TestFailedLineInspection$1
17506:             1             24  com.intellij.execution.ui.layout.impl.RunnerContentUi$$Lambda$5177/0x0000000802c4b440
17507:             1             24  com.intellij.extapi.psi.ASTWrapperPsiElement
17508:             1             24  com.intellij.find.impl.FindResultImpl
17509:             1             24  com.intellij.formatting.DependentSpacingRule
17510:             1             24  com.intellij.formatting.alignment.AlignmentStrategy$SharedAlignmentStrategy
17511:             1             24  com.intellij.framework.detection.FileContentPattern$1
17512:             1             24  com.intellij.framework.detection.impl.FrameworkDetectionIndex$2
17513:             1             24  com.intellij.grazie.GrazieConfig$State$availableLanguages$2
17514:             1             24  com.intellij.grazie.GrazieConfig$Version$OLD_UI
17515:             1             24  com.intellij.grazie.ide.language.java.JavaGrammarCheckingStrategy
17516:             1             24  com.intellij.grazie.speller.rule.ReplacingRule$rules$2
17517:             1             24  com.intellij.history.core.LocalHistoryFacade
17518:             1             24  com.intellij.history.core.LocalHistoryRecordsTable
17519:             1             24  com.intellij.history.integration.LocalHistoryEventDispatcher
17520:             1             24  com.intellij.html.embedding.HtmlRawTextElementType
17521:             1             24  com.intellij.html.index.Html5CustomAttributesIndex$2
17522:             1             24  com.intellij.ide.ActivityTracker
17523:             1             24  com.intellij.ide.CommandLineWaitingManager
17524:             1             24  com.intellij.ide.CopyPasteManagerEx
17525:             1             24  com.intellij.ide.FrameStateManagerImpl
17526:             1             24  com.intellij.ide.FrameStateManagerImpl$1
17527:             1             24  com.intellij.ide.FrameStateManagerImpl$2
17528:             1             24  com.intellij.ide.HelpTooltip$Alignment$1
17529:             1             24  com.intellij.ide.HelpTooltip$Alignment$2
17530:             1             24  com.intellij.ide.HelpTooltip$Alignment$3
17531:             1             24  com.intellij.ide.HelpTooltip$Alignment$4
17532:             1             24  com.intellij.ide.HoverService
17533:             1             24  com.intellij.ide.IdeEventQueue$MyFireIdleRequest
17534:             1             24  com.intellij.ide.IdeEventQueue$WindowsAltSuppressor
17535:             1             24  com.intellij.ide.IdePopupManager
17536:             1             24  com.intellij.ide.IdeTooltipManager$$Lambda$5257/0x0000000802cbf440
17537:             1             24  com.intellij.ide.IdeTooltipManager$6$1
17538:             1             24  com.intellij.ide.NativeIconProvider
17539:             1             24  com.intellij.ide.PsiCopyPasteManager
17540:             1             24  com.intellij.ide.RecentProjectsManagerBase$nameResolver$1
17541:             1             24  com.intellij.ide.SaveAndSyncHandler$SaveTask
17542:             1             24  com.intellij.ide.SystemHealthMonitor$4
17543:             1             24  com.intellij.ide.TypePresentationServiceImpl
17544:             1             24  com.intellij.ide.UiActivityMonitorImpl
17545:             1             24  com.intellij.ide.UiActivityMonitorImpl$2
17546:             1             24  com.intellij.ide.browsers.firefox.FirefoxSettings
17547:             1             24  com.intellij.ide.cds.CDSStartupActivity
17548:             1             24  com.intellij.ide.dnd.aware.DnDAwareTree$1
17549:             1             24  com.intellij.ide.extensionResources.ExtensionsRootType
17550:             1             24  com.intellij.ide.favoritesTreeView.FavoritesViewSettings
17551:             1             24  com.intellij.ide.fileTemplates.impl.FileTemplatesLoader$LoadedConfiguration
17552:             1             24  com.intellij.ide.gdpr.ConsentOptions
17553:             1             24  com.intellij.ide.gdpr.ConsentOptions$InstanceHolder$1
17554:             1             24  com.intellij.ide.highlighter.DTDFileType
17555:             1             24  com.intellij.ide.highlighter.HtmlFileType
17556:             1             24  com.intellij.ide.highlighter.JShellFileType
17557:             1             24  com.intellij.ide.highlighter.JavaFileType
17558:             1             24  com.intellij.ide.highlighter.XHtmlFileType
17559:             1             24  com.intellij.ide.highlighter.XmlFileType
17560:             1             24  com.intellij.ide.impl.DataManagerImpl
17561:             1             24  com.intellij.ide.lightEdit.LightEditorManagerImpl
17562:             1             24  com.intellij.ide.macro.ColumnNumberMacro
17563:             1             24  com.intellij.ide.macro.LineNumberMacro
17564:             1             24  com.intellij.ide.macro.SelectedTextMacro
17565:             1             24  com.intellij.ide.macro.SelectionEndColumnMacro
17566:             1             24  com.intellij.ide.macro.SelectionEndLineMacro
17567:             1             24  com.intellij.ide.macro.SelectionStartColumnMacro
17568:             1             24  com.intellij.ide.macro.SelectionStartLineMacro
17569:             1             24  com.intellij.ide.plugins.PluginFeatureService
17570:             1             24  com.intellij.ide.plugins.ProjectPluginTrackerManager
17571:             1             24  com.intellij.ide.projectView.impl.DirectoryUrl
17572:             1             24  com.intellij.ide.projectView.impl.FileNestingBuilder
17573:             1             24  com.intellij.ide.projectView.impl.LibraryModuleGroupUrl
17574:             1             24  com.intellij.ide.projectView.impl.ModuleGroupUrl
17575:             1             24  com.intellij.ide.projectView.impl.ModuleUrl
17576:             1             24  com.intellij.ide.projectView.impl.NamedLibraryUrl
17577:             1             24  com.intellij.ide.projectView.impl.ProjectViewFileNestingService
17578:             1             24  com.intellij.ide.projectView.impl.PsiFileUrl
17579:             1             24  com.intellij.ide.scratch.ScratchFileServiceImpl
17580:             1             24  com.intellij.ide.scratch.ScratchFileServiceImpl$1
17581:             1             24  com.intellij.ide.scratch.ScratchFileServiceImpl$MyLanguages
17582:             1             24  com.intellij.ide.scratch.ScratchFileType
17583:             1             24  com.intellij.ide.scratch.ScratchRootType
17584:             1             24  com.intellij.ide.ui.LafManager$LafReference
17585:             1             24  com.intellij.ide.ui.laf.LafManagerImpl$2
17586:             1             24  com.intellij.ide.ui.laf.LafManagerImpl$DefaultMenuArrowIcon
17587:             1             24  com.intellij.ide.ui.laf.LafManagerImpl$OurPopupFactory
17588:             1             24  com.intellij.ide.ui.laf.MacOSDetector
17589:             1             24  com.intellij.ide.ui.laf.darcula.DarculaLookAndFeelInfo
17590:             1             24  com.intellij.ide.ui.laf.darcula.ui.DarculaSeparatorUI
17591:             1             24  com.intellij.ide.util.treeView.AbstractTreeUi$2
17592:             1             24  com.intellij.ide.util.treeView.AbstractTreeUi$4
17593:             1             24  com.intellij.ide.util.treeView.NodeOptions$Immutable
17594:             1             24  com.intellij.idea.RareLogger$2
17595:             1             24  com.intellij.idea.SocketLock$$Lambda$71/0x000000080014f840
17596:             1             24  com.intellij.internal.DebugAttachDetector
17597:             1             24  com.intellij.internal.ml.completion.JarCompletionModelProvider$lazyModel$2
17598:             1             24  com.intellij.internal.statistic.collectors.fus.ui.FeatureUsageUiEventsImpl
17599:             1             24  com.intellij.internal.statistic.eventLog.connection.request.StatsProxyInfo
17600:             1             24  com.intellij.internal.statistic.eventLog.events.EventPair
17601:             1             24  com.intellij.internal.statistic.eventLog.events.ObjectListEventField
17602:             1             24  com.intellij.internal.statistic.eventLog.events.StringListEventField$ValidatedByAllowedValues
17603:             1             24  com.intellij.internal.statistic.eventLog.events.StringListEventField$ValidatedByCustomRule
17604:             1             24  com.intellij.java.refactoring.suggested.JavaSuggestedRefactoringAvailability
17605:             1             24  com.intellij.java.refactoring.suggested.JavaSuggestedRefactoringStateChanges
17606:             1             24  com.intellij.java.refactoring.suggested.JavaSuggestedRefactoringSupport
17607:             1             24  com.intellij.jps.impl.JpsIdePluginManagerImpl
17608:             1             24  com.intellij.jps.impl.JpsIdePluginManagerImpl$1
17609:             1             24  com.intellij.jps.impl.JpsIdePluginManagerImpl$2
17610:             1             24  com.intellij.json.JsonFileType
17611:             1             24  com.intellij.json.json5.Json5FileType
17612:             1             24  com.intellij.json.liveTemplates.JsonInLiteralsContextType
17613:             1             24  com.intellij.json.liveTemplates.JsonInPropertyKeysContextType
17614:             1             24  com.intellij.laf.macos.MacLafProvider$MacOsLookAndFeelInfo
17615:             1             24  com.intellij.lang.ant.AntImportsIndex$2
17616:             1             24  com.intellij.lang.ant.ForcedAntFileAttribute
17617:             1             24  com.intellij.lang.jvm.inspection.JvmLocalInspection$1
17618:             1             24  com.intellij.lang.parser.GeneratedParserUtilBase$DummyBlockElementType
17619:             1             24  com.intellij.lang.properties.PropertiesFileType
17620:             1             24  com.intellij.lang.properties.PropertiesFoldingOptionsProvider
17621:             1             24  com.intellij.lang.properties.parsing.PropertiesElementTypes$1
17622:             1             24  com.intellij.lang.properties.parsing.PropertyListStubElementType
17623:             1             24  com.intellij.lang.properties.parsing.PropertyStubElementType
17624:             1             24  com.intellij.lang.properties.psi.impl.PropertyImpl
17625:             1             24  com.intellij.lang.properties.xml.XmlPropertiesIndex$1
17626:             1             24  com.intellij.model.psi.impl.DeclaredReferencedData
17627:             1             24  com.intellij.model.search.impl.Requests
17628:             1             24  com.intellij.notification.impl.NotificationGroupManagerImpl
17629:             1             24  com.intellij.notification.impl.NotificationsConfigurationImpl
17630:             1             24  com.intellij.openapi.actionSystem.ex.QuickListsManager
17631:             1             24  com.intellij.openapi.actionSystem.impl.AbbreviationManagerImpl
17632:             1             24  com.intellij.openapi.actionSystem.impl.ActionManagerImpl$MyTimer$1
17633:             1             24  com.intellij.openapi.actionSystem.impl.MouseGestureManager
17634:             1             24  com.intellij.openapi.application.ImportOldConfigsUsagesCollector$ImportOldConfigsState
17635:             1             24  com.intellij.openapi.application.TransactionGuardImpl
17636:             1             24  com.intellij.openapi.application.impl.ApplicationInfoImpl$UpdateUrlsImpl
17637:             1             24  com.intellij.openapi.application.impl.NoSwingUnderWriteAction$$Lambda$262/0x00000008002fa040
17638:             1             24  com.intellij.openapi.application.impl.SubmissionTracker
17639:             1             24  com.intellij.openapi.command.impl.DocumentReferenceManagerImpl
17640:             1             24  com.intellij.openapi.compiler.CompilerMessageCategory$1
17641:             1             24  com.intellij.openapi.compiler.CompilerMessageCategory$2
17642:             1             24  com.intellij.openapi.compiler.CompilerMessageCategory$3
17643:             1             24  com.intellij.openapi.compiler.CompilerMessageCategory$4
17644:             1             24  com.intellij.openapi.editor.CaretVisualAttributes
17645:             1             24  com.intellij.openapi.editor.actions.BackspaceAction$Handler
17646:             1             24  com.intellij.openapi.editor.actions.BasePasteHandler
17647:             1             24  com.intellij.openapi.editor.actions.CutAction$Handler
17648:             1             24  com.intellij.openapi.editor.actions.CutLineBackwardAction$Handler
17649:             1             24  com.intellij.openapi.editor.actions.CutLineEndAction$Handler
17650:             1             24  com.intellij.openapi.editor.actions.DeleteAction$Handler
17651:             1             24  com.intellij.openapi.editor.actions.DeleteLineAction$Handler
17652:             1             24  com.intellij.openapi.editor.actions.DeleteSelectionHandler
17653:             1             24  com.intellij.openapi.editor.actions.DuplicateAction$Handler
17654:             1             24  com.intellij.openapi.editor.actions.DuplicateLinesAction$Handler
17655:             1             24  com.intellij.openapi.editor.actions.EnterAction$Handler
17656:             1             24  com.intellij.openapi.editor.actions.HungryBackspaceAction$Handler
17657:             1             24  com.intellij.openapi.editor.actions.JoinLinesAction$Handler
17658:             1             24  com.intellij.openapi.editor.actions.KillToWordEndAction$Handler
17659:             1             24  com.intellij.openapi.editor.actions.KillToWordStartAction$Handler
17660:             1             24  com.intellij.openapi.editor.actions.PasteAction$Handler
17661:             1             24  com.intellij.openapi.editor.actions.PasteFromX11Action$Handler
17662:             1             24  com.intellij.openapi.editor.actions.ReverseLinesAction$1
17663:             1             24  com.intellij.openapi.editor.actions.SelectWordAtCaretAction$Handler
17664:             1             24  com.intellij.openapi.editor.actions.SortLinesAction$1
17665:             1             24  com.intellij.openapi.editor.actions.SplitLineAction$Handler
17666:             1             24  com.intellij.openapi.editor.actions.StartNewLineAction$Handler
17667:             1             24  com.intellij.openapi.editor.actions.StartNewLineBeforeAction$Handler
17668:             1             24  com.intellij.openapi.editor.actions.TabAction$Handler
17669:             1             24  com.intellij.openapi.editor.actions.ToggleCaseAction$Handler
17670:             1             24  com.intellij.openapi.editor.actions.TransposeAction$TransposeHandler
17671:             1             24  com.intellij.openapi.editor.actions.UnindentSelectionAction$Handler
17672:             1             24  com.intellij.openapi.editor.colors.impl.EditorColorsManagerImpl
17673:             1             24  com.intellij.openapi.editor.colors.impl.EditorColorsManagerImpl$1EditorColorSchemeProcessor
17674:             1             24  com.intellij.openapi.editor.impl.DefaultRawTypedHandler
17675:             1             24  com.intellij.openapi.editor.impl.EditorFactoryImpl
17676:             1             24  com.intellij.openapi.editor.impl.EditorLastActionTracker
17677:             1             24  com.intellij.openapi.editor.impl.StripedIDGenerator
17678:             1             24  com.intellij.openapi.editor.impl.view.FontLayoutService$DefaultFontLayoutService
17679:             1             24  com.intellij.openapi.extensions.DefaultPluginDescriptor
17680:             1             24  com.intellij.openapi.externalSystem.ExternalProjectSystemRegistryImpl$ProjectModelExternalSourceImpl
17681:             1             24  com.intellij.openapi.externalSystem.autoimport.AutoImportProjectTracker$State$Id
17682:             1             24  com.intellij.openapi.externalSystem.autoimport.AutoImportProjectTracker$State$Project
17683:             1             24  com.intellij.openapi.externalSystem.autoimport.ProjectSettingsTracker$State
17684:             1             24  com.intellij.openapi.externalSystem.autoimport.ProjectStatus$ProjectState$Reverted
17685:             1             24  com.intellij.openapi.externalSystem.configurationStore.ExternalSystemStreamProviderFactory$fileStorage$2
17686:             1             24  com.intellij.openapi.externalSystem.configurationStore.ExternalSystemStreamProviderFactory$moduleStorage$2
17687:             1             24  com.intellij.openapi.externalSystem.configurationStore.ModuleFileSystemExternalSystemStorage
17688:             1             24  com.intellij.openapi.externalSystem.configurationStore.ProjectFileSystemExternalSystemStorage
17689:             1             24  com.intellij.openapi.externalSystem.service.execution.AbstractExternalSystemTaskConfigurationType$1
17690:             1             24  com.intellij.openapi.externalSystem.service.execution.AbstractExternalSystemTaskConfigurationType$2
17691:             1             24  com.intellij.openapi.externalSystem.service.project.autoimport.CachingExternalSystemAutoImportAware
17692:             1             24  com.intellij.openapi.externalSystem.util.PrefixTreeMap$Value
17693:             1             24  com.intellij.openapi.file.exclude.EnforcedPlainTextFileTypeManager
17694:             1             24  com.intellij.openapi.fileChooser.actions.GotoDesktopDirAction$1
17695:             1             24  com.intellij.openapi.fileEditor.impl.MemoryDiskConflictResolver
17696:             1             24  com.intellij.openapi.fileEditor.impl.OpenFilesScope$1
17697:             1             24  com.intellij.openapi.fileTypes.FileTypeExtensionFactory
17698:             1             24  com.intellij.openapi.fileTypes.PlainTextFileType
17699:             1             24  com.intellij.openapi.fileTypes.PlainTextParserDefinition$1
17700:             1             24  com.intellij.openapi.fileTypes.impl.IgnoredFileCache
17701:             1             24  com.intellij.openapi.fileTypes.impl.IgnoredPatternSet
17702:             1             24  com.intellij.openapi.keymap.impl.DefaultKeymap
17703:             1             24  com.intellij.openapi.keymap.impl.KeymapManagerImpl
17704:             1             24  com.intellij.openapi.keymap.impl.KeymapManagerImpl$1
17705:             1             24  com.intellij.openapi.keymap.impl.KeymapManagerImpl$2
17706:             1             24  com.intellij.openapi.keymap.impl.KeymapManagerImpl$3
17707:             1             24  com.intellij.openapi.keymap.impl.ModifierKeyDoubleClickHandler
17708:             1             24  com.intellij.openapi.keymap.impl.keyGestures.KeyGestureState$ModifierPressed
17709:             1             24  com.intellij.openapi.keymap.impl.keyGestures.KeyGestureState$ProcessFinish
17710:             1             24  com.intellij.openapi.keymap.impl.keyGestures.KeyGestureState$WaitForAction
17711:             1             24  com.intellij.openapi.keymap.impl.keyGestures.KeyGestureState$WaitForActionEnd
17712:             1             24  com.intellij.openapi.keymap.impl.keyGestures.KeyGestureState$WaitForDblClick
17713:             1             24  com.intellij.openapi.keymap.impl.keyGestures.KeyGestureState$WaitForStart
17714:             1             24  com.intellij.openapi.module.EmptyModuleType
17715:             1             24  com.intellij.openapi.module.JavaModuleType
17716:             1             24  com.intellij.openapi.module.WebModuleType
17717:             1             24  com.intellij.openapi.paths.PathReferenceManagerImpl
17718:             1             24  com.intellij.openapi.paths.StaticPathReferenceProvider
17719:             1             24  com.intellij.openapi.progress.util.TooManyUsagesStatus$NullStatus
17720:             1             24  com.intellij.openapi.project.impl.DefaultProject
17721:             1             24  com.intellij.openapi.project.impl.ExcludeRootsCache$CachedUrls
17722:             1             24  com.intellij.openapi.projectRoots.impl.JavaAwareProjectJdkTableImpl
17723:             1             24  com.intellij.openapi.projectRoots.impl.JavaSdkImpl
17724:             1             24  com.intellij.openapi.projectRoots.impl.ProjectJdkTableImpl$1
17725:             1             24  com.intellij.openapi.projectRoots.impl.UnknownSdkSnapshot$sdkState$2
17726:             1             24  com.intellij.openapi.projectRoots.impl.jdkDownloader.JdkInstaller
17727:             1             24  com.intellij.openapi.projectRoots.impl.jdkDownloader.JdkUpdaterNotifications
17728:             1             24  com.intellij.openapi.roots.impl.libraries.LibraryTablesRegistrarImpl
17729:             1             24  com.intellij.openapi.updateSettings.impl.UpdateCheckerComponent
17730:             1             24  com.intellij.openapi.updateSettings.impl.pluginsAdvertisement.PluginAdvertiserExtensionsStateService
17731:             1             24  com.intellij.openapi.updateSettings.impl.pluginsAdvertisement.PluginsAdvertiserStartupActivity
17732:             1             24  com.intellij.openapi.util.BuildNumber
17733:             1             24  com.intellij.openapi.util.Conditions$And
17734:             1             24  com.intellij.openapi.util.DefaultJDOMExternalizer$DefaultJDOMExternalizerMapClassValue
17735:             1             24  com.intellij.openapi.util.IconLoader$HandleNotFound
17736:             1             24  com.intellij.openapi.util.IconLoader$HandleNotFound$1
17737:             1             24  com.intellij.openapi.util.IconLoader$HandleNotFound$2
17738:             1             24  com.intellij.openapi.util.IconLoader$IconTransform
17739:             1             24  com.intellij.openapi.util.ModificationTracker$1
17740:             1             24  com.intellij.openapi.util.ShutDownTracker
17741:             1             24  com.intellij.openapi.util.ShutDownTracker$$Lambda$375/0x0000000800486440
17742:             1             24  com.intellij.openapi.util.SimpleTimer
17743:             1             24  com.intellij.openapi.util.io.FileUtilRt$NIOReflect$1
17744:             1             24  com.intellij.openapi.util.text.StringUtil$MyHtml2Text
17745:             1             24  com.intellij.openapi.vcs.changes.conflicts.ChangelistConflictResolution$1
17746:             1             24  com.intellij.openapi.vcs.changes.conflicts.ChangelistConflictResolution$2
17747:             1             24  com.intellij.openapi.vcs.changes.conflicts.ChangelistConflictResolution$3
17748:             1             24  com.intellij.openapi.vcs.changes.conflicts.ChangelistConflictResolution$4
17749:             1             24  com.intellij.openapi.vcs.changes.ignore.lang.IgnoreFileType
17750:             1             24  com.intellij.openapi.vfs.encoding.EncodingManagerImpl
17751:             1             24  com.intellij.openapi.vfs.impl.http.HttpFileSystemImpl
17752:             1             24  com.intellij.openapi.vfs.impl.http.HttpsFileSystem
17753:             1             24  com.intellij.openapi.vfs.impl.http.RemoteFileManagerImpl$MyDownloadingListener
17754:             1             24  com.intellij.openapi.vfs.impl.local.FileWatcher$MyFileWatcherNotificationSink
17755:             1             24  com.intellij.openapi.vfs.newvfs.impl.NullVirtualFile
17756:             1             24  com.intellij.openapi.wm.ToolWindowAllowlistEP
17757:             1             24  com.intellij.openapi.wm.impl.ToolWindowManagerImpl$ToolWindowManagerAppLevelHelper$1
17758:             1             24  com.intellij.openapi.wm.impl.simpleTitleParts.RegistryOption
17759:             1             24  com.intellij.openapi.wm.impl.simpleTitleParts.TitleInfoOption
17760:             1             24  com.intellij.openapi.wm.impl.status.PositionPanel$$Lambda$1716/0x00000008012ce040
17761:             1             24  com.intellij.packaging.impl.artifacts.JarArtifactType
17762:             1             24  com.intellij.packaging.impl.artifacts.PlainArtifactType
17763:             1             24  com.intellij.patterns.CharPattern$1
17764:             1             24  com.intellij.patterns.CharPattern$2
17765:             1             24  com.intellij.patterns.CharPattern$3
17766:             1             24  com.intellij.patterns.CharPattern$4
17767:             1             24  com.intellij.patterns.CollectionPattern$5
17768:             1             24  com.intellij.patterns.PsiAnnotationPattern
17769:             1             24  com.intellij.patterns.PsiElementPattern$14
17770:             1             24  com.intellij.patterns.PsiFilePattern$4
17771:             1             24  com.intellij.patterns.PsiMemberPattern$1
17772:             1             24  com.intellij.patterns.PsiMethodPattern$4
17773:             1             24  com.intellij.patterns.PsiStatementPattern$Capture
17774:             1             24  com.intellij.patterns.StandardPatterns$4
17775:             1             24  com.intellij.patterns.TreeElementPattern$9
17776:             1             24  com.intellij.patterns.compiler.PatternCompilerFactoryImpl
17777:             1             24  com.intellij.patterns.compiler.PatternCompilerImpl$FalsePattern
17778:             1             24  com.intellij.patterns.uast.UExpressionPattern$inCall$1
17779:             1             24  com.intellij.psi.PlainTextTokenTypes$1
17780:             1             24  com.intellij.psi.PsiReferenceService$Hints
17781:             1             24  com.intellij.psi.TokenType$1
17782:             1             24  com.intellij.psi.WhiteSpaceTokenType
17783:             1             24  com.intellij.psi.codeStyle.DetectableIndentOptionsProvider
17784:             1             24  com.intellij.psi.codeStyle.PackageEntry$1
17785:             1             24  com.intellij.psi.codeStyle.PackageEntry$2
17786:             1             24  com.intellij.psi.codeStyle.PackageEntry$3
17787:             1             24  com.intellij.psi.filters.types.AssignableFromFilter
17788:             1             24  com.intellij.psi.formatter.java.wrap.JavaWrapManager
17789:             1             24  com.intellij.psi.impl.DocumentCommitThread
17790:             1             24  com.intellij.psi.impl.cache.impl.BaseFilterLexerUtil$ScanContent
17791:             1             24  com.intellij.psi.impl.cache.impl.id.IdIndex$1
17792:             1             24  com.intellij.psi.impl.cache.impl.todo.TodoIndex
17793:             1             24  com.intellij.psi.impl.cache.impl.todo.TodoIndex$3
17794:             1             24  com.intellij.psi.impl.java.JavaBinaryPlusExpressionIndex$2
17795:             1             24  com.intellij.psi.impl.java.JavaFunctionalExpressionIndex$5
17796:             1             24  com.intellij.psi.impl.java.stubs.index.JavaAutoModuleNameIndex
17797:             1             24  com.intellij.psi.impl.java.stubs.index.JavaAutoModuleNameIndex$1
17798:             1             24  com.intellij.psi.impl.java.stubs.index.JavaSourceModuleNameIndex
17799:             1             24  com.intellij.psi.impl.java.stubs.index.JavaSourceModuleNameIndex$1
17800:             1             24  com.intellij.psi.impl.search.IndexPatternSearchImpl
17801:             1             24  com.intellij.psi.impl.search.JavaNullMethodArgumentIndex$2
17802:             1             24  com.intellij.psi.impl.smartPointers.SmartTypePointerManagerImpl
17803:             1             24  com.intellij.psi.impl.source.JavaFileElementType
17804:             1             24  com.intellij.psi.impl.source.PsiClassInitializerImpl
17805:             1             24  com.intellij.psi.impl.source.codeStyle.CodeStyleManagerImpl
17806:             1             24  com.intellij.psi.impl.source.codeStyle.CodeStyleManagerImpl$ProcessingUnderProgressInfo
17807:             1             24  com.intellij.psi.impl.source.codeStyle.CodeStyleSchemesImpl$1
17808:             1             24  com.intellij.psi.impl.source.codeStyle.JavaCodeStyleManagerImpl$NamesByExprInfo
17809:             1             24  com.intellij.psi.impl.source.codeStyle.PersistableCodeStyleSchemes
17810:             1             24  com.intellij.psi.impl.source.resolve.reference.impl.JavaReflectionCompletionContributor$MethodDefinedInInterfacePatternCondition
17811:             1             24  com.intellij.psi.impl.source.resolve.reference.impl.JavaReflectionReferenceContributor$ReflectionClassNameReferenceProvider
17812:             1             24  com.intellij.psi.impl.source.tree.JShellElementType$3
17813:             1             24  com.intellij.psi.impl.source.tree.JavaElementType$ICodeBlockElementType
17814:             1             24  com.intellij.psi.impl.source.tree.JavaElementType$JavaDummyElementType
17815:             1             24  com.intellij.psi.impl.source.tree.JavaSharedImplUtil$FilteringTypeAnnotationProvider
17816:             1             24  com.intellij.psi.impl.source.tree.java.PsiTypeParameterImpl
17817:             1             24  com.intellij.psi.search.EverythingGlobalScope
17818:             1             24  com.intellij.psi.search.GlobalSearchScope$EmptyScope
17819:             1             24  com.intellij.psi.search.scope.NonProjectFilesScope$1
17820:             1             24  com.intellij.psi.search.scope.ProjectFilesScope$1
17821:             1             24  com.intellij.psi.search.scope.ProjectProductionScope$1
17822:             1             24  com.intellij.psi.search.scope.TestsScope$1
17823:             1             24  com.intellij.psi.search.scope.packageSet.CustomScopesProviderEx$AllScopeHolder$1
17824:             1             24  com.intellij.psi.search.searches.AllOverridingMethodsSearch
17825:             1             24  com.intellij.psi.search.searches.ClassInheritorsSearch
17826:             1             24  com.intellij.psi.search.searches.DeepestSuperMethodsSearch
17827:             1             24  com.intellij.psi.search.searches.DefinitionsScopedSearch
17828:             1             24  com.intellij.psi.search.searches.DirectClassInheritorsSearch
17829:             1             24  com.intellij.psi.search.searches.FunctionalExpressionSearch
17830:             1             24  com.intellij.psi.search.searches.ImplicitToStringSearch
17831:             1             24  com.intellij.psi.search.searches.MethodReferencesSearch
17832:             1             24  com.intellij.psi.search.searches.ReferencesSearch
17833:             1             24  com.intellij.psi.search.searches.SuperMethodsSearch
17834:             1             24  com.intellij.psi.stubs.StubUpdatingForwardIndexAccessor
17835:             1             24  com.intellij.psi.stubs.StubUpdatingIndex
17836:             1             24  com.intellij.psi.stubs.StubUpdatingIndex$1
17837:             1             24  com.intellij.psi.tree.OuterLanguageElementType
17838:             1             24  com.intellij.psi.util.CachedValueProfiler
17839:             1             24  com.intellij.psi.util.TypeConversionUtil$1
17840:             1             24  com.intellij.psi.xml.EmbeddedHtmlContentElementType
17841:             1             24  com.intellij.psi.xml.HtmlFileElementType
17842:             1             24  com.intellij.psi.xml.XmlElementType$1
17843:             1             24  com.intellij.psi.xml.XmlElementType$XmlAttributeElementType
17844:             1             24  com.intellij.psi.xml.XmlTextElementType
17845:             1             24  com.intellij.refactoring.rename.RenameHandlerRegistry
17846:             1             24  com.intellij.refactoring.typeMigration.inspections.GuavaInspection$1
17847:             1             24  com.intellij.refactoring.typeMigration.inspections.GuavaInspection$1$1
17848:             1             24  com.intellij.refactoring.typeMigration.intentions.ConvertFieldToAtomicIntention
17849:             1             24  com.intellij.refactoring.typeMigration.rules.guava.GuavaLambdaConversionRule$Function
17850:             1             24  com.intellij.refactoring.typeMigration.rules.guava.GuavaLambdaConversionRule$Supplier
17851:             1             24  com.intellij.refactoring.typeMigration.rules.guava.GuavaPredicateConversionRule
17852:             1             24  com.intellij.serviceContainer.ComponentManagerImpl$getOrCreateMessageBusUnderLock$1
17853:             1             24  com.intellij.sh.ShFileType
17854:             1             24  com.intellij.sh.lexer.ShLazyBlockElementType
17855:             1             24  com.intellij.sh.lexer.ShLazyDoBlockElementType
17856:             1             24  com.intellij.sh.psi.ShFileElementType
17857:             1             24  com.intellij.sh.template.ShContextType
17858:             1             24  com.intellij.spellchecker.dictionary.UserDictionary
17859:             1             24  com.intellij.spellchecker.inspections.SpellCheckingInspection$1
17860:             1             24  com.intellij.spellchecker.quickfixes.ChangeTo$ChangeToTitleAction
17861:             1             24  com.intellij.spellchecker.tokenizer.SpellcheckingStrategy
17862:             1             24  com.intellij.spellchecker.xml.XmlSpellcheckingStrategy
17863:             1             24  com.intellij.spi.SPIFileType
17864:             1             24  com.intellij.tasks.jira.jql.JqlFileType
17865:             1             24  com.intellij.testIntegration.TestIntegrationUtils$MethodKind$1
17866:             1             24  com.intellij.testIntegration.TestIntegrationUtils$MethodKind$2
17867:             1             24  com.intellij.testIntegration.TestIntegrationUtils$MethodKind$3
17868:             1             24  com.intellij.testIntegration.TestIntegrationUtils$MethodKind$4
17869:             1             24  com.intellij.testIntegration.TestIntegrationUtils$MethodKind$5
17870:             1             24  com.intellij.testIntegration.TestIntegrationUtils$MethodKind$6
17871:             1             24  com.intellij.testIntegration.TestIntegrationUtils$MethodKind$7
17872:             1             24  com.intellij.tools.ToolManager
17873:             1             24  com.intellij.uast.UastVisitorAdapter
17874:             1             24  com.intellij.ui.DeferredIconImpl$RepaintScheduler
17875:             1             24  com.intellij.ui.IconDeferrerImpl
17876:             1             24  com.intellij.ui.TableExpandableItemsHandler$4$$Lambda$5225/0x0000000802c8d040
17877:             1             24  com.intellij.ui.components.ScrollSource$1
17878:             1             24  com.intellij.ui.components.ScrollSource$2
17879:             1             24  com.intellij.ui.components.ScrollSource$3
17880:             1             24  com.intellij.ui.components.ScrollSource$4
17881:             1             24  com.intellij.ui.content.AlertIcon
17882:             1             24  com.intellij.ui.hover.TableHoverListener$1
17883:             1             24  com.intellij.ui.jcef.JBCefStartup$1
17884:             1             24  com.intellij.ui.mac.touchbar.StackTouchBars$TouchBarHolder
17885:             1             24  com.intellij.ui.paint.EffectPainter$1
17886:             1             24  com.intellij.ui.paint.EffectPainter$2
17887:             1             24  com.intellij.ui.paint.EffectPainter$3
17888:             1             24  com.intellij.ui.paint.EffectPainter$4
17889:             1             24  com.intellij.ui.paint.EffectPainter$5
17890:             1             24  com.intellij.ui.paint.EffectPainter2D$1
17891:             1             24  com.intellij.ui.paint.EffectPainter2D$2
17892:             1             24  com.intellij.ui.paint.EffectPainter2D$3
17893:             1             24  com.intellij.ui.paint.EffectPainter2D$4
17894:             1             24  com.intellij.ui.paint.EffectPainter2D$5
17895:             1             24  com.intellij.ui.paint.PaintUtil$RoundingMode$1
17896:             1             24  com.intellij.ui.paint.PaintUtil$RoundingMode$2
17897:             1             24  com.intellij.ui.paint.PaintUtil$RoundingMode$3
17898:             1             24  com.intellij.ui.paint.PaintUtil$RoundingMode$4
17899:             1             24  com.intellij.ui.paint.RectanglePainter$1
17900:             1             24  com.intellij.ui.paint.RectanglePainter$2
17901:             1             24  com.intellij.ui.paint.RectanglePainter2D$1
17902:             1             24  com.intellij.ui.paint.RectanglePainter2D$2
17903:             1             24  com.intellij.ui.popup.PopupComponent$AwtPopupWrapper
17904:             1             24  com.intellij.ui.popup.StackingPopupDispatcherImpl
17905:             1             24  com.intellij.ui.stripe.ErrorStripe
17906:             1             24  com.intellij.ui.svg.SvgCacheManager
17907:             1             24  com.intellij.ui.svg.SvgPrebuiltCacheManager
17908:             1             24  com.intellij.ui.tabs.layout.TabsLayoutSettingsHolder
17909:             1             24  com.intellij.ui.tabs.layout.singleRowLayout.ScrollableSingleRowLayout$ScrollableSingleRowTabsLayoutInfo
17910:             1             24  com.intellij.uiDesigner.inspections.BoundFieldAssignmentInspection$1
17911:             1             24  com.intellij.util.ConcurrencyUtil$$Lambda$1418/0x0000000801084440
17912:             1             24  com.intellij.util.Restarter$1
17913:             1             24  com.intellij.util.Restarter$2
17914:             1             24  com.intellij.util.concurrency.AppScheduledExecutorService$MyThreadFactory
17915:             1             24  com.intellij.util.concurrency.EdtScheduledExecutorServiceImpl
17916:             1             24  com.intellij.util.concurrency.PlainEdtExecutor
17917:             1             24  com.intellij.util.containers.ConcurrentIntKeySoftValueHashMap
17918:             1             24  com.intellij.util.containers.ConcurrentIntKeyWeakValueHashMap
17919:             1             24  com.intellij.util.containers.ConcurrentRefHashMap$1
17920:             1             24  com.intellij.util.containers.FactoryMap$2
17921:             1             24  com.intellij.util.containers.ImmutableList$Itr
17922:             1             24  com.intellij.util.containers.JBIterable$2
17923:             1             24  com.intellij.util.containers.MultiMap$EmptyMap
17924:             1             24  com.intellij.util.containers.RecentStringInterner
17925:             1             24  com.intellij.util.descriptors.ConfigFileVersion
17926:             1             24  com.intellij.util.indexing.FileBasedIndexImpl$7
17927:             1             24  com.intellij.util.indexing.FileBasedIndexImpl$VirtualFileUpdateTask
17928:             1             24  com.intellij.util.indexing.IdFilter$$Lambda$4511/0x00000008028e9440
17929:             1             24  com.intellij.util.indexing.IdFilter$1
17930:             1             24  com.intellij.util.indexing.IdFilter$FilterScopeType$1
17931:             1             24  com.intellij.util.indexing.IdFilter$FilterScopeType$2
17932:             1             24  com.intellij.util.indexing.IdFilter$FilterScopeType$3
17933:             1             24  com.intellij.util.indexing.IndexableSetContributorModificationTracker
17934:             1             24  com.intellij.util.indexing.VfsEventsMerger
17935:             1             24  com.intellij.util.io.PersistentEnumeratorBase$FlyweightKey
17936:             1             24  com.intellij.util.io.SimpleStringPersistentEnumerator
17937:             1             24  com.intellij.util.io.storage.HeavyProcessLatch
17938:             1             24  com.intellij.util.io.storage.RefCountingRecordsTable
17939:             1             24  com.intellij.util.lang.ClassLoadingLocks
17940:             1             24  com.intellij.util.lang.ClasspathCache
17941:             1             24  com.intellij.util.net.IdeaWideProxySelector
17942:             1             24  com.intellij.util.net.ssl.CertificateManager
17943:             1             24  com.intellij.util.net.ssl.ConfirmingTrustManager
17944:             1             24  com.intellij.util.ui.JBHtmlEditorKit$2
17945:             1             24  com.intellij.util.ui.JBValue$JBValueGroup
17946:             1             24  com.intellij.util.ui.UIUtil$3
17947:             1             24  com.intellij.util.ui.UIUtil$4
17948:             1             24  com.intellij.util.ui.UIUtil$5
17949:             1             24  com.intellij.util.ui.tree.WideSelectionTreeUI$1
17950:             1             24  com.intellij.util.ui.tree.WideSelectionTreeUI$2
17951:             1             24  com.intellij.util.xml.highlighting.DomHighlightingHelperImpl
17952:             1             24  com.intellij.util.xml.impl.DomCompletionContributor
17953:             1             24  com.intellij.util.xml.impl.GetInvocation$$Lambda$5339/0x0000000802d1a040
17954:             1             24  com.intellij.util.xml.impl.JavaDomConverterManagerImpl
17955:             1             24  com.intellij.util.xmlb.BeanBinding$XmlSerializerPropertyCollector
17956:             1             24  com.intellij.vcs.log.data.index.VcsLogBigRepositoriesList
17957:             1             24  com.intellij.vcs.log.graph.impl.facade.LinearGraphController$LinearGraphAnswer
17958:             1             24  com.intellij.vcs.log.impl.LogDataImpl
17959:             1             24  com.intellij.vcs.log.impl.VcsLogApplicationSettings
17960:             1             24  com.intellij.xdebugger.impl.actions.handlers.XDebuggerSmartStepIntoHandler$DownHandler
17961:             1             24  com.intellij.xdebugger.impl.actions.handlers.XDebuggerSmartStepIntoHandler$EnterHandler
17962:             1             24  com.intellij.xdebugger.impl.actions.handlers.XDebuggerSmartStepIntoHandler$LeftHandler
17963:             1             24  com.intellij.xdebugger.impl.actions.handlers.XDebuggerSmartStepIntoHandler$RightHandler
17964:             1             24  com.intellij.xdebugger.impl.actions.handlers.XDebuggerSmartStepIntoHandler$UpHandler
17965:             1             24  com.intellij.xdebugger.impl.settings.XDebuggerSettingManagerImpl
17966:             1             24  com.intellij.xdebugger.impl.settings.XDebuggerSettingManagerImpl$SettingsState
17967:             1             24  com.intellij.xdebugger.impl.ui.DebuggerTitleInfoProvider$1
17968:             1             24  com.intellij.xdebugger.impl.ui.tree.XDebuggerTree$3
17969:             1             24  com.intellij.xdebugger.memory.component.MemoryViewManager
17970:             1             24  com.intellij.xml.impl.NamedReferenceProviders
17971:             1             24  com.intellij.xml.impl.schema.ComplexTypeDescriptor$1
17972:             1             24  com.intellij.xml.impl.schema.ComplexTypeDescriptor$2
17973:             1             24  com.intellij.xml.impl.schema.XmlNSDescriptorImpl$$Lambda$2201/0x000000080175f840
17974:             1             24  com.intellij.xml.index.XmlNamespaceIndex$1
17975:             1             24  com.intellij.xml.util.XmlRefCountHolder$1
17976:             1             24  com.jetbrains.changeReminder.plugin.UserSettings
17977:             1             24  com.jetbrains.jdi.VMState$Cache
17978:             1             24  com.siyeh.ig.abstraction.InterfaceMethodClashesWithObjectInspection$InterfaceClashesWithObjectClassVisitor
17979:             1             24  com.siyeh.ig.abstraction.OptionalUsedAsFieldOrParameterTypeInspection$OptionUsedAsFieldOrParameterTypeVisitor
17980:             1             24  com.siyeh.ig.bitwise.IncompatibleMaskInspection$IncompatibleMaskVisitor
17981:             1             24  com.siyeh.ig.bitwise.ShiftOutOfRangeInspection$ShiftOutOfRange
17982:             1             24  com.siyeh.ig.bugs.ArrayEqualsInspection$ArrayEqualsVisitor
17983:             1             24  com.siyeh.ig.bugs.ArrayHashCodeInspection$ArrayHashCodeVisitor
17984:             1             24  com.siyeh.ig.bugs.ArrayObjectsEqualsInspection$ArrayObjectsEqualsVisitor
17985:             1             24  com.siyeh.ig.bugs.AssertWithSideEffectsInspection$AssertWithSideEffectsVisitor
17986:             1             24  com.siyeh.ig.bugs.CollectionAddedToSelfInspection$CollectionAddedToSelfVisitor
17987:             1             24  com.siyeh.ig.bugs.CopyConstructorMissesFieldInspection$CopyConstructorMissesFieldVisitor
17988:             1             24  com.siyeh.ig.bugs.EmptyInitializerInspection$EmptyInitializerVisitor
17989:             1             24  com.siyeh.ig.bugs.EqualsWhichDoesntCheckParameterClassInspection$EqualsWhichDoesntCheckParameterClassVisitor
17990:             1             24  com.siyeh.ig.bugs.EqualsWithItselfInspection$EqualsWithItselfVisitor
17991:             1             24  com.siyeh.ig.bugs.ImplicitArrayToStringInspection$ImplicitArrayToStringVisitor
17992:             1             24  com.siyeh.ig.bugs.InfiniteRecursionInspection$InfiniteRecursionVisitor
17993:             1             24  com.siyeh.ig.bugs.InstantiationOfUtilityClassInspection$InstantiationOfUtilityClassVisitor
17994:             1             24  com.siyeh.ig.bugs.IteratorHasNextCallsIteratorNextInspection$IteratorHasNextCallsIteratorNext
17995:             1             24  com.siyeh.ig.bugs.MathRandomCastToIntInspection$MathRandomCastToIntegerVisitor
17996:             1             24  com.siyeh.ig.bugs.MismatchedArrayReadWriteInspection$MismatchedArrayReadWriteVisitor
17997:             1             24  com.siyeh.ig.bugs.MismatchedStringBuilderQueryUpdateInspection$MismatchedQueryAndUpdateOfStringBuilderVisitor
17998:             1             24  com.siyeh.ig.bugs.MismatchedStringCaseInspection$1
17999:             1             24  com.siyeh.ig.bugs.NewObjectEqualityInspection$NumberEqualityVisitor
18000:             1             24  com.siyeh.ig.bugs.NewStringBufferWithCharArgumentInspection$StringBufferWithCharArgumentVisitor
18001:             1             24  com.siyeh.ig.bugs.NullArgumentToVariableArgMethodInspection$NullArgumentToVariableArgVisitor
18002:             1             24  com.siyeh.ig.bugs.NumberEqualityInspection$NumberEqualityVisitor
18003:             1             24  com.siyeh.ig.bugs.PrimitiveArrayArgumentToVariableArgMethodInspection$PrimitiveArrayArgumentToVariableArgVisitor
18004:             1             24  com.siyeh.ig.bugs.ReflectionForUnavailableAnnotationInspection$ReflectionForUnavailableAnnotationVisitor
18005:             1             24  com.siyeh.ig.bugs.ReplaceAllDotInspection$ReplaceAllDotVisitor
18006:             1             24  com.siyeh.ig.bugs.SortedCollectionWithNonComparableKeysInspection$1
18007:             1             24  com.siyeh.ig.bugs.StringEqualityInspection$ObjectEqualityVisitor
18008:             1             24  com.siyeh.ig.bugs.StringEqualsCharSequenceInspection$StringEqualsCharSequenceVisitor
18009:             1             24  com.siyeh.ig.bugs.SuspiciousComparatorCompareInspection$SuspiciousComparatorCompareVisitor
18010:             1             24  com.siyeh.ig.bugs.SuspiciousDateFormatInspection$1
18011:             1             24  com.siyeh.ig.bugs.SuspiciousInvocationHandlerImplementationInspection$1
18012:             1             24  com.siyeh.ig.bugs.SuspiciousSystemArraycopyInspection$SuspiciousSystemArraycopyVisitor
18013:             1             24  com.siyeh.ig.bugs.SuspiciousToArrayCallInspection$SuspiciousToArrayCallVisitor
18014:             1             24  com.siyeh.ig.bugs.TextLabelInSwitchStatementInspection$TextLabelInSwitchStatementVisitor
18015:             1             24  com.siyeh.ig.bugs.ThrowableNotThrownInspection$ThrowableResultOfMethodCallIgnoredVisitor
18016:             1             24  com.siyeh.ig.callMatcher.CallMatcher$CallType$1
18017:             1             24  com.siyeh.ig.callMatcher.CallMatcher$CallType$2
18018:             1             24  com.siyeh.ig.callMatcher.CallMatcher$CallType$3
18019:             1             24  com.siyeh.ig.callMatcher.CallMatcher$CallType$4
18020:             1             24  com.siyeh.ig.classlayout.FinalPrivateMethodInspection$FinalPrivateMethodVisitor
18021:             1             24  com.siyeh.ig.classlayout.FinalStaticMethodInspection$FinalStaticMethodVisitor
18022:             1             24  com.siyeh.ig.controlflow.ConstantConditionalExpressionInspection$ConstantConditionalExpressionVisitor
18023:             1             24  com.siyeh.ig.controlflow.DoubleNegationInspection$DoubleNegationVisitor
18024:             1             24  com.siyeh.ig.controlflow.ExcessiveRangeCheckInspection$1
18025:             1             24  com.siyeh.ig.controlflow.IfStatementWithIdenticalBranchesInspection$1
18026:             1             24  com.siyeh.ig.controlflow.PointlessNullCheckInspection$PointlessNullCheckVisitor
18027:             1             24  com.siyeh.ig.controlflow.SimplifiableBooleanExpressionInspection$SimplifiableBooleanExpressionVisitor
18028:             1             24  com.siyeh.ig.controlflow.SimplifiableConditionalExpressionInspection$SimplifiableConditionalExpressionVisitor
18029:             1             24  com.siyeh.ig.controlflow.UnnecessaryBreakInspection$UnnecessaryBreakVisitor
18030:             1             24  com.siyeh.ig.controlflow.UnnecessaryLabelOnBreakStatementInspection$UnnecessaryLabelOnBreakStatementVisitor
18031:             1             24  com.siyeh.ig.controlflow.UnnecessaryLabelOnContinueStatementInspection$UnnecessaryLabelOnContinueStatementVisitor
18032:             1             24  com.siyeh.ig.dataflow.TooBroadScopeInspection$TooBroadScopeInspectionFix
18033:             1             24  com.siyeh.ig.errorhandling.CatchMayIgnoreExceptionInspection$1
18034:             1             24  com.siyeh.ig.errorhandling.CaughtExceptionImmediatelyRethrownInspection$CaughtExceptionImmediatelyRethrownVisitor
18035:             1             24  com.siyeh.ig.errorhandling.ContinueOrBreakFromFinallyBlockInspection$ContinueOrBreakFromFinallyBlockVisitor
18036:             1             24  com.siyeh.ig.errorhandling.EmptyFinallyBlockInspection$EmptyFinallyBlockVisitor
18037:             1             24  com.siyeh.ig.errorhandling.EmptyTryBlockInspection$EmptyTryBlockVisitor
18038:             1             24  com.siyeh.ig.errorhandling.FinallyBlockCannotCompleteNormallyInspection$FinallyBlockCannotCompleteNormallyVisitor
18039:             1             24  com.siyeh.ig.errorhandling.UnnecessaryInitCauseInspection$UnnecessaryInitCauseVisitor
18040:             1             24  com.siyeh.ig.finalization.NoExplicitFinalizeCallsInspection$NoExplicitFinalizeCallsVisitor
18041:             1             24  com.siyeh.ig.inheritance.ExtendsAnnotationInspection$ExtendsAnnotationVisitor
18042:             1             24  com.siyeh.ig.javadoc.DanglingJavadocInspection$DanglingJavadocVisitor
18043:             1             24  com.siyeh.ig.jdk.ForwardCompatibilityInspection$1
18044:             1             24  com.siyeh.ig.junit.BeforeClassOrAfterClassIsPublicStaticVoidNoArgInspection$BeforeClassOrAfterClassIsPublicStaticVoidNoArgVisitor
18045:             1             24  com.siyeh.ig.junit.BeforeOrAfterIsPublicVoidNoArgInspection$BeforeOrAfterIsPublicVoidNoArgVisitor
18046:             1             24  com.siyeh.ig.junit.JUnit3StyleTestMethodInJUnit4ClassInspection$JUnit3StyleTestMethodInJUnit4ClassInspectionVisitor
18047:             1             24  com.siyeh.ig.junit.JUnit4AnnotatedMethodInJUnit3TestCaseInspection$Junit4AnnotatedMethodInJunit3TestCaseVisitor
18048:             1             24  com.siyeh.ig.junit.StaticSuiteInspection$StaticSuiteVisitor
18049:             1             24  com.siyeh.ig.junit.UnconstructableTestCaseInspection$UnconstructableTestCaseVisitor
18050:             1             24  com.siyeh.ig.logging.PlaceholderCountMatchesArgumentCountInspection$PlaceholderCountMatchesArgumentCountVisitor
18051:             1             24  com.siyeh.ig.maturity.ThrowablePrintedToSystemOutInspection$ThrowablePrintedToSystemOutVisitor
18052:             1             24  com.siyeh.ig.methodmetrics.ParametersPerConstructorInspection$Scope$1
18053:             1             24  com.siyeh.ig.methodmetrics.ParametersPerConstructorInspection$Scope$2
18054:             1             24  com.siyeh.ig.methodmetrics.ParametersPerConstructorInspection$Scope$3
18055:             1             24  com.siyeh.ig.methodmetrics.ParametersPerConstructorInspection$Scope$4
18056:             1             24  com.siyeh.ig.migration.IndexOfReplaceableByContainsInspection$IndexOfReplaceableByContainsVisitor
18057:             1             24  com.siyeh.ig.migration.StringBufferReplaceableByStringBuilderInspection$StringBufferReplaceableByStringBuilderVisitor
18058:             1             24  com.siyeh.ig.migration.TryFinallyCanBeTryWithResourcesInspection$TryFinallyCanBeTryWithResourcesVisitor
18059:             1             24  com.siyeh.ig.migration.TryWithIdenticalCatchesInspection$TryWithIdenticalCatchesVisitor
18060:             1             24  com.siyeh.ig.migration.WhileCanBeForeachInspection$WhileCanBeForeachVisitor
18061:             1             24  com.siyeh.ig.naming.MethodNameSameAsClassNameInspection$MethodNameSameAsClassNameVisitor
18062:             1             24  com.siyeh.ig.numeric.BigDecimalMethodWithoutRoundingCalledInspection$BigDecimalMethodWithoutRoundingCalledVisitor
18063:             1             24  com.siyeh.ig.numeric.ComparisonToNaNInspection$ComparisonToNaNVisitor
18064:             1             24  com.siyeh.ig.numeric.DivideByZeroInspection$DivisionByZeroVisitor
18065:             1             24  com.siyeh.ig.numeric.IntegerDivisionInFloatingPointContextInspection$IntegerDivisionInFloatingPointContextVisitor
18066:             1             24  com.siyeh.ig.numeric.LongLiteralsEndingWithLowercaseLInspection$LongLiteralWithLowercaseLVisitor
18067:             1             24  com.siyeh.ig.numeric.OctalLiteralInspection$OctalLiteralVisitor
18068:             1             24  com.siyeh.ig.performance.ArraysAsListWithZeroOrOneArgumentInspection$ArrayAsListWithOneArgumentVisitor
18069:             1             24  com.siyeh.ig.performance.BooleanConstructorInspection$BooleanConstructorVisitor
18070:             1             24  com.siyeh.ig.performance.BoxingBoxedValueInspection$BoxingBoxedValueVisitor
18071:             1             24  com.siyeh.ig.performance.ClassInitializerMayBeStaticInspection$ClassInitializerCanBeStaticVisitor
18072:             1             24  com.siyeh.ig.performance.IfStatementMissingBreakInLoopInspection$IfStatementMissingBreakInLoopVisitor
18073:             1             24  com.siyeh.ig.performance.InstantiatingObjectToGetClassObjectInspection$InstantiatingObjectToGetClassObjectVisitor
18074:             1             24  com.siyeh.ig.performance.ListRemoveInLoopInspection$1
18075:             1             24  com.siyeh.ig.performance.ManualArrayCopyInspection$ManualArrayCopyVisitor
18076:             1             24  com.siyeh.ig.performance.ManualArrayToCollectionCopyInspection$ManualArrayToCollectionCopyVisitor
18077:             1             24  com.siyeh.ig.performance.StringConcatenationInLoopsInspection$StringConcatenationInLoopsVisitor
18078:             1             24  com.siyeh.ig.performance.StringConcatenationInsideStringBufferAppendInspection$StringConcatenationInsideStringBufferAppendVisitor
18079:             1             24  com.siyeh.ig.performance.ToArrayCallWithZeroLengthArrayArgumentInspection$PreferEmptyArray$1
18080:             1             24  com.siyeh.ig.performance.ToArrayCallWithZeroLengthArrayArgumentInspection$PreferEmptyArray$2
18081:             1             24  com.siyeh.ig.performance.ToArrayCallWithZeroLengthArrayArgumentInspection$PreferEmptyArray$3
18082:             1             24  com.siyeh.ig.performance.UnnecessaryTemporaryOnConversionFromStringInspection$UnnecessaryTemporaryObjectVisitor
18083:             1             24  com.siyeh.ig.performance.UnnecessaryTemporaryOnConversionToStringInspection$UnnecessaryTemporaryObjectVisitor
18084:             1             24  com.siyeh.ig.redundancy.RedundantClassCallInspection$1
18085:             1             24  com.siyeh.ig.redundancy.RedundantCollectionOperationInspection$1
18086:             1             24  com.siyeh.ig.redundancy.RedundantOperationOnEmptyContainerInspection$1
18087:             1             24  com.siyeh.ig.redundancy.UnusedLabelInspection$UnusedLabelVisitor
18088:             1             24  com.siyeh.ig.serialization.ExternalizableWithoutPublicNoArgConstructorInspection$ExternalizableWithoutPublicNoArgConstructorVisitor
18089:             1             24  com.siyeh.ig.style.ExtendsObjectInspection$ExtendsObjectVisitor
18090:             1             24  com.siyeh.ig.style.FieldMayBeFinalInspection$FieldMayBeFinalVisitor
18091:             1             24  com.siyeh.ig.style.ListIndexOfReplaceableByContainsInspection$IndexOfReplaceableByContainsVisitor
18092:             1             24  com.siyeh.ig.style.StringBufferReplaceableByStringInspection$StringBufferReplaceableByStringVisitor
18093:             1             24  com.siyeh.ig.style.UnnecessaryCallToStringValueOfInspection$UnnecessaryCallToStringValueOfVisitor
18094:             1             24  com.siyeh.ig.style.UnnecessaryEnumModifierInspection$UnnecessaryEnumModifierVisitor
18095:             1             24  com.siyeh.ig.style.UnnecessaryInterfaceModifierInspection$UnnecessaryInterfaceModifierVisitor
18096:             1             24  com.siyeh.ig.testFrameworks.AssertBetweenInconvertibleTypesInspection$AssertEqualsBetweenInconvertibleTypesVisitor
18097:             1             24  com.siyeh.ig.testFrameworks.MaskedAssertionInspection$MaskedAssertionInspectionVisitor
18098:             1             24  com.siyeh.ig.threading.AtomicFieldUpdaterIssuesInspection$AtomicFieldUpdaterIssuesVisitor
18099:             1             24  com.siyeh.ig.threading.AtomicFieldUpdaterNotStaticFinalInspection$AtomicFieldUpdaterNotStaticFinalVisitor
18100:             1             24  com.siyeh.ig.threading.BusyWaitInspection$BusyWaitVisitor
18101:             1             24  com.siyeh.ig.threading.NonAtomicOperationOnVolatileFieldInspection$NonAtomicOperationOnVolatileFieldVisitor
18102:             1             24  com.siyeh.ig.threading.StaticInitializerReferencesSubClassInspection$1
18103:             1             24  com.siyeh.ig.threading.SynchronizationOnGetClassInspection$SynchronizationOnGetClassVisitor
18104:             1             24  com.siyeh.ig.threading.SynchronizeOnNonFinalFieldInspection$SynchronizeOnNonFinalFieldVisitor
18105:             1             24  com.siyeh.ig.threading.ThreadRunInspection$ThreadRunVisitor
18106:             1             24  com.siyeh.ig.threading.ThreadWithDefaultRunMethodInspection$ThreadWithDefaultRunMethodVisitor
18107:             1             24  com.siyeh.ig.visibility.TypeParameterHidesVisibleTypeInspection$TypeParameterHidesVisibleTypeVisitor
18108:             1             24  com.siyeh.ipp.asserttoif.ObjectsRequireNonNullIntention
18109:             1             24  com.siyeh.ipp.bool.NegateConditionalIntention
18110:             1             24  com.siyeh.ipp.chartostring.CharToStringIntention
18111:             1             24  com.siyeh.ipp.collections.ReplaceWithMutableCollectionIntention
18112:             1             24  com.siyeh.ipp.comment.ChangeToCStyleCommentIntention
18113:             1             24  com.siyeh.ipp.comment.ChangeToEndOfLineCommentIntention
18114:             1             24  com.siyeh.ipp.comment.MoveCommentToSeparateLineIntention
18115:             1             24  com.siyeh.ipp.concatenation.JoinConcatenatedStringLiteralsIntention
18116:             1             24  com.siyeh.ipp.concatenation.MakeCallChainIntoCallSequenceIntention
18117:             1             24  com.siyeh.ipp.concatenation.MergeCallSequenceToChainIntention
18118:             1             24  com.siyeh.ipp.concatenation.ReplaceFormatStringWithConcatenationIntention
18119:             1             24  com.siyeh.ipp.conditional.FlipConditionalIntention
18120:             1             24  com.siyeh.ipp.conditional.ReplaceConditionalWithBooleanExpressionIntention
18121:             1             24  com.siyeh.ipp.exceptions.ConvertCatchToThrowsIntention
18122:             1             24  com.siyeh.ipp.exceptions.DetailExceptionsIntention
18123:             1             24  com.siyeh.ipp.exceptions.MergeNestedTryStatementsIntention
18124:             1             24  com.siyeh.ipp.exceptions.ReplaceArmWithTryFinallyIntention
18125:             1             24  com.siyeh.ipp.expression.FlipSetterCallIntention
18126:             1             24  com.siyeh.ipp.expression.eliminate.EliminateParenthesesIntention
18127:             1             24  com.siyeh.ipp.forloop.ReplaceForEachLoopWithIndexedForLoopIntention
18128:             1             24  com.siyeh.ipp.forloop.ReplaceForEachLoopWithIteratorForLoopIntention
18129:             1             24  com.siyeh.ipp.forloop.ReplaceForEachLoopWithOptimizedIndexedForLoopIntention
18130:             1             24  com.siyeh.ipp.forloop.ReverseForLoopDirectionIntention
18131:             1             24  com.siyeh.ipp.functional.ExtractToMethodReferenceIntention
18132:             1             24  com.siyeh.ipp.imports.ReplaceOnDemandImportIntention
18133:             1             24  com.siyeh.ipp.initialization.SplitDeclarationAndInitializationIntention
18134:             1             24  com.siyeh.ipp.interfacetoclass.ConvertInterfaceToClassIntention
18135:             1             24  com.siyeh.ipp.junit.CreateAssertIntention
18136:             1             24  com.siyeh.ipp.switchbranches.CreateMissingSwitchBranchesAction
18137:             1             24  com.siyeh.ipp.trivialif.ConvertToNestedIfIntention
18138:             1             24  com.siyeh.ipp.trivialif.MergeElseIfIntention
18139:             1             24  com.siyeh.ipp.trivialif.MergeIfAndIntention
18140:             1             24  com.siyeh.ipp.trivialif.MergeIfOrIntention
18141:             1             24  com.siyeh.ipp.trivialif.MergeParallelIfsIntention
18142:             1             24  com.siyeh.ipp.trivialif.SplitElseIfIntention
18143:             1             24  com.siyeh.ipp.types.MakeMethodDefaultIntention
18144:             1             24  com.siyeh.ipp.unicode.ReplaceOctalEscapeWithUnicodeEscapeIntention
18145:             1             24  com.siyeh.ipp.unicode.UnicodeUnescapeIntention
18146:             1             24  com.siyeh.ipp.varargs.WrapVarargArgumentsWithExplicitArrayIntention
18147:             1             24  com.siyeh.ipp.whileloop.ExtractWhileLoopConditionToIfStatementIntention
18148:             1             24  com.siyeh.ipp.whileloop.ReplaceDoWhileLoopWithWhileLoopIntention
18149:             1             24  com.siyeh.ipp.whileloop.ReplaceWhileLoopWithDoWhileLoopIntention
18150:             1             24  com.sun.beans.util.Cache$Kind$1 (java.desktop@11.0.9.1)
18151:             1             24  com.sun.beans.util.Cache$Kind$2 (java.desktop@11.0.9.1)
18152:             1             24  com.sun.beans.util.Cache$Kind$3 (java.desktop@11.0.9.1)
18153:             1             24  com.sun.imageio.spi.FileImageInputStreamSpi (java.desktop@11.0.9.1)
18154:             1             24  com.sun.imageio.spi.FileImageOutputStreamSpi (java.desktop@11.0.9.1)
18155:             1             24  com.sun.imageio.spi.InputStreamImageInputStreamSpi (java.desktop@11.0.9.1)
18156:             1             24  com.sun.imageio.spi.OutputStreamImageOutputStreamSpi (java.desktop@11.0.9.1)
18157:             1             24  com.sun.imageio.spi.RAFImageInputStreamSpi (java.desktop@11.0.9.1)
18158:             1             24  com.sun.imageio.spi.RAFImageOutputStreamSpi (java.desktop@11.0.9.1)
18159:             1             24  com.sun.jna.Structure$3
18160:             1             24  com.sun.jna.StructureReadContext
18161:             1             24  com.sun.jna.WeakMemoryHolder
18162:             1             24  com.sun.management.internal.OperatingSystemImpl (jdk.management@11.0.9.1)
18163:             1             24  com.sun.management.internal.PlatformMBeanProviderImpl$1 (jdk.management@11.0.9.1)
18164:             1             24  com.sun.management.internal.PlatformMBeanProviderImpl$2 (jdk.management@11.0.9.1)
18165:             1             24  com.sun.management.internal.PlatformMBeanProviderImpl$3 (jdk.management@11.0.9.1)
18166:             1             24  com.sun.management.internal.PlatformMBeanProviderImpl$4 (jdk.management@11.0.9.1)
18167:             1             24  com.sun.management.internal.PlatformMBeanProviderImpl$5 (jdk.management@11.0.9.1)
18168:             1             24  com.sun.org.apache.xerces.internal.utils.XMLSecurityPropertyManager (java.xml@11.0.9.1)
18169:             1             24  com.sun.xml.bind.v2.model.annotation.LocatableAnnotation
18170:             1             24  com.sun.xml.bind.v2.model.annotation.XmlAttributeQuick
18171:             1             24  com.sun.xml.bind.v2.model.annotation.XmlElementQuick
18172:             1             24  com.sun.xml.bind.v2.model.annotation.XmlElementRefQuick
18173:             1             24  com.sun.xml.bind.v2.model.annotation.XmlElementRefsQuick
18174:             1             24  com.sun.xml.bind.v2.model.annotation.XmlEnumQuick
18175:             1             24  com.sun.xml.bind.v2.model.annotation.XmlRootElementQuick
18176:             1             24  com.sun.xml.bind.v2.model.annotation.XmlSchemaTypeQuick
18177:             1             24  com.sun.xml.bind.v2.model.annotation.XmlTransientQuick
18178:             1             24  com.sun.xml.bind.v2.model.annotation.XmlTypeQuick
18179:             1             24  com.sun.xml.bind.v2.model.annotation.XmlValueQuick
18180:             1             24  com.sun.xml.bind.v2.model.impl.RuntimeAnyTypeImpl
18181:             1             24  com.sun.xml.bind.v2.model.impl.RuntimeBuiltinLeafInfoImpl$10
18182:             1             24  com.sun.xml.bind.v2.model.impl.RuntimeBuiltinLeafInfoImpl$11
18183:             1             24  com.sun.xml.bind.v2.model.impl.RuntimeBuiltinLeafInfoImpl$12
18184:             1             24  com.sun.xml.bind.v2.model.impl.RuntimeBuiltinLeafInfoImpl$13
18185:             1             24  com.sun.xml.bind.v2.model.impl.RuntimeBuiltinLeafInfoImpl$14
18186:             1             24  com.sun.xml.bind.v2.model.impl.RuntimeBuiltinLeafInfoImpl$15
18187:             1             24  com.sun.xml.bind.v2.model.impl.RuntimeBuiltinLeafInfoImpl$16
18188:             1             24  com.sun.xml.bind.v2.model.impl.RuntimeBuiltinLeafInfoImpl$17
18189:             1             24  com.sun.xml.bind.v2.model.impl.RuntimeBuiltinLeafInfoImpl$18
18190:             1             24  com.sun.xml.bind.v2.model.impl.RuntimeBuiltinLeafInfoImpl$19
18191:             1             24  com.sun.xml.bind.v2.model.impl.RuntimeBuiltinLeafInfoImpl$2
18192:             1             24  com.sun.xml.bind.v2.model.impl.RuntimeBuiltinLeafInfoImpl$20
18193:             1             24  com.sun.xml.bind.v2.model.impl.RuntimeBuiltinLeafInfoImpl$21
18194:             1             24  com.sun.xml.bind.v2.model.impl.RuntimeBuiltinLeafInfoImpl$22
18195:             1             24  com.sun.xml.bind.v2.model.impl.RuntimeBuiltinLeafInfoImpl$23
18196:             1             24  com.sun.xml.bind.v2.model.impl.RuntimeBuiltinLeafInfoImpl$24
18197:             1             24  com.sun.xml.bind.v2.model.impl.RuntimeBuiltinLeafInfoImpl$26
18198:             1             24  com.sun.xml.bind.v2.model.impl.RuntimeBuiltinLeafInfoImpl$27
18199:             1             24  com.sun.xml.bind.v2.model.impl.RuntimeBuiltinLeafInfoImpl$3
18200:             1             24  com.sun.xml.bind.v2.model.impl.RuntimeBuiltinLeafInfoImpl$4
18201:             1             24  com.sun.xml.bind.v2.model.impl.RuntimeBuiltinLeafInfoImpl$5
18202:             1             24  com.sun.xml.bind.v2.model.impl.RuntimeBuiltinLeafInfoImpl$6
18203:             1             24  com.sun.xml.bind.v2.model.impl.RuntimeBuiltinLeafInfoImpl$7
18204:             1             24  com.sun.xml.bind.v2.model.impl.RuntimeBuiltinLeafInfoImpl$8
18205:             1             24  com.sun.xml.bind.v2.model.impl.RuntimeBuiltinLeafInfoImpl$9
18206:             1             24  com.sun.xml.bind.v2.model.impl.RuntimeBuiltinLeafInfoImpl$StringImplImpl
18207:             1             24  com.sun.xml.bind.v2.model.impl.RuntimeBuiltinLeafInfoImpl$UUIDImpl
18208:             1             24  com.sun.xml.bind.v2.runtime.unmarshaller.DomLoader
18209:             1             24  com.sun.xml.internal.stream.XMLInputFactoryImpl (java.xml@11.0.9.1)
18210:             1             24  com.theoryinpractice.testng.configuration.TestNGInClassConfigurationProducer
18211:             1             24  com.theoryinpractice.testng.inspection.TestNGDataProviderInspection$1
18212:             1             24  de.plushnikov.intellij.plugin.extension.LombokHighlightErrorFilter
18213:             1             24  de.plushnikov.intellij.plugin.inspection.LombokInspection$LombokElementVisitor
18214:             1             24  de.plushnikov.intellij.plugin.intention.valvar.from.ReplaceValWithExplicitTypeIntentionAction
18215:             1             24  de.plushnikov.intellij.plugin.intention.valvar.from.ReplaceVarWithExplicitTypeIntentionAction
18216:             1             24  de.plushnikov.intellij.plugin.intention.valvar.to.ReplaceExplicitTypeWithValIntentionAction
18217:             1             24  de.plushnikov.intellij.plugin.intention.valvar.to.ReplaceExplicitTypeWithVarIntentionAction
18218:             1             24  de.plushnikov.intellij.plugin.language.LombokConfigFileType
18219:             1             24  de.plushnikov.intellij.plugin.processor.CleanupProcessor
18220:             1             24  de.plushnikov.intellij.plugin.processor.ValProcessor
18221:             1             24  de.plushnikov.intellij.plugin.processor.clazz.DataProcessor
18222:             1             24  de.plushnikov.intellij.plugin.processor.clazz.EqualsAndHashCodeProcessor
18223:             1             24  de.plushnikov.intellij.plugin.processor.clazz.GetterProcessor
18224:             1             24  de.plushnikov.intellij.plugin.processor.clazz.SetterProcessor
18225:             1             24  de.plushnikov.intellij.plugin.processor.clazz.ToStringProcessor
18226:             1             24  de.plushnikov.intellij.plugin.processor.clazz.UtilityClassProcessor
18227:             1             24  de.plushnikov.intellij.plugin.processor.clazz.ValueProcessor
18228:             1             24  de.plushnikov.intellij.plugin.processor.clazz.WitherProcessor
18229:             1             24  de.plushnikov.intellij.plugin.processor.clazz.builder.BuilderClassProcessor
18230:             1             24  de.plushnikov.intellij.plugin.processor.clazz.builder.BuilderPreDefinedInnerClassFieldProcessor
18231:             1             24  de.plushnikov.intellij.plugin.processor.clazz.builder.BuilderPreDefinedInnerClassMethodProcessor
18232:             1             24  de.plushnikov.intellij.plugin.processor.clazz.builder.BuilderProcessor
18233:             1             24  de.plushnikov.intellij.plugin.processor.clazz.builder.SuperBuilderClassProcessor
18234:             1             24  de.plushnikov.intellij.plugin.processor.clazz.builder.SuperBuilderPreDefinedInnerClassFieldProcessor
18235:             1             24  de.plushnikov.intellij.plugin.processor.clazz.builder.SuperBuilderPreDefinedInnerClassMethodProcessor
18236:             1             24  de.plushnikov.intellij.plugin.processor.clazz.builder.SuperBuilderProcessor
18237:             1             24  de.plushnikov.intellij.plugin.processor.clazz.constructor.AllArgsConstructorProcessor
18238:             1             24  de.plushnikov.intellij.plugin.processor.clazz.constructor.NoArgsConstructorProcessor
18239:             1             24  de.plushnikov.intellij.plugin.processor.clazz.constructor.RequiredArgsConstructorProcessor
18240:             1             24  de.plushnikov.intellij.plugin.processor.clazz.fieldnameconstants.FieldNameConstantsOldProcessor
18241:             1             24  de.plushnikov.intellij.plugin.processor.clazz.fieldnameconstants.FieldNameConstantsPredefinedInnerClassFieldProcessor
18242:             1             24  de.plushnikov.intellij.plugin.processor.clazz.fieldnameconstants.FieldNameConstantsProcessor
18243:             1             24  de.plushnikov.intellij.plugin.processor.clazz.log.CustomLogProcessor
18244:             1             24  de.plushnikov.intellij.plugin.processor.field.DelegateFieldProcessor
18245:             1             24  de.plushnikov.intellij.plugin.processor.field.FieldNameConstantsFieldProcessor
18246:             1             24  de.plushnikov.intellij.plugin.processor.field.GetterFieldProcessor
18247:             1             24  de.plushnikov.intellij.plugin.processor.field.SetterFieldProcessor
18248:             1             24  de.plushnikov.intellij.plugin.processor.field.WitherFieldProcessor
18249:             1             24  de.plushnikov.intellij.plugin.processor.method.BuilderClassMethodProcessor
18250:             1             24  de.plushnikov.intellij.plugin.processor.method.BuilderMethodProcessor
18251:             1             24  de.plushnikov.intellij.plugin.processor.method.DelegateMethodProcessor
18252:             1             24  de.plushnikov.intellij.plugin.provider.LombokAugmentProvider
18253:             1             24  de.plushnikov.intellij.plugin.resolver.LombokExternalLibraryResolver
18254:             1             24  git4idea.annotate.GitAnnotationProvider
18255:             1             24  git4idea.config.GitExecutable$Local
18256:             1             24  git4idea.config.GitExecutableManager
18257:             1             24  git4idea.config.GitExecutableManager$1
18258:             1             24  git4idea.config.GitSaveChangesPolicy$1
18259:             1             24  git4idea.config.GitSaveChangesPolicy$2
18260:             1             24  git4idea.config.GitVersionSpecialty$1
18261:             1             24  git4idea.config.GitVersionSpecialty$10
18262:             1             24  git4idea.config.GitVersionSpecialty$11
18263:             1             24  git4idea.config.GitVersionSpecialty$12
18264:             1             24  git4idea.config.GitVersionSpecialty$13
18265:             1             24  git4idea.config.GitVersionSpecialty$14
18266:             1             24  git4idea.config.GitVersionSpecialty$15
18267:             1             24  git4idea.config.GitVersionSpecialty$16
18268:             1             24  git4idea.config.GitVersionSpecialty$17
18269:             1             24  git4idea.config.GitVersionSpecialty$18
18270:             1             24  git4idea.config.GitVersionSpecialty$19
18271:             1             24  git4idea.config.GitVersionSpecialty$2
18272:             1             24  git4idea.config.GitVersionSpecialty$20
18273:             1             24  git4idea.config.GitVersionSpecialty$21
18274:             1             24  git4idea.config.GitVersionSpecialty$22
18275:             1             24  git4idea.config.GitVersionSpecialty$23
18276:             1             24  git4idea.config.GitVersionSpecialty$24
18277:             1             24  git4idea.config.GitVersionSpecialty$25
18278:             1             24  git4idea.config.GitVersionSpecialty$26
18279:             1             24  git4idea.config.GitVersionSpecialty$27
18280:             1             24  git4idea.config.GitVersionSpecialty$28
18281:             1             24  git4idea.config.GitVersionSpecialty$29
18282:             1             24  git4idea.config.GitVersionSpecialty$3
18283:             1             24  git4idea.config.GitVersionSpecialty$30
18284:             1             24  git4idea.config.GitVersionSpecialty$31
18285:             1             24  git4idea.config.GitVersionSpecialty$32
18286:             1             24  git4idea.config.GitVersionSpecialty$33
18287:             1             24  git4idea.config.GitVersionSpecialty$4
18288:             1             24  git4idea.config.GitVersionSpecialty$5
18289:             1             24  git4idea.config.GitVersionSpecialty$6
18290:             1             24  git4idea.config.GitVersionSpecialty$7
18291:             1             24  git4idea.config.GitVersionSpecialty$8
18292:             1             24  git4idea.config.GitVersionSpecialty$9
18293:             1             24  git4idea.ignore.lang.GitExcludeFileType
18294:             1             24  git4idea.ignore.lang.GitIgnoreFileType
18295:             1             24  git4idea.index.ui.NodeKind$CONFLICTED
18296:             1             24  git4idea.index.ui.NodeKind$IGNORED
18297:             1             24  git4idea.index.ui.NodeKind$STAGED
18298:             1             24  git4idea.index.ui.NodeKind$UNSTAGED
18299:             1             24  git4idea.index.ui.NodeKind$UNTRACKED
18300:             1             24  git4idea.rebase.GitRebaseEditorService
18301:             1             24  in.oneton.idea.spring.assistant.plugin.suggestion.metadata.json.SpringConfigurationMetadataValueProviderParams
18302:             1             24  in.oneton.idea.spring.assistant.plugin.suggestion.service.SuggestionServiceImpl$$Lambda$4972/0x0000000802b08840
18303:             1             24  io.netty.buffer.PooledByteBufAllocator$PoolThreadLocalCache
18304:             1             24  io.netty.buffer.UnpooledByteBufAllocator$UnpooledByteBufAllocatorMetric
18305:             1             24  io.netty.channel.ChannelOption$1
18306:             1             24  io.netty.channel.WriteBufferWaterMark
18307:             1             24  io.netty.util.AttributeKey$1
18308:             1             24  io.netty.util.ResourceLeakDetectorFactory$DefaultResourceLeakDetectorFactory
18309:             1             24  io.netty.util.concurrent.DefaultEventExecutorChooserFactory$PowerOfTwoEventExecutorChooser
18310:             1             24  io.netty.util.concurrent.FailedFuture
18311:             1             24  io.netty.util.internal.ThreadExecutorMap$3
18312:             1             24  it.unimi.dsi.fastutil.bytes.ByteArrays$Segment
18313:             1             24  it.unimi.dsi.fastutil.floats.FloatArrays$Segment
18314:             1             24  it.unimi.dsi.fastutil.ints.IntArrays$Segment
18315:             1             24  it.unimi.dsi.fastutil.longs.LongArrays$Segment
18316:             1             24  it.unimi.dsi.fastutil.objects.Object2LongMaps$EmptyMap
18317:             1             24  java.awt.AWTKeyStroke (java.desktop@11.0.9.1)
18318:             1             24  java.awt.KeyboardFocusManager$HeavyweightFocusRequest (java.desktop@11.0.9.1)
18319:             1             24  java.awt.Toolkit$DesktopPropertyChangeSupport (java.desktop@11.0.9.1)
18320:             1             24  java.awt.VKCollection (java.desktop@11.0.9.1)
18321:             1             24  java.awt.dnd.DragSource (java.desktop@11.0.9.1)
18322:             1             24  java.awt.image.ConvolveOp (java.desktop@11.0.9.1)
18323:             1             24  java.lang.ProcessEnvironment$StringEnvironment (java.base@11.0.9.1)
18324:             1             24  java.lang.ProcessHandleImpl$$Lambda$108/0x00000008001bd040 (java.base@11.0.9.1)
18325:             1             24  java.lang.invoke.MethodType$ConcurrentWeakInternSet (java.base@11.0.9.1)
18326:             1             24  java.lang.invoke.StringConcatFactory$Stringifiers$StringifierAny (java.base@11.0.9.1)
18327:             1             24  java.lang.invoke.StringConcatFactory$Stringifiers$StringifierMost (java.base@11.0.9.1)
18328:             1             24  java.lang.management.DefaultPlatformMBeanProvider$1 (java.management@11.0.9.1)
18329:             1             24  java.lang.management.DefaultPlatformMBeanProvider$10 (java.management@11.0.9.1)
18330:             1             24  java.lang.management.DefaultPlatformMBeanProvider$11 (java.management@11.0.9.1)
18331:             1             24  java.lang.management.DefaultPlatformMBeanProvider$2 (java.management@11.0.9.1)
18332:             1             24  java.lang.management.DefaultPlatformMBeanProvider$3 (java.management@11.0.9.1)
18333:             1             24  java.lang.management.DefaultPlatformMBeanProvider$4 (java.management@11.0.9.1)
18334:             1             24  java.lang.management.DefaultPlatformMBeanProvider$5 (java.management@11.0.9.1)
18335:             1             24  java.lang.management.DefaultPlatformMBeanProvider$6 (java.management@11.0.9.1)
18336:             1             24  java.lang.management.DefaultPlatformMBeanProvider$7 (java.management@11.0.9.1)
18337:             1             24  java.lang.management.DefaultPlatformMBeanProvider$8 (java.management@11.0.9.1)
18338:             1             24  java.lang.management.DefaultPlatformMBeanProvider$9 (java.management@11.0.9.1)
18339:             1             24  java.math.MutableBigInteger (java.base@11.0.9.1)
18340:             1             24  java.net.Inet4AddressImpl (java.base@11.0.9.1)
18341:             1             24  java.net.Proxy (java.base@11.0.9.1)
18342:             1             24  java.nio.file.FileVisitOption (java.base@11.0.9.1)
18343:             1             24  java.nio.file.LinkOption (java.base@11.0.9.1)
18344:             1             24  java.security.cert.CertificateFactory (java.base@11.0.9.1)
18345:             1             24  java.text.BreakIterator$BreakIteratorCache (java.base@11.0.9.1)
18346:             1             24  java.time.Period (java.base@11.0.9.1)
18347:             1             24  java.time.ZoneRegion (java.base@11.0.9.1)
18348:             1             24  java.time.format.DecimalStyle (java.base@11.0.9.1)
18349:             1             24  java.time.temporal.IsoFields$Field$1 (java.base@11.0.9.1)
18350:             1             24  java.time.temporal.IsoFields$Field$2 (java.base@11.0.9.1)
18351:             1             24  java.time.temporal.IsoFields$Field$3 (java.base@11.0.9.1)
18352:             1             24  java.time.temporal.IsoFields$Field$4 (java.base@11.0.9.1)
18353:             1             24  java.time.zone.TzdbZoneRulesProvider (java.base@11.0.9.1)
18354:             1             24  java.util.Arrays$ArrayItr (java.base@11.0.9.1)
18355:             1             24  java.util.Collections$3 (java.base@11.0.9.1)
18356:             1             24  java.util.Collections$EmptyMap (java.base@11.0.9.1)
18357:             1             24  java.util.Collections$UnmodifiableNavigableSet$EmptyNavigableSet (java.base@11.0.9.1)
18358:             1             24  java.util.Comparators$NaturalOrderComparator (java.base@11.0.9.1)
18359:             1             24  java.util.Locale$Cache (java.base@11.0.9.1)
18360:             1             24  java.util.OptionalDouble (java.base@11.0.9.1)
18361:             1             24  java.util.ResourceBundle$Control$CandidateListCache (java.base@11.0.9.1)
18362:             1             24  java.util.TaskQueue (java.base@11.0.9.1)
18363:             1             24  java.util.Timer (java.base@11.0.9.1)
18364:             1             24  java.util.concurrent.CopyOnWriteArrayList$COWIterator (java.base@11.0.9.1)
18365:             1             24  java.util.function.Predicate$$Lambda$3878/0x000000080246b840 (java.base@11.0.9.1)
18366:             1             24  java.util.jar.Manifest (java.base@11.0.9.1)
18367:             1             24  java.util.logging.LogManager$LoggerContext (java.logging@11.0.9.1)
18368:             1             24  java.util.zip.ZipCoder$UTF8 (java.base@11.0.9.1)
18369:             1             24  javax.crypto.CryptoAllPermissionCollection (java.base@11.0.9.1)
18370:             1             24  javax.imageio.ImageIO$SpiInfo$1 (java.desktop@11.0.9.1)
18371:             1             24  javax.imageio.ImageIO$SpiInfo$2 (java.desktop@11.0.9.1)
18372:             1             24  javax.imageio.ImageIO$SpiInfo$3 (java.desktop@11.0.9.1)
18373:             1             24  javax.net.ssl.SSLContext (java.base@11.0.9.1)
18374:             1             24  javax.net.ssl.TrustManagerFactory (java.base@11.0.9.1)
18375:             1             24  javax.swing.JComponent$IntVector (java.desktop@11.0.9.1)
18376:             1             24  javax.swing.JTextField$NotifyAction (java.desktop@11.0.9.1)
18377:             1             24  javax.swing.KeyboardManager (java.desktop@11.0.9.1)
18378:             1             24  javax.swing.MenuSelectionManager (java.desktop@11.0.9.1)
18379:             1             24  javax.swing.PopupFactory$HeavyWeightPopup (java.desktop@11.0.9.1)
18380:             1             24  javax.swing.RepaintManager$ProcessingRunnable (java.desktop@11.0.9.1)
18381:             1             24  javax.swing.TimerQueue (java.desktop@11.0.9.1)
18382:             1             24  javax.swing.border.EtchedBorder (java.desktop@11.0.9.1)
18383:             1             24  javax.swing.plaf.BorderUIResource$LineBorderUIResource (java.desktop@11.0.9.1)
18384:             1             24  javax.swing.plaf.basic.BasicLabelUI (java.desktop@11.0.9.1)
18385:             1             24  javax.swing.plaf.basic.BasicListUI$ListTransferHandler (java.desktop@11.0.9.1)
18386:             1             24  javax.swing.plaf.basic.BasicPopupMenuUI$MouseGrabber (java.desktop@11.0.9.1)
18387:             1             24  javax.swing.plaf.basic.BasicTableUI$TableTransferHandler (java.desktop@11.0.9.1)
18388:             1             24  javax.swing.plaf.basic.DragRecognitionSupport (java.desktop@11.0.9.1)
18389:             1             24  javax.swing.text.DefaultEditorKit$BeepAction (java.desktop@11.0.9.1)
18390:             1             24  javax.swing.text.DefaultEditorKit$CopyAction (java.desktop@11.0.9.1)
18391:             1             24  javax.swing.text.DefaultEditorKit$CutAction (java.desktop@11.0.9.1)
18392:             1             24  javax.swing.text.DefaultEditorKit$DeleteNextCharAction (java.desktop@11.0.9.1)
18393:             1             24  javax.swing.text.DefaultEditorKit$DeletePrevCharAction (java.desktop@11.0.9.1)
18394:             1             24  javax.swing.text.DefaultEditorKit$DumpModelAction (java.desktop@11.0.9.1)
18395:             1             24  javax.swing.text.DefaultEditorKit$InsertBreakAction (java.desktop@11.0.9.1)
18396:             1             24  javax.swing.text.DefaultEditorKit$InsertContentAction (java.desktop@11.0.9.1)
18397:             1             24  javax.swing.text.DefaultEditorKit$InsertTabAction (java.desktop@11.0.9.1)
18398:             1             24  javax.swing.text.DefaultEditorKit$PasteAction (java.desktop@11.0.9.1)
18399:             1             24  javax.swing.text.DefaultEditorKit$ReadOnlyAction (java.desktop@11.0.9.1)
18400:             1             24  javax.swing.text.DefaultEditorKit$SelectAllAction (java.desktop@11.0.9.1)
18401:             1             24  javax.swing.text.DefaultEditorKit$ToggleComponentOrientationAction (java.desktop@11.0.9.1)
18402:             1             24  javax.swing.text.DefaultEditorKit$UnselectAction (java.desktop@11.0.9.1)
18403:             1             24  javax.swing.text.DefaultEditorKit$WritableAction (java.desktop@11.0.9.1)
18404:             1             24  javax.swing.text.StyledEditorKit$BoldAction (java.desktop@11.0.9.1)
18405:             1             24  javax.swing.text.StyledEditorKit$ItalicAction (java.desktop@11.0.9.1)
18406:             1             24  javax.swing.text.StyledEditorKit$UnderlineAction (java.desktop@11.0.9.1)
18407:             1             24  javax.swing.text.html.HTMLEditorKit$ActivateLinkAction (java.desktop@11.0.9.1)
18408:             1             24  jdk.internal.jimage.ImageReader (java.base@11.0.9.1)
18409:             1             24  jdk.internal.logger.BootstrapLogger$RedirectedLoggers (java.base@11.0.9.1)
18410:             1             24  jdk.internal.module.ModuleHashes (java.base@11.0.9.1)
18411:             1             24  jdk.internal.module.SystemModuleFinders$SystemModuleFinder (java.base@11.0.9.1)
18412:             1             24  jdk.management.jfr.internal.FlightRecorderMXBeanProvider$SingleMBeanComponent (jdk.management.jfr@11.0.9.1)
18413:             1             24  jdk.nio.zipfs.ZipCoder$UTF8 (jdk.zipfs@11.0.9.1)
18414:             1             24  kotlin.ranges.IntRange
18415:             1             24  kotlin.reflect.jvm.internal.KCallableImpl$_returnType$1$1
18416:             1             24  kotlin.reflect.jvm.internal.KMutableProperty0Impl$_setter$1
18417:             1             24  kotlin.reflect.jvm.internal.KPackageImpl
18418:             1             24  kotlin.reflect.jvm.internal.KPackageImpl$data$1
18419:             1             24  kotlin.reflect.jvm.internal.KProperty0Impl$_getter$1
18420:             1             24  kotlin.reflect.jvm.internal.KProperty0Impl$delegateFieldValue$1
18421:             1             24  kotlin.reflect.jvm.internal.KTypeImpl$arguments$2
18422:             1             24  kotlin.reflect.jvm.internal.KTypeImpl$classifier$2
18423:             1             24  kotlin.reflect.jvm.internal.WeakClassLoaderBox
18424:             1             24  kotlin.reflect.jvm.internal.impl.builtins.ReflectionTypes$kotlinReflectScope$2
18425:             1             24  kotlin.reflect.jvm.internal.impl.builtins.jvm.JvmBuiltInClassDescriptorFactory
18426:             1             24  kotlin.reflect.jvm.internal.impl.builtins.jvm.JvmBuiltInClassDescriptorFactory$cloneable$2
18427:             1             24  kotlin.reflect.jvm.internal.impl.builtins.jvm.JvmBuiltIns$Settings
18428:             1             24  kotlin.reflect.jvm.internal.impl.builtins.jvm.JvmBuiltIns$customizer$2
18429:             1             24  kotlin.reflect.jvm.internal.impl.builtins.jvm.JvmBuiltIns$customizer$2$1
18430:             1             24  kotlin.reflect.jvm.internal.impl.builtins.jvm.JvmBuiltInsCustomizer$cloneableType$2
18431:             1             24  kotlin.reflect.jvm.internal.impl.builtins.jvm.JvmBuiltInsCustomizer$createMockJavaIoSerializableType$superTypes$1
18432:             1             24  kotlin.reflect.jvm.internal.impl.builtins.jvm.JvmBuiltInsCustomizer$notConsideredDeprecation$2
18433:             1             24  kotlin.reflect.jvm.internal.impl.descriptors.Visibilities$1
18434:             1             24  kotlin.reflect.jvm.internal.impl.descriptors.Visibilities$2
18435:             1             24  kotlin.reflect.jvm.internal.impl.descriptors.Visibilities$3
18436:             1             24  kotlin.reflect.jvm.internal.impl.descriptors.Visibilities$4
18437:             1             24  kotlin.reflect.jvm.internal.impl.descriptors.Visibilities$5
18438:             1             24  kotlin.reflect.jvm.internal.impl.descriptors.Visibilities$6
18439:             1             24  kotlin.reflect.jvm.internal.impl.descriptors.Visibilities$7
18440:             1             24  kotlin.reflect.jvm.internal.impl.descriptors.Visibilities$8
18441:             1             24  kotlin.reflect.jvm.internal.impl.descriptors.Visibilities$9
18442:             1             24  kotlin.reflect.jvm.internal.impl.descriptors.Visibilities$Inherited
18443:             1             24  kotlin.reflect.jvm.internal.impl.descriptors.Visibilities$Internal
18444:             1             24  kotlin.reflect.jvm.internal.impl.descriptors.Visibilities$InvisibleFake
18445:             1             24  kotlin.reflect.jvm.internal.impl.descriptors.Visibilities$Local
18446:             1             24  kotlin.reflect.jvm.internal.impl.descriptors.Visibilities$Private
18447:             1             24  kotlin.reflect.jvm.internal.impl.descriptors.Visibilities$PrivateToThis
18448:             1             24  kotlin.reflect.jvm.internal.impl.descriptors.Visibilities$Protected
18449:             1             24  kotlin.reflect.jvm.internal.impl.descriptors.Visibilities$Public
18450:             1             24  kotlin.reflect.jvm.internal.impl.descriptors.Visibilities$Unknown
18451:             1             24  kotlin.reflect.jvm.internal.impl.descriptors.java.JavaVisibilities$PackageVisibility
18452:             1             24  kotlin.reflect.jvm.internal.impl.descriptors.java.JavaVisibilities$ProtectedAndPackage
18453:             1             24  kotlin.reflect.jvm.internal.impl.descriptors.java.JavaVisibilities$ProtectedStaticVisibility
18454:             1             24  kotlin.reflect.jvm.internal.impl.descriptors.runtime.structure.Java8ParameterNamesLoader$Cache
18455:             1             24  kotlin.reflect.jvm.internal.impl.load.java.AnnotationTypeQualifierResolver
18456:             1             24  kotlin.reflect.jvm.internal.impl.load.java.BuiltinMethodsWithSpecialGenericSignature$TypeSafeBarrierDescription$MAP_GET_OR_DEFAULT
18457:             1             24  kotlin.reflect.jvm.internal.impl.load.java.SpecialGenericSignatures$TypeSafeBarrierDescription$MAP_GET_OR_DEFAULT
18458:             1             24  kotlin.reflect.jvm.internal.impl.load.java.lazy.LazyJavaPackageFragmentProvider
18459:             1             24  kotlin.reflect.jvm.internal.impl.load.java.typeEnhancement.SignatureEnhancement
18460:             1             24  kotlin.reflect.jvm.internal.impl.load.kotlin.AbstractBinaryClassAnnotationAndConstantLoader$storage$1
18461:             1             24  kotlin.reflect.jvm.internal.impl.load.kotlin.JavaClassDataFinder
18462:             1             24  kotlin.reflect.jvm.internal.impl.resolve.OverridingUtil$OverrideCompatibilityInfo
18463:             1             24  kotlin.reflect.jvm.internal.impl.resolve.OverridingUtil$OverrideCompatibilityInfo
18464:             1             24  kotlin.reflect.jvm.internal.impl.resolve.jvm.JavaDescriptorResolver
18465:             1             24  kotlin.reflect.jvm.internal.impl.serialization.deserialization.AbstractDeserializedPackageFragmentProvider$fragments$1
18466:             1             24  kotlin.reflect.jvm.internal.impl.storage.LockBasedStorageManager$1
18467:             1             24  kotlin.reflect.jvm.internal.impl.storage.LockBasedStorageManager$1
18468:             1             24  kotlin.reflect.jvm.internal.impl.types.checker.NewKotlinTypeCheckerImpl
18469:             1             24  kotlin.reflect.jvm.internal.impl.types.checker.NewKotlinTypeCheckerImpl
18470:             1             24  kotlin.reflect.jvm.internal.impl.util.ReturnsCheck$ReturnsBoolean
18471:             1             24  kotlin.reflect.jvm.internal.impl.util.ReturnsCheck$ReturnsInt
18472:             1             24  kotlin.reflect.jvm.internal.impl.util.ReturnsCheck$ReturnsUnit
18473:             1             24  kotlin.reflect.jvm.internal.impl.util.ValueParameterCountCheck$Equals
18474:             1             24  kotlinx.coroutines.CompletedExceptionally
18475:             1             24  kotlinx.coroutines.CoroutineDispatcher$Key
18476:             1             24  kotlinx.coroutines.CoroutineDispatcher$Key
18477:             1             24  kotlinx.coroutines.ExecutorCoroutineDispatcher$Key
18478:             1             24  kotlinx.coroutines.ExecutorCoroutineDispatcher$Key
18479:             1             24  net.loomchild.segment.srx.SrxDocument
18480:             1             24  net.sf.cglib.core.EmitUtils$ArrayDelimiters
18481:             1             24  net.sf.cglib.core.MethodWrapper$MethodWrapperKey$$KeyFactoryByCGLIB$$d45e49f7
18482:             1             24  org.apache.batik.anim.dom.AttributeInitializer
18483:             1             24  org.apache.batik.css.engine.value.ListValue
18484:             1             24  org.apache.batik.ext.awt.color.NamedProfileCache
18485:             1             24  org.apache.commons.logging.impl.Log4JLogger
18486:             1             24  org.apache.commons.logging.impl.WeakHashtable$Referenced
18487:             1             24  org.apache.log4j.helpers.FormattingInfo
18488:             1             24  org.apache.log4j.helpers.ISO8601DateFormat
18489:             1             24  org.apache.maven.model.InputSource
18490:             1             24  org.apache.maven.model.superpom.DefaultSuperPomProvider
18491:             1             24  org.apache.maven.repository.internal.DefaultVersionRangeResolver
18492:             1             24  org.apache.maven.repository.internal.DefaultVersionResolver
18493:             1             24  org.apache.xerces.impl.Constants$ArrayEnumeration
18494:             1             24  org.apache.xerces.impl.xpath.regex.Op$CharOp
18495:             1             24  org.apache.xerces.impl.xpath.regex.RegularExpression$ClosureContext
18496:             1             24  org.bouncycastle.crypto.PasswordConverter$1
18497:             1             24  org.bouncycastle.crypto.PasswordConverter$2
18498:             1             24  org.bouncycastle.crypto.PasswordConverter$3
18499:             1             24  org.codehaus.plexus.interpolation.PrefixAwareRecursionInterceptor
18500:             1             24  org.eclipse.aether.internal.impl.DefaultRemoteRepositoryManager
18501:             1             24  org.eclipse.aether.internal.impl.collect.DefaultDependencyCollector
18502:             1             24  org.eclipse.aether.repository.RepositoryPolicy
18503:             1             24  org.editorconfig.core.EditorConfig
18504:             1             24  org.editorconfig.language.filetype.EditorConfigFileType
18505:             1             24  org.fest.swing.timing.Timeout
18506:             1             24  org.intellij.images.fileTypes.impl.SvgFileType
18507:             1             24  org.intellij.lang.regexp.RegExpFileElementType
18508:             1             24  org.intellij.lang.regexp.RegExpFileType
18509:             1             24  org.intellij.lang.xpath.xslt.impl.XsltDocumentationProvider
18510:             1             24  org.intellij.lang.xpath.xslt.impl.XsltSymbolIndex$2
18511:             1             24  org.intellij.lang.xpath.xslt.intentions.AddOptionalArgumentsIntention
18512:             1             24  org.intellij.lang.xpath.xslt.run.XsltRunConfigType$1
18513:             1             24  org.intellij.markdown.MarkdownTokenTypes$Companion$WHITE_SPACE$1
18514:             1             24  org.intellij.markdown.parser.markerblocks.MarkerBlock$ClosingAction$DEFAULT
18515:             1             24  org.intellij.markdown.parser.markerblocks.MarkerBlock$ClosingAction$DONE
18516:             1             24  org.intellij.markdown.parser.markerblocks.MarkerBlock$ClosingAction$DROP
18517:             1             24  org.intellij.markdown.parser.markerblocks.MarkerBlock$ClosingAction$NOTHING
18518:             1             24  org.intellij.plugins.intelliLang.inject.java.LanguageReferenceProvider$1
18519:             1             24  org.intellij.plugins.intelliLang.inject.java.LanguageReferenceProvider$2
18520:             1             24  org.intellij.plugins.intelliLang.inject.java.LanguageReferenceProvider$3
18521:             1             24  org.intellij.plugins.intelliLang.inject.java.LanguageReferenceProvider$4
18522:             1             24  org.intellij.plugins.intelliLang.inject.java.validation.LanguageMismatch$1
18523:             1             24  org.intellij.plugins.intelliLang.inject.java.validation.UnknownLanguageID$1
18524:             1             24  org.intellij.plugins.intelliLang.pattern.PatternOverriddenByNonAnnotatedMethod$1
18525:             1             24  org.intellij.plugins.intelliLang.pattern.PatternValidator$2
18526:             1             24  org.intellij.plugins.intelliLang.references.InjectedReferencesInspection$1
18527:             1             24  org.intellij.plugins.markdown.extensions.CodeFencePluginFlavourDescriptor
18528:             1             24  org.intellij.plugins.markdown.lang.MarkdownFileType
18529:             1             24  org.intellij.plugins.markdown.lang.parser.GFMCommentAwareFlavourDescriptor
18530:             1             24  org.intellij.plugins.markdown.lang.parser.MarkdownParserManager$ParsingInfo
18531:             1             24  org.intellij.plugins.markdown.lang.psi.MarkdownPsiFactory
18532:             1             24  org.intellij.plugins.markdown.lang.psi.impl.MarkdownListImpl
18533:             1             24  org.intellij.plugins.markdown.lang.psi.impl.MarkdownListItemImpl
18534:             1             24  org.intellij.plugins.markdown.lang.psi.impl.MarkdownParagraphImpl
18535:             1             24  org.intellij.plugins.markdown.lang.references.MarkdownUnresolvedFileReferenceInspection$buildVisitor$1
18536:             1             24  org.intellij.plugins.markdown.ui.preview.MarkdownPreviewFileEditorProvider
18537:             1             24  org.intellij.plugins.markdown.ui.preview.MarkdownSplitEditorProvider
18538:             1             24  org.intellij.plugins.relaxNG.compact.RncFileType
18539:             1             24  org.intellij.plugins.relaxNG.model.resolve.RelaxSymbolIndex$2
18540:             1             24  org.jdom.Document
18541:             1             24  org.jdom.JDOMInterner
18542:             1             24  org.jetbrains.android.compiler.artifact.AndroidApplicationArtifactType
18543:             1             24  org.jetbrains.android.facet.AndroidFrameworkDetector
18544:             1             24  org.jetbrains.android.inspections.AndroidNonConstantResIdsInSwitchInspection$1
18545:             1             24  org.jetbrains.ide.BuiltInServerManagerImpl
18546:             1             24  org.jetbrains.idea.devkit.inspections.PsiElementConcatenationInspection$1
18547:             1             24  org.jetbrains.idea.devkit.module.PluginModuleType
18548:             1             24  org.jetbrains.idea.devkit.navigation.DescriptionTypeRelatedItemLineMarkerProvider
18549:             1             24  org.jetbrains.idea.devkit.references.NotificationGroupIdReferenceContributor$1
18550:             1             24  org.jetbrains.idea.devkit.references.RegistryKeyIdReferenceContributor$1
18551:             1             24  org.jetbrains.idea.devkit.testAssistant.TestDataReferenceContributor$TestDataReferenceProvider
18552:             1             24  org.jetbrains.idea.maven.config.MavenConfigFileType
18553:             1             24  org.jetbrains.idea.maven.dom.MavenDomElementDescriptorHolder$FileKind$1
18554:             1             24  org.jetbrains.idea.maven.dom.MavenDomElementDescriptorHolder$FileKind$2
18555:             1             24  org.jetbrains.idea.maven.dom.MavenDomElementDescriptorHolder$FileKind$3
18556:             1             24  org.jetbrains.idea.maven.dom.converters.MavenDomConvertersRegistry
18557:             1             24  org.jetbrains.idea.maven.dom.model.MavenDomDependencies$$EnhancerByJetBrainsMainCglib$$71ee16ba
18558:             1             24  org.jetbrains.idea.maven.dom.model.MavenDomDependency$$EnhancerByJetBrainsMainCglib$$1aa89cdc
18559:             1             24  org.jetbrains.idea.maven.dom.model.completion.MavenArtifactIdCompletionContributor
18560:             1             24  org.jetbrains.idea.maven.dom.model.completion.MavenDependenciesCompletionContributor
18561:             1             24  org.jetbrains.idea.maven.dom.model.completion.MavenDependencyTopLevelCompletionContributor
18562:             1             24  org.jetbrains.idea.maven.dom.model.completion.MavenExtensionCompletionContributor
18563:             1             24  org.jetbrains.idea.maven.dom.model.completion.MavenGroupIdCompletionContributor
18564:             1             24  org.jetbrains.idea.maven.dom.model.completion.MavenPluginCompletionContributor
18565:             1             24  org.jetbrains.idea.maven.dom.model.completion.MavenPomXmlCompletionTagListenerContributor
18566:             1             24  org.jetbrains.idea.maven.dom.model.completion.MavenVersionCompletionContributor
18567:             1             24  org.jetbrains.idea.maven.execution.MavenResumeAction$MavenSpyResumeProcessAdapter
18568:             1             24  org.jetbrains.idea.maven.execution.MavenRunAnythingProvider
18569:             1             24  org.jetbrains.idea.maven.execution.MavenRunConfiguration$ProcessListenerWithFilteredSpyOutput
18570:             1             24  org.jetbrains.idea.maven.execution.MavenRunConfiguration$ProcessListenerWithFilteredSpyOutput$$Lambda$5800/0x0000000802b0bc40
18571:             1             24  org.jetbrains.idea.maven.execution.MavenSimpleConsoleEventsBuffer
18572:             1             24  org.jetbrains.idea.maven.execution.MavenSpyEventsBuffer
18573:             1             24  org.jetbrains.idea.maven.externalSystemIntegration.output.MavenOutputActionProcessor
18574:             1             24  org.jetbrains.idea.maven.externalSystemIntegration.output.parsers.JavaBuildErrorNotification
18575:             1             24  org.jetbrains.idea.maven.externalSystemIntegration.output.parsers.KotlinBuildErrorNotification
18576:             1             24  org.jetbrains.idea.maven.externalSystemIntegration.output.parsers.MavenSpyOutputParser
18577:             1             24  org.jetbrains.idea.maven.importing.ExternalAnnotationsImporter
18578:             1             24  org.jetbrains.idea.maven.importing.MavenCompilerAnnotationProcessorPathsImporter
18579:             1             24  org.jetbrains.idea.maven.importing.MavenCompilerImporter
18580:             1             24  org.jetbrains.idea.maven.importing.RemoteRepositoriesImporter
18581:             1             24  org.jetbrains.idea.maven.navigator.MavenProjectsStructure$1
18582:             1             24  org.jetbrains.idea.maven.navigator.MavenProjectsStructure$2
18583:             1             24  org.jetbrains.idea.maven.plugins.api.MavenPluginParamInfo$ParamInfoList
18584:             1             24  org.jetbrains.idea.maven.plugins.groovy.GroovyEclipseCompilerImporter
18585:             1             24  org.jetbrains.idea.maven.plugins.groovy.GroovyGmavenImporter
18586:             1             24  org.jetbrains.idea.maven.plugins.groovy.GroovyGmavenPlusImporter
18587:             1             24  org.jetbrains.idea.maven.plugins.groovy.Groovy_1_0_Importer
18588:             1             24  org.jetbrains.idea.maven.plugins.groovy.Groovy_1_1_plus_Importer
18589:             1             24  org.jetbrains.idea.maven.server.MavenServerManager
18590:             1             24  org.jetbrains.idea.maven.utils.MavenLiveTemplateContextType
18591:             1             24  org.jetbrains.idea.maven.utils.MavenUIUtil$2
18592:             1             24  org.jetbrains.idea.maven.utils.MavenUIUtil$3
18593:             1             24  org.jetbrains.idea.svn.ignore.IgnoreGroupHelperAction
18594:             1             24  org.jetbrains.io.DelegatingHttpRequestHandler
18595:             1             24  org.jetbrains.io.PortUnificationServerHandler$1
18596:             1             24  org.jetbrains.io.SubServer
18597:             1             24  org.jetbrains.java.decompiler.IdeaDecompiler
18598:             1             24  org.jetbrains.jps.incremental.artifacts.ArtifactBuildTargetType
18599:             1             24  org.jetbrains.jps.model.serialization.jarRepository.JpsRemoteRepositoriesConfigurationSerializer
18600:             1             24  org.jetbrains.jps.model.serialization.java.JpsJavaModelSerializerExtension$JavaSourceRootPropertiesSerializer
18601:             1             24  org.jetbrains.kotlin.BlockExpressionElementType
18602:             1             24  org.jetbrains.kotlin.LambdaExpressionElementType
18603:             1             24  org.jetbrains.kotlin.android.inspection.IllegalIdentifierInspection$buildVisitor$1
18604:             1             24  org.jetbrains.kotlin.caches.resolve.IdePlatformKindResolution$Companion
18605:             1             24  org.jetbrains.kotlin.config.KotlinResourceRootPropertiesSerializer$Resource
18606:             1             24  org.jetbrains.kotlin.config.KotlinResourceRootPropertiesSerializer$TestResource
18607:             1             24  org.jetbrains.kotlin.config.KotlinSourceRootPropertiesSerializer$Source
18608:             1             24  org.jetbrains.kotlin.config.KotlinSourceRootPropertiesSerializer$TestSource
18609:             1             24  org.jetbrains.kotlin.extensions.ApplicationExtensionDescriptor
18610:             1             24  org.jetbrains.kotlin.ide.konan.KotlinNativeRunConfigurationProducer
18611:             1             24  org.jetbrains.kotlin.ide.konan.NativeDefinitionsFileType
18612:             1             24  org.jetbrains.kotlin.ide.konan.NativeDefinitionsParserDefinition
18613:             1             24  org.jetbrains.kotlin.ide.konan.NativeIdePlatformKindTooling
18614:             1             24  org.jetbrains.kotlin.idea.KotlinFileType
18615:             1             24  org.jetbrains.kotlin.idea.KotlinFileType$1
18616:             1             24  org.jetbrains.kotlin.idea.KotlinIdeaAnalysisBundle$lazyMessage$1
18617:             1             24  org.jetbrains.kotlin.idea.KotlinModuleFileType$1
18618:             1             24  org.jetbrains.kotlin.idea.KotlinPluginUtil$KotlinPluginInfo
18619:             1             24  org.jetbrains.kotlin.idea.caches.IDEKotlinBinaryClassCache
18620:             1             24  org.jetbrains.kotlin.idea.codeInsight.KotlinBreadcrumbsInfoProvider$DoWhileHandler
18621:             1             24  org.jetbrains.kotlin.idea.codeInsight.KotlinBreadcrumbsInfoProvider$IfThenHandler
18622:             1             24  org.jetbrains.kotlin.idea.codeInsight.KotlinBreadcrumbsInfoProvider$WhenHandler
18623:             1             24  org.jetbrains.kotlin.idea.codeInsight.KotlinBreadcrumbsInfoProvider$WhileHandler
18624:             1             24  org.jetbrains.kotlin.idea.completion.LookupCancelService
18625:             1             24  org.jetbrains.kotlin.idea.completion.ml.KotlinMLRankingProvider
18626:             1             24  org.jetbrains.kotlin.idea.configuration.KotlinMigrationProjectService
18627:             1             24  org.jetbrains.kotlin.idea.conversion.copy.ConvertTextJavaCopyPasteProcessor
18628:             1             24  org.jetbrains.kotlin.idea.core.script.settings.KotlinScriptingSettings$KotlinScriptDefinitionValue
18629:             1             24  org.jetbrains.kotlin.idea.debugger.breakpoints.KotlinFieldBreakpointType
18630:             1             24  org.jetbrains.kotlin.idea.debugger.breakpoints.KotlinFunctionBreakpointType
18631:             1             24  org.jetbrains.kotlin.idea.debugger.breakpoints.KotlinLineBreakpointType
18632:             1             24  org.jetbrains.kotlin.idea.debugger.coroutine.DebuggerConnection$processStarted$1
18633:             1             24  org.jetbrains.kotlin.idea.editor.KotlinMultilineStringEnterHandler
18634:             1             24  org.jetbrains.kotlin.idea.gradle.testing.common.KotlinMultiplatformCommonTestClassGradleConfigurationProducer
18635:             1             24  org.jetbrains.kotlin.idea.gradle.testing.common.KotlinMultiplatformCommonTestMethodGradleConfigurationProducer
18636:             1             24  org.jetbrains.kotlin.idea.gradle.testing.js.KotlinMultiplatformJsTestClassGradleConfigurationProducer
18637:             1             24  org.jetbrains.kotlin.idea.gradle.testing.js.KotlinMultiplatformJsTestMethodGradleConfigurationProducer
18638:             1             24  org.jetbrains.kotlin.idea.gradle.testing.native.KotlinMultiplatformNativeTestClassGradleConfigurationProducer
18639:             1             24  org.jetbrains.kotlin.idea.gradle.testing.native.KotlinMultiplatformNativeTestMethodGradleConfigurationProducer
18640:             1             24  org.jetbrains.kotlin.idea.inspections.FakeJvmFieldConstantInspection$buildVisitor$1
18641:             1             24  org.jetbrains.kotlin.idea.inspections.KotlinInternalInJavaInspection$buildVisitor$1
18642:             1             24  org.jetbrains.kotlin.idea.inspections.KotlinJUnitStaticEntryPoint
18643:             1             24  org.jetbrains.kotlin.idea.intentions.AddForLoopIndicesIntention$WITH_INDEX_FQ_NAMES$2
18644:             1             24  org.jetbrains.kotlin.idea.intentions.RemoveForLoopIndicesIntention$WITH_INDEX_FQ_NAMES$2
18645:             1             24  org.jetbrains.kotlin.idea.intentions.SelfTargetingIntention$setText$1
18646:             1             24  org.jetbrains.kotlin.idea.liveTemplates.KotlinTemplateContextType$Class
18647:             1             24  org.jetbrains.kotlin.idea.liveTemplates.KotlinTemplateContextType$Comment
18648:             1             24  org.jetbrains.kotlin.idea.liveTemplates.KotlinTemplateContextType$Expression
18649:             1             24  org.jetbrains.kotlin.idea.liveTemplates.KotlinTemplateContextType$Generic
18650:             1             24  org.jetbrains.kotlin.idea.liveTemplates.KotlinTemplateContextType$ObjectDeclaration
18651:             1             24  org.jetbrains.kotlin.idea.liveTemplates.KotlinTemplateContextType$Statement
18652:             1             24  org.jetbrains.kotlin.idea.liveTemplates.KotlinTemplateContextType$TopLevel
18653:             1             24  org.jetbrains.kotlin.idea.maven.KotlinCodeStyleMavenImporter
18654:             1             24  org.jetbrains.kotlin.idea.maven.KotlinMavenImporter
18655:             1             24  org.jetbrains.kotlin.idea.platform.IdePlatformKindTooling$Companion
18656:             1             24  org.jetbrains.kotlin.idea.projectWizard.Settings
18657:             1             24  org.jetbrains.kotlin.idea.refactoring.inline.KotlinInlinePropertyHandler
18658:             1             24  org.jetbrains.kotlin.idea.reporter.KotlinReportSubmitter
18659:             1             24  org.jetbrains.kotlin.idea.roots.ui.KotlinModuleSourceRootEditHandler$Resource
18660:             1             24  org.jetbrains.kotlin.idea.roots.ui.KotlinModuleSourceRootEditHandler$Source
18661:             1             24  org.jetbrains.kotlin.idea.roots.ui.KotlinModuleSourceRootEditHandler$TestResource
18662:             1             24  org.jetbrains.kotlin.idea.roots.ui.KotlinModuleSourceRootEditHandler$TestSource
18663:             1             24  org.jetbrains.kotlin.idea.run.KotlinJvmTestClassGradleConfigurationProducer
18664:             1             24  org.jetbrains.kotlin.idea.run.KotlinJvmTestMethodGradleConfigurationProducer
18665:             1             24  org.jetbrains.kotlin.idea.run.KotlinMultiplatformJvmTestClassGradleConfigurationProducer
18666:             1             24  org.jetbrains.kotlin.idea.run.KotlinMultiplatformJvmTestMethodGradleConfigurationProducer
18667:             1             24  org.jetbrains.kotlin.idea.search.ideaExtensions.KotlinReferencesSearchOptions
18668:             1             24  org.jetbrains.kotlin.kdoc.lexer.KDocTokens$1
18669:             1             24  org.jetbrains.kotlin.kdoc.lexer.KDocTokens$2
18670:             1             24  org.jetbrains.kotlin.konan.target.KonanTarget$ANDROID_ARM32
18671:             1             24  org.jetbrains.kotlin.konan.target.KonanTarget$ANDROID_ARM64
18672:             1             24  org.jetbrains.kotlin.konan.target.KonanTarget$ANDROID_X64
18673:             1             24  org.jetbrains.kotlin.konan.target.KonanTarget$ANDROID_X86
18674:             1             24  org.jetbrains.kotlin.konan.target.KonanTarget$IOS_ARM32
18675:             1             24  org.jetbrains.kotlin.konan.target.KonanTarget$IOS_ARM64
18676:             1             24  org.jetbrains.kotlin.konan.target.KonanTarget$IOS_X64
18677:             1             24  org.jetbrains.kotlin.konan.target.KonanTarget$LINUX_ARM32_HFP
18678:             1             24  org.jetbrains.kotlin.konan.target.KonanTarget$LINUX_ARM64
18679:             1             24  org.jetbrains.kotlin.konan.target.KonanTarget$LINUX_MIPS32
18680:             1             24  org.jetbrains.kotlin.konan.target.KonanTarget$LINUX_MIPSEL32
18681:             1             24  org.jetbrains.kotlin.konan.target.KonanTarget$LINUX_X64
18682:             1             24  org.jetbrains.kotlin.konan.target.KonanTarget$MACOS_X64
18683:             1             24  org.jetbrains.kotlin.konan.target.KonanTarget$MINGW_X64
18684:             1             24  org.jetbrains.kotlin.konan.target.KonanTarget$MINGW_X86
18685:             1             24  org.jetbrains.kotlin.konan.target.KonanTarget$TVOS_ARM64
18686:             1             24  org.jetbrains.kotlin.konan.target.KonanTarget$TVOS_X64
18687:             1             24  org.jetbrains.kotlin.konan.target.KonanTarget$WASM32
18688:             1             24  org.jetbrains.kotlin.konan.target.KonanTarget$WATCHOS_ARM32
18689:             1             24  org.jetbrains.kotlin.konan.target.KonanTarget$WATCHOS_ARM64
18690:             1             24  org.jetbrains.kotlin.konan.target.KonanTarget$WATCHOS_X64
18691:             1             24  org.jetbrains.kotlin.konan.target.KonanTarget$WATCHOS_X86
18692:             1             24  org.jetbrains.kotlin.load.java.SpecialGenericSignatures$TypeSafeBarrierDescription$MAP_GET_OR_DEFAULT
18693:             1             24  org.jetbrains.kotlin.mainKts.MainKtsHostConfiguration$1$1$1
18694:             1             24  org.jetbrains.kotlin.mainKts.MainKtsHostConfiguration$1$1$1
18695:             1             24  org.jetbrains.kotlin.platform.js.JsPlatforms$DefaultSimpleJsPlatform
18696:             1             24  org.jetbrains.kotlin.platform.konan.NativePlatformUnspecifiedTarget
18697:             1             24  org.jetbrains.kotlin.psi.KtBlockCodeFragmentType
18698:             1             24  org.jetbrains.kotlin.psi.KtExpressionCodeFragmentType
18699:             1             24  org.jetbrains.kotlin.psi.KtTypeCodeFragmentType
18700:             1             24  org.jetbrains.kotlin.psi.PsiChildRangeArgumentType
18701:             1             24  org.jetbrains.kotlin.psi.stubs.elements.KtFileElementType
18702:             1             24  org.jetbrains.kotlin.renderer.RenderingFormat$HTML
18703:             1             24  org.jetbrains.kotlin.renderer.RenderingFormat$PLAIN
18704:             1             24  org.jetbrains.kotlin.resolve.jvm.KotlinJavaPsiFacade$PackageCache
18705:             1             24  org.jetbrains.lang.manifest.ManifestFileType
18706:             1             24  org.jetbrains.lang.manifest.header.HeaderParserRepository$1
18707:             1             24  org.jetbrains.lang.manifest.psi.ManifestElementType$1
18708:             1             24  org.jetbrains.lang.manifest.psi.ManifestElementType$2
18709:             1             24  org.jetbrains.lang.manifest.psi.ManifestElementType$3
18710:             1             24  org.jetbrains.plugins.github.authentication.accounts.GithubAccountManager$$special$$inlined$observable$1
18711:             1             24  org.jetbrains.plugins.gradle.execution.GradleRunAnythingProvider
18712:             1             24  org.jetbrains.plugins.gradle.execution.test.runner.AllInDirectoryGradleConfigurationProducer
18713:             1             24  org.jetbrains.plugins.gradle.execution.test.runner.AllInPackageGradleConfigurationProducer
18714:             1             24  org.jetbrains.plugins.gradle.execution.test.runner.PatternGradleConfigurationProducer
18715:             1             24  org.jetbrains.plugins.gradle.execution.test.runner.TestClassGradleConfigurationProducer
18716:             1             24  org.jetbrains.plugins.gradle.execution.test.runner.TestMethodGradleConfigurationProducer
18717:             1             24  org.jetbrains.plugins.gradle.service.execution.GradleExternalTaskConfigurationType
18718:             1             24  org.jetbrains.plugins.gradle.settings.GradleSettings$MyState
18719:             1             24  org.jetbrains.plugins.groovy.GdslFileType
18720:             1             24  org.jetbrains.plugins.groovy.GroovyFileType
18721:             1             24  org.jetbrains.plugins.groovy.actions.generate.constructors.GroovyGenerateConstructorHandler
18722:             1             24  org.jetbrains.plugins.groovy.actions.generate.missing.GroovyGenerateMethodMissingHandler
18723:             1             24  org.jetbrains.plugins.groovy.actions.generate.missing.GroovyGeneratePropertyMissingHandler
18724:             1             24  org.jetbrains.plugins.groovy.codeInspection.fixes.RemoveElementQuickFix
18725:             1             24  org.jetbrains.plugins.groovy.console.GroovyConsoleRootType
18726:             1             24  org.jetbrains.plugins.groovy.debugger.GroovyRefRenderer
18727:             1             24  org.jetbrains.plugins.groovy.dgm.DGMFileType
18728:             1             24  org.jetbrains.plugins.groovy.ext.logback.LogbackFileType
18729:             1             24  org.jetbrains.plugins.groovy.intentions.control.DemorgansLawIntention
18730:             1             24  org.jetbrains.plugins.groovy.intentions.control.FlipComparisonIntention
18731:             1             24  org.jetbrains.plugins.groovy.intentions.control.FlipConjunctionIntention
18732:             1             24  org.jetbrains.plugins.groovy.intentions.control.NegateComparisonIntention
18733:             1             24  org.jetbrains.plugins.groovy.intentions.conversions.GrSplitDeclarationIntention
18734:             1             24  org.jetbrains.plugins.groovy.intentions.conversions.RenameClassToFileNameIntention
18735:             1             24  org.jetbrains.plugins.groovy.intentions.conversions.RenameFileWithClassIntention
18736:             1             24  org.jetbrains.plugins.groovy.intentions.declaration.GrCreateSubclassAction
18737:             1             24  org.jetbrains.plugins.groovy.intentions.declaration.GrMakeMemberPrivateIntention
18738:             1             24  org.jetbrains.plugins.groovy.intentions.declaration.GrMakeMemberProtectedIntention
18739:             1             24  org.jetbrains.plugins.groovy.intentions.declaration.GrMakeMemberPublicIntention
18740:             1             24  org.jetbrains.plugins.groovy.lang.groovydoc.parser.GroovyDocElementTypes$1
18741:             1             24  org.jetbrains.plugins.groovy.lang.groovydoc.parser.elements.GroovyDocTagValueTokenType
18742:             1             24  org.jetbrains.plugins.groovy.lang.parser.GrBlockElementType
18743:             1             24  org.jetbrains.plugins.groovy.lang.parser.GrBlockLambdaBodyElementType
18744:             1             24  org.jetbrains.plugins.groovy.lang.parser.GrClosureElementType
18745:             1             24  org.jetbrains.plugins.groovy.lang.parser.GrConstructorBlockElementType
18746:             1             24  org.jetbrains.plugins.groovy.lang.parser.GrEnumDefinitionBodyElementType
18747:             1             24  org.jetbrains.plugins.groovy.lang.psi.patterns.GroovyAnnotationArgumentPattern$withArgumentName$1
18748:             1             24  org.jetbrains.plugins.groovy.lang.psi.patterns.GroovyPatterns$1
18749:             1             24  org.jetbrains.plugins.groovy.lang.psi.stubs.elements.GrAnnotationArgumentListElementType
18750:             1             24  org.jetbrains.plugins.groovy.lang.psi.stubs.elements.GrAnnotationDefinitionElementType
18751:             1             24  org.jetbrains.plugins.groovy.lang.psi.stubs.elements.GrAnnotationElementType
18752:             1             24  org.jetbrains.plugins.groovy.lang.psi.stubs.elements.GrAnnotationMethodElementType
18753:             1             24  org.jetbrains.plugins.groovy.lang.psi.stubs.elements.GrAnonymousElementType
18754:             1             24  org.jetbrains.plugins.groovy.lang.psi.stubs.elements.GrClassDefinitionElementType
18755:             1             24  org.jetbrains.plugins.groovy.lang.psi.stubs.elements.GrConstructorElementType
18756:             1             24  org.jetbrains.plugins.groovy.lang.psi.stubs.elements.GrEnumConstantElementType
18757:             1             24  org.jetbrains.plugins.groovy.lang.psi.stubs.elements.GrEnumConstantInitializerElementType
18758:             1             24  org.jetbrains.plugins.groovy.lang.psi.stubs.elements.GrEnumConstantListElementType
18759:             1             24  org.jetbrains.plugins.groovy.lang.psi.stubs.elements.GrEnumDefinitionElementType
18760:             1             24  org.jetbrains.plugins.groovy.lang.psi.stubs.elements.GrExtendsClauseElementType
18761:             1             24  org.jetbrains.plugins.groovy.lang.psi.stubs.elements.GrFieldElementType
18762:             1             24  org.jetbrains.plugins.groovy.lang.psi.stubs.elements.GrImplementsClauseElementType
18763:             1             24  org.jetbrains.plugins.groovy.lang.psi.stubs.elements.GrImportStatementElementType
18764:             1             24  org.jetbrains.plugins.groovy.lang.psi.stubs.elements.GrInterfaceDefinitionElementType
18765:             1             24  org.jetbrains.plugins.groovy.lang.psi.stubs.elements.GrMethodElementType
18766:             1             24  org.jetbrains.plugins.groovy.lang.psi.stubs.elements.GrModifierListElementType
18767:             1             24  org.jetbrains.plugins.groovy.lang.psi.stubs.elements.GrNameValuePairElementType
18768:             1             24  org.jetbrains.plugins.groovy.lang.psi.stubs.elements.GrPackageDefinitionElementType
18769:             1             24  org.jetbrains.plugins.groovy.lang.psi.stubs.elements.GrParameterElementType
18770:             1             24  org.jetbrains.plugins.groovy.lang.psi.stubs.elements.GrParameterListElementType
18771:             1             24  org.jetbrains.plugins.groovy.lang.psi.stubs.elements.GrStubFileElementType
18772:             1             24  org.jetbrains.plugins.groovy.lang.psi.stubs.elements.GrThrowsClauseElementType
18773:             1             24  org.jetbrains.plugins.groovy.lang.psi.stubs.elements.GrTraitElementType
18774:             1             24  org.jetbrains.plugins.groovy.lang.psi.stubs.elements.GrTypeDefinitionBodyElementType
18775:             1             24  org.jetbrains.plugins.groovy.lang.psi.stubs.elements.GrTypeParameterBoundsElementType
18776:             1             24  org.jetbrains.plugins.groovy.lang.psi.stubs.elements.GrTypeParameterElementType
18777:             1             24  org.jetbrains.plugins.groovy.lang.psi.stubs.elements.GrTypeParameterListElementType
18778:             1             24  org.jetbrains.plugins.groovy.lang.psi.stubs.elements.GrVariableDeclarationElementType
18779:             1             24  org.jetbrains.plugins.groovy.lang.psi.stubs.elements.GrVariableElementType
18780:             1             24  org.jetbrains.plugins.groovy.lang.psi.uast.GroovyUastPlugin
18781:             1             24  org.jetbrains.plugins.groovy.lang.resolve.GroovyTraitMethodsFileIndex
18782:             1             24  org.jetbrains.plugins.groovy.lang.resolve.GroovyTraitMethodsFileIndex$1
18783:             1             24  org.jetbrains.plugins.groovy.lang.resolve.GroovyTraitMethodsFileIndex$2
18784:             1             24  org.jetbrains.plugins.groovy.mvc.MvcModuleStructureSynchronizer$SyncAction$1
18785:             1             24  org.jetbrains.plugins.groovy.mvc.MvcModuleStructureSynchronizer$SyncAction$2
18786:             1             24  org.jetbrains.plugins.groovy.mvc.MvcModuleStructureSynchronizer$SyncAction$3
18787:             1             24  org.jetbrains.plugins.groovy.mvc.MvcModuleStructureSynchronizer$SyncAction$4
18788:             1             24  org.jetbrains.plugins.groovy.mvc.MvcModuleStructureSynchronizer$SyncAction$5
18789:             1             24  org.jetbrains.plugins.groovy.mvc.MvcModuleStructureSynchronizer$SyncAction$6
18790:             1             24  org.jetbrains.plugins.groovy.template.GroovyTemplateContextType$Declaration
18791:             1             24  org.jetbrains.plugins.groovy.template.GroovyTemplateContextType$Expression
18792:             1             24  org.jetbrains.plugins.groovy.template.GroovyTemplateContextType$Generic
18793:             1             24  org.jetbrains.plugins.groovy.template.GroovyTemplateContextType$Statement
18794:             1             24  org.jetbrains.plugins.javaFX.fxml.refs.FxmlReferencesContributor$1
18795:             1             24  org.jetbrains.plugins.javaFX.indexing.JavaFxControllerClassIndex
18796:             1             24  org.jetbrains.plugins.javaFX.indexing.JavaFxCustomComponentsIndex
18797:             1             24  org.jetbrains.plugins.javaFX.packaging.JavaFxApplicationArtifactType
18798:             1             24  org.jetbrains.plugins.javaFX.packaging.preloader.JavaFxPreloaderArtifactType
18799:             1             24  org.jetbrains.plugins.textmate.TextMateFileType
18800:             1             24  org.jetbrains.plugins.textmate.language.syntax.TextMateSyntaxTable
18801:             1             24  org.jetbrains.plugins.textmate.language.syntax.selector.TextMateSelectorCachingWeigher
18802:             1             24  org.jetbrains.plugins.textmate.plist.CompositePlistReader
18803:             1             24  org.jetbrains.settingsRepository.AutoSyncManager
18804:             1             24  org.jetbrains.settingsRepository.IcsManager$ApplicationLevelProvider
18805:             1             24  org.jetbrains.settingsRepository.IcsSettings
18806:             1             24  org.jetbrains.settingsRepository.ReadOnlySourceManager
18807:             1             24  org.jetbrains.settingsRepository.ReadOnlySourceManager$repositoryList$1
18808:             1             24  org.jetbrains.settingsRepository.SyncManager
18809:             1             24  org.jetbrains.settingsRepository.git.GitRepositoryManager$credentialsProvider$2
18810:             1             24  org.jetbrains.uast.UastContext
18811:             1             24  org.jetbrains.yaml.YAMLFileType
18812:             1             24  org.languagetool.broker.DefaultResourceDataBroker
18813:             1             24  org.languagetool.tokenizers.SimpleSentenceTokenizer
18814:             1             24  org.slf4j.helpers.SubstituteLoggerFactory
18815:             1             24  org.zmlx.hg4idea.ignore.lang.HgIgnoreFileType
18816:             1             24  org.zmlx.hg4idea.provider.HgChangeProvider$HgChangeProcessor$1
18817:             1             24  org.zmlx.hg4idea.provider.HgChangeProvider$HgChangeProcessor$2
18818:             1             24  org.zmlx.hg4idea.provider.HgChangeProvider$HgChangeProcessor$3
18819:             1             24  org.zmlx.hg4idea.provider.HgChangeProvider$HgChangeProcessor$4
18820:             1             24  org.zmlx.hg4idea.provider.HgChangeProvider$HgChangeProcessor$5
18821:             1             24  org.zmlx.hg4idea.provider.HgChangeProvider$HgChangeProcessor$6
18822:             1             24  org.zmlx.hg4idea.provider.HgChangeProvider$HgChangeProcessor$7
18823:             1             24  sun.awt.AWTThreading (java.desktop@11.0.9.1)
18824:             1             24  sun.awt.AWTThreading$1 (java.desktop@11.0.9.1)
18825:             1             24  sun.awt.SunHints$LCDContrastKey (java.desktop@11.0.9.1)
18826:             1             24  sun.awt.WeakIdentityHashMap (java.desktop@11.0.9.1)
18827:             1             24  sun.awt.util.PerformanceLogger$TimeData (java.desktop@11.0.9.1)
18828:             1             24  sun.java2d.marlin.DMarlinRenderingEngine$1 (java.desktop@11.0.9.1)
18829:             1             24  sun.java2d.marlin.DMarlinRenderingEngine$NormMode$1 (java.desktop@11.0.9.1)
18830:             1             24  sun.java2d.marlin.DMarlinRenderingEngine$NormMode$2 (java.desktop@11.0.9.1)
18831:             1             24  sun.java2d.marlin.DMarlinRenderingEngine$NormMode$3 (java.desktop@11.0.9.1)
18832:             1             24  sun.java2d.opengl.CGLGraphicsConfig$CGLGCDisposerRecord (java.desktop@11.0.9.1)
18833:             1             24  sun.java2d.opengl.OGLContext$OGLContextCaps (java.desktop@11.0.9.1)
18834:             1             24  sun.java2d.opengl.OGLRenderQueue (java.desktop@11.0.9.1)
18835:             1             24  sun.java2d.pipe.AAShapePipe$1 (java.desktop@11.0.9.1)
18836:             1             24  sun.java2d.pipe.ShapeSpanIterator (java.desktop@11.0.9.1)
18837:             1             24  sun.lwawt.LWKeyboardFocusManagerPeer (java.desktop@11.0.9.1)
18838:             1             24  sun.lwawt.macosx.CCursorManager (java.desktop@11.0.9.1)
18839:             1             24  sun.management.MemoryImpl (java.management@11.0.9.1)
18840:             1             24  sun.management.RuntimeImpl (java.management@11.0.9.1)
18841:             1             24  sun.management.VMManagementImpl (java.management@11.0.9.1)
18842:             1             24  sun.net.ProgressMonitor (java.base@11.0.9.1)
18843:             1             24  sun.net.sdp.SdpProvider (java.base@11.0.9.1)
18844:             1             24  sun.net.www.protocol.http.Handler (java.base@11.0.9.1)
18845:             1             24  sun.nio.ch.ThreadPool (java.base@11.0.9.1)
18846:             1             24  sun.nio.cs.ISO_8859_1 (java.base@11.0.9.1)
18847:             1             24  sun.nio.cs.MS1251 (java.base@11.0.9.1)
18848:             1             24  sun.nio.cs.ThreadLocalCoders$1 (java.base@11.0.9.1)
18849:             1             24  sun.nio.cs.ThreadLocalCoders$2 (java.base@11.0.9.1)
18850:             1             24  sun.nio.cs.US_ASCII (java.base@11.0.9.1)
18851:             1             24  sun.nio.cs.UTF_16 (java.base@11.0.9.1)
18852:             1             24  sun.nio.cs.UTF_16BE (java.base@11.0.9.1)
18853:             1             24  sun.nio.cs.UTF_16LE (java.base@11.0.9.1)
18854:             1             24  sun.nio.cs.UTF_32BE (java.base@11.0.9.1)
18855:             1             24  sun.nio.cs.UTF_32LE (java.base@11.0.9.1)
18856:             1             24  sun.nio.cs.UTF_8 (java.base@11.0.9.1)
18857:             1             24  sun.rmi.runtime.RuntimeUtil$1 (java.rmi@11.0.9.1)
18858:             1             24  sun.rmi.server.UnicastServerRef$$Lambda$2996/0x0000000801c8d440 (java.rmi@11.0.9.1)
18859:             1             24  sun.rmi.transport.DGCImpl (java.rmi@11.0.9.1)
18860:             1             24  sun.security.ssl.TrustManagerFactoryImpl$PKIXFactory (java.base@11.0.9.1)
18861:             1             24  sun.security.ssl.TrustStoreManager$TrustAnchorManager (java.base@11.0.9.1)
18862:             1             24  sun.security.validator.CADistrustPolicy$1 (java.base@11.0.9.1)
18863:             1             24  sun.security.validator.EndEntityChecker (java.base@11.0.9.1)
18864:             1             24  sun.util.cldr.CLDRCalendarDataProviderImpl (java.base@11.0.9.1)
18865:             1             24  sun.util.cldr.CLDRCalendarNameProviderImpl (java.base@11.0.9.1)
18866:             1             24  sun.util.cldr.CLDRTimeZoneNameProviderImpl (java.base@11.0.9.1)
18867:             1             24  sun.util.locale.BaseLocale$Cache (java.base@11.0.9.1)
18868:             1             24  sun.util.locale.provider.BreakIteratorProviderImpl (java.base@11.0.9.1)
18869:             1             24  sun.util.locale.provider.CalendarDataProviderImpl (java.base@11.0.9.1)
18870:             1             24  sun.util.locale.provider.CalendarNameProviderImpl (java.base@11.0.9.1)
18871:             1             24  sun.util.locale.provider.CalendarProviderImpl (java.base@11.0.9.1)
18872:             1             24  sun.util.locale.provider.CollatorProviderImpl (java.base@11.0.9.1)
18873:             1             24  sun.util.locale.provider.TimeZoneNameProviderImpl (java.base@11.0.9.1)
18874:             1             24  training.lang.LangManager
18875:             1             16  [Lcom.android.tools.idea.lint.common.LintIdeQuickFix;
18876:             1             16  [Lcom.fasterxml.jackson.databind.AbstractTypeResolver;
18877:             1             16  [Lcom.fasterxml.jackson.databind.deser.BeanDeserializerModifier;
18878:             1             16  [Lcom.fasterxml.jackson.databind.ser.BeanSerializerModifier;
18879:             1             16  [Lcom.fasterxml.jackson.databind.util.ClassUtil$Ctor;
18880:             1             16  [Lcom.intellij.codeHighlighting.HighlightingPass;
18881:             1             16  [Lcom.intellij.codeInsight.completion.CompletionDataEP;
18882:             1             16  [Lcom.intellij.codeInsight.daemon.GutterIconDescriptor$Option;
18883:             1             16  [Lcom.intellij.codeInsight.documentation.DocumentationActionProvider;
18884:             1             16  [Lcom.intellij.codeInsight.editorActions.PreserveIndentOnPasteBean;
18885:             1             16  [Lcom.intellij.codeInsight.hint.ParameterInfoControllerProvider;
18886:             1             16  [Lcom.intellij.codeInsight.hint.ParameterInfoListener;
18887:             1             16  [Lcom.intellij.codeInsight.intention.IntentionAction;
18888:             1             16  [Lcom.intellij.codeInsight.intention.impl.config.TextDescriptor;
18889:             1             16  [Lcom.intellij.codeInsight.lookup.LookupElement;
18890:             1             16  [Lcom.intellij.codeInsight.lookup.LookupItem;
18891:             1             16  [Lcom.intellij.codeInsight.template.impl.DefaultLiveTemplatesProvider;
18892:             1             16  [Lcom.intellij.codeInsight.template.impl.TemplatePreprocessor;
18893:             1             16  [Lcom.intellij.codeInspection.LocalInspectionTool;
18894:             1             16  [Lcom.intellij.codeInspection.ProblemDescriptor;
18895:             1             16  [Lcom.intellij.codeInspection.QuickFix;
18896:             1             16  [Lcom.intellij.codeInspection.SuppressIntentionAction;
18897:             1             16  [Lcom.intellij.codeInspection.SuppressQuickFix;
18898:             1             16  [Lcom.intellij.codeInspection.dataFlow.DfaInstructionState;
18899:             1             16  [Lcom.intellij.codeInspection.ex.InspectionToolWrapper;
18900:             1             16  [Lcom.intellij.debugger.InstanceFilter;
18901:             1             16  [Lcom.intellij.execution.dashboard.RunDashboardDefaultTypesProvider;
18902:             1             16  [Lcom.intellij.execution.filters.ConsoleInputFilterProvider;
18903:             1             16  [Lcom.intellij.execution.filters.Filter;
18904:             1             16  [Lcom.intellij.execution.junit.RuntimeConfigurationProducer;
18905:             1             16  [Lcom.intellij.execution.process.ProcessHandler;
18906:             1             16  [Lcom.intellij.facet.Facet;
18907:             1             16  [Lcom.intellij.featureStatistics.FeatureStatisticsBundleEP;
18908:             1             16  [Lcom.intellij.ide.fileTemplates.FileTemplate;
18909:             1             16  [Lcom.intellij.ide.hierarchy.HierarchyNodeDescriptor;
18910:             1             16  [Lcom.intellij.ide.highlighter.EmbeddedTokenHighlighter;
18911:             1             16  [Lcom.intellij.ide.projectView.ProjectViewNestingRulesProvider;
18912:             1             16  [Lcom.intellij.ide.todo.TodoFilter;
18913:             1             16  [Lcom.intellij.ide.util.frameworkSupport.FrameworkRole;
18914:             1             16  [Lcom.intellij.ide.util.treeView.NodeDescriptor;
18915:             1             16  [Lcom.intellij.javaee.ImplicitNamespaceDescriptorProvider;
18916:             1             16  [Lcom.intellij.lang.ASTNode;
18917:             1             16  [Lcom.intellij.lang.LighterASTNode;
18918:             1             16  [Lcom.intellij.lang.folding.FoldingDescriptor;
18919:             1             16  [Lcom.intellij.lang.jvm.JvmMethod;
18920:             1             16  [Lcom.intellij.lang.jvm.types.JvmReferenceType;
18921:             1             16  [Lcom.intellij.lang.parameterInfo.ParameterInfoHandler;
18922:             1             16  [Lcom.intellij.lang.properties.IProperty;
18923:             1             16  [Lcom.intellij.navigation.DirectNavigationProvider;
18924:             1             16  [Lcom.intellij.notification.impl.NotificationAllowlistEP;
18925:             1             16  [Lcom.intellij.notification.impl.NotificationWhitelistEP;
18926:             1             16  [Lcom.intellij.openapi.actionSystem.impl.BundledQuickListsProvider;
18927:             1             16  [Lcom.intellij.openapi.compiler.CompileScope;
18928:             1             16  [Lcom.intellij.openapi.compiler.CompilerMessage;
18929:             1             16  [Lcom.intellij.openapi.compiler.FileProcessingCompiler$ProcessingItem;
18930:             1             16  [Lcom.intellij.openapi.components.ComponentConfig;
18931:             1             16  [Lcom.intellij.openapi.diagnostic.Attachment;
18932:             1             16  [Lcom.intellij.openapi.editor.Document;
18933:             1             16  [Lcom.intellij.openapi.editor.Editor;
18934:             1             16  [Lcom.intellij.openapi.editor.ex.ErrorStripeListener;
18935:             1             16  [Lcom.intellij.openapi.editor.ex.RangeHighlighterEx;
18936:             1             16  [Lcom.intellij.openapi.editor.impl.DocumentWriteAccessGuard;
18937:             1             16  [Lcom.intellij.openapi.editor.impl.event.MarkupModelListener;
18938:             1             16  [Lcom.intellij.openapi.extensions.PluginId;
18939:             1             16  [Lcom.intellij.openapi.extensions.impl.ExtensionComponentAdapter;
18940:             1             16  [Lcom.intellij.openapi.fileEditor.impl.FileEditorAssociateFinder;
18941:             1             16  [Lcom.intellij.openapi.fileEditor.impl.text.TextEditorCustomizer;
18942:             1             16  [Lcom.intellij.openapi.project.DefaultProjectTypeEP;
18943:             1             16  [Lcom.intellij.openapi.project.ProjectManagerListener;
18944:             1             16  [Lcom.intellij.openapi.projectRoots.impl.UnknownSdkContributor;
18945:             1             16  [Lcom.intellij.openapi.roots.impl.ProjectFileScanner;
18946:             1             16  [Lcom.intellij.openapi.roots.impl.SdkFinder;
18947:             1             16  [Lcom.intellij.openapi.util.Key;
18948:             1             16  [Lcom.intellij.openapi.util.Segment;
18949:             1             16  [Lcom.intellij.openapi.vcs.VcsDirectoryMapping;
18950:             1             16  [Lcom.intellij.openapi.vcs.changes.IgnoredFileBean;
18951:             1             16  [Lcom.intellij.openapi.vfs.newvfs.events.ChildInfo;
18952:             1             16  [Lcom.intellij.openapi.vfs.pointers.VirtualFilePointer;
18953:             1             16  [Lcom.intellij.openapi.wm.ext.LibraryDependentToolWindow;
18954:             1             16  [Lcom.intellij.psi.PsiCatchSection;
18955:             1             16  [Lcom.intellij.psi.PsiClassInitializer;
18956:             1             16  [Lcom.intellij.psi.PsiCodeBlock;
18957:             1             16  [Lcom.intellij.psi.PsiDirectory;
18958:             1             16  [Lcom.intellij.psi.PsiFile;
18959:             1             16  [Lcom.intellij.psi.PsiFunctionalExpression;
18960:             1             16  [Lcom.intellij.psi.PsiImportList;
18961:             1             16  [Lcom.intellij.psi.PsiImportStatementBase;
18962:             1             16  [Lcom.intellij.psi.PsiNameValuePair;
18963:             1             16  [Lcom.intellij.psi.PsiPackage;
18964:             1             16  [Lcom.intellij.psi.PsiReferenceProviderBean;
18965:             1             16  [Lcom.intellij.psi.PsiTypeElement;
18966:             1             16  [Lcom.intellij.psi.ResolveResult;
18967:             1             16  [Lcom.intellij.psi.impl.include.FileIncludeInfo;
18968:             1             16  [Lcom.intellij.psi.impl.source.PsiImportStatementBaseImpl;
18969:             1             16  [Lcom.intellij.psi.impl.source.PsiImportStatementImpl;
18970:             1             16  [Lcom.intellij.psi.impl.source.PsiImportStaticStatementImpl;
18971:             1             16  [Lcom.intellij.psi.impl.source.resolve.reference.impl.GenericReference;
18972:             1             16  [Lcom.intellij.psi.impl.source.tree.CompositeElement;
18973:             1             16  [Lcom.intellij.psi.impl.source.tree.FileElement;
18974:             1             16  [Lcom.intellij.psi.impl.source.tree.RecursiveLighterASTNodeWalkingVisitor$IndexedLighterASTNode;
18975:             1             16  [Lcom.intellij.psi.impl.source.tree.TreeElement;
18976:             1             16  [Lcom.intellij.psi.javadoc.JavadocTagInfo;
18977:             1             16  [Lcom.intellij.psi.javadoc.PsiDocTag;
18978:             1             16  [Lcom.intellij.psi.search.TodoItem;
18979:             1             16  [Lcom.intellij.psi.search.scope.packageSet.CustomScopesFilter;
18980:             1             16  [Lcom.intellij.psi.targets.AliasingPsiTargetMapper;
18981:             1             16  [Lcom.intellij.psi.xml.StartTagEndTokenProvider;
18982:             1             16  [Lcom.intellij.psi.xml.XmlElement;
18983:             1             16  [Lcom.intellij.refactoring.rename.symbol.SymbolRenameTargetFactory;
18984:             1             16  [Lcom.intellij.remoteServer.ServerType;
18985:             1             16  [Lcom.intellij.task.ProjectTask;
18986:             1             16  [Lcom.intellij.tasks.Comment;
18987:             1             16  [Lcom.intellij.tasks.Task;
18988:             1             16  [Lcom.intellij.ui.treeStructure.SimpleNode;
18989:             1             16  [Lcom.intellij.usageView.UsageInfo;
18990:             1             16  [Lcom.intellij.usages.UsageTarget;
18991:             1             16  [Lcom.intellij.util.indexing.FileBasedIndexInfrastructureExtension;
18992:             1             16  [Lcom.intellij.util.indexing.GlobalIndexFilter;
18993:             1             16  [Lcom.intellij.util.indexing.IndexableFilesFilter;
18994:             1             16  [Lcom.intellij.util.io.StringRef;
18995:             1             16  [Lcom.intellij.util.xml.DomElement;
18996:             1             16  [Lcom.intellij.util.xml.JavaMethod;
18997:             1             16  [Lcom.intellij.util.xml.events.DomEvent;
18998:             1             16  [Lcom.intellij.xml.XmlAttributeDescriptor;
18999:             1             16  [Lcom.intellij.xml.XmlNamedReferenceProviderBean;
19000:             1             16  [Lcom.intellij.xml.XmlTagRuleProvider;
19001:             1             16  [Ljava.beans.EventSetDescriptor; (java.desktop@11.0.9.1)
19002:             1             16  [Ljava.lang.Throwable; (java.base@11.0.9.1)
19003:             1             16  [Ljava.net.URL; (java.base@11.0.9.1)
19004:             1             16  [Ljava.nio.file.attribute.FileAttribute; (java.base@11.0.9.1)
19005:             1             16  [Ljava.security.Provider; (java.base@11.0.9.1)
19006:             1             16  [Ljava.text.FieldPosition; (java.base@11.0.9.1)
19007:             1             16  [Ljava.time.zone.ZoneOffsetTransitionRule; (java.base@11.0.9.1)
19008:             1             16  [Ljava.util.logging.Handler; (java.logging@11.0.9.1)
19009:             1             16  [Ljava.util.prefs.AbstractPreferences; (java.prefs@11.0.9.1)
19010:             1             16  [Ljavax.management.ObjectName$Property; (java.management@11.0.9.1)
19011:             1             16  [Ljavax.security.cert.X509Certificate; (java.base@11.0.9.1)
19012:             1             16  [Ljavax.swing.text.Highlighter$Highlight; (java.desktop@11.0.9.1)
19013:             1             16  [Ljavax.xml.bind.annotation.XmlNs;
19014:             1             16  [Lnet.jpountz.lz4.LZ4ByteBufferUtils;
19015:             1             16  [Lnet.jpountz.lz4.LZ4Constants;
19016:             1             16  [Lnet.jpountz.lz4.LZ4SafeUtils;
19017:             1             16  [Lnet.jpountz.lz4.LZ4UnsafeUtils;
19018:             1             16  [Lnet.jpountz.lz4.LZ4Utils;
19019:             1             16  [Lnet.jpountz.util.ByteBufferUtils;
19020:             1             16  [Lnet.jpountz.util.Native;
19021:             1             16  [Lnet.jpountz.util.SafeUtils;
19022:             1             16  [Lnet.jpountz.util.UnsafeUtils;
19023:             1             16  [Lnet.jpountz.util.Utils;
19024:             1             16  [Lorg.apache.batik.css.engine.CSSEngineListener;
19025:             1             16  [Lorg.apache.xerces.impl.xs.SubstitutionGroupHandler$OneSubGroup;
19026:             1             16  [Lorg.apache.xerces.xni.grammars.Grammar;
19027:             1             16  [Lorg.editorconfig.language.EditorConfigLanguage;
19028:             1             16  [Lorg.jetbrains.idea.maven.importing.ManifestImporter;
19029:             1             16  [Lorg.jetbrains.kotlin.psi.KtAnnotation;
19030:             1             16  [Lorg.jetbrains.kotlin.psi.KtAnnotationEntry;
19031:             1             16  [Lorg.jetbrains.kotlin.psi.KtAnnotationUseSiteTarget;
19032:             1             16  [Lorg.jetbrains.kotlin.psi.KtBlockStringTemplateEntry;
19033:             1             16  [Lorg.jetbrains.kotlin.psi.KtClassBody;
19034:             1             16  [Lorg.jetbrains.kotlin.psi.KtClassInitializer;
19035:             1             16  [Lorg.jetbrains.kotlin.psi.KtConstructorCalleeExpression;
19036:             1             16  [Lorg.jetbrains.kotlin.psi.KtContractEffect;
19037:             1             16  [Lorg.jetbrains.kotlin.psi.KtContractEffectList;
19038:             1             16  [Lorg.jetbrains.kotlin.psi.KtDeclarationModifierList;
19039:             1             16  [Lorg.jetbrains.kotlin.psi.KtDelegatedSuperTypeEntry;
19040:             1             16  [Lorg.jetbrains.kotlin.psi.KtDotQualifiedExpression;
19041:             1             16  [Lorg.jetbrains.kotlin.psi.KtDynamicType;
19042:             1             16  [Lorg.jetbrains.kotlin.psi.KtEnumEntrySuperclassReferenceExpression;
19043:             1             16  [Lorg.jetbrains.kotlin.psi.KtEscapeStringTemplateEntry;
19044:             1             16  [Lorg.jetbrains.kotlin.psi.KtFileAnnotationList;
19045:             1             16  [Lorg.jetbrains.kotlin.psi.KtFunctionType;
19046:             1             16  [Lorg.jetbrains.kotlin.psi.KtFunctionTypeReceiver;
19047:             1             16  [Lorg.jetbrains.kotlin.psi.KtImportAlias;
19048:             1             16  [Lorg.jetbrains.kotlin.psi.KtImportDirective;
19049:             1             16  [Lorg.jetbrains.kotlin.psi.KtImportList;
19050:             1             16  [Lorg.jetbrains.kotlin.psi.KtInitializerList;
19051:             1             16  [Lorg.jetbrains.kotlin.psi.KtLambdaArgument;
19052:             1             16  [Lorg.jetbrains.kotlin.psi.KtLiteralStringTemplateEntry;
19053:             1             16  [Lorg.jetbrains.kotlin.psi.KtNameReferenceExpression;
19054:             1             16  [Lorg.jetbrains.kotlin.psi.KtNamedFunction;
19055:             1             16  [Lorg.jetbrains.kotlin.psi.KtNullableType;
19056:             1             16  [Lorg.jetbrains.kotlin.psi.KtObjectDeclaration;
19057:             1             16  [Lorg.jetbrains.kotlin.psi.KtPackageDirective;
19058:             1             16  [Lorg.jetbrains.kotlin.psi.KtParameter;
19059:             1             16  [Lorg.jetbrains.kotlin.psi.KtParameterList;
19060:             1             16  [Lorg.jetbrains.kotlin.psi.KtPrimaryConstructor;
19061:             1             16  [Lorg.jetbrains.kotlin.psi.KtProperty;
19062:             1             16  [Lorg.jetbrains.kotlin.psi.KtPropertyAccessor;
19063:             1             16  [Lorg.jetbrains.kotlin.psi.KtScript;
19064:             1             16  [Lorg.jetbrains.kotlin.psi.KtSecondaryConstructor;
19065:             1             16  [Lorg.jetbrains.kotlin.psi.KtSimpleNameStringTemplateEntry;
19066:             1             16  [Lorg.jetbrains.kotlin.psi.KtStringTemplateExpression;
19067:             1             16  [Lorg.jetbrains.kotlin.psi.KtSuperTypeCallEntry;
19068:             1             16  [Lorg.jetbrains.kotlin.psi.KtSuperTypeEntry;
19069:             1             16  [Lorg.jetbrains.kotlin.psi.KtSuperTypeList;
19070:             1             16  [Lorg.jetbrains.kotlin.psi.KtTypeAlias;
19071:             1             16  [Lorg.jetbrains.kotlin.psi.KtTypeArgumentList;
19072:             1             16  [Lorg.jetbrains.kotlin.psi.KtTypeConstraint;
19073:             1             16  [Lorg.jetbrains.kotlin.psi.KtTypeConstraintList;
19074:             1             16  [Lorg.jetbrains.kotlin.psi.KtTypeParameter;
19075:             1             16  [Lorg.jetbrains.kotlin.psi.KtTypeParameterList;
19076:             1             16  [Lorg.jetbrains.kotlin.psi.KtTypeProjection;
19077:             1             16  [Lorg.jetbrains.kotlin.psi.KtTypeReference;
19078:             1             16  [Lorg.jetbrains.kotlin.psi.KtUserType;
19079:             1             16  [Lorg.jetbrains.kotlin.psi.KtValueArgument;
19080:             1             16  [Lorg.jetbrains.kotlin.psi.KtValueArgumentList;
19081:             1             16  [Lorg.jetbrains.kotlin.psi.KtValueArgumentName;
19082:             1             16  [Lorg.jetbrains.org.objectweb.asm.Attribute;
19083:             1             16  [Lorg.jetbrains.plugins.groovy.codeInspection.GroovyFix;
19084:             1             16  [Lorg.jetbrains.plugins.groovy.mvc.MvcFramework;
19085:             1             16  [Lorg.jetbrains.uast.UElement;
19086:             1             16  [Lsun.font.CompositeFontDescriptor; (java.desktop@11.0.9.1)
19087:             1             16  com.android.flags.Flag$1
19088:             1             16  com.android.flags.Flag$2
19089:             1             16  com.android.flags.Flag$3
19090:             1             16  com.android.flags.Flag$4
19091:             1             16  com.android.ide.common.repository.GradleCoordinate$PlusComponent
19092:             1             16  com.android.ide.common.resources.configuration.CountryCodeQualifier
19093:             1             16  com.android.ide.common.resources.configuration.HighDynamicRangeQualifier
19094:             1             16  com.android.ide.common.resources.configuration.KeyboardStateQualifier
19095:             1             16  com.android.ide.common.resources.configuration.NavigationMethodQualifier
19096:             1             16  com.android.ide.common.resources.configuration.NavigationStateQualifier
19097:             1             16  com.android.ide.common.resources.configuration.NetworkCodeQualifier
19098:             1             16  com.android.ide.common.resources.configuration.NightModeQualifier
19099:             1             16  com.android.ide.common.resources.configuration.ScreenHeightQualifier
19100:             1             16  com.android.ide.common.resources.configuration.ScreenOrientationQualifier
19101:             1             16  com.android.ide.common.resources.configuration.ScreenRatioQualifier
19102:             1             16  com.android.ide.common.resources.configuration.ScreenRoundQualifier
19103:             1             16  com.android.ide.common.resources.configuration.ScreenWidthQualifier
19104:             1             16  com.android.ide.common.resources.configuration.SmallestScreenWidthQualifier
19105:             1             16  com.android.ide.common.resources.configuration.TextInputMethodQualifier
19106:             1             16  com.android.ide.common.resources.configuration.TouchScreenQualifier
19107:             1             16  com.android.ide.common.resources.configuration.UiModeQualifier
19108:             1             16  com.android.ide.common.resources.configuration.VersionQualifier
19109:             1             16  com.android.ide.common.resources.configuration.WideGamutColorQualifier
19110:             1             16  com.android.ide.common.util.FileSystemRegistry
19111:             1             16  com.android.ide.common.util.JdkPathOpener
19112:             1             16  com.android.repository.api.ConstantSourceProvider
19113:             1             16  com.android.repository.api.DelegatingProgressIndicator$$Lambda$5563/0x0000000802e3b840
19114:             1             16  com.android.repository.api.DelegatingProgressIndicator$$Lambda$5564/0x0000000802e3bc40
19115:             1             16  com.android.repository.impl.manager.RepoManagerImpl$LocalRepoLoaderFactoryImpl
19116:             1             16  com.android.repository.impl.manager.RepoManagerImpl$RemoteRepoLoaderFactoryImpl
19117:             1             16  com.android.repository.impl.meta.RepositoryPackages$$Lambda$5582/0x00000008029a5040
19118:             1             16  com.android.repository.io.impl.FileOpImpl
19119:             1             16  com.android.repository.util.RepoPackageUtilKt$getAllRepoPackagePrefixes$1
19120:             1             16  com.android.resources.ResourceType$$Lambda$990/0x0000000800bf7840
19121:             1             16  com.android.sdklib.repository.AndroidSdkHandler$$Lambda$5551/0x0000000802e3fc40
19122:             1             16  com.android.sdklib.repository.legacy.LegacyRemoteRepoLoader
19123:             1             16  com.android.support.AndroidxNameUtils$$Lambda$1792/0x0000000801356840
19124:             1             16  com.android.tools.adtui.actions.DropDownAction$1
19125:             1             16  com.android.tools.adtui.workbench.DetachedToolWindowManager$$Lambda$3294/0x0000000801fcfc40
19126:             1             16  com.android.tools.adtui.workbench.WorkBenchManager
19127:             1             16  com.android.tools.analytics.AnalyticsSettings
19128:             1             16  com.android.tools.analytics.NullUsageTracker
19129:             1             16  com.android.tools.analytics.UsageTracker
19130:             1             16  com.android.tools.editor.ActionToolbarUtil$$Lambda$3284/0x0000000801f8bc40
19131:             1             16  com.android.tools.idea.AndroidProjectModelUtils$findAllLibrariesWithResources$1
19132:             1             16  com.android.tools.idea.AndroidPsiUtils$$Lambda$3312/0x0000000801fca840
19133:             1             16  com.android.tools.idea.IdeInfo
19134:             1             16  com.android.tools.idea.apk.AarFileType
19135:             1             16  com.android.tools.idea.apk.ApkFileType
19136:             1             16  com.android.tools.idea.apk.BundleFileType
19137:             1             16  com.android.tools.idea.apk.DexFileType
19138:             1             16  com.android.tools.idea.apk.debugging.KotlinProjectStructureDetector
19139:             1             16  com.android.tools.idea.apk.viewer.ApkEditorProvider
19140:             1             16  com.android.tools.idea.apk.viewer.DexEditorProvider
19141:             1             16  com.android.tools.idea.common.error.IssueModel$$Lambda$3276/0x0000000801f8dc40
19142:             1             16  com.android.tools.idea.common.surface.DesignSurface$$Lambda$3268/0x0000000801f8fc40
19143:             1             16  com.android.tools.idea.common.surface.DesignSurface$$Lambda$3269/0x0000000801f8f040
19144:             1             16  com.android.tools.idea.common.type.DefaultDesignerFileType
19145:             1             16  com.android.tools.idea.common.type.DesignerTypeRegistrar
19146:             1             16  com.android.tools.idea.concurrency.AndroidIoManager$Companion
19147:             1             16  com.android.tools.idea.databinding.DataBindingModeTrackingService
19148:             1             16  com.android.tools.idea.databinding.DataBindingModeTrackingService$$Lambda$2149/0x0000000801697840
19149:             1             16  com.android.tools.idea.databinding.LayoutBindingProjectComponent$Companion
19150:             1             16  com.android.tools.idea.databinding.LayoutBindingSupport$Companion
19151:             1             16  com.android.tools.idea.databinding.LayoutBindingSupportImpl
19152:             1             16  com.android.tools.idea.databinding.ViewBindingEnabledTrackingService
19153:             1             16  com.android.tools.idea.databinding.ViewBindingEnabledTrackingService$Companion
19154:             1             16  com.android.tools.idea.databinding.actions.ConvertLayoutToDataBindingAction
19155:             1             16  com.android.tools.idea.databinding.finders.BindingScopeEnlarger
19156:             1             16  com.android.tools.idea.databinding.finders.BrClassFinder$1$classes$1
19157:             1             16  com.android.tools.idea.databinding.index.BindingXmlIndex
19158:             1             16  com.android.tools.idea.databinding.index.BindingXmlIndex$Companion
19159:             1             16  com.android.tools.idea.databinding.index.BindingXmlIndex$getIndexer$1
19160:             1             16  com.android.tools.idea.databinding.index.BindingXmlIndex$getInputFilter$1
19161:             1             16  com.android.tools.idea.databinding.project.ProjectLayoutResourcesModificationTracker$Companion
19162:             1             16  com.android.tools.idea.databinding.xml.DataBindingDomElementDescriptorProvider
19163:             1             16  com.android.tools.idea.deploy.DeployActionsInitializer
19164:             1             16  com.android.tools.idea.diagnostics.error.ErrorReporter
19165:             1             16  com.android.tools.idea.editors.AndroidEditorTitleProvider
19166:             1             16  com.android.tools.idea.editors.AndroidImportFilter
19167:             1             16  com.android.tools.idea.editors.NinePatchEditorProvider
19168:             1             16  com.android.tools.idea.editors.fonts.FontEditorProvider
19169:             1             16  com.android.tools.idea.editors.layeredimage.LayeredImageEditorProvider
19170:             1             16  com.android.tools.idea.editors.layoutInspector.LayoutInspectorFileType
19171:             1             16  com.android.tools.idea.editors.manifest.ManifestEditorProvider
19172:             1             16  com.android.tools.idea.editors.manifest.StaleManifestNotificationProvider$Companion
19173:             1             16  com.android.tools.idea.editors.strings.StringResourceEditorProvider
19174:             1             16  com.android.tools.idea.editors.strings.StringResourceRefactoringSupportProvider
19175:             1             16  com.android.tools.idea.fileTypes.AndroidIconProvider
19176:             1             16  com.android.tools.idea.fileTypes.AndroidNinePatchFileType
19177:             1             16  com.android.tools.idea.fileTypes.FontFileType
19178:             1             16  com.android.tools.idea.fileTypes.PhotoshopFileType
19179:             1             16  com.android.tools.idea.fileTypes.profiler.MemoryCaptureFileType$Detector
19180:             1             16  com.android.tools.idea.folding.AndroidCodeFoldingOptionsProvider$$Lambda$825/0x0000000800945c40
19181:             1             16  com.android.tools.idea.folding.AndroidCodeFoldingOptionsProvider$$Lambda$826/0x0000000800945040
19182:             1             16  com.android.tools.idea.gradle.actions.EnableInstantAppsSupportAction$Companion
19183:             1             16  com.android.tools.idea.gradle.actions.SyncProjectAction$$Lambda$849/0x0000000800975c40
19184:             1             16  com.android.tools.idea.gradle.project.AndroidGradleProjectDumbStartupActivity
19185:             1             16  com.android.tools.idea.gradle.project.AndroidGradleProjectStartupActivity
19186:             1             16  com.android.tools.idea.gradle.project.AndroidNewProjectInitializationStartupActivity
19187:             1             16  com.android.tools.idea.gradle.project.AndroidNewProjectInitializationStartupActivity$Companion
19188:             1             16  com.android.tools.idea.gradle.project.build.AndroidProjectTaskRunner
19189:             1             16  com.android.tools.idea.gradle.project.build.output.GenericFileFilter$Companion
19190:             1             16  com.android.tools.idea.gradle.project.build.output.GenericFileFilter$applyFilter$7
19191:             1             16  com.android.tools.idea.gradle.project.build.output.GenericFileFilterProvider
19192:             1             16  com.android.tools.idea.gradle.project.sync.GradleFiles$$Lambda$3256/0x0000000801f64840
19193:             1             16  com.android.tools.idea.gradle.project.sync.GradleFiles$UpdateHashesStartupActivity
19194:             1             16  com.android.tools.idea.gradle.project.sync.GradleSyncState$Companion
19195:             1             16  com.android.tools.idea.gradle.quickfix.AndroidUnresolvedReferenceQuickFixProvider
19196:             1             16  com.android.tools.idea.gradle.refactoring.GradleAwareSourceRootRenameValidator
19197:             1             16  com.android.tools.idea.gradle.refactoring.GradleRenameModuleHandler
19198:             1             16  com.android.tools.idea.gradle.roots.AndroidGeneratedSourcesFilter
19199:             1             16  com.android.tools.idea.imports.AndroidMavenImportJavaResolver
19200:             1             16  com.android.tools.idea.lang.aidl.AidlParserDefinition
19201:             1             16  com.android.tools.idea.lang.androidSql.AndroidSqlFileType$Companion
19202:             1             16  com.android.tools.idea.lang.androidSql.AndroidSqlRenameVetoCondition
19203:             1             16  com.android.tools.idea.lang.androidSql.parser.AndroidSqlParserDefinition
19204:             1             16  com.android.tools.idea.lang.androidSql.parser.AndroidSqlParserDefinition$Companion
19205:             1             16  com.android.tools.idea.lang.androidSql.room.RoomAnnotations
19206:             1             16  com.android.tools.idea.lang.androidSql.room.RoomDependencyChecker$Companion
19207:             1             16  com.android.tools.idea.lang.androidSql.room.RoomReferenceSearchExecutor
19208:             1             16  com.android.tools.idea.lang.androidSql.room.RoomUseScopeEnlarger
19209:             1             16  com.android.tools.idea.lang.databinding.config.DbLanguageInjector
19210:             1             16  com.android.tools.idea.lang.databinding.config.DbParserDefinition
19211:             1             16  com.android.tools.idea.lang.databinding.folding.DataBindingFoldingBuilder
19212:             1             16  com.android.tools.idea.lang.databinding.reference.DataBindingExprReferenceContributor
19213:             1             16  com.android.tools.idea.lang.databinding.reference.DataBindingExprReferenceContributor$ResourceReferenceProvider$Companion
19214:             1             16  com.android.tools.idea.lang.databinding.reference.DataBindingXmlAttributeReferenceContributor
19215:             1             16  com.android.tools.idea.lang.databinding.reference.DataBindingXmlAttributeReferenceContributor$registerReferenceProviders$1
19216:             1             16  com.android.tools.idea.lang.multiDexKeep.MultiDexKeepParserDefinition
19217:             1             16  com.android.tools.idea.lang.proguard.ProguardParserDefinition
19218:             1             16  com.android.tools.idea.lang.proguardR8.ProguardR8FileType$Companion
19219:             1             16  com.android.tools.idea.lang.proguardR8.ProguardR8TypedHandler
19220:             1             16  com.android.tools.idea.lang.proguardR8.ProguardR8UseScopeEnlarger
19221:             1             16  com.android.tools.idea.lang.proguardR8.parser.ProguardR8ParserDefinition
19222:             1             16  com.android.tools.idea.lang.rs.RenderscriptParserDefinition
19223:             1             16  com.android.tools.idea.lint.AndroidLintIdeSupport
19224:             1             16  com.android.tools.idea.lint.common.LintBundle$Companion
19225:             1             16  com.android.tools.idea.lint.common.LintIdeSupport$Companion
19226:             1             16  com.android.tools.idea.lint.common.LintInspectionExtensionsFactory
19227:             1             16  com.android.tools.idea.logcat.ExceptionFolding
19228:             1             16  com.android.tools.idea.logcat.LogcatConsoleActionsPostProcessor
19229:             1             16  com.android.tools.idea.mlkit.MlModelFileIndex
19230:             1             16  com.android.tools.idea.mlkit.MlModelFileIndex$$Lambda$718/0x00000008008afc40
19231:             1             16  com.android.tools.idea.mlkit.MlModelFileIndex$1
19232:             1             16  com.android.tools.idea.mlkit.MlModelFileTypeFactory
19233:             1             16  com.android.tools.idea.mlkit.MlkitResolveScopeEnlarger
19234:             1             16  com.android.tools.idea.mlkit.TfliteModelFileEditorProvider
19235:             1             16  com.android.tools.idea.mlkit.TfliteModelFileType
19236:             1             16  com.android.tools.idea.model.AndroidManifestIndex
19237:             1             16  com.android.tools.idea.model.AndroidManifestIndex$Companion
19238:             1             16  com.android.tools.idea.model.AndroidManifestIndex$Indexer
19239:             1             16  com.android.tools.idea.model.AndroidManifestIndex$InputFilter
19240:             1             16  com.android.tools.idea.model.AndroidManifestRawText$Externalizer
19241:             1             16  com.android.tools.idea.model.MergedManifestModificationListener$SubscriptionStartupActivity
19242:             1             16  com.android.tools.idea.model.MergedManifestRefreshListener$SubscriptionStartupActivity
19243:             1             16  com.android.tools.idea.naveditor.editor.NavEditorProvider
19244:             1             16  com.android.tools.idea.naveditor.editor.NavEditorProvider$NavigationFileType
19245:             1             16  com.android.tools.idea.profilers.AndroidProfilerProgramRunner
19246:             1             16  com.android.tools.idea.profilers.ProfileRunExecutor
19247:             1             16  com.android.tools.idea.profilers.capture.AndroidProfilerCaptureEditorProvider
19248:             1             16  com.android.tools.idea.profiling.capture.CaptureEditorProvider
19249:             1             16  com.android.tools.idea.profiling.capture.CaptureTypeService
19250:             1             16  com.android.tools.idea.project.AndroidProjectInfo$$Lambda$2428/0x000000080198d440
19251:             1             16  com.android.tools.idea.project.DefaultModuleSystem$Keys
19252:             1             16  com.android.tools.idea.projectsystem.ProjectSystemService$Companion
19253:             1             16  com.android.tools.idea.projectsystem.TestArtifactSearchScopes$Companion
19254:             1             16  com.android.tools.idea.res.AndroidFileChangeListener$MyDocumentListener$$Lambda$5620/0x000000080183b040
19255:             1             16  com.android.tools.idea.res.AndroidFileChangeListener$MyFileDocumentManagerListener$$Lambda$3207/0x0000000801e94440
19256:             1             16  com.android.tools.idea.res.AndroidFileChangeListener$MyVfsListener$$Lambda$5832/0x0000000802913040
19257:             1             16  com.android.tools.idea.res.AndroidFileChangeListener$SubscribeOnStartupActivity
19258:             1             16  com.android.tools.idea.res.AndroidInnerClassFinder
19259:             1             16  com.android.tools.idea.res.AndroidLightClassWeigher
19260:             1             16  com.android.tools.idea.res.AndroidManifestClassPsiElementFinder$Companion
19261:             1             16  com.android.tools.idea.res.ProjectLightResourceClassService$Companion
19262:             1             16  com.android.tools.idea.res.ProjectLightResourceClassService$getLightRClasses$1
19263:             1             16  com.android.tools.idea.res.ProjectSystemPsiElementFinder$Companion
19264:             1             16  com.android.tools.idea.res.ResourceFolderRepositoryFileCacheImpl
19265:             1             16  com.android.tools.idea.res.ResourceFolderRepositoryFileCacheImpl$MaintenanceActivity
19266:             1             16  com.android.tools.idea.res.ResourceFolderRepositoryFileCacheImpl$ManageLruProjectFilesTask$$Lambda$3058/0x0000000801cf7840
19267:             1             16  com.android.tools.idea.res.ResourceFolderRepositoryFileCacheImpl$ManageLruProjectFilesTask$$Lambda$3059/0x0000000801cf7c40
19268:             1             16  com.android.tools.idea.res.ResourceFolderRepositoryFileCacheImpl$PopulateCachesActivity
19269:             1             16  com.android.tools.idea.res.psi.ResourceReferencePsiElement$ResourceReferencePsiElementDescriptorProvider
19270:             1             16  com.android.tools.idea.run.AndroidConfigurationProducer
19271:             1             16  com.android.tools.idea.run.AndroidProgramRunner
19272:             1             16  com.android.tools.idea.run.AndroidRunConfigurationType$$Lambda$1416/0x0000000801083440
19273:             1             16  com.android.tools.idea.run.deployment.DeviceAndSnapshotComboBoxAction$$Lambda$1048/0x0000000800ca9040
19274:             1             16  com.android.tools.idea.run.deployment.DeviceAndSnapshotComboBoxAction$$Lambda$1049/0x0000000800ca9440
19275:             1             16  com.android.tools.idea.run.deployment.DeviceAndSnapshotComboBoxAction$$Lambda$1050/0x0000000800ca8840
19276:             1             16  com.android.tools.idea.run.deployment.DeviceAndSnapshotComboBoxTargetProvider
19277:             1             16  com.android.tools.idea.run.deployment.DeviceAndSnapshotExecutionTargetProvider
19278:             1             16  com.android.tools.idea.run.deployment.RunOnMultipleDevicesAction$$Lambda$1051/0x0000000800ca8c40
19279:             1             16  com.android.tools.idea.run.deployment.RunOnMultipleDevicesAction$$Lambda$1052/0x0000000800d40040
19280:             1             16  com.android.tools.idea.run.editor.AndroidJavaDebugger
19281:             1             16  com.android.tools.idea.run.editor.DeployTargetContext$$Lambda$4850/0x0000000802a59040
19282:             1             16  com.android.tools.idea.run.editor.DeployTargetContext$$Lambda$4851/0x0000000802a59440
19283:             1             16  com.android.tools.idea.sampledata.CsvEditorProvider
19284:             1             16  com.android.tools.idea.sdk.AndroidSdks$$Lambda$2324/0x0000000801871840
19285:             1             16  com.android.tools.idea.sdk.StudioSettingsController
19286:             1             16  com.android.tools.idea.sdk.progress.StudioLoggerProgressIndicator
19287:             1             16  com.android.tools.idea.smali.SmaliParserDefinition
19288:             1             16  com.android.tools.idea.sqlite.DatabaseInspectorFlagController
19289:             1             16  com.android.tools.idea.sqlite.fileType.SqliteFileTypeDetector
19290:             1             16  com.android.tools.idea.sqlite.sqlLanguage.AndroidSqlFakePsiElementDescriptionProvider
19291:             1             16  com.android.tools.idea.startup.ClearResourceCacheStartupActivity
19292:             1             16  com.android.tools.idea.stats.AnalyticsTestRunnerEventsListener$Companion
19293:             1             16  com.android.tools.idea.stats.CompletionStats
19294:             1             16  com.android.tools.idea.stats.CompletionStats$MyStartupActivity
19295:             1             16  com.android.tools.idea.stats.CompletionStats$MyStartupActivity$runActivity$1
19296:             1             16  com.android.tools.idea.stats.CompletionStats$recordLatency$histogram$1
19297:             1             16  com.android.tools.idea.stats.ProjectSizeUsageTracker
19298:             1             16  com.android.tools.idea.stats.ToolWindowTrackerService$Companion
19299:             1             16  com.android.tools.idea.stats.ToolWindowTrackerService$ToolWindowState$CLOSED
19300:             1             16  com.android.tools.idea.stats.ToolWindowTrackerService$ToolWindowState$OPENED
19301:             1             16  com.android.tools.idea.stats.ToolWindowTrackerService$ToolWindowState$UNKNOWN
19302:             1             16  com.android.tools.idea.testartifacts.instrumented.AndroidTestConfigurationProducer
19303:             1             16  com.android.tools.idea.testartifacts.instrumented.AndroidTestConfigurator$Companion
19304:             1             16  com.android.tools.idea.testartifacts.instrumented.AndroidTestRunConfigurationType
19305:             1             16  com.android.tools.idea.testartifacts.instrumented.AndroidTestRunConfigurationType$1
19306:             1             16  com.android.tools.idea.testartifacts.junit.AndroidJUnitConfigurationType$1
19307:             1             16  com.android.tools.idea.testartifacts.junit.TestClassAndroidConfigurationProducer
19308:             1             16  com.android.tools.idea.testartifacts.junit.TestDirectoryAndroidConfigurationProducer
19309:             1             16  com.android.tools.idea.testartifacts.junit.TestMethodAndroidConfigurationProducer
19310:             1             16  com.android.tools.idea.testartifacts.junit.TestPackageAndroidConfigurationProducer
19311:             1             16  com.android.tools.idea.testartifacts.junit.TestPatternConfigurationProducer
19312:             1             16  com.android.tools.idea.testartifacts.scopes.TestArtifactResolveScopeProvider
19313:             1             16  com.android.tools.idea.testartifacts.scopes.TestArtifactUseScopeOptimizer
19314:             1             16  com.android.tools.idea.ui.resourcemanager.model.ResourcePasteProvider
19315:             1             16  com.android.tools.idea.uibuilder.editor.DesignFilesPreviewEditorProvider
19316:             1             16  com.android.tools.idea.uibuilder.editor.NlEditorProvider
19317:             1             16  com.android.tools.idea.uibuilder.editor.NlPreviewManager$NlPreviewManagerPostStartupActivity
19318:             1             16  com.android.tools.idea.uibuilder.editor.multirepresentation.sourcecode.SourceCodeEditorProvider
19319:             1             16  com.android.tools.idea.uibuilder.surface.NlDesignSurface$Builder$$Lambda$3270/0x0000000801f8f440
19320:             1             16  com.android.tools.idea.uibuilder.surface.NlDesignSurface$Builder$$Lambda$3271/0x0000000801f8e840
19321:             1             16  com.android.tools.idea.uibuilder.surface.NlDesignSurface$Builder$$Lambda$3272/0x0000000801f8ec40
19322:             1             16  com.android.tools.idea.uibuilder.surface.SceneMode$5
19323:             1             16  com.android.tools.idea.uibuilder.surface.SceneMode$6
19324:             1             16  com.android.tools.idea.uibuilder.surface.SceneMode$Companion
19325:             1             16  com.android.tools.idea.uibuilder.type.AdaptiveIconFileType
19326:             1             16  com.android.tools.idea.uibuilder.type.AnimatedVectorFileType
19327:             1             16  com.android.tools.idea.uibuilder.type.FontFileType
19328:             1             16  com.android.tools.idea.uibuilder.type.StateListFileType
19329:             1             16  com.android.tools.idea.uibuilder.type.ZoomableDrawableFileType
19330:             1             16  com.android.tools.idea.uibuilder.visual.ConfigurationSet$1
19331:             1             16  com.android.tools.idea.uibuilder.visual.ConfigurationSet$2
19332:             1             16  com.android.tools.idea.uibuilder.visual.ConfigurationSet$3
19333:             1             16  com.android.tools.idea.uibuilder.visual.ConfigurationSet$4
19334:             1             16  com.android.tools.idea.uibuilder.visual.ConfigurationSet$5
19335:             1             16  com.android.tools.idea.uibuilder.visual.PixelDeviceModelsProvider
19336:             1             16  com.android.tools.idea.uibuilder.visual.VisualizationForm$$Lambda$3273/0x0000000801f8e040
19337:             1             16  com.android.tools.idea.uibuilder.visual.VisualizationForm$$Lambda$3274/0x0000000801f8e440
19338:             1             16  com.android.tools.idea.uibuilder.visual.VisualizationManager$VisualizationManagerPostStartupActivity
19339:             1             16  com.android.tools.idea.uibuilder.visual.VisualizationToolSettings
19340:             1             16  com.android.tools.idea.uibuilder.visual.VisualizationToolSettings$MyState
19341:             1             16  com.android.tools.idea.updater.SdkComponentSource
19342:             1             16  com.android.tools.idea.util.ListenerCollection$Companion
19343:             1             16  com.android.tools.idea.util.VirtualFileSystemOpener
19344:             1             16  com.android.tools.lint.checks.ActionsXmlDetector$Companion
19345:             1             16  com.android.tools.lint.checks.AddJavascriptInterfaceDetector$Companion
19346:             1             16  com.android.tools.lint.checks.AlarmDetector$Issues
19347:             1             16  com.android.tools.lint.checks.AllCapsDetector$Issues
19348:             1             16  com.android.tools.lint.checks.ApiDetector$Companion
19349:             1             16  com.android.tools.lint.checks.AppCompatCustomViewDetector$Companion
19350:             1             16  com.android.tools.lint.checks.AssertDetector$Issues
19351:             1             16  com.android.tools.lint.checks.BatteryDetector$Issues
19352:             1             16  com.android.tools.lint.checks.BottomAppBarDetector$Companion
19353:             1             16  com.android.tools.lint.checks.ByteOrderMarkDetector$Issues
19354:             1             16  com.android.tools.lint.checks.C2dmDetector$Companion
19355:             1             16  com.android.tools.lint.checks.CallSuperDetector$Issues
19356:             1             16  com.android.tools.lint.checks.CanvasSizeDetector$Companion
19357:             1             16  com.android.tools.lint.checks.CheckResultDetector$Companion
19358:             1             16  com.android.tools.lint.checks.ChildCountDetector$Issues
19359:             1             16  com.android.tools.lint.checks.ChromeOsSourceDetector$Companion
19360:             1             16  com.android.tools.lint.checks.CipherGetInstanceDetector$Companion
19361:             1             16  com.android.tools.lint.checks.CleanupDetector$Companion
19362:             1             16  com.android.tools.lint.checks.DataBindingDetector$Companion
19363:             1             16  com.android.tools.lint.checks.DateFormatDetector$Companion
19364:             1             16  com.android.tools.lint.checks.DeletedProviderDetector$Companion
19365:             1             16  com.android.tools.lint.checks.DetectMissingPrefix$Issues
19366:             1             16  com.android.tools.lint.checks.DiffUtilDetector$Companion
19367:             1             16  com.android.tools.lint.checks.DosLineEndingDetector$Issues
19368:             1             16  com.android.tools.lint.checks.ExtraTextDetector$Issues
19369:             1             16  com.android.tools.lint.checks.FragmentDetector$Companion
19370:             1             16  com.android.tools.lint.checks.GradleDetector$Companion
19371:             1             16  com.android.tools.lint.checks.HardcodedValuesDetector$Companion
19372:             1             16  com.android.tools.lint.checks.IgnoreWithoutReasonDetector$Companion
19373:             1             16  com.android.tools.lint.checks.IntentDetector$Companion
19374:             1             16  com.android.tools.lint.checks.InteroperabilityDetector$Issues
19375:             1             16  com.android.tools.lint.checks.IteratorDetector$Issues
19376:             1             16  com.android.tools.lint.checks.JavaScriptInterfaceDetector$Companion
19377:             1             16  com.android.tools.lint.checks.LayoutInflationDetector$Companion
19378:             1             16  com.android.tools.lint.checks.LeakDetector$Companion
19379:             1             16  com.android.tools.lint.checks.LocaleDetector$Companion
19380:             1             16  com.android.tools.lint.checks.LogDetector$Issues
19381:             1             16  com.android.tools.lint.checks.MediaBrowserServiceCompatVersionDetector$Issues
19382:             1             16  com.android.tools.lint.checks.MissingClassDetector$Companion
19383:             1             16  com.android.tools.lint.checks.MotionLayoutDetector$Companion
19384:             1             16  com.android.tools.lint.checks.MotionSceneDetector$Companion
19385:             1             16  com.android.tools.lint.checks.NamespaceDetector$Companion
19386:             1             16  com.android.tools.lint.checks.PermissionDetector$Companion
19387:             1             16  com.android.tools.lint.checks.PreferenceActivityDetector$Companion
19388:             1             16  com.android.tools.lint.checks.PrivateApiDetector$Issues
19389:             1             16  com.android.tools.lint.checks.PropertyFileDetector$Companion
19390:             1             16  com.android.tools.lint.checks.RangeDetector$Companion
19391:             1             16  com.android.tools.lint.checks.RecyclerViewDetector$Companion
19392:             1             16  com.android.tools.lint.checks.RequiresFeatureDetector$Companion
19393:             1             16  com.android.tools.lint.checks.ResourceCycleDetector$Companion
19394:             1             16  com.android.tools.lint.checks.ResourceTypeDetector$Companion
19395:             1             16  com.android.tools.lint.checks.RestrictToDetector$Companion
19396:             1             16  com.android.tools.lint.checks.RestrictionsDetector$Companion
19397:             1             16  com.android.tools.lint.checks.SamDetector$Issues
19398:             1             16  com.android.tools.lint.checks.SdCardDetector$Issues
19399:             1             16  com.android.tools.lint.checks.SecureRandomDetector$Companion
19400:             1             16  com.android.tools.lint.checks.SliceDetector$Companion
19401:             1             16  com.android.tools.lint.checks.StartDestinationDetector$Issues
19402:             1             16  com.android.tools.lint.checks.StorageDetector$Companion
19403:             1             16  com.android.tools.lint.checks.StringCasingDetector$Companion
19404:             1             16  com.android.tools.lint.checks.SyntheticAccessorDetector$Companion
19405:             1             16  com.android.tools.lint.checks.ThreadDetector$Companion
19406:             1             16  com.android.tools.lint.checks.TranslationDetector$Companion
19407:             1             16  com.android.tools.lint.checks.TranslucentViewDetector$Issues
19408:             1             16  com.android.tools.lint.checks.TypedefDetector$Companion
19409:             1             16  com.android.tools.lint.checks.UnusedNavigationDetector$Companion
19410:             1             16  com.android.tools.lint.checks.UseCompoundDrawableDetector$Companion
19411:             1             16  com.android.tools.lint.checks.ViewTypeDetector$Companion
19412:             1             16  com.android.tools.lint.checks.WebViewApiAvailabilityDetector$Companion
19413:             1             16  com.android.tools.lint.checks.WorkManagerDetector$Companion
19414:             1             16  com.android.tools.lint.checks.WrongLocationDetector$Issues
19415:             1             16  com.android.tools.lint.checks.WrongThreadInterproceduralDetector$Companion
19416:             1             16  com.android.tools.lint.client.api.LintClient$Companion
19417:             1             16  com.android.tools.lint.detector.api.Category$Companion
19418:             1             16  com.android.tools.lint.detector.api.Issue$Companion
19419:             1             16  com.android.tools.lint.detector.api.Platform$Companion
19420:             1             16  com.android.tools.lint.detector.api.Scope$Companion
19421:             1             16  com.android.tools.lint.detector.api.Severity$Companion
19422:             1             16  com.android.utils.DateProvider$1
19423:             1             16  com.apple.eawt.Application$$Lambda$1264/0x0000000800f2f440 (java.desktop@11.0.9.1)
19424:             1             16  com.apple.eawt._AppDockIconHandler (java.desktop@11.0.9.1)
19425:             1             16  com.apple.eawt._AppEventHandler$_NativeEvent (java.desktop@11.0.9.1)
19426:             1             16  com.apple.laf.AquaButtonBorder$1 (java.desktop@11.0.9.1)
19427:             1             16  com.apple.laf.AquaButtonCheckBoxUI$1 (java.desktop@11.0.9.1)
19428:             1             16  com.apple.laf.AquaFileChooserUI$1 (java.desktop@11.0.9.1)
19429:             1             16  com.apple.laf.AquaFileChooserUI$2 (java.desktop@11.0.9.1)
19430:             1             16  com.apple.laf.AquaFileChooserUI$AcceptAllFileFilter (java.desktop@11.0.9.1)
19431:             1             16  com.apple.laf.AquaFileChooserUI$DnDHandler (java.desktop@11.0.9.1)
19432:             1             16  com.apple.laf.AquaFileChooserUI$FileListMouseListener (java.desktop@11.0.9.1)
19433:             1             16  com.apple.laf.AquaFileChooserUI$SaveTextDocumentListener (java.desktop@11.0.9.1)
19434:             1             16  com.apple.laf.AquaFileChooserUI$SelectionListener (java.desktop@11.0.9.1)
19435:             1             16  com.apple.laf.AquaFileView$2 (java.desktop@11.0.9.1)
19436:             1             16  com.apple.laf.AquaFocusHandler$1 (java.desktop@11.0.9.1)
19437:             1             16  com.apple.laf.AquaFonts$1 (java.desktop@11.0.9.1)
19438:             1             16  com.apple.laf.AquaFonts$2 (java.desktop@11.0.9.1)
19439:             1             16  com.apple.laf.AquaFonts$3 (java.desktop@11.0.9.1)
19440:             1             16  com.apple.laf.AquaFonts$4 (java.desktop@11.0.9.1)
19441:             1             16  com.apple.laf.AquaFonts$5 (java.desktop@11.0.9.1)
19442:             1             16  com.apple.laf.AquaFonts$6 (java.desktop@11.0.9.1)
19443:             1             16  com.apple.laf.AquaFonts$7 (java.desktop@11.0.9.1)
19444:             1             16  com.apple.laf.AquaHighlighter$1 (java.desktop@11.0.9.1)
19445:             1             16  com.apple.laf.AquaLookAndFeel$$Lambda$186/0x000000080028e440 (java.desktop@11.0.9.1)
19446:             1             16  com.apple.laf.AquaLookAndFeel$$Lambda$187/0x000000080028e840 (java.desktop@11.0.9.1)
19447:             1             16  com.apple.laf.AquaLookAndFeel$$Lambda$188/0x000000080028ec40 (java.desktop@11.0.9.1)
19448:             1             16  com.apple.laf.AquaLookAndFeel$$Lambda$189/0x000000080028f040 (java.desktop@11.0.9.1)
19449:             1             16  com.apple.laf.AquaLookAndFeel$$Lambda$190/0x000000080028f440 (java.desktop@11.0.9.1)
19450:             1             16  com.apple.laf.AquaLookAndFeel$$Lambda$191/0x000000080028f840 (java.desktop@11.0.9.1)
19451:             1             16  com.apple.laf.AquaLookAndFeel$$Lambda$192/0x000000080028fc40 (java.desktop@11.0.9.1)
19452:             1             16  com.apple.laf.AquaLookAndFeel$$Lambda$193/0x0000000800298040 (java.desktop@11.0.9.1)
19453:             1             16  com.apple.laf.AquaLookAndFeel$$Lambda$194/0x0000000800298440 (java.desktop@11.0.9.1)
19454:             1             16  com.apple.laf.AquaLookAndFeel$$Lambda$195/0x0000000800298840 (java.desktop@11.0.9.1)
19455:             1             16  com.apple.laf.AquaLookAndFeel$$Lambda$196/0x0000000800298c40 (java.desktop@11.0.9.1)
19456:             1             16  com.apple.laf.AquaLookAndFeel$$Lambda$197/0x0000000800299040 (java.desktop@11.0.9.1)
19457:             1             16  com.apple.laf.AquaLookAndFeel$$Lambda$198/0x0000000800299440 (java.desktop@11.0.9.1)
19458:             1             16  com.apple.laf.AquaLookAndFeel$$Lambda$199/0x0000000800299840 (java.desktop@11.0.9.1)
19459:             1             16  com.apple.laf.AquaLookAndFeel$$Lambda$200/0x0000000800299c40 (java.desktop@11.0.9.1)
19460:             1             16  com.apple.laf.AquaLookAndFeel$$Lambda$201/0x000000080029a040 (java.desktop@11.0.9.1)
19461:             1             16  com.apple.laf.AquaLookAndFeel$$Lambda$202/0x000000080029a440 (java.desktop@11.0.9.1)
19462:             1             16  com.apple.laf.AquaLookAndFeel$$Lambda$203/0x000000080029a840 (java.desktop@11.0.9.1)
19463:             1             16  com.apple.laf.AquaLookAndFeel$$Lambda$204/0x000000080029ac40 (java.desktop@11.0.9.1)
19464:             1             16  com.apple.laf.AquaLookAndFeel$$Lambda$205/0x000000080029b040 (java.desktop@11.0.9.1)
19465:             1             16  com.apple.laf.AquaLookAndFeel$$Lambda$206/0x000000080029b440 (java.desktop@11.0.9.1)
19466:             1             16  com.apple.laf.AquaLookAndFeel$$Lambda$207/0x000000080029b840 (java.desktop@11.0.9.1)
19467:             1             16  com.apple.laf.AquaLookAndFeel$$Lambda$208/0x000000080029bc40 (java.desktop@11.0.9.1)
19468:             1             16  com.apple.laf.AquaLookAndFeel$$Lambda$209/0x000000080029c040 (java.desktop@11.0.9.1)
19469:             1             16  com.apple.laf.AquaLookAndFeel$$Lambda$210/0x000000080029c440 (java.desktop@11.0.9.1)
19470:             1             16  com.apple.laf.AquaLookAndFeel$$Lambda$211/0x000000080029c840 (java.desktop@11.0.9.1)
19471:             1             16  com.apple.laf.AquaLookAndFeel$$Lambda$212/0x000000080029cc40 (java.desktop@11.0.9.1)
19472:             1             16  com.apple.laf.AquaLookAndFeel$$Lambda$213/0x000000080029d040 (java.desktop@11.0.9.1)
19473:             1             16  com.apple.laf.AquaLookAndFeel$$Lambda$214/0x000000080029d440 (java.desktop@11.0.9.1)
19474:             1             16  com.apple.laf.AquaLookAndFeel$$Lambda$215/0x000000080029d840 (java.desktop@11.0.9.1)
19475:             1             16  com.apple.laf.AquaLookAndFeel$$Lambda$216/0x000000080029dc40 (java.desktop@11.0.9.1)
19476:             1             16  com.apple.laf.AquaLookAndFeel$$Lambda$217/0x000000080029e040 (java.desktop@11.0.9.1)
19477:             1             16  com.apple.laf.AquaLookAndFeel$$Lambda$218/0x000000080029e440 (java.desktop@11.0.9.1)
19478:             1             16  com.apple.laf.AquaLookAndFeel$$Lambda$219/0x000000080029e840 (java.desktop@11.0.9.1)
19479:             1             16  com.apple.laf.AquaLookAndFeel$$Lambda$220/0x000000080029ec40 (java.desktop@11.0.9.1)
19480:             1             16  com.apple.laf.AquaLookAndFeel$$Lambda$221/0x000000080029f040 (java.desktop@11.0.9.1)
19481:             1             16  com.apple.laf.AquaLookAndFeel$$Lambda$222/0x000000080029f440 (java.desktop@11.0.9.1)
19482:             1             16  com.apple.laf.AquaLookAndFeel$$Lambda$223/0x000000080029f840 (java.desktop@11.0.9.1)
19483:             1             16  com.apple.laf.AquaLookAndFeel$$Lambda$224/0x000000080029fc40 (java.desktop@11.0.9.1)
19484:             1             16  com.apple.laf.AquaLookAndFeel$$Lambda$225/0x00000008002a0040 (java.desktop@11.0.9.1)
19485:             1             16  com.apple.laf.AquaLookAndFeel$$Lambda$226/0x00000008002a0440 (java.desktop@11.0.9.1)
19486:             1             16  com.apple.laf.AquaLookAndFeel$$Lambda$227/0x00000008002a0840 (java.desktop@11.0.9.1)
19487:             1             16  com.apple.laf.AquaLookAndFeel$$Lambda$228/0x00000008002a0c40 (java.desktop@11.0.9.1)
19488:             1             16  com.apple.laf.AquaLookAndFeel$$Lambda$229/0x00000008002a1040 (java.desktop@11.0.9.1)
19489:             1             16  com.apple.laf.AquaLookAndFeel$3 (java.desktop@11.0.9.1)
19490:             1             16  com.apple.laf.AquaMenuBarUI$$Lambda$665/0x00000008007c5040 (java.desktop@11.0.9.1)
19491:             1             16  com.apple.laf.AquaMenuBorder (java.desktop@11.0.9.1)
19492:             1             16  com.apple.laf.AquaMenuItemUI$IndeterminateListener (java.desktop@11.0.9.1)
19493:             1             16  com.apple.laf.AquaMnemonicHandler$AltProcessor (java.desktop@11.0.9.1)
19494:             1             16  com.apple.laf.AquaNativeResources$2 (java.desktop@11.0.9.1)
19495:             1             16  com.apple.laf.AquaPanelUI (java.desktop@11.0.9.1)
19496:             1             16  com.apple.laf.AquaTableHeaderBorder$1 (java.desktop@11.0.9.1)
19497:             1             16  com.apple.laf.AquaUtilControlSize$PropertySizeListener (java.desktop@11.0.9.1)
19498:             1             16  com.apple.laf.AquaUtils$3 (java.desktop@11.0.9.1)
19499:             1             16  com.apple.laf.AquaUtils$4 (java.desktop@11.0.9.1)
19500:             1             16  com.fasterxml.jackson.core.io.JsonStringEncoder
19501:             1             16  com.fasterxml.jackson.core.util.DefaultPrettyPrinter$FixedSpaceIndenter
19502:             1             16  com.fasterxml.jackson.core.util.DefaultPrettyPrinter$NopIndenter
19503:             1             16  com.fasterxml.jackson.databind.ObjectMapper$1
19504:             1             16  com.fasterxml.jackson.databind.deser.impl.JDKValueInstantiators$ArrayListInstantiator
19505:             1             16  com.fasterxml.jackson.databind.deser.std.StdKeyDeserializers
19506:             1             16  com.fasterxml.jackson.databind.ext.Java7HandlersImpl
19507:             1             16  com.fasterxml.jackson.databind.ext.Java7SupportImpl
19508:             1             16  com.fasterxml.jackson.databind.ext.OptionalHandlerFactory
19509:             1             16  com.fasterxml.jackson.databind.introspect.AnnotationCollector$EmptyCollector
19510:             1             16  com.fasterxml.jackson.databind.introspect.AnnotationCollector$NoAnnotations
19511:             1             16  com.fasterxml.jackson.databind.introspect.NopAnnotationIntrospector$1
19512:             1             16  com.fasterxml.jackson.databind.jsontype.impl.LaissezFaireSubTypeValidator
19513:             1             16  com.fasterxml.jackson.databind.jsontype.impl.SubTypeValidator
19514:             1             16  com.fasterxml.jackson.databind.ser.impl.UnknownSerializer
19515:             1             16  com.fasterxml.jackson.databind.ser.std.NullSerializer
19516:             1             16  com.fasterxml.jackson.databind.ser.std.StringSerializer
19517:             1             16  com.fasterxml.jackson.databind.ser.std.UUIDSerializer
19518:             1             16  com.fasterxml.jackson.databind.type.TypeParser
19519:             1             16  com.fasterxml.jackson.module.kotlin.KotlinDeserializers
19520:             1             16  com.fasterxml.jackson.module.kotlin.KotlinModule$Companion
19521:             1             16  com.fasterxml.jackson.module.kotlin.KotlinSerializers
19522:             1             16  com.fasterxml.jackson.module.kotlin.ReflectionCache$BooleanTriState$Companion
19523:             1             16  com.fasterxml.jackson.module.kotlin.ReflectionCache$BooleanTriState$Empty
19524:             1             16  com.fasterxml.jackson.module.kotlin.ReflectionCache$BooleanTriState$False
19525:             1             16  com.fasterxml.jackson.module.kotlin.ReflectionCache$BooleanTriState$True
19526:             1             16  com.github.beansoftapp.visualgc.idea.VisualGCToolWindowFactory
19527:             1             16  com.github.benmanes.caffeine.cache.BoundedLocalCache$$Lambda$282/0x000000080031d440
19528:             1             16  com.github.benmanes.caffeine.cache.BoundedLocalCache$$Lambda$546/0x000000080061c040
19529:             1             16  com.github.benmanes.caffeine.cache.Caffeine$$Lambda$271/0x000000080031f840
19530:             1             16  com.google.common.base.CharMatcher$AnyOf
19531:             1             16  com.google.common.base.CharMatcher$Is
19532:             1             16  com.google.common.base.CharMatcher$None
19533:             1             16  com.google.common.base.Equivalence$Equals
19534:             1             16  com.google.common.base.Equivalence$Identity
19535:             1             16  com.google.common.base.Platform$JdkPatternCompiler
19536:             1             16  com.google.common.base.Splitter$1
19537:             1             16  com.google.common.base.Suppliers$SupplierOfInstance
19538:             1             16  com.google.common.base.Ticker$1
19539:             1             16  com.google.common.cache.CacheBuilder$1
19540:             1             16  com.google.common.cache.CacheBuilder$2
19541:             1             16  com.google.common.cache.CacheBuilder$3
19542:             1             16  com.google.common.cache.LocalCache$1
19543:             1             16  com.google.common.cache.LocalCache$2
19544:             1             16  com.google.common.cache.LocalCache$LocalLoadingCache
19545:             1             16  com.google.common.collect.CollectCollectors$$Lambda$4852/0x0000000802a80040
19546:             1             16  com.google.common.collect.CollectCollectors$$Lambda$4853/0x0000000802a80440
19547:             1             16  com.google.common.collect.CollectCollectors$$Lambda$4854/0x0000000802a80840
19548:             1             16  com.google.common.collect.CollectCollectors$$Lambda$4855/0x0000000802a80c40
19549:             1             16  com.google.common.collect.CollectCollectors$$Lambda$4856/0x0000000802a81040
19550:             1             16  com.google.common.collect.CollectCollectors$$Lambda$4857/0x0000000802a81440
19551:             1             16  com.google.common.collect.CollectCollectors$$Lambda$4858/0x0000000802a81840
19552:             1             16  com.google.common.collect.CollectCollectors$$Lambda$4859/0x0000000802a81c40
19553:             1             16  com.google.common.collect.CollectCollectors$$Lambda$4860/0x0000000802a82040
19554:             1             16  com.google.common.collect.CollectCollectors$$Lambda$4861/0x0000000802a82440
19555:             1             16  com.google.common.collect.CollectCollectors$$Lambda$4862/0x0000000802a82840
19556:             1             16  com.google.common.collect.CollectCollectors$$Lambda$4863/0x0000000802a82c40
19557:             1             16  com.google.common.collect.CollectCollectors$$Lambda$4864/0x0000000802a83040
19558:             1             16  com.google.common.collect.CollectCollectors$$Lambda$4866/0x0000000802a83840
19559:             1             16  com.google.common.collect.CollectCollectors$$Lambda$4867/0x0000000802a83c40
19560:             1             16  com.google.common.collect.ComparisonChain$1
19561:             1             16  com.google.common.collect.Sets$Accumulator$$Lambda$991/0x0000000800bf7c40
19562:             1             16  com.google.common.collect.Sets$Accumulator$$Lambda$992/0x0000000800bf7040
19563:             1             16  com.google.common.collect.Sets$Accumulator$$Lambda$993/0x0000000800bf7440
19564:             1             16  com.google.common.collect.Sets$Accumulator$$Lambda$994/0x0000000800bf6840
19565:             1             16  com.google.common.hash.HashCode$BytesHashCode
19566:             1             16  com.google.common.util.concurrent.AbstractFuture$UnsafeAtomicHelper
19567:             1             16  com.google.gson.internal.LinkedTreeMap$1
19568:             1             16  com.google.gson.internal.bind.ArrayTypeAdapter$1
19569:             1             16  com.google.gson.internal.bind.DateTypeAdapter$1
19570:             1             16  com.google.gson.internal.bind.ObjectTypeAdapter
19571:             1             16  com.google.gson.internal.bind.ObjectTypeAdapter$1
19572:             1             16  com.google.gson.internal.bind.SqlDateTypeAdapter$1
19573:             1             16  com.google.gson.internal.bind.TimeTypeAdapter$1
19574:             1             16  com.google.gson.internal.bind.TypeAdapters$1
19575:             1             16  com.google.gson.internal.bind.TypeAdapters$10
19576:             1             16  com.google.gson.internal.bind.TypeAdapters$11
19577:             1             16  com.google.gson.internal.bind.TypeAdapters$12
19578:             1             16  com.google.gson.internal.bind.TypeAdapters$13
19579:             1             16  com.google.gson.internal.bind.TypeAdapters$14
19580:             1             16  com.google.gson.internal.bind.TypeAdapters$15
19581:             1             16  com.google.gson.internal.bind.TypeAdapters$16
19582:             1             16  com.google.gson.internal.bind.TypeAdapters$17
19583:             1             16  com.google.gson.internal.bind.TypeAdapters$18
19584:             1             16  com.google.gson.internal.bind.TypeAdapters$19
19585:             1             16  com.google.gson.internal.bind.TypeAdapters$2
19586:             1             16  com.google.gson.internal.bind.TypeAdapters$20
19587:             1             16  com.google.gson.internal.bind.TypeAdapters$21
19588:             1             16  com.google.gson.internal.bind.TypeAdapters$22
19589:             1             16  com.google.gson.internal.bind.TypeAdapters$23
19590:             1             16  com.google.gson.internal.bind.TypeAdapters$24
19591:             1             16  com.google.gson.internal.bind.TypeAdapters$25
19592:             1             16  com.google.gson.internal.bind.TypeAdapters$26
19593:             1             16  com.google.gson.internal.bind.TypeAdapters$27
19594:             1             16  com.google.gson.internal.bind.TypeAdapters$28
19595:             1             16  com.google.gson.internal.bind.TypeAdapters$29
19596:             1             16  com.google.gson.internal.bind.TypeAdapters$3
19597:             1             16  com.google.gson.internal.bind.TypeAdapters$30
19598:             1             16  com.google.gson.internal.bind.TypeAdapters$4
19599:             1             16  com.google.gson.internal.bind.TypeAdapters$5
19600:             1             16  com.google.gson.internal.bind.TypeAdapters$6
19601:             1             16  com.google.gson.internal.bind.TypeAdapters$7
19602:             1             16  com.google.gson.internal.bind.TypeAdapters$8
19603:             1             16  com.google.gson.internal.bind.TypeAdapters$9
19604:             1             16  com.google.gson.stream.JsonReader$1
19605:             1             16  com.google.protobuf.ByteString$2
19606:             1             16  com.google.protobuf.ByteString$ArraysByteArrayCopier
19607:             1             16  com.google.protobuf.DescriptorMessageInfoFactory
19608:             1             16  com.google.protobuf.ExtensionRegistryLite
19609:             1             16  com.google.protobuf.ExtensionSchemaFull
19610:             1             16  com.google.protobuf.ExtensionSchemaLite
19611:             1             16  com.google.protobuf.GeneratedMessageInfoFactory
19612:             1             16  com.google.protobuf.GeneratedMessageLite$DefaultInstanceBasedParser
19613:             1             16  com.google.protobuf.ListFieldSchema$ListFieldSchemaFull
19614:             1             16  com.google.protobuf.ListFieldSchema$ListFieldSchemaLite
19615:             1             16  com.google.protobuf.ManifestSchemaFactory
19616:             1             16  com.google.protobuf.ManifestSchemaFactory$1
19617:             1             16  com.google.protobuf.ManifestSchemaFactory$CompositeMessageInfoFactory
19618:             1             16  com.google.protobuf.MapFieldSchemaFull
19619:             1             16  com.google.protobuf.MapFieldSchemaLite
19620:             1             16  com.google.protobuf.NewInstanceSchemaFull
19621:             1             16  com.google.protobuf.NewInstanceSchemaLite
19622:             1             16  com.google.protobuf.UnknownFieldSet$Parser
19623:             1             16  com.google.protobuf.UnknownFieldSetLiteSchema
19624:             1             16  com.google.protobuf.UnsafeUtil$JvmMemoryAccessor
19625:             1             16  com.google.protobuf.Utf8$UnsafeProcessor
19626:             1             16  com.google.wireless.android.play.playlog.proto.ClientAnalytics$LogEvent$1
19627:             1             16  com.google.wireless.android.sdk.stats.AndroidStudioEvent$1
19628:             1             16  com.google.wireless.android.sdk.stats.AndroidStudioEvent$2
19629:             1             16  com.google.wireless.android.sdk.stats.AndroidStudioEvent$EventKind$1
19630:             1             16  com.google.wireless.android.sdk.stats.AndroidStudioEvent$IdeBrand$1
19631:             1             16  com.google.wireless.android.sdk.stats.EditorFileType$1
19632:             1             16  com.google.wireless.android.sdk.stats.GradleSyncStats$Trigger$1
19633:             1             16  com.google.wireless.android.sdk.stats.LayoutEditorState$Surfaces$1
19634:             1             16  com.google.wireless.android.sdk.stats.LayoutEditorState$Type$1
19635:             1             16  com.google.wireless.android.sdk.stats.StudioToolWindowActionStats$1
19636:             1             16  com.google.wireless.android.sdk.stats.StudioToolWindowActionStats$EventType$1
19637:             1             16  com.ibm.icu.impl.CacheValue$NullValue
19638:             1             16  com.ibm.icu.impl.ICUCurrencyDisplayInfoProvider
19639:             1             16  com.ibm.icu.impl.ICUResourceBundle$1
19640:             1             16  com.ibm.icu.impl.ICUResourceBundle$3
19641:             1             16  com.ibm.icu.impl.ICUResourceBundleReader$IsAcceptable
19642:             1             16  com.ibm.icu.impl.ICUResourceBundleReader$ReaderCache
19643:             1             16  com.ibm.icu.impl.Trie2$1
19644:             1             16  com.ibm.icu.impl.UPropertyAliases$IsAcceptable
19645:             1             16  com.ibm.icu.number.Precision$InfiniteRounderImpl
19646:             1             16  com.ibm.icu.text.DecimalFormatSymbols$1
19647:             1             16  com.ibm.icu.text.ListFormatter$Cache
19648:             1             16  com.ibm.icu.text.NumberFormatServiceShim
19649:             1             16  com.ibm.icu.text.NumberingSystem$1
19650:             1             16  com.ibm.icu.text.NumberingSystem$2
19651:             1             16  com.ibm.icu.text.PluralRules$1
19652:             1             16  com.ibm.icu.util.Currency$1
19653:             1             16  com.ibm.icu.util.MeasureUnit$1
19654:             1             16  com.ibm.icu.util.MeasureUnit$2
19655:             1             16  com.ibm.icu.util.MeasureUnit$3
19656:             1             16  com.ibm.icu.util.MeasureUnit$4
19657:             1             16  com.ibm.icu.util.ULocale$1
19658:             1             16  com.ibm.icu.util.ULocale$2
19659:             1             16  com.intellij.AbstractBundle$$Lambda$390/0x00000008004cc040
19660:             1             16  com.intellij.DynamicBundle$$Lambda$1147/0x0000000800df3840
19661:             1             16  com.intellij.accessibility.AccessibilityUsageTrackerCollector$$Lambda$3204/0x0000000801e95c40
19662:             1             16  com.intellij.accessibility.AccessibilityUsageTrackerCollector$CollectStatisticsTask
19663:             1             16  com.intellij.analysis.AnalysisScopeRule
19664:             1             16  com.intellij.analysis.problemsView.ProblemsCollector$Companion
19665:             1             16  com.intellij.analysis.problemsView.ProblemsListener$Companion
19666:             1             16  com.intellij.analysis.problemsView.toolWindow.AutoscrollToSource$1
19667:             1             16  com.intellij.analysis.problemsView.toolWindow.HighlightingErrorsProvider$Companion
19668:             1             16  com.intellij.analysis.problemsView.toolWindow.ProblemsView
19669:             1             16  com.intellij.analysis.problemsView.toolWindow.ProjectErrorsCollector$process$1$set$1
19670:             1             16  com.intellij.analysis.problemsView.toolWindow.ShowPreview$1
19671:             1             16  com.intellij.analysis.problemsView.toolWindow.SortByName$1
19672:             1             16  com.intellij.analysis.problemsView.toolWindow.SortBySeverity$1
19673:             1             16  com.intellij.analysis.problemsView.toolWindow.SortFoldersFirst$1
19674:             1             16  com.intellij.application.options.GeneralCodeStyleSettingsProvider
19675:             1             16  com.intellij.application.options.GenerationSettingsProvider
19676:             1             16  com.intellij.application.options.HtmlLanguageCodeStyleSettingsProvider
19677:             1             16  com.intellij.application.options.PathMacroExpandableProtocolBean
19678:             1             16  com.intellij.application.options.PathMacrosImpl$Companion
19679:             1             16  com.intellij.application.options.RegistryManagerImpl
19680:             1             16  com.intellij.application.options.ReplacePathToMacroMap$$Lambda$1420/0x0000000801085040
19681:             1             16  com.intellij.application.options.XmlLanguageCodeStyleSettingsProvider
19682:             1             16  com.intellij.application.options.codeStyle.OtherFileTypesCodeStyleOptionsProvider
19683:             1             16  com.intellij.application.options.codeStyle.cache.CodeStyleCachingServiceImpl$$Lambda$1596/0x00000008011fc840
19684:             1             16  com.intellij.application.options.codeStyle.cache.CodeStyleCachingServiceImpl$$Lambda$6159/0x000000080036f040
19685:             1             16  com.intellij.application.options.codeStyle.cache.CodeStyleCachingServiceImpl$$Lambda$6160/0x000000080036f440
19686:             1             16  com.intellij.application.options.editor.BaseCodeFoldingOptionsProvider$$Lambda$774/0x00000008008f3040
19687:             1             16  com.intellij.application.options.editor.BaseCodeFoldingOptionsProvider$$Lambda$775/0x00000008008f3440
19688:             1             16  com.intellij.application.options.editor.BaseCodeFoldingOptionsProvider$$Lambda$776/0x00000008008f2840
19689:             1             16  com.intellij.application.options.editor.BaseCodeFoldingOptionsProvider$$Lambda$777/0x00000008008f2c40
19690:             1             16  com.intellij.application.options.editor.BaseCodeFoldingOptionsProvider$$Lambda$779/0x00000008008f2440
19691:             1             16  com.intellij.application.options.editor.BaseCodeFoldingOptionsProvider$$Lambda$780/0x00000008008f1840
19692:             1             16  com.intellij.application.options.editor.BaseCodeFoldingOptionsProvider$$Lambda$781/0x00000008008f1c40
19693:             1             16  com.intellij.application.options.editor.BaseCodeFoldingOptionsProvider$$Lambda$782/0x00000008008f1040
19694:             1             16  com.intellij.application.options.editor.BaseCodeFoldingOptionsProvider$$Lambda$783/0x00000008008f1440
19695:             1             16  com.intellij.application.options.editor.BaseCodeFoldingOptionsProvider$$Lambda$784/0x00000008008f0840
19696:             1             16  com.intellij.application.options.editor.CheckboxDescriptor$asUiOptionDescriptor$1
19697:             1             16  com.intellij.application.options.editor.CodeFoldingOptionsTopHitProvider
19698:             1             16  com.intellij.application.options.editor.EditorOptionsTopHitProvider
19699:             1             16  com.intellij.application.options.editor.EditorSmartKeysConfigurable$Companion
19700:             1             16  com.intellij.application.options.editor.EditorSmartKeysConfigurable$allConfigurables$2
19701:             1             16  com.intellij.application.options.editor.EditorSmartKeysOptionsTopHitProvider
19702:             1             16  com.intellij.application.options.editor.EditorSmartKeysOptionsTopHitProvider$getOptions$2$1
19703:             1             16  com.intellij.application.options.editor.EditorTabsOptionsModelKt$showFileExtension$1
19704:             1             16  com.intellij.application.options.editor.EditorTabsOptionsModelKt$showFileExtension$2
19705:             1             16  com.intellij.application.options.editor.EditorTabsOptionsTopHitProvider
19706:             1             16  com.intellij.application.options.editor.JavaCodeFoldingOptionsProvider$$Lambda$795/0x000000080093a840
19707:             1             16  com.intellij.application.options.editor.JavaCodeFoldingOptionsProvider$$Lambda$796/0x000000080093ac40
19708:             1             16  com.intellij.application.options.editor.JavaCodeFoldingOptionsProvider$$Lambda$797/0x000000080093b040
19709:             1             16  com.intellij.application.options.editor.JavaCodeFoldingOptionsProvider$$Lambda$798/0x000000080093b440
19710:             1             16  com.intellij.application.options.editor.JavaCodeFoldingOptionsProvider$$Lambda$799/0x000000080093b840
19711:             1             16  com.intellij.application.options.editor.JavaCodeFoldingOptionsProvider$$Lambda$800/0x000000080093bc40
19712:             1             16  com.intellij.application.options.editor.JavaCodeFoldingOptionsProvider$$Lambda$801/0x000000080093c040
19713:             1             16  com.intellij.application.options.editor.JavaCodeFoldingOptionsProvider$$Lambda$802/0x000000080093c440
19714:             1             16  com.intellij.application.options.editor.JavaCodeFoldingOptionsProvider$$Lambda$803/0x000000080093c840
19715:             1             16  com.intellij.application.options.editor.JavaCodeFoldingOptionsProvider$$Lambda$804/0x000000080093cc40
19716:             1             16  com.intellij.application.options.editor.JavaCodeFoldingOptionsProvider$$Lambda$805/0x000000080093d040
19717:             1             16  com.intellij.application.options.editor.JavaCodeFoldingOptionsProvider$$Lambda$806/0x000000080093d440
19718:             1             16  com.intellij.application.options.editor.JavaCodeFoldingOptionsProvider$$Lambda$807/0x000000080093d840
19719:             1             16  com.intellij.application.options.editor.JavaCodeFoldingOptionsProvider$$Lambda$808/0x000000080093dc40
19720:             1             16  com.intellij.application.options.editor.JavaCodeFoldingOptionsProvider$$Lambda$809/0x000000080093e040
19721:             1             16  com.intellij.application.options.editor.JavaCodeFoldingOptionsProvider$$Lambda$810/0x000000080093e440
19722:             1             16  com.intellij.application.options.editor.JavaCodeFoldingOptionsProvider$$Lambda$811/0x000000080093e840
19723:             1             16  com.intellij.application.options.editor.JavaCodeFoldingOptionsProvider$$Lambda$812/0x000000080093ec40
19724:             1             16  com.intellij.application.options.editor.JavaCodeFoldingOptionsProvider$$Lambda$813/0x000000080093f040
19725:             1             16  com.intellij.application.options.editor.JavaCodeFoldingOptionsProvider$$Lambda$814/0x000000080093f440
19726:             1             16  com.intellij.application.options.editor.JavaCodeFoldingOptionsProvider$$Lambda$815/0x000000080093f840
19727:             1             16  com.intellij.application.options.editor.JavaCodeFoldingOptionsProvider$$Lambda$816/0x000000080093fc40
19728:             1             16  com.intellij.application.options.editor.JavaCodeFoldingOptionsProvider$$Lambda$817/0x0000000800940040
19729:             1             16  com.intellij.application.options.editor.JavaCodeFoldingOptionsProvider$$Lambda$818/0x0000000800940440
19730:             1             16  com.intellij.application.options.editor.WebSmartKeysConfigurable$Companion
19731:             1             16  com.intellij.application.options.editor.XmlCodeFoldingOptionsProvider$$Lambda$787/0x0000000800938440
19732:             1             16  com.intellij.application.options.editor.XmlCodeFoldingOptionsProvider$$Lambda$788/0x0000000800938840
19733:             1             16  com.intellij.application.options.editor.XmlCodeFoldingOptionsProvider$$Lambda$789/0x0000000800938c40
19734:             1             16  com.intellij.application.options.editor.XmlCodeFoldingOptionsProvider$$Lambda$790/0x0000000800939040
19735:             1             16  com.intellij.application.options.editor.XmlCodeFoldingOptionsProvider$$Lambda$791/0x0000000800939440
19736:             1             16  com.intellij.application.options.editor.XmlCodeFoldingOptionsProvider$$Lambda$792/0x0000000800939840
19737:             1             16  com.intellij.application.options.editor.XmlCodeFoldingOptionsProvider$$Lambda$793/0x0000000800939c40
19738:             1             16  com.intellij.application.options.editor.XmlCodeFoldingOptionsProvider$$Lambda$794/0x000000080093a040
19739:             1             16  com.intellij.application.options.editor.XmlFoldingSettings
19740:             1             16  com.intellij.build.BuildContentManagerImpl$$Lambda$2574/0x0000000801a43840
19741:             1             16  com.intellij.build.BuildTreeConsoleView$$Lambda$5851/0x00000008028efc40
19742:             1             16  com.intellij.build.BuildTreeConsoleView$$Lambda$5853/0x000000080289ec40
19743:             1             16  com.intellij.build.BuildTreeConsoleView$ConsoleViewHandler$$Lambda$5815/0x0000000802a41c40
19744:             1             16  com.intellij.build.BuildTreeFilters$SUCCESSFUL_STEPS_FILTER$1
19745:             1             16  com.intellij.build.BuildTreeFilters$WARNINGS_FILTER$1
19746:             1             16  com.intellij.build.BuildView$$Lambda$2541/0x0000000801a1f440
19747:             1             16  com.intellij.build.FilterToggleAction$Companion
19748:             1             16  com.intellij.build.MultipleBuildsView$$Lambda$4929/0x0000000802acc840
19749:             1             16  com.intellij.build.SuccessfulStepsToggleAction$Companion
19750:             1             16  com.intellij.build.WarningsToggleAction$Companion
19751:             1             16  com.intellij.build.events.impl.DerivedResultImpl$$Lambda$5616/0x00000008019b3840
19752:             1             16  com.intellij.build.events.impl.DerivedResultImpl$$Lambda$5617/0x0000000801989c40
19753:             1             16  com.intellij.build.output.BuildOutputInstantReaderImpl$Companion
19754:             1             16  com.intellij.codeEditor.JavaEditorFileSwapper
19755:             1             16  com.intellij.codeEditor.JavaStripTrailingSpacesFilterFactory
19756:             1             16  com.intellij.codeEditor.printing.TextPrintHandler
19757:             1             16  com.intellij.codeInsight.AnnotationUtil$$Lambda$5497/0x0000000802e0e040
19758:             1             16  com.intellij.codeInsight.AnnotationUtil$$Lambda$5498/0x0000000802e0e440
19759:             1             16  com.intellij.codeInsight.AutoPopupControllerImpl$$Lambda$4411/0x0000000802858440
19760:             1             16  com.intellij.codeInsight.AutoPopupControllerImpl$1
19761:             1             16  com.intellij.codeInsight.BaseExternalAnnotationsManager$$Lambda$2120/0x000000080163c840
19762:             1             16  com.intellij.codeInsight.BaseExternalAnnotationsManager$$Lambda$3026/0x0000000801c9c840
19763:             1             16  com.intellij.codeInsight.BaseExternalAnnotationsManager$$Lambda$3366/0x000000080200e440
19764:             1             16  com.intellij.codeInsight.CodeInsightUtil$$Lambda$5942/0x0000000801ad2840
19765:             1             16  com.intellij.codeInsight.CodeInsightUtil$$Lambda$5943/0x0000000801ad2c40
19766:             1             16  com.intellij.codeInsight.CodeInsightUtil$$Lambda$5945/0x0000000801ad2440
19767:             1             16  com.intellij.codeInsight.CodeInsightUtilBase
19768:             1             16  com.intellij.codeInsight.ExceptionUtil$$Lambda$3693/0x00000008021ee840
19769:             1             16  com.intellij.codeInsight.ExceptionUtil$$Lambda$3766/0x0000000802252840
19770:             1             16  com.intellij.codeInsight.ExceptionUtil$HandlePlace$1
19771:             1             16  com.intellij.codeInsight.ExceptionUtil$HandlePlace$2
19772:             1             16  com.intellij.codeInsight.ExpectedTypeInfoImpl$$Lambda$4475/0x00000008028a4040
19773:             1             16  com.intellij.codeInsight.ExpectedTypesProvider$1
19774:             1             16  com.intellij.codeInsight.HardcodedDefaultTypesKt$createProviders$providers$1
19775:             1             16  com.intellij.codeInsight.HardcodedDefaultTypesKt$createProviders$providers$2
19776:             1             16  com.intellij.codeInsight.JavaContainerProvider
19777:             1             16  com.intellij.codeInsight.JavaImplicitReferenceProvider
19778:             1             16  com.intellij.codeInsight.JavaProjectCodeInsightSettings$$Lambda$4493/0x00000008028d5440
19779:             1             16  com.intellij.codeInsight.JavaPsiEquivalenceUtil$$Lambda$4830/0x0000000802a5ec40
19780:             1             16  com.intellij.codeInsight.JavaPsiEquivalenceUtil$$Lambda$4831/0x0000000802a5e040
19781:             1             16  com.intellij.codeInsight.MakeAnnotationExternal
19782:             1             16  com.intellij.codeInsight.MakeExternalAnnotationExplicit
19783:             1             16  com.intellij.codeInsight.MakeInferredAnnotationExplicit
19784:             1             16  com.intellij.codeInsight.MakeInferredAnnotationExplicit$$Lambda$4791/0x0000000802a15040
19785:             1             16  com.intellij.codeInsight.MakeInferredAnnotationExplicit$$Lambda$4792/0x0000000802a15440
19786:             1             16  com.intellij.codeInsight.MetaAnnotationUtil$$Lambda$3340/0x0000000801febc40
19787:             1             16  com.intellij.codeInsight.MetaAnnotationUtil$$Lambda$5500/0x0000000802e0dc40
19788:             1             16  com.intellij.codeInsight.MetaAnnotationUtil$$Lambda$5502/0x0000000802e0d440
19789:             1             16  com.intellij.codeInsight.MetaAnnotationUtil$1
19790:             1             16  com.intellij.codeInsight.NonCodeAnnotationsLineMarkerProvider$$Lambda$3550/0x0000000802122c40
19791:             1             16  com.intellij.codeInsight.NonCodeAnnotationsLineMarkerProvider$$Lambda$3551/0x0000000802148040
19792:             1             16  com.intellij.codeInsight.NonCodeAnnotationsLineMarkerProvider$MyIconGutterHandler
19793:             1             16  com.intellij.codeInsight.NullableNotNullManagerImpl$$Lambda$3029/0x0000000801c9c440
19794:             1             16  com.intellij.codeInsight.NullableNotNullManagerImpl$$Lambda$3033/0x0000000801c9b440
19795:             1             16  com.intellij.codeInsight.NullableNotNullManagerImpl$$Lambda$3034/0x0000000801ca8040
19796:             1             16  com.intellij.codeInsight.NullableNotNullManagerImpl$$Lambda$3698/0x00000008021edc40
19797:             1             16  com.intellij.codeInsight.NullableNotNullManagerImpl$$Lambda$4189/0x00000008027c2040
19798:             1             16  com.intellij.codeInsight.ProtobufInferredAnnotationProvider$$Lambda$3966/0x0000000802695840
19799:             1             16  com.intellij.codeInsight.TailType$1
19800:             1             16  com.intellij.codeInsight.TailType$2
19801:             1             16  com.intellij.codeInsight.TailType$3
19802:             1             16  com.intellij.codeInsight.TailType$4
19803:             1             16  com.intellij.codeInsight.TailTypes$1
19804:             1             16  com.intellij.codeInsight.TailTypes$10
19805:             1             16  com.intellij.codeInsight.TailTypes$11
19806:             1             16  com.intellij.codeInsight.TailTypes$12
19807:             1             16  com.intellij.codeInsight.TailTypes$2
19808:             1             16  com.intellij.codeInsight.TailTypes$3
19809:             1             16  com.intellij.codeInsight.TailTypes$4
19810:             1             16  com.intellij.codeInsight.TailTypes$5
19811:             1             16  com.intellij.codeInsight.TailTypes$6
19812:             1             16  com.intellij.codeInsight.TailTypes$7
19813:             1             16  com.intellij.codeInsight.TailTypes$8
19814:             1             16  com.intellij.codeInsight.TailTypes$9
19815:             1             16  com.intellij.codeInsight.TargetElementUtil
19816:             1             16  com.intellij.codeInsight.TestFrameworksImpl
19817:             1             16  com.intellij.codeInsight.XmlTargetElementEvaluator
19818:             1             16  com.intellij.codeInsight.actions.FormatChangedTextUtil
19819:             1             16  com.intellij.codeInsight.actions.ReaderModeActionProvider
19820:             1             16  com.intellij.codeInsight.actions.ReaderModeActionProvider$Companion
19821:             1             16  com.intellij.codeInsight.actions.ReaderModeHighlightingSettingsProvider
19822:             1             16  com.intellij.codeInsight.actions.ReaderModeSettings$Companion
19823:             1             16  com.intellij.codeInsight.actions.VcsFacadeImpl
19824:             1             16  com.intellij.codeInsight.completion.AbstractExpectedTypeSkipper
19825:             1             16  com.intellij.codeInsight.completion.AbstractExpectedTypeSkipper$$Lambda$5986/0x0000000801ac3440
19826:             1             16  com.intellij.codeInsight.completion.ActionTracker$$Lambda$4412/0x0000000802858840
19827:             1             16  com.intellij.codeInsight.completion.AllClassesGetter$$Lambda$4505/0x00000008028d2440
19828:             1             16  com.intellij.codeInsight.completion.AllClassesGetter$1
19829:             1             16  com.intellij.codeInsight.completion.ArgumentSuggester$$Lambda$4832/0x0000000802a5e440
19830:             1             16  com.intellij.codeInsight.completion.BaseCompletionLookupArranger$$Lambda$4431/0x0000000802890440
19831:             1             16  com.intellij.codeInsight.completion.BaseCompletionLookupArranger$$Lambda$4432/0x0000000802890840
19832:             1             16  com.intellij.codeInsight.completion.BaseCompletionLookupArranger$$Lambda$4433/0x0000000802890c40
19833:             1             16  com.intellij.codeInsight.completion.BaseCompletionLookupArranger$$Lambda$4434/0x0000000802891040
19834:             1             16  com.intellij.codeInsight.completion.BaseCompletionLookupArranger$$Lambda$4435/0x0000000802891440
19835:             1             16  com.intellij.codeInsight.completion.ComboEditorCompletionContributor
19836:             1             16  com.intellij.codeInsight.completion.CompletionFinalSorter$1
19837:             1             16  com.intellij.codeInsight.completion.CompletionMemory
19838:             1             16  com.intellij.codeInsight.completion.CompletionPhase$1
19839:             1             16  com.intellij.codeInsight.completion.CompletionProgressIndicator$$Lambda$4436/0x0000000802891840
19840:             1             16  com.intellij.codeInsight.completion.CompletionProgressIndicator$$Lambda$4527/0x0000000802916040
19841:             1             16  com.intellij.codeInsight.completion.CompletionThreadingBase$$Lambda$4429/0x000000080285c440
19842:             1             16  com.intellij.codeInsight.completion.CustomFileTypeCompletionContributor
19843:             1             16  com.intellij.codeInsight.completion.CustomFileTypeCompletionContributor$1
19844:             1             16  com.intellij.codeInsight.completion.DefaultCharFilter
19845:             1             16  com.intellij.codeInsight.completion.DefaultCompletionContributor
19846:             1             16  com.intellij.codeInsight.completion.DefaultCompletionStatistician
19847:             1             16  com.intellij.codeInsight.completion.DeprecatedSkipper
19848:             1             16  com.intellij.codeInsight.completion.ExcludeFromCompletionLookupActionProvider
19849:             1             16  com.intellij.codeInsight.completion.ExplicitProximityWeigher
19850:             1             16  com.intellij.codeInsight.completion.FilePathCompletionContributor
19851:             1             16  com.intellij.codeInsight.completion.FilePathCompletionContributor$1
19852:             1             16  com.intellij.codeInsight.completion.FilePathCompletionContributor$2
19853:             1             16  com.intellij.codeInsight.completion.GroupingWeigher
19854:             1             16  com.intellij.codeInsight.completion.HtmlCompletionContributor
19855:             1             16  com.intellij.codeInsight.completion.HtmlCompletionContributor$1
19856:             1             16  com.intellij.codeInsight.completion.ImportStaticLookupActionProvider
19857:             1             16  com.intellij.codeInsight.completion.InternalCompletionSettings
19858:             1             16  com.intellij.codeInsight.completion.JShellCompletionContributor
19859:             1             16  com.intellij.codeInsight.completion.JavaCharFilter
19860:             1             16  com.intellij.codeInsight.completion.JavaClassNameCompletionContributor
19861:             1             16  com.intellij.codeInsight.completion.JavaClassNameInsertHandler
19862:             1             16  com.intellij.codeInsight.completion.JavaClassNameInsertHandler$$Lambda$5991/0x0000000801a9a040
19863:             1             16  com.intellij.codeInsight.completion.JavaClassReferenceCompletionContributor
19864:             1             16  com.intellij.codeInsight.completion.JavaCompletionContributor
19865:             1             16  com.intellij.codeInsight.completion.JavaCompletionContributor$1
19866:             1             16  com.intellij.codeInsight.completion.JavaCompletionSorting$$Lambda$4480/0x00000008028d0840
19867:             1             16  com.intellij.codeInsight.completion.JavaCompletionStatistician
19868:             1             16  com.intellij.codeInsight.completion.JavaCompletionUtil$$Lambda$4489/0x00000008028d7440
19869:             1             16  com.intellij.codeInsight.completion.JavaDocCompletionContributor
19870:             1             16  com.intellij.codeInsight.completion.JavaDocCompletionContributor$$Lambda$4418/0x000000080285f840
19871:             1             16  com.intellij.codeInsight.completion.JavaDocCompletionContributor$1
19872:             1             16  com.intellij.codeInsight.completion.JavaDocCompletionContributor$2
19873:             1             16  com.intellij.codeInsight.completion.JavaDocCompletionContributor$TagChooser
19874:             1             16  com.intellij.codeInsight.completion.JavaInheritorsGetter$$Lambda$5983/0x0000000801ac4440
19875:             1             16  com.intellij.codeInsight.completion.JavaKeywordCompletion$$Lambda$3873/0x000000080246e440
19876:             1             16  com.intellij.codeInsight.completion.JavaKeywordCompletion$$Lambda$5981/0x0000000801ac4c40
19877:             1             16  com.intellij.codeInsight.completion.JavaMemberNameCompletionContributor
19878:             1             16  com.intellij.codeInsight.completion.JavaMethodMergingContributor
19879:             1             16  com.intellij.codeInsight.completion.JavaNoVariantsDelegator
19880:             1             16  com.intellij.codeInsight.completion.JavaPsiClassReferenceElement$$Lambda$4721/0x00000008029de840
19881:             1             16  com.intellij.codeInsight.completion.JavaSmartCompletionContributor$1
19882:             1             16  com.intellij.codeInsight.completion.JavadocCompletionConfidence
19883:             1             16  com.intellij.codeInsight.completion.LegacyCompletionContributor
19884:             1             16  com.intellij.codeInsight.completion.LookupElementProximityWeigher
19885:             1             16  com.intellij.codeInsight.completion.PreferByKindWeigher$$Lambda$4478/0x00000008028d0040
19886:             1             16  com.intellij.codeInsight.completion.PreferByKindWeigher$$Lambda$4479/0x00000008028d0440
19887:             1             16  com.intellij.codeInsight.completion.PreferByKindWeigher$$Lambda$4507/0x00000008028e8440
19888:             1             16  com.intellij.codeInsight.completion.PreferByKindWeigher$$Lambda$5886/0x0000000801df5040
19889:             1             16  com.intellij.codeInsight.completion.PreferByKindWeigher$$Lambda$5950/0x0000000801ad0040
19890:             1             16  com.intellij.codeInsight.completion.PrefixMatchingWeigher
19891:             1             16  com.intellij.codeInsight.completion.PriorityWeigher
19892:             1             16  com.intellij.codeInsight.completion.RefactoringCompletionContributor
19893:             1             16  com.intellij.codeInsight.completion.ReferenceBasedCompletionContributor
19894:             1             16  com.intellij.codeInsight.completion.SameSignatureCallParametersProvider$1
19895:             1             16  com.intellij.codeInsight.completion.SkipAutopopupInComments
19896:             1             16  com.intellij.codeInsight.completion.SkipAutopopupInLargeFiles
19897:             1             16  com.intellij.codeInsight.completion.SkipAutopopupInStrings
19898:             1             16  com.intellij.codeInsight.completion.SlowerTypeConversions$$Lambda$4817/0x0000000802a56840
19899:             1             16  com.intellij.codeInsight.completion.StatisticsUpdate$Companion
19900:             1             16  com.intellij.codeInsight.completion.StatisticsUpdate$Companion$1
19901:             1             16  com.intellij.codeInsight.completion.StatisticsUpdate$Companion$collectStatisticChanges$1
19902:             1             16  com.intellij.codeInsight.completion.StatisticsUpdate$trackStatistics$2
19903:             1             16  com.intellij.codeInsight.completion.StatisticsWeigher
19904:             1             16  com.intellij.codeInsight.completion.StatisticsWeigher$LookupStatisticsWeigher$$Lambda$4617/0x0000000802959840
19905:             1             16  com.intellij.codeInsight.completion.StreamConversion$$Lambda$4597/0x000000080295f440
19906:             1             16  com.intellij.codeInsight.completion.TagNameReferenceCompletionProvider
19907:             1             16  com.intellij.codeInsight.completion.TagNameReferenceCompletionProvider$$Lambda$5386/0x0000000802d5ac40
19908:             1             16  com.intellij.codeInsight.completion.WordCompletionContributor
19909:             1             16  com.intellij.codeInsight.completion.XmlAttributeReferenceCompletionProvider
19910:             1             16  com.intellij.codeInsight.completion.XmlBasicToClassNameDelegator
19911:             1             16  com.intellij.codeInsight.completion.XmlCharFilter
19912:             1             16  com.intellij.codeInsight.completion.XmlCompletionContributor
19913:             1             16  com.intellij.codeInsight.completion.XmlCompletionContributor$1
19914:             1             16  com.intellij.codeInsight.completion.XmlCompletionContributor$2
19915:             1             16  com.intellij.codeInsight.completion.XmlCompletionContributor$3
19916:             1             16  com.intellij.codeInsight.completion.XmlCompletionContributor$4
19917:             1             16  com.intellij.codeInsight.completion.XmlCompletionContributor$EntityRefInsertHandler
19918:             1             16  com.intellij.codeInsight.completion.XmlLocationCompletionContributor
19919:             1             16  com.intellij.codeInsight.completion.XmlLocationCompletionContributor$$Lambda$5381/0x0000000802d59840
19920:             1             16  com.intellij.codeInsight.completion.XmlNoVariantsDelegator
19921:             1             16  com.intellij.codeInsight.completion.XmlNonFirstCompletionContributor
19922:             1             16  com.intellij.codeInsight.completion.XmlNonFirstCompletionContributor$1
19923:             1             16  com.intellij.codeInsight.completion.XmlTagInsertHandler
19924:             1             16  com.intellij.codeInsight.completion.impl.CompletionServiceImpl
19925:             1             16  com.intellij.codeInsight.completion.impl.CompletionServiceImpl$1
19926:             1             16  com.intellij.codeInsight.completion.impl.CompletionServiceImpl$2
19927:             1             16  com.intellij.codeInsight.completion.ml.MLFeatureValue$Companion
19928:             1             16  com.intellij.codeInsight.completion.ml.VcsFeatureProvider
19929:             1             16  com.intellij.codeInsight.completion.simple.BracesTailType
19930:             1             16  com.intellij.codeInsight.completion.util.MethodParenthesesHandler$$Lambda$4618/0x0000000802970c40
19931:             1             16  com.intellij.codeInsight.daemon.JavaProblemHighlightFilter
19932:             1             16  com.intellij.codeInsight.daemon.OutsidersPsiFileSupport$HighlightFilter
19933:             1             16  com.intellij.codeInsight.daemon.OutsidersPsiFileSupport$HighlightingSettingProvider
19934:             1             16  com.intellij.codeInsight.daemon.OutsidersPsiFileSupport$IntentionFilter
19935:             1             16  com.intellij.codeInsight.daemon.VcsSilentChangeVetoer
19936:             1             16  com.intellij.codeInsight.daemon.impl.ChameleonSyntaxHighlightingPass$$Lambda$3574/0x000000080214bc40
19937:             1             16  com.intellij.codeInsight.daemon.impl.ChameleonSyntaxHighlightingPass$Factory
19938:             1             16  com.intellij.codeInsight.daemon.impl.CleanupIntentionMenuContributor
19939:             1             16  com.intellij.codeInsight.daemon.impl.CleanupOnScopeIntention
19940:             1             16  com.intellij.codeInsight.daemon.impl.CodeFoldingPassFactory
19941:             1             16  com.intellij.codeInsight.daemon.impl.DaemonCodeAnalyzerImpl$$Lambda$3226/0x0000000801f0b840
19942:             1             16  com.intellij.codeInsight.daemon.impl.DaemonCodeAnalyzerImpl$$Lambda$3228/0x0000000801f0b040
19943:             1             16  com.intellij.codeInsight.daemon.impl.DaemonCodeAnalyzerImpl$HighlightByOffsetProcessor$$Lambda$5199/0x0000000802c72c40
19944:             1             16  com.intellij.codeInsight.daemon.impl.DaemonCodeAnalyzerImpl$UpdateRunnable$$Lambda$2848/0x0000000801bff440
19945:             1             16  com.intellij.codeInsight.daemon.impl.DaemonCodeAnalyzerImpl$UpdateRunnable$$Lambda$2849/0x0000000801bfe840
19946:             1             16  com.intellij.codeInsight.daemon.impl.DaemonTooltipActionProvider
19947:             1             16  com.intellij.codeInsight.daemon.impl.DefaultChangeLocalityDetector
19948:             1             16  com.intellij.codeInsight.daemon.impl.DoNotShowInspectionIntentionMenuContributor
19949:             1             16  com.intellij.codeInsight.daemon.impl.DoNotShowInspectionIntentionMenuContributor$$Lambda$3874/0x000000080246d840
19950:             1             16  com.intellij.codeInsight.daemon.impl.EditCleanupProfileIntentionAction
19951:             1             16  com.intellij.codeInsight.daemon.impl.EditorTracker$MyAppLevelEditorFactoryListener
19952:             1             16  com.intellij.codeInsight.daemon.impl.ExternalToolPassFactory$MyRegistrar
19953:             1             16  com.intellij.codeInsight.daemon.impl.FileStatusMap$1
19954:             1             16  com.intellij.codeInsight.daemon.impl.GeneralHighlightingPass$$Lambda$3364/0x000000080200ec40
19955:             1             16  com.intellij.codeInsight.daemon.impl.GeneralHighlightingPass$$Lambda$3424/0x000000080204c840
19956:             1             16  com.intellij.codeInsight.daemon.impl.GeneralHighlightingPass$$Lambda$3425/0x000000080204cc40
19957:             1             16  com.intellij.codeInsight.daemon.impl.GeneralHighlightingPass$$Lambda$3427/0x000000080204c440
19958:             1             16  com.intellij.codeInsight.daemon.impl.GeneralHighlightingPass$$Lambda$3429/0x000000080204bc40
19959:             1             16  com.intellij.codeInsight.daemon.impl.GutterIntentionMenuContributor
19960:             1             16  com.intellij.codeInsight.daemon.impl.HighlightInfo$IntentionActionDescriptor$$Lambda$4744/0x00000008029e4040
19961:             1             16  com.intellij.codeInsight.daemon.impl.HighlightInfoComposite$$Lambda$5200/0x0000000802c73040
19962:             1             16  com.intellij.codeInsight.daemon.impl.HighlightInfoFilterImpl
19963:             1             16  com.intellij.codeInsight.daemon.impl.HighlightInfoProcessor$1
19964:             1             16  com.intellij.codeInsight.daemon.impl.HighlightingSessionImpl$$Lambda$3378/0x0000000802040440
19965:             1             16  com.intellij.codeInsight.daemon.impl.HighlightingSessionImpl$$Lambda$3380/0x0000000802041040
19966:             1             16  com.intellij.codeInsight.daemon.impl.HintRenderer$Companion
19967:             1             16  com.intellij.codeInsight.daemon.impl.IconLineMarkerProvider
19968:             1             16  com.intellij.codeInsight.daemon.impl.IndentsPass$$Lambda$3373/0x000000080200c440
19969:             1             16  com.intellij.codeInsight.daemon.impl.IndentsPass$$Lambda$4397/0x000000080284a440
19970:             1             16  com.intellij.codeInsight.daemon.impl.IndentsPassFactory
19971:             1             16  com.intellij.codeInsight.daemon.impl.InjectedCodeFoldingPassFactory
19972:             1             16  com.intellij.codeInsight.daemon.impl.InjectedGeneralHighlightingPass$$Lambda$3583/0x0000000802176440
19973:             1             16  com.intellij.codeInsight.daemon.impl.InjectedGeneralHighlightingPass$$Lambda$3585/0x0000000802175c40
19974:             1             16  com.intellij.codeInsight.daemon.impl.InjectedGeneralHighlightingPassFactory
19975:             1             16  com.intellij.codeInsight.daemon.impl.JavaChangeLocalityDetector
19976:             1             16  com.intellij.codeInsight.daemon.impl.JavaCodeVisionProvider
19977:             1             16  com.intellij.codeInsight.daemon.impl.JavaColorProvider
19978:             1             16  com.intellij.codeInsight.daemon.impl.JavaLineMarkerProvider$$Lambda$6198/0x000000080193b840
19979:             1             16  com.intellij.codeInsight.daemon.impl.JavaReferenceImporter
19980:             1             16  com.intellij.codeInsight.daemon.impl.JavaSoftKeywordHighlightingPassFactory
19981:             1             16  com.intellij.codeInsight.daemon.impl.JavaTextBlockIndentPassFactory
19982:             1             16  com.intellij.codeInsight.daemon.impl.LibrarySourceNotificationProvider$Companion
19983:             1             16  com.intellij.codeInsight.daemon.impl.LineMarkersPassFactory
19984:             1             16  com.intellij.codeInsight.daemon.impl.LocalInspectionsPass$$Lambda$3367/0x000000080200d840
19985:             1             16  com.intellij.codeInsight.daemon.impl.LocalInspectionsPass$$Lambda$3517/0x00000008020f5440
19986:             1             16  com.intellij.codeInsight.daemon.impl.LocalInspectionsPass$$Lambda$3519/0x00000008020f4840
19987:             1             16  com.intellij.codeInsight.daemon.impl.LocalInspectionsPass$$Lambda$3759/0x0000000802254840
19988:             1             16  com.intellij.codeInsight.daemon.impl.LocalInspectionsPass$2
19989:             1             16  com.intellij.codeInsight.daemon.impl.LocalInspectionsPassFactory
19990:             1             16  com.intellij.codeInsight.daemon.impl.ParameterHintsPresentationManager
19991:             1             16  com.intellij.codeInsight.daemon.impl.PassExecutorService$$Lambda$2453/0x00000008019c5c40
19992:             1             16  com.intellij.codeInsight.daemon.impl.PassExecutorService$$Lambda$2454/0x00000008019c5040
19993:             1             16  com.intellij.codeInsight.daemon.impl.PassExecutorService$$Lambda$2455/0x00000008019c5440
19994:             1             16  com.intellij.codeInsight.daemon.impl.PassExecutorService$$Lambda$2456/0x00000008019c4840
19995:             1             16  com.intellij.codeInsight.daemon.impl.PassExecutorService$$Lambda$3049/0x0000000801cadc40
19996:             1             16  com.intellij.codeInsight.daemon.impl.PassExecutorService$$Lambda$3375/0x000000080200bc40
19997:             1             16  com.intellij.codeInsight.daemon.impl.PassExecutorService$$Lambda$3376/0x0000000802040040
19998:             1             16  com.intellij.codeInsight.daemon.impl.RecursiveCallLineMarkerProvider
19999:             1             16  com.intellij.codeInsight.daemon.impl.ShowAutoImportPassFactory
20000:             1             16  com.intellij.codeInsight.daemon.impl.ShowIntentionsPassFactory
20001:             1             16  com.intellij.codeInsight.daemon.impl.SilentChangeVetoer$Companion
20002:             1             16  com.intellij.codeInsight.daemon.impl.TrafficLightRenderer$$Lambda$3229/0x0000000801f0b440
20003:             1             16  com.intellij.codeInsight.daemon.impl.TrafficLightRenderer$$Lambda$3232/0x0000000801f0a040
20004:             1             16  com.intellij.codeInsight.daemon.impl.TrafficLightRenderer$$Lambda$4080/0x0000000802041c40
20005:             1             16  com.intellij.codeInsight.daemon.impl.UpdateHighlightersUtil$$Lambda$2925/0x0000000801c36840
20006:             1             16  com.intellij.codeInsight.daemon.impl.WholeFileLocalInspectionsPassFactory$MyRegistrar
20007:             1             16  com.intellij.codeInsight.daemon.impl.WolfPassFactory$MyRegistrar
20008:             1             16  com.intellij.codeInsight.daemon.impl.actions.SuppressWarningsFoldingBuilder
20009:             1             16  com.intellij.codeInsight.daemon.impl.analysis.AddSchemaPrefixIntention
20010:             1             16  com.intellij.codeInsight.daemon.impl.analysis.CDataToTextIntention
20011:             1             16  com.intellij.codeInsight.daemon.impl.analysis.ConvertSchemaPrefixToDefaultIntention
20012:             1             16  com.intellij.codeInsight.daemon.impl.analysis.GeneratedSourcesHighlightingSettingProvider
20013:             1             16  com.intellij.codeInsight.daemon.impl.analysis.HighlightClassUtil$$Lambda$3839/0x00000008022b6c40
20014:             1             16  com.intellij.codeInsight.daemon.impl.analysis.HighlightClassUtil$$Lambda$3840/0x00000008022b6040
20015:             1             16  com.intellij.codeInsight.daemon.impl.analysis.HighlightUtil$$Lambda$5941/0x0000000801ad3c40
20016:             1             16  com.intellij.codeInsight.daemon.impl.analysis.JavaCodeVisionSettings
20017:             1             16  com.intellij.codeInsight.daemon.impl.analysis.JavaErrorQuickFixProvider
20018:             1             16  com.intellij.codeInsight.daemon.impl.analysis.JavaFutureKeywordUseFixProvider
20019:             1             16  com.intellij.codeInsight.daemon.impl.analysis.JavaModuleGraphUtil$$Lambda$3756/0x0000000802255c40
20020:             1             16  com.intellij.codeInsight.daemon.impl.analysis.JavaModuleGraphUtil$$Lambda$3757/0x0000000802255040
20021:             1             16  com.intellij.codeInsight.daemon.impl.analysis.PostHighlightingVisitor$$Lambda$3841/0x00000008022b6440
20022:             1             16  com.intellij.codeInsight.daemon.impl.analysis.RearrangeAttributesIntention
20023:             1             16  com.intellij.codeInsight.daemon.impl.analysis.RefCountHolder$$Lambda$4398/0x000000080284a840
20024:             1             16  com.intellij.codeInsight.daemon.impl.analysis.RefCountHolder$$Lambda$4399/0x000000080284ac40
20025:             1             16  com.intellij.codeInsight.daemon.impl.analysis.RemoveAttributeIntentionFix
20026:             1             16  com.intellij.codeInsight.daemon.impl.analysis.RemoveTagAndPromoteChildrenIntentionAction
20027:             1             16  com.intellij.codeInsight.daemon.impl.analysis.TextToCDataIntention
20028:             1             16  com.intellij.codeInsight.daemon.impl.analysis.XmlErrorQuickFixProvider
20029:             1             16  com.intellij.codeInsight.daemon.impl.analysis.XmlNamespaceAnnotator
20030:             1             16  com.intellij.codeInsight.daemon.impl.analysis.XmlNsPrefixAnnotator
20031:             1             16  com.intellij.codeInsight.daemon.impl.analysis.encoding.EncodingReferenceInjector
20032:             1             16  com.intellij.codeInsight.daemon.impl.focusMode.FocusModePassFactory
20033:             1             16  com.intellij.codeInsight.daemon.impl.quickfix.AddModuleDependencyFix$$Lambda$5993/0x0000000801a99840
20034:             1             16  com.intellij.codeInsight.daemon.impl.quickfix.AddRuntimeExceptionToThrowsAction
20035:             1             16  com.intellij.codeInsight.daemon.impl.quickfix.AddTypeArgumentsFix$MyFixerActionFactory
20036:             1             16  com.intellij.codeInsight.daemon.impl.quickfix.AddXsiSchemaLocationForExtResourceAction
20037:             1             16  com.intellij.codeInsight.daemon.impl.quickfix.CastMethodArgumentFix$MyFixerActionFactory
20038:             1             16  com.intellij.codeInsight.daemon.impl.quickfix.ConvertToStringLiteralAction
20039:             1             16  com.intellij.codeInsight.daemon.impl.quickfix.CreateCastExpressionFromInstanceofAction
20040:             1             16  com.intellij.codeInsight.daemon.impl.quickfix.CreateLocalVarFromInstanceofAction
20041:             1             16  com.intellij.codeInsight.daemon.impl.quickfix.DefaultQuickFixProvider
20042:             1             16  com.intellij.codeInsight.daemon.impl.quickfix.DefineParamsDefaultValueAction
20043:             1             16  com.intellij.codeInsight.daemon.impl.quickfix.FetchExtResourceAction$MyWatchedRootsProvider
20044:             1             16  com.intellij.codeInsight.daemon.impl.quickfix.GenerifyFileFix
20045:             1             16  com.intellij.codeInsight.daemon.impl.quickfix.ImportClassFixBase$$Lambda$5997/0x00000008019bf840
20046:             1             16  com.intellij.codeInsight.daemon.impl.quickfix.IterateOverIterableIntention
20047:             1             16  com.intellij.codeInsight.daemon.impl.quickfix.JetBrainsAnnotationsExternalLibraryResolver
20048:             1             16  com.intellij.codeInsight.daemon.impl.quickfix.ManuallySetupExtResourceAction
20049:             1             16  com.intellij.codeInsight.daemon.impl.quickfix.MethodReturnFixFactory
20050:             1             16  com.intellij.codeInsight.daemon.impl.quickfix.RemoveUnusedVariableFix
20051:             1             16  com.intellij.codeInsight.daemon.impl.quickfix.StaticImportMemberFix$$Lambda$4750/0x0000000802a00040
20052:             1             16  com.intellij.codeInsight.daemon.impl.quickfix.VariableTypeQuickFixProvider
20053:             1             16  com.intellij.codeInsight.daemon.impl.quickfix.WrapObjectWithOptionalOfNullableFix$MyFixerActionFactory
20054:             1             16  com.intellij.codeInsight.daemon.impl.quickfix.WrapWithAdapterMethodCallFix$$Lambda$5898/0x0000000801b8f840
20055:             1             16  com.intellij.codeInsight.daemon.impl.quickfix.WrapWithAdapterMethodCallFix$$Lambda$5899/0x0000000801b8fc40
20056:             1             16  com.intellij.codeInsight.daemon.impl.quickfix.WrapWithAdapterMethodCallFix$$Lambda$5900/0x0000000801b87840
20057:             1             16  com.intellij.codeInsight.daemon.impl.quickfix.WrapWithAdapterMethodCallFix$$Lambda$5901/0x0000000801b87c40
20058:             1             16  com.intellij.codeInsight.daemon.impl.quickfix.WrapWithAdapterMethodCallFix$$Lambda$5902/0x0000000801b87040
20059:             1             16  com.intellij.codeInsight.daemon.impl.quickfix.WrapWithAdapterMethodCallFix$$Lambda$5903/0x0000000801b87440
20060:             1             16  com.intellij.codeInsight.daemon.impl.quickfix.WrapWithAdapterMethodCallFix$$Lambda$5904/0x0000000801b86840
20061:             1             16  com.intellij.codeInsight.daemon.impl.quickfix.WrapWithAdapterMethodCallFix$$Lambda$5905/0x0000000801b86c40
20062:             1             16  com.intellij.codeInsight.daemon.impl.quickfix.WrapWithAdapterMethodCallFix$$Lambda$5906/0x0000000801b86040
20063:             1             16  com.intellij.codeInsight.daemon.impl.quickfix.WrapWithAdapterMethodCallFix$$Lambda$5907/0x0000000801b86440
20064:             1             16  com.intellij.codeInsight.daemon.impl.quickfix.WrapWithAdapterMethodCallFix$$Lambda$5908/0x0000000801b85840
20065:             1             16  com.intellij.codeInsight.daemon.impl.quickfix.WrapWithAdapterMethodCallFix$$Lambda$5909/0x0000000801b85c40
20066:             1             16  com.intellij.codeInsight.daemon.impl.quickfix.WrapWithAdapterMethodCallFix$$Lambda$5910/0x0000000801b85040
20067:             1             16  com.intellij.codeInsight.daemon.impl.quickfix.WrapWithAdapterMethodCallFix$$Lambda$5911/0x0000000801b85440
20068:             1             16  com.intellij.codeInsight.daemon.impl.quickfix.WrapWithAdapterMethodCallFix$$Lambda$5912/0x0000000801b83840
20069:             1             16  com.intellij.codeInsight.daemon.impl.quickfix.WrapWithAdapterMethodCallFix$$Lambda$5913/0x0000000801b83c40
20070:             1             16  com.intellij.codeInsight.daemon.impl.tagTreeHighlighting.XmlTagTreeBreadcrumbsPresentationProvider
20071:             1             16  com.intellij.codeInsight.daemon.impl.tagTreeHighlighting.XmlTagTreeHighlightingPassFactory
20072:             1             16  com.intellij.codeInsight.daemon.impl.tooltips.TooltipActionProvider$$Lambda$4795/0x0000000802a14040
20073:             1             16  com.intellij.codeInsight.daemon.problems.FileStateCache$PrivateFileState$Companion
20074:             1             16  com.intellij.codeInsight.daemon.problems.FileStateCache$PrivateFileState$Companion$create$changePointers$1
20075:             1             16  com.intellij.codeInsight.daemon.problems.FileStateCache$PrivateFileState$toFileState$changes$1
20076:             1             16  com.intellij.codeInsight.daemon.problems.FileStateCache$SERVICE
20077:             1             16  com.intellij.codeInsight.daemon.problems.FileStateUpdater$Companion
20078:             1             16  com.intellij.codeInsight.daemon.problems.FileStateUpdater$Companion$publicApi$1
20079:             1             16  com.intellij.codeInsight.daemon.problems.Member$Class$Companion
20080:             1             16  com.intellij.codeInsight.daemon.problems.Member$Companion
20081:             1             16  com.intellij.codeInsight.daemon.problems.Member$Method$Companion
20082:             1             16  com.intellij.codeInsight.daemon.problems.MemberCollector$Companion
20083:             1             16  com.intellij.codeInsight.daemon.problems.ScopedMember$Companion
20084:             1             16  com.intellij.codeInsight.daemon.problems.pass.ProjectProblemFileSelectionListener$MyStartupActivity
20085:             1             16  com.intellij.codeInsight.daemon.problems.pass.ProjectProblemHintProvider
20086:             1             16  com.intellij.codeInsight.daemon.problems.pass.ProjectProblemHintProvider$1
20087:             1             16  com.intellij.codeInsight.daemon.problems.pass.ProjectProblemUtils$$Lambda$4396/0x000000080284a040
20088:             1             16  com.intellij.codeInsight.documentation.DocumentationComponent$$Lambda$4950/0x0000000802aea440
20089:             1             16  com.intellij.codeInsight.documentation.DocumentationComponent$3$$Lambda$4951/0x0000000802af1840
20090:             1             16  com.intellij.codeInsight.documentation.DocumentationComponent$LinkHighlighter
20091:             1             16  com.intellij.codeInsight.documentation.DocumentationManagerUtil
20092:             1             16  com.intellij.codeInsight.documentation.render.DocRenderDummyLineMarkerProvider
20093:             1             16  com.intellij.codeInsight.documentation.render.DocRenderImageManager$1
20094:             1             16  com.intellij.codeInsight.documentation.render.DocRenderItem$$Lambda$3406/0x0000000802048040
20095:             1             16  com.intellij.codeInsight.documentation.render.DocRenderItem$$Lambda$3408/0x0000000802048840
20096:             1             16  com.intellij.codeInsight.documentation.render.DocRenderItem$$Lambda$3409/0x0000000802048c40
20097:             1             16  com.intellij.codeInsight.documentation.render.DocRenderItem$$Lambda$3410/0x0000000802049040
20098:             1             16  com.intellij.codeInsight.documentation.render.DocRenderItemUpdater
20099:             1             16  com.intellij.codeInsight.documentation.render.DocRenderPassFactory
20100:             1             16  com.intellij.codeInsight.documentation.render.DocRenderPassFactory$Items
20101:             1             16  com.intellij.codeInsight.documentation.render.ToggleRenderedDocPresentationAction$Handler
20102:             1             16  com.intellij.codeInsight.editorActions.AutoFormatTypedHandler
20103:             1             16  com.intellij.codeInsight.editorActions.AutoHardWrapHandler
20104:             1             16  com.intellij.codeInsight.editorActions.BraceOrQuoteOutAction$Handler
20105:             1             16  com.intellij.codeInsight.editorActions.CodeBlockEndAction$Handler
20106:             1             16  com.intellij.codeInsight.editorActions.CodeBlockEndWithSelectionAction$Handler
20107:             1             16  com.intellij.codeInsight.editorActions.CodeBlockStartAction$Handler
20108:             1             16  com.intellij.codeInsight.editorActions.CodeBlockStartWithSelectionAction$Handler
20109:             1             16  com.intellij.codeInsight.editorActions.CompletionAutoPopupHandler
20110:             1             16  com.intellij.codeInsight.editorActions.CopyPasteFoldingProcessor
20111:             1             16  com.intellij.codeInsight.editorActions.CopyPasteIndentProcessor
20112:             1             16  com.intellij.codeInsight.editorActions.DtdSelectioner
20113:             1             16  com.intellij.codeInsight.editorActions.EnterBetweenXmlTagsHandler
20114:             1             16  com.intellij.codeInsight.editorActions.FixDocCommentAction$MyHandler
20115:             1             16  com.intellij.codeInsight.editorActions.HtmlSelectioner
20116:             1             16  com.intellij.codeInsight.editorActions.HtmlSelectioner$$Lambda$4788/0x0000000802a16440
20117:             1             16  com.intellij.codeInsight.editorActions.JavaBackspaceHandler
20118:             1             16  com.intellij.codeInsight.editorActions.JavaCopyPasteReferenceProcessor
20119:             1             16  com.intellij.codeInsight.editorActions.JavaEnterAfterUnmatchedBraceHandler
20120:             1             16  com.intellij.codeInsight.editorActions.JavaEnterInTextBlockHandler
20121:             1             16  com.intellij.codeInsight.editorActions.JavaLineIndentProvider
20122:             1             16  com.intellij.codeInsight.editorActions.JavaMethodOverloadSwitchActionPromoter
20123:             1             16  com.intellij.codeInsight.editorActions.JavaMethodOverloadSwitchActionPromoter$$Lambda$4334/0x0000000802820840
20124:             1             16  com.intellij.codeInsight.editorActions.JavaNextParameterActionPromoter
20125:             1             16  com.intellij.codeInsight.editorActions.JavaTypedHandler
20126:             1             16  com.intellij.codeInsight.editorActions.JavaWordBoundaryFilter
20127:             1             16  com.intellij.codeInsight.editorActions.JavadocCopyPastePreProcessor
20128:             1             16  com.intellij.codeInsight.editorActions.JavadocTypedHandler
20129:             1             16  com.intellij.codeInsight.editorActions.LineCommentCopyPastePreProcessor
20130:             1             16  com.intellij.codeInsight.editorActions.MatchBraceAction$MyHandler
20131:             1             16  com.intellij.codeInsight.editorActions.ReaderModeEditorFactoryListener
20132:             1             16  com.intellij.codeInsight.editorActions.SelectWordUtil$$Lambda$4786/0x0000000802a16c40
20133:             1             16  com.intellij.codeInsight.editorActions.SelectionQuotingTypedHandler
20134:             1             16  com.intellij.codeInsight.editorActions.StringLiteralCopyPasteProcessor
20135:             1             16  com.intellij.codeInsight.editorActions.TabActionsPromoter
20136:             1             16  com.intellij.codeInsight.editorActions.TabActionsPromoter$$Lambda$4330/0x0000000802802840
20137:             1             16  com.intellij.codeInsight.editorActions.TabOutScopesTrackerImpl
20138:             1             16  com.intellij.codeInsight.editorActions.TabOutScopesTrackerImpl$Tracker
20139:             1             16  com.intellij.codeInsight.editorActions.TextBlockTransferable$$Lambda$4672/0x00000008029a6040
20140:             1             16  com.intellij.codeInsight.editorActions.TextBlockTransferable$$Lambda$4673/0x00000008029a6440
20141:             1             16  com.intellij.codeInsight.editorActions.TypedHandler
20142:             1             16  com.intellij.codeInsight.editorActions.XmlAutoPopupHandler
20143:             1             16  com.intellij.codeInsight.editorActions.XmlBasicWordSelectionFilter
20144:             1             16  com.intellij.codeInsight.editorActions.XmlCDATAContentSelectioner
20145:             1             16  com.intellij.codeInsight.editorActions.XmlElementSelectioner
20146:             1             16  com.intellij.codeInsight.editorActions.XmlEqTypedHandler
20147:             1             16  com.intellij.codeInsight.editorActions.XmlGtTypedHandler
20148:             1             16  com.intellij.codeInsight.editorActions.XmlLineSelectioner
20149:             1             16  com.intellij.codeInsight.editorActions.XmlPiTypedHandler
20150:             1             16  com.intellij.codeInsight.editorActions.XmlQuoteHandler
20151:             1             16  com.intellij.codeInsight.editorActions.XmlSlashTypedHandler
20152:             1             16  com.intellij.codeInsight.editorActions.XmlTagNameSynchronizer$$Lambda$4320/0x0000000802805c40
20153:             1             16  com.intellij.codeInsight.editorActions.XmlTagNameSynchronizer$$Lambda$4321/0x0000000802805040
20154:             1             16  com.intellij.codeInsight.editorActions.XmlTagNameSynchronizer$MyCommandListener
20155:             1             16  com.intellij.codeInsight.editorActions.XmlTagNameSynchronizer$MyCommandListener$$Lambda$1808/0x0000000801352840
20156:             1             16  com.intellij.codeInsight.editorActions.XmlTagNameSynchronizer$MyEditorFactoryListener
20157:             1             16  com.intellij.codeInsight.editorActions.XmlTagNameSynchronizer$TagNameSynchronizer$$Lambda$5390/0x0000000802d5f440
20158:             1             16  com.intellij.codeInsight.editorActions.XmlTagNameSynchronizer$TagNameSynchronizer$$Lambda$5391/0x0000000802d5e840
20159:             1             16  com.intellij.codeInsight.editorActions.XmlTagSelectioner
20160:             1             16  com.intellij.codeInsight.editorActions.XmlTokenSelectioner
20161:             1             16  com.intellij.codeInsight.editorActions.enter.EnterAfterJavadocTagHandler
20162:             1             16  com.intellij.codeInsight.editorActions.enter.EnterAfterUnmatchedBraceHandler
20163:             1             16  com.intellij.codeInsight.editorActions.enter.EnterBetweenBracesDelegate
20164:             1             16  com.intellij.codeInsight.editorActions.enter.EnterBetweenBracesFinalHandler
20165:             1             16  com.intellij.codeInsight.editorActions.enter.EnterInBlockCommentHandler
20166:             1             16  com.intellij.codeInsight.editorActions.enter.EnterInLineCommentHandler
20167:             1             16  com.intellij.codeInsight.editorActions.enter.EnterInPropertiesFileHandler
20168:             1             16  com.intellij.codeInsight.editorActions.enter.EnterInStringLiteralHandler
20169:             1             16  com.intellij.codeInsight.editorActions.moveLeftRight.MoveElementLeftRightActionHandler$$Lambda$963/0x0000000800b0f840
20170:             1             16  com.intellij.codeInsight.editorActions.moveUpDown.CaseBlockMover
20171:             1             16  com.intellij.codeInsight.editorActions.moveUpDown.CatchBlockMover
20172:             1             16  com.intellij.codeInsight.editorActions.moveUpDown.LineMover
20173:             1             16  com.intellij.codeInsight.editorActions.moveUpDown.StatementMover
20174:             1             16  com.intellij.codeInsight.editorActions.moveUpDown.XmlMover
20175:             1             16  com.intellij.codeInsight.editorActions.wordSelection.AntLikePropertySelectionHandler
20176:             1             16  com.intellij.codeInsight.editorActions.wordSelection.BlockCommentSelectioner
20177:             1             16  com.intellij.codeInsight.editorActions.wordSelection.CaseStatementsSelectioner
20178:             1             16  com.intellij.codeInsight.editorActions.wordSelection.CodeBlockOrInitializerSelectioner
20179:             1             16  com.intellij.codeInsight.editorActions.wordSelection.DocCommentSelectioner
20180:             1             16  com.intellij.codeInsight.editorActions.wordSelection.DocTagSelectioner
20181:             1             16  com.intellij.codeInsight.editorActions.wordSelection.FieldSelectioner
20182:             1             16  com.intellij.codeInsight.editorActions.wordSelection.FinallyBlockSelectioner
20183:             1             16  com.intellij.codeInsight.editorActions.wordSelection.ForStatementHeaderSelectioner
20184:             1             16  com.intellij.codeInsight.editorActions.wordSelection.IfStatementSelectioner
20185:             1             16  com.intellij.codeInsight.editorActions.wordSelection.InjectedFileReferenceSelectioner
20186:             1             16  com.intellij.codeInsight.editorActions.wordSelection.JavaBasicWordSelectionFilter
20187:             1             16  com.intellij.codeInsight.editorActions.wordSelection.JavaTokenSelectioner
20188:             1             16  com.intellij.codeInsight.editorActions.wordSelection.JavaWordSelectioner
20189:             1             16  com.intellij.codeInsight.editorActions.wordSelection.LineCommentSelectioner
20190:             1             16  com.intellij.codeInsight.editorActions.wordSelection.ListSelectioner
20191:             1             16  com.intellij.codeInsight.editorActions.wordSelection.LiteralSelectioner
20192:             1             16  com.intellij.codeInsight.editorActions.wordSelection.MethodCallSelectioner
20193:             1             16  com.intellij.codeInsight.editorActions.wordSelection.MethodOrClassSelectioner
20194:             1             16  com.intellij.codeInsight.editorActions.wordSelection.NaturalLanguageTextSelectioner
20195:             1             16  com.intellij.codeInsight.editorActions.wordSelection.PlainTextLineSelectioner
20196:             1             16  com.intellij.codeInsight.editorActions.wordSelection.ReferenceSelectioner
20197:             1             16  com.intellij.codeInsight.editorActions.wordSelection.StatementGroupSelectioner
20198:             1             16  com.intellij.codeInsight.editorActions.wordSelection.TypeCastSelectioner
20199:             1             16  com.intellij.codeInsight.editorActions.wordSelection.VarargsSelectioner
20200:             1             16  com.intellij.codeInsight.editorActions.wordSelection.WordSelectioner
20201:             1             16  com.intellij.codeInsight.folding.impl.CommentFoldingUtil$$Lambda$1746/0x00000008012fe040
20202:             1             16  com.intellij.codeInsight.folding.impl.FoldingHintPostStartupActivity
20203:             1             16  com.intellij.codeInsight.folding.impl.FoldingUpdate$$Lambda$1694/0x000000080129f840
20204:             1             16  com.intellij.codeInsight.folding.impl.GenericElementSignatureProvider
20205:             1             16  com.intellij.codeInsight.folding.impl.JavaCollapseBlockHandler
20206:             1             16  com.intellij.codeInsight.folding.impl.JavaElementSignatureProvider
20207:             1             16  com.intellij.codeInsight.folding.impl.JavaFoldingBuilder
20208:             1             16  com.intellij.codeInsight.folding.impl.JavaFoldingBuilderBase$$Lambda$1744/0x00000008012fe840
20209:             1             16  com.intellij.codeInsight.folding.impl.OffsetsElementSignatureProvider
20210:             1             16  com.intellij.codeInsight.folding.impl.PsiNamesElementSignatureProvider
20211:             1             16  com.intellij.codeInsight.folding.impl.UpdateFoldRegionsOperation$$Lambda$1763/0x0000000801339440
20212:             1             16  com.intellij.codeInsight.folding.impl.XmlElementSignatureProvider
20213:             1             16  com.intellij.codeInsight.folding.impl.actions.CollapseAllRegionsAction$1
20214:             1             16  com.intellij.codeInsight.folding.impl.actions.CollapseRegionAction$1
20215:             1             16  com.intellij.codeInsight.folding.impl.actions.CollapseRegionRecursivelyAction$1
20216:             1             16  com.intellij.codeInsight.folding.impl.actions.ExpandAllRegionsAction$1
20217:             1             16  com.intellij.codeInsight.folding.impl.actions.ExpandRegionAction$1
20218:             1             16  com.intellij.codeInsight.folding.impl.actions.ExpandRegionRecursivelyAction$1
20219:             1             16  com.intellij.codeInsight.generation.MemberImplementorExplorersProviderImpl
20220:             1             16  com.intellij.codeInsight.generation.actions.GenerateCreateUIHandler
20221:             1             16  com.intellij.codeInsight.guess.impl.ExpressionVariableDescriptor$PsiExpressionStrategy
20222:             1             16  com.intellij.codeInsight.guess.impl.GuessManagerImpl$$Lambda$4601/0x000000080295e440
20223:             1             16  com.intellij.codeInsight.guess.impl.GuessManagerImpl$$Lambda$4602/0x000000080295d840
20224:             1             16  com.intellij.codeInsight.guess.impl.GuessManagerImpl$ExpressionTypeInstructionVisitor$$Lambda$4828/0x0000000802a5fc40
20225:             1             16  com.intellij.codeInsight.guess.impl.MethodPatternMap
20226:             1             16  com.intellij.codeInsight.highlighting.BackgroundHighlighter
20227:             1             16  com.intellij.codeInsight.highlighting.BackgroundHighlighter$$Lambda$2839/0x0000000801bdac40
20228:             1             16  com.intellij.codeInsight.highlighting.BackgroundHighlighter$$Lambda$3180/0x0000000801e4f040
20229:             1             16  com.intellij.codeInsight.highlighting.HighlightExceptionsHandlerFactory
20230:             1             16  com.intellij.codeInsight.highlighting.HighlightExitPointsHandlerFactory
20231:             1             16  com.intellij.codeInsight.highlighting.HighlightImportedElementsHandlerFactory
20232:             1             16  com.intellij.codeInsight.highlighting.HighlightManagerImpl$1
20233:             1             16  com.intellij.codeInsight.highlighting.HighlightManagerImpl$MyAnActionListener
20234:             1             16  com.intellij.codeInsight.highlighting.HighlightOverridingMethodsHandlerFactory
20235:             1             16  com.intellij.codeInsight.highlighting.HighlightRecordComponentsRecordFactory
20236:             1             16  com.intellij.codeInsight.highlighting.HighlightSuppressedWarningsFactory
20237:             1             16  com.intellij.codeInsight.highlighting.HtmlClosingTagErrorFilter
20238:             1             16  com.intellij.codeInsight.highlighting.InjectedHtmlErrorFilter
20239:             1             16  com.intellij.codeInsight.highlighting.JavaBraceMatcher
20240:             1             16  com.intellij.codeInsight.highlighting.JavaHighlightUsagesDescriptionProvider
20241:             1             16  com.intellij.codeInsight.highlighting.JavaReadWriteAccessDetector
20242:             1             16  com.intellij.codeInsight.highlighting.XmlReadWriteAccessDetector
20243:             1             16  com.intellij.codeInsight.hint.HintManagerImpl$$Lambda$2772/0x0000000801b3ac40
20244:             1             16  com.intellij.codeInsight.hint.HintManagerImpl$1
20245:             1             16  com.intellij.codeInsight.hint.HintManagerImpl$2
20246:             1             16  com.intellij.codeInsight.hint.HintManagerImpl$3
20247:             1             16  com.intellij.codeInsight.hint.HintManagerImpl$4
20248:             1             16  com.intellij.codeInsight.hint.HintManagerImpl$MyAnActionListener
20249:             1             16  com.intellij.codeInsight.hint.HintManagerImpl$MyDynamicPluginListener
20250:             1             16  com.intellij.codeInsight.hint.HintManagerImpl$MyEditorManagerListener
20251:             1             16  com.intellij.codeInsight.hint.HintManagerImpl$MyProjectManagerListener
20252:             1             16  com.intellij.codeInsight.hint.ParameterInfoComponent$$Lambda$5925/0x0000000801b36c40
20253:             1             16  com.intellij.codeInsight.hint.ParameterInfoComponent$$Lambda$5927/0x0000000801b35c40
20254:             1             16  com.intellij.codeInsight.hint.ShowParameterInfoHandler$$Lambda$5916/0x0000000801b81c40
20255:             1             16  com.intellij.codeInsight.hint.actions.ShowTypeDefinitionAction$Companion
20256:             1             16  com.intellij.codeInsight.hint.api.impls.AnnotationParameterInfoHandler
20257:             1             16  com.intellij.codeInsight.hint.api.impls.MethodParameterInfoHandler
20258:             1             16  com.intellij.codeInsight.hint.api.impls.ReferenceParameterInfoHandler
20259:             1             16  com.intellij.codeInsight.hints.AnnotationInlayProvider
20260:             1             16  com.intellij.codeInsight.hints.AnnotationInlayProvider$Companion
20261:             1             16  com.intellij.codeInsight.hints.AnnotationInlayProvider$Settings
20262:             1             16  com.intellij.codeInsight.hints.BlacklistCurrentMethodIntention
20263:             1             16  com.intellij.codeInsight.hints.DisableCustomHintsOption
20264:             1             16  com.intellij.codeInsight.hints.EnableCustomHintsOption
20265:             1             16  com.intellij.codeInsight.hints.HintUtils
20266:             1             16  com.intellij.codeInsight.hints.HintUtilsKt$getBaseLanguagesWithProviders$1
20267:             1             16  com.intellij.codeInsight.hints.HintUtilsKt$getBaseLanguagesWithProviders$2
20268:             1             16  com.intellij.codeInsight.hints.ImplicitTypeInlayProvider
20269:             1             16  com.intellij.codeInsight.hints.InlayHintsPass$Companion
20270:             1             16  com.intellij.codeInsight.hints.InlayHintsPass$Companion$offsets$1
20271:             1             16  com.intellij.codeInsight.hints.InlayHintsPassFactory
20272:             1             16  com.intellij.codeInsight.hints.InlayHintsPassFactory$Companion
20273:             1             16  com.intellij.codeInsight.hints.InlayHintsProviderFactory$Companion
20274:             1             16  com.intellij.codeInsight.hints.InlayHintsSettings$Companion
20275:             1             16  com.intellij.codeInsight.hints.JavaInlayHintsProvider
20276:             1             16  com.intellij.codeInsight.hints.JavaInlayParameterHintsProvider$Companion
20277:             1             16  com.intellij.codeInsight.hints.MethodChainsInlayProvider
20278:             1             16  com.intellij.codeInsight.hints.MethodChainsInlayProvider$Companion
20279:             1             16  com.intellij.codeInsight.hints.MethodChainsInlayProvider$Settings
20280:             1             16  com.intellij.codeInsight.hints.MethodInfoBlacklistFilter
20281:             1             16  com.intellij.codeInsight.hints.MethodInfoBlacklistFilter$$Lambda$3371/0x000000080200c840
20282:             1             16  com.intellij.codeInsight.hints.MethodInfoBlacklistFilter$$Lambda$3372/0x000000080200cc40
20283:             1             16  com.intellij.codeInsight.hints.ParameterHintsPass$$Lambda$3706/0x00000008021ebc40
20284:             1             16  com.intellij.codeInsight.hints.ParameterHintsPassFactory
20285:             1             16  com.intellij.codeInsight.hints.ParameterHintsSettingsMigration
20286:             1             16  com.intellij.codeInsight.hints.ParameterHintsUpdater$$Lambda$3718/0x0000000802220c40
20287:             1             16  com.intellij.codeInsight.hints.SingleLanguageInlayProviderFactory
20288:             1             16  com.intellij.codeInsight.hints.filtering.AnyParamMatcher
20289:             1             16  com.intellij.codeInsight.hints.filtering.MatcherConstructor
20290:             1             16  com.intellij.codeInsight.hints.filtering.StringMatcherBuilder
20291:             1             16  com.intellij.codeInsight.hints.filtering.StringMatcherBuilder$create$1
20292:             1             16  com.intellij.codeInsight.hints.filtering.StringMatcherBuilder$createAsterisksMatcher$2
20293:             1             16  com.intellij.codeInsight.hints.presentation.listeners.InlayEditorMouseListener
20294:             1             16  com.intellij.codeInsight.hints.presentation.listeners.InlayEditorMouseMotionListener
20295:             1             16  com.intellij.codeInsight.hints.settings.Diff$Builder
20296:             1             16  com.intellij.codeInsight.hints.settings.ParameterNameHintsSettings$Companion
20297:             1             16  com.intellij.codeInsight.intention.choice.ChoiceVariantIntentionAction$Companion
20298:             1             16  com.intellij.codeInsight.intention.choice.ChoiceVariantIntentionAction$Companion$EMPTY_ICON$2
20299:             1             16  com.intellij.codeInsight.intention.impl.BindFieldsFromParametersAction
20300:             1             16  com.intellij.codeInsight.intention.impl.BreakStringOnLineBreaksIntentionAction
20301:             1             16  com.intellij.codeInsight.intention.impl.CachedIntentions$$Lambda$4642/0x0000000802989440
20302:             1             16  com.intellij.codeInsight.intention.impl.CachedIntentions$1
20303:             1             16  com.intellij.codeInsight.intention.impl.ChangeUIDAction
20304:             1             16  com.intellij.codeInsight.intention.impl.CollapseIntoLoopAction
20305:             1             16  com.intellij.codeInsight.intention.impl.CollapseIntoLoopAction$LoopModel$$Lambda$4630/0x0000000802973c40
20306:             1             16  com.intellij.codeInsight.intention.impl.CollapseIntoLoopAction$LoopModel$$Lambda$4631/0x0000000802973040
20307:             1             16  com.intellij.codeInsight.intention.impl.CollapseIntoLoopAction$LoopModel$$Lambda$4656/0x000000080298e040
20308:             1             16  com.intellij.codeInsight.intention.impl.CollapseIntoLoopAction$LoopModel$$Lambda$4657/0x000000080298e440
20309:             1             16  com.intellij.codeInsight.intention.impl.CollapseIntoLoopAction$LoopModel$$Lambda$4757/0x0000000802a02040
20310:             1             16  com.intellij.codeInsight.intention.impl.CollapseIntoLoopAction$LoopModel$$Lambda$4758/0x0000000802a02440
20311:             1             16  com.intellij.codeInsight.intention.impl.ComposeFunctionChainAction
20312:             1             16  com.intellij.codeInsight.intention.impl.ConcatenationToMessageFormatAction
20313:             1             16  com.intellij.codeInsight.intention.impl.ConvertAbsolutePathToRelativeIntentionAction
20314:             1             16  com.intellij.codeInsight.intention.impl.ConvertColorRepresentationIntentionAction
20315:             1             16  com.intellij.codeInsight.intention.impl.ConvertCompactConstructorToCanonicalAction
20316:             1             16  com.intellij.codeInsight.intention.impl.ConvertRelativePathToAbsoluteIntentionAction
20317:             1             16  com.intellij.codeInsight.intention.impl.ConvertToBasicLatinAction
20318:             1             16  com.intellij.codeInsight.intention.impl.ConvertToBasicLatinAction$CommentHandler
20319:             1             16  com.intellij.codeInsight.intention.impl.ConvertToBasicLatinAction$DocCommentHandler
20320:             1             16  com.intellij.codeInsight.intention.impl.ConvertToBasicLatinAction$LiteralHandler
20321:             1             16  com.intellij.codeInsight.intention.impl.CopyAbstractMethodImplementationAction
20322:             1             16  com.intellij.codeInsight.intention.impl.DeannotateIntentionAction
20323:             1             16  com.intellij.codeInsight.intention.impl.EditFoldingOptionsAction
20324:             1             16  com.intellij.codeInsight.intention.impl.EncapsulateFieldAction
20325:             1             16  com.intellij.codeInsight.intention.impl.ExtractChainedMapAction
20326:             1             16  com.intellij.codeInsight.intention.impl.ExtractIfConditionAction
20327:             1             16  com.intellij.codeInsight.intention.impl.ExtractMethodIntentionAction
20328:             1             16  com.intellij.codeInsight.intention.impl.ExtractSetFromComparisonChainAction
20329:             1             16  com.intellij.codeInsight.intention.impl.ImplementAbstractMethodAction
20330:             1             16  com.intellij.codeInsight.intention.impl.InlineStreamMapAction
20331:             1             16  com.intellij.codeInsight.intention.impl.IntentionActionWithTextCaching$$Lambda$4640/0x0000000802988c40
20332:             1             16  com.intellij.codeInsight.intention.impl.IntentionHintComponent$$Lambda$4643/0x0000000802989840
20333:             1             16  com.intellij.codeInsight.intention.impl.IntentionHintComponent$$Lambda$4644/0x0000000802989c40
20334:             1             16  com.intellij.codeInsight.intention.impl.IntentionHintComponent$2
20335:             1             16  com.intellij.codeInsight.intention.impl.IntroduceVariableIntentionAction
20336:             1             16  com.intellij.codeInsight.intention.impl.InvertIfConditionAction
20337:             1             16  com.intellij.codeInsight.intention.impl.JavaElementActionsFactory
20338:             1             16  com.intellij.codeInsight.intention.impl.JavaFlipper
20339:             1             16  com.intellij.codeInsight.intention.impl.MergeFilterChainAction
20340:             1             16  com.intellij.codeInsight.intention.impl.MoveInitializerToConstructorAction
20341:             1             16  com.intellij.codeInsight.intention.impl.MoveIntoIfBranchesAction
20342:             1             16  com.intellij.codeInsight.intention.impl.MoveIntoIfBranchesAction$$Lambda$4663/0x00000008029a1440
20343:             1             16  com.intellij.codeInsight.intention.impl.MoveIntoIfBranchesAction$$Lambda$4664/0x00000008029a1840
20344:             1             16  com.intellij.codeInsight.intention.impl.QuickEditAction
20345:             1             16  com.intellij.codeInsight.intention.impl.SimplifyBooleanExpressionAction
20346:             1             16  com.intellij.codeInsight.intention.impl.SortContentAction
20347:             1             16  com.intellij.codeInsight.intention.impl.SortContentAction$AnnotationArraySortable
20348:             1             16  com.intellij.codeInsight.intention.impl.SortContentAction$ArrayInitializerSortable
20349:             1             16  com.intellij.codeInsight.intention.impl.SortContentAction$EnumConstantDeclarationSortable
20350:             1             16  com.intellij.codeInsight.intention.impl.SortContentAction$EnumConstantSortingStrategy
20351:             1             16  com.intellij.codeInsight.intention.impl.SortContentAction$IntLiteralSortingStrategy
20352:             1             16  com.intellij.codeInsight.intention.impl.SortContentAction$StringLiteralSortingStrategy
20353:             1             16  com.intellij.codeInsight.intention.impl.SortContentAction$VarargSortable
20354:             1             16  com.intellij.codeInsight.intention.impl.SplitDeclarationAction
20355:             1             16  com.intellij.codeInsight.intention.impl.SplitFilterAction
20356:             1             16  com.intellij.codeInsight.intention.impl.SplitSwitchBranchWithSeveralCaseValuesAction
20357:             1             16  com.intellij.codeInsight.intention.impl.SurroundAutoCloseableAction
20358:             1             16  com.intellij.codeInsight.intention.impl.SwapIfStatementsIntentionAction
20359:             1             16  com.intellij.codeInsight.intention.impl.UnrollLoopAction
20360:             1             16  com.intellij.codeInsight.intention.impl.UnwrapElseBranchAction
20361:             1             16  com.intellij.codeInsight.intention.impl.WrapWithUnmodifiableAction
20362:             1             16  com.intellij.codeInsight.intention.impl.config.IntentionManagerImpl$$Lambda$3852/0x00000008022b2840
20363:             1             16  com.intellij.codeInsight.intention.impl.config.IntentionManagerImpl$1
20364:             1             16  com.intellij.codeInsight.intention.impl.config.IntentionManagerSettings$1
20365:             1             16  com.intellij.codeInsight.intention.impl.config.IntentionsOptionsTopHitProvider
20366:             1             16  com.intellij.codeInsight.intention.impl.config.QuickFixFactoryImpl
20367:             1             16  com.intellij.codeInsight.intention.impl.lists.JavaChopArgumentsAction
20368:             1             16  com.intellij.codeInsight.intention.impl.lists.JavaChopParametersAction
20369:             1             16  com.intellij.codeInsight.intention.impl.lists.JavaJoinArgumentsAction
20370:             1             16  com.intellij.codeInsight.intention.impl.lists.JavaJoinParametersAction
20371:             1             16  com.intellij.codeInsight.intention.impl.preview.IntentionPreviewPopupUpdateProcessor$Companion
20372:             1             16  com.intellij.codeInsight.intention.impl.singlereturn.ConvertToSingleReturnAction
20373:             1             16  com.intellij.codeInsight.intentions.XmlChooseColorIntentionAction
20374:             1             16  com.intellij.codeInsight.javadoc.AnnotationDocGenerator$$Lambda$3547/0x0000000802123040
20375:             1             16  com.intellij.codeInsight.javadoc.AnnotationDocGenerator$$Lambda$3700/0x00000008021ed440
20376:             1             16  com.intellij.codeInsight.javadoc.JavaDocCodeStyleImpl
20377:             1             16  com.intellij.codeInsight.javadoc.JavaDocInfoGenerator$$Lambda$5243/0x0000000802c9bc40
20378:             1             16  com.intellij.codeInsight.javadoc.JavaDocInfoGenerator$$Lambda$5244/0x0000000802c9c040
20379:             1             16  com.intellij.codeInsight.javadoc.JavaDocInfoGenerator$$Lambda$6092/0x0000000802aec040
20380:             1             16  com.intellij.codeInsight.javadoc.JavaDocInfoGenerator$$Lambda$6093/0x0000000802aec440
20381:             1             16  com.intellij.codeInsight.javadoc.JavaDocInfoGenerator$$Lambda$6094/0x0000000802aec840
20382:             1             16  com.intellij.codeInsight.javadoc.JavaDocInfoGenerator$1
20383:             1             16  com.intellij.codeInsight.javadoc.JavaDocInfoGeneratorFactory
20384:             1             16  com.intellij.codeInsight.javadoc.NonCodeAnnotationGenerator$$Lambda$3549/0x0000000802122840
20385:             1             16  com.intellij.codeInsight.javadoc.NonCodeAnnotationGenerator$$Lambda$3754/0x0000000802256440
20386:             1             16  com.intellij.codeInsight.javadoc.NonCodeAnnotationGenerator$$Lambda$3755/0x0000000802255840
20387:             1             16  com.intellij.codeInsight.lookup.DefaultLookupItemRenderer
20388:             1             16  com.intellij.codeInsight.lookup.LookupElementPresentation$$Lambda$4606/0x000000080295c840
20389:             1             16  com.intellij.codeInsight.lookup.LookupUtil
20390:             1             16  com.intellij.codeInsight.lookup.PsiTypeLookupItem$1
